[EVSTAT] t=0x1388 dev=0x0 push=0x3a drop=0x0 depth=0x0 reads=0x0 eagain=0x0 deliv=0x0 polls=0x0 pollin=0x0 ioctls=0x0 enotty=0x0 lastnr=0x0 conspop=0x3a rpid=0x0 ipid=0x0
[EVSTAT] t=0x1388 dev=0x1 push=0x1c20 drop=0x1b20 depth=0x100 reads=0x0 eagain=0x0 deliv=0x0 polls=0x0 pollin=0x0 ioctls=0x0 enotty=0x0 lastnr=0x0 conspop=0x0 rpid=0x0 ipid=0x0
[VQSTAT] t=0x1388 polls=0x1388 skips=0x0 drained=0x1c20 maxb=0x4 minfree=0x1c starve=0x0 aidx=0x1c40 uidx=0x1c20 notify=0x76b
[0m[?25l[50;1H[J[39mbrush-0.5# [38;5;14m[38;5;5m[0m[0mnosuchbinary_xyz4278[?25h
[?2004l[31merror:[39m command not found: nosuchbinary_xyz42
[?2004h[0m[?25l[52;1H[J[39mbrush-0.5# [38;5;14m[38;5;5m[0m[0m78[?25h[EVSTAT] t=0x1450 dev=0x0 push=0x60 drop=0x0 depth=0x0 reads=0x0 eagain=0x0 deliv=0x0 polls=0x0 pollin=0x0 ioctls=0x0 enotty=0x0 lastnr=0x0 conspop=0x60 rpid=0x0 ipid=0x0
[EVSTAT] t=0x1450 dev=0x1 push=0x1c20 drop=0x1b20 depth=0x100 reads=0x0 eagain=0x0 deliv=0x0 polls=0x0 pollin=0x0 ioctls=0x0 enotty=0x0 lastnr=0x0 conspop=0x0 rpid=0x0 ipid=0x0
[VQSTAT] t=0x1450 polls=0x1450 skips=0x0 drained=0x1c20 maxb=0x4 minfree=0x1c starve=0x0 aidx=0x1c40 uidx=0x1c20 notify=0x76b
[EVSTAT] t=0x1518 dev=0x0 push=0x60 drop=0x0 depth=0x0 reads=0x0 eagain=0x0 deliv=0x0 polls=0x0 pollin=0x0 ioctls=0x0 enotty=0x0 lastnr=0x0 conspop=0x60 rpid=0x0 ipid=0x0
[EVSTAT] t=0x1518 dev=0x1 push=0x1c20 drop=0x1b20 depth=0x100 reads=0x0 eagain=0x0 deliv=0x0 polls=0x0 pollin=0x0 ioctls=0x0 enotty=0x0 lastnr=0x0 conspop=0x0 rpid=0x0 ipid=0x0
[VQSTAT] t=0x1518 polls=0x1518 skips=0x0 drained=0x1c20 maxb=0x4 minfree=0x1c starve=0x0 aidx=0x1c40 uidx=0x1c20 notify=0x76b
[EVSTAT] t=0x15e0 dev=0x0 push=0x60 drop=0x0 depth=0x0 reads=0x0 eagain=0x0 deliv=0x0 polls=0x0 pollin=0x0 ioctls=0x0 enotty=0x0 lastnr=0x0 conspop=0x60 rpid=0x0 ipid=0x0
[EVSTAT] t=0x15e0 dev=0x1 push=0x1c20 drop=0x1b20 depth=0x100 reads=0x0 eagain=0x0 deliv=0x0 polls=0x0 pollin=0x0 ioctls=0x0 enotty=0x0 lastnr=0x0 conspop=0x0 rpid=0x0 ipid=0x0
[VQSTAT] t=0x15e0 polls=0x15e0 skips=0x0 drained=0x1c20 maxb=0x4 minfree=0x1c starve=0x0 aidx=0x1c40 uidx=0x1c20 notify=0x76b
[EVSTAT] t=0x16a8 dev=0x0 push=0x60 drop=0x0 depth=0x0 reads=0x0 eagain=0x0 deliv=0x0 polls=0x0 pollin=0x0 ioctls=0x0 enotty=0x0 lastnr=0x0 conspop=0x60 rpid=0x0 ipid=0x0
[EVSTAT] t=0x16a8 dev=0x1 push=0x1c20 drop=0x1b20 depth=0x100 reads=0x0 eagain=0x0 deliv=0x0 polls=0x0 pollin=0x0 ioctls=0x0 enotty=0x0 lastnr=0x0 conspop=0x0 rpid=0x0 ipid=0x0
[VQSTAT] t=0x16a8 polls=0x16a8 skips=0x0 drained=0x1c20 maxb=0x4 minfree=0x1c starve=0x0 aidx=0x1c40 uidx=0x1c20 notify=0x76b
[EVSTAT] t=0x1770 dev=0x0 push=0x60 drop=0x0 depth=0x0 reads=0x0 eagain=0x0 deliv=0x0 polls=0x0 pollin=0x0 ioctls=0x0 enotty=0x0 lastnr=0x0 conspop=0x60 rpid=0x0 ipid=0x0
[EVSTAT] t=0x1770 dev=0x1 push=0x1c2c drop=0x1b2c depth=0x100 reads=0x0 eagain=0x0 deliv=0x0 polls=0x0 pollin[EVSTAT] t=0x1b58 dev=0x0 push=0x60 drop=0x0 depth=0x0 reads=0x0 eagain=0x0 deliv=0x0 polls=0x0 pollin=0x0 ioctls=0x0 enotty=0x0 lastnr=0x0 conspop=0x60 rpid=0x0 ipid=0x0
[EVSTAT] t=0x1b58 dev=0x1 push=0x1c70 drop=0x1b70 depth=0x100 reads=0x0 eagain=0x0 deliv=0x0 polls=0x0 pollin=0x0 ioctls=0x0 enotty=0x0 lastnr=0x0 conspop=0x0 rpid=0x0 ipid=0x0
[VQSTAT] t=0x1b58 polls=0x1b58 skips=0x0 drained=0x1c70 maxb=0x4 minfree=0x1c starve=0x0 aidx=0x1c90 uidx=0x1c70 notify=0x77f
[EVSTAT] t=0x1c20 dev=0x0 push=0x60 drop=0x0 depth=0x0 reads=0x0 eagain=0x0 deliv=0x0 polls=0x0 pollin=0x0 ioctls=0x0 enotty=0x0 lastnr=0x0 conspop=0x60 rpid=0x0 ipid=0x0
[EVSTAT] t=0x1c20 dev=0x1 push=0x1c70 drop=0x1b70 depth=0x100 reads=0x0 eagain=0x0 deliv=0x0 polls=0x0 pollin=0x0 ioctls=0x0 enotty=0x0 lastnr=0x0 conspop=0x0 rpid=0x0 ipid=0x0
[VQSTAT] t=0x1c20 polls=0x1c20 skips=0x0 drained=0x1c70 maxb=0x4 minfree=0x1c starve=0x0 aidx=0x1c90 uidx=0x1c70 notify=0x77f
[EVSTAT] t=0x1ce8 dev=0x0 push=0x60 drop=0x0 depth=0x0 reads=0x0 eagain=0x0 deliv=0x0 polls=0x0 pollin=0x0 ioctls=0x0 enotty=0x0 lastnr=0x0 conspop=0x60 rpid=0x0 ipid=0x0
[EVSTAT] t=0x1ce8 dev=0x1 push=0x1c70 drop=0x1b70 depth=0x100 reads=0x0 eagain=0x0 deliv=0x0 polls=0x0 pollin=0x0 ioctls=0x0 enotty=0x0 lastnr=0x0 conspop=0x0 rpid=0x0 ipid=0x0
[VQSTAT] t=0x1ce8 polls=0x1ce8 skips=0x0 drained=0x1c70 maxb=0x4 minfree=0x1c starve=0x0 aidx=0x1c90 uidx=0x1c70 notify=0x77f
[EVSTAT] t=0x1db0 dev=0x0 push=0x60 drop=0x0 depth=0x0 reads=0x0 eagain=0x0 deliv=0x0 polls=0x0 pollin=0x0 ioctls=0x0 enotty=0x0 lastnr=0x0 conspop=0x60 rpid=0x0 ipid=0x0
[EVSTAT] t=0x1db0 dev=0x1 push=0x1c70 drop=0x1b70 depth=0x100 reads=0x0 eagain=0x0 deliv=0x0 polls=0x0 pollin=0x0 ioctls=0x0 enotty=0x0 lastnr=0x0 conspop=0x0 rpid=0x0 ipid=0x0
[VQSTAT] t=0x1db0 polls=0x1db0 skips=0x0 drained=0x1c70 maxb=0x4 minfree=0x1c starve=0x0 aidx=0x1c90 uidx=0x1c70 notify=0x77f
[EVSTAT] t=0x1e78 dev=0x0 push=0x60 drop=0x0 depth=0x0 reads=0x0 eagain=0x0 deliv=0x0 polls=0x0 pollin=0x0 ioctls=0x0 enotty=0x0 lastnr=0x0 conspop=0x60 rpid=0x0 ipid=0x0
[EVSTAT] t=0x1e78 dev=0x1 push=0x1ca4 drop=0x1ba4 depth=0x100 reads=0x0 eagain=0x0 deliv=0x0 polls=0x0 pollin[EVSTAT] t=0x2260 dev=0x0 push=0x60 drop=0x0 depth=0x0 reads=0x0 eagain=0x0 deliv=0x0 polls=0x0 pollin=0x0 ioctls=0x0 enotty=0x0 lastnr=0x0 conspop=0x60 rpid=0x0 ipid=0x0
[EVSTAT] t=0x2260 dev=0x1 push=0x1e00 drop=0x1d00 depth=0x100 reads=0x0 eagain=0x0 deliv=0x0 polls=0x0 pollin=0x0 ioctls=0x0 enotty=0x0 lastnr=0x0 conspop=0x0 rpid=0x0 ipid=0x0
[VQSTAT] t=0x2260 polls=0x2260 skips=0x0 drained=0x1e00 maxb=0x4 minfree=0x1c starve=0x0 aidx=0x1e20 uidx=0x1e00 notify=0x7f3
[EVSTAT] t=0x2328 dev=0x0 push=0x60 drop=0x0 depth=0x0 reads=0x0 eagain=0x0 deliv=0x0 polls=0x0 pollin=0x0 ioctls=0x0 enotty=0x0 lastnr=0x0 conspop=0x60 rpid=0x0 ipid=0x0
[EVSTAT] t=0x2328 dev=0x1 push=0x1e00 drop=0x1d00 depth=0x100 reads=0x0 eagain=0x0 deliv=0x0 polls=0x0 pollin=0x0 ioctls=0x0 enotty=0x0 lastnr=0x0 conspop=0x0 rpid=0x0 ipid=0x0
[VQSTAT] t=0x2328 polls=0x2328 skips=0x0 drained=0x1e00 maxb=0x4 minfree=0x1c starve=0x0 aidx=0x1e20 uidx=0x1e00 notify=0x7f3
[EVSTAT] t=0x23f0 dev=0x0 push=0x60 drop=0x0 depth=0x0 reads=0x0 eagain=0x0 deliv=0x0 polls=0x0 pollin=0x0 ioctls=0x0 enotty=0x0 lastnr=0x0 conspop=0x60 rpid=0x0 ipid=0x0
[EVSTAT] t=0x23f0 dev=0x1 push=0x1e00 drop=0x1d00 depth=0x100 reads=0x0 eagain=0x0 deliv=0x0 polls=0x0 pollin=0x0 ioctls=0x0 enotty=0x0 lastnr=0x0 conspop=0x0 rpid=0x0 ipid=0x0
[VQSTAT] t=0x23f0 polls=0x23f0 skips=0x0 drained=0x1e00 maxb=0x4 minfree=0x1c starve=0x0 aidx=0x1e20 uidx=0x1e00 notify=0x7f3
[EVSTAT] t=0x24b8 dev=0x0 push=0x60 drop=0x0 depth=0x0 reads=0x0 eagain=0x0 deliv=0x0 polls=0x0 pollin=0x0 ioctls=0x0 enotty=0x0 lastnr=0x0 conspop=0x60 rpid=0x0 ipid=0x0
[EVSTAT] t=0x24b8 dev=0x1 push=0x1e00 drop=0x1d00 depth=0x100 reads=0x0 eagain=0x0 deliv=0x0 polls=0x0 pollin=0x0 ioctls=0x0 enotty=0x0 lastnr=0x0 conspop=0x0 rpid=0x0 ipid=0x0
[VQSTAT] t=0x24b8 polls=0x24b8 skips=0x0 drained=0x1e00 maxb=0x4 minfree=0x1c starve=0x0 aidx=0x1e20 uidx=0x1e00 notify=0x7f3
[EVSTAT] t=0x2580 dev=0x0 push=0x60 drop=0x0 depth=0x0 reads=0x0 eagain=0x0 deliv=0x0 polls=0x0 pollin=0x0 ioctls=0x0 enotty=0x0 lastnr=0x0 conspop=0x60 rpid=0x0 ipid=0x0
[EVSTAT] t=0x2580 dev=0x1 push=0x1e98 drop=0x1d98 depth=0x100 reads=0x0 eagain=0x0 deliv=0x0 polls=0x0 pollin[EVSTAT] t=0x2968 dev=0x0 push=0x60 drop=0x0 depth=0x0 reads=0x0 eagain=0x0 deliv=0x0 polls=0x0 pollin=0x0 ioctls=0x0 enotty=0x0 lastnr=0x0 conspop=0x60 rpid=0x0 ipid=0x0
[EVSTAT] t=0x2968 dev=0x1 push=0x22b0 drop=0x21b0 depth=0x100 reads=0x0 eagain=0x0 deliv=0x0 polls=0x0 pollin=0x0 ioctls=0x0 enotty=0x0 lastnr=0x0 conspop=0x0 rpid=0x0 ipid=0x0
[VQSTAT] t=0x2968 polls=0x2968 skips=0x0 drained=0x22b0 maxb=0x4 minfree=0x1c starve=0x0 aidx=0x22d0 uidx=0x22b0 notify=0x92b
[EVSTAT] t=0x2a30 dev=0x0 push=0x60 drop=0x0 depth=0x0 reads=0x0 eagain=0x0 deliv=0x0 polls=0x0 pollin=0x0 ioctls=0x0 enotty=0x0 lastnr=0x0 conspop=0x60 rpid=0x0 ipid=0x0
[EVSTAT] t=0x2a30 dev=0x1 push=0x22b0 drop=0x21b0 depth=0x100 reads=0x0 eagain=0x0 deliv=0x0 polls=0x0 pollin=0x0 ioctls=0x0 enotty=0x0 lastnr=0x0 conspop=0x0 rpid=0x0 ipid=0x0
[VQSTAT] t=0x2a30 polls=0x2a30 skips=0x0 drained=0x22b0 maxb=0x4 minfree=0x1c starve=0x0 aidx=0x22d0 uidx=0x22b0 notify=0x92b
[EVSTAT] t=0x2af8 dev=0x0 push=0x60 drop=0x0 depth=0x0 reads=0x0 eagain=0x0 deliv=0x0 polls=0x0 pollin=0x0 ioctls=0x0 enotty=0x0 lastnr=0x0 conspop=0x60 rpid=0x0 ipid=0x0
[EVSTAT] t=0x2af8 dev=0x1 push=0x22b0 drop=0x21b0 depth=0x100 reads=0x0 eagain=0x0 deliv=0x0 polls=0x0 pollin=0x0 ioctls=0x0 enotty=0x0 lastnr=0x0 conspop=0x0 rpid=0x0 ipid=0x0
[VQSTAT] t=0x2af8 polls=0x2af8 skips=0x0 drained=0x22b0 maxb=0x4 minfree=0x1c starve=0x0 aidx=0x22d0 uidx=0x22b0 notify=0x92b
[EVSTAT] t=0x2bc0 dev=0x0 push=0x60 drop=0x0 depth=0x0 reads=0x0 eagain=0x0 deliv=0x0 polls=0x0 pollin=0x0 ioctls=0x0 enotty=0x0 lastnr=0x0 conspop=0x60 rpid=0x0 ipid=0x0
[EVSTAT] t=0x2bc0 dev=0x1 push=0x22b0 drop=0x21b0 depth=0x100 reads=0x0 eagain=0x0 deliv=0x0 polls=0x0 pollin=0x0 ioctls=0x0 enotty=0x0 lastnr=0x0 conspop=0x0 rpid=0x0 ipid=0x0
[VQSTAT] t=0x2bc0 polls=0x2bc0 skips=0x0 drained=0x22b0 maxb=0x4 minfree=0x1c starve=0x0 aidx=0x22d0 uidx=0x22b0 notify=0x92b
[EVSTAT] t=0x2c88 dev=0x0 push=0x60 drop=0x0 depth=0x0 reads=0x0 eagain=0x0 deliv=0x0 polls=0x0 pollin=0x0 ioctls=0x0 enotty=0x0 lastnr=0x0 conspop=0x60 rpid=0x0 ipid=0x0
[EVSTAT] t=0x2c88 dev=0x1 push=0x23e0 drop=0x22e0 depth=0x100 reads=0x0 eagain=0x0 deliv=0x0 polls=0x0 pollin[EVSTAT] t=0x3070 dev=0x0 push=0x60 drop=0x0 depth=0x0 reads=0x0 eagain=0x0 deliv=0x0 polls=0x0 pollin=0x0 ioctls=0x0 enotty=0x0 lastnr=0x0 conspop=0x60 rpid=0x0 ipid=0x0
[EVSTAT] t=0x3070 dev=0x1 push=0x2c10 drop=0x2b10 depth=0x100 reads=0x0 eagain=0x0 deliv=0x0 polls=0x0 pollin=0x0 ioctls=0x0 enotty=0x0 lastnr=0x0 conspop=0x0 rpid=0x0 ipid=0x0
[VQSTAT] t=0x3070 polls=0x3070 skips=0x0 drained=0x2c10 maxb=0x4 minfree=0x1c starve=0x0 aidx=0x2c30 uidx=0x2c10 notify=0xba5
[EVSTAT] t=0x3138 dev=0x0 push=0x60 drop=0x0 depth=0x0 reads=0x0 eagain=0x0 deliv=0x0 polls=0x0 pollin=0x0 ioctls=0x0 enotty=0x0 lastnr=0x0 conspop=0x60 rpid=0x0 ipid=0x0
[EVSTAT] t=0x3138 dev=0x1 push=0x2c10 drop=0x2b10 depth=0x100 reads=0x0 eagain=0x0 deliv=0x0 polls=0x0 pollin=0x0 ioctls=0x0 enotty=0x0 lastnr=0x0 conspop=0x0 rpid=0x0 ipid=0x0
[VQSTAT] t=0x3138 polls=0x3138 skips=0x0 drained=0x2c10 maxb=0x4 minfree=0x1c starve=0x0 aidx=0x2c30 uidx=0x2c10 notify=0xba5
[EVSTAT] t=0x3200 dev=0x0 push=0x60 drop=0x0 depth=0x0 reads=0x0 eagain=0x0 deliv=0x0 polls=0x0 pollin=0x0 ioctls=0x0 enotty=0x0 lastnr=0x0 conspop=0x60 rpid=0x0 ipid=0x0
[EVSTAT] t=0x3200 dev=0x1 push=0x2c10 drop=0x2b10 depth=0x100 reads=0x0 eagain=0x0 deliv=0x0 polls=0x0 pollin=0x0 ioctls=0x0 enotty=0x0 lastnr=0x0 conspop=0x0 rpid=0x0 ipid=0x0
[VQSTAT] t=0x3200 polls=0x3200 skips=0x0 drained=0x2c10 maxb=0x4 minfree=0x1c starve=0x0 aidx=0x2c30 uidx=0x2c10 notify=0xba5
[EVSTAT] t=0x32c8 dev=0x0 push=0x60 drop=0x0 depth=0x0 reads=0x0 eagain=0x0 deliv=0x0 polls=0x0 pollin=0x0 ioctls=0x0 enotty=0x0 lastnr=0x0 conspop=0x60 rpid=0x0 ipid=0x0
[EVSTAT] t=0x32c8 dev=0x1 push=0x2c10 drop=0x2b10 depth=0x100 reads=0x0 eagain=0x0 deliv=0x0 polls=0x0 pollin=0x0 ioctls=0x0 enotty=0x0 lastnr=0x0 conspop=0x0 rpid=0x0 ipid=0x0
[VQSTAT] t=0x32c8 polls=0x32c8 skips=0x0 drained=0x2c10 maxb=0x4 minfree=0x1c starve=0x0 aidx=0x2c30 uidx=0x2c10 notify=0xba5
[EVSTAT] t=0x3390 dev=0x0 push=0x60 drop=0x0 depth=0x0 reads=0x0 eagain=0x0 deliv=0x0 polls=0x0 pollin=0x0 ioctls=0x0 enotty=0x0 lastnr=0x0 conspop=0x60 rpid=0x0 ipid=0x0
[EVSTAT] t=0x3390 dev=0x1 push=0x2c10 drop=0x2b10 depth=0x100 reads=0x0 eagain=0x0 deliv=0x0 polls=0x0 pollin=0x0 ioctls=0x0 enotty=0x0 lastnr=0x0 conspop=0x0 rpid=0x0 ipid=0x0
[VQSTAT] t=0x3390 polls=0x3390 skips=0x0 drained=0x2c10 maxb=0x4 minfree=0x1c starve=0x0 aidx=0x2c30 uidx=0x2c10 notify=0xba5
[EVSTAT] t=0x3458 dev=0x0 push=0x60 drop=0x0 depth=0x0 reads=0x0 eagain=0x0 deliv=0x0 polls=0x0 pollin=0x0 ioctls=0x0 enotty=0x0 lastnr=0x0 conspop=0x60 rpid=0x0 ipid=0x0
[EVSTAT] t=0x3458 dev=0x1 push=0x2c10 drop=0x2b10 depth=0x100 reads=0x0 eagain=0x0 deliv=0x0 polls=0x0 pollin=0x0 ioctls=0x0 enotty=0x0 lastnr=0x0 conspop=0x0 rpid=0x0 ipid=0x0
[VQSTAT] t=0x3458 polls=0x3458 skips=0x0 drained=0x2c10 maxb=0x4 minfree=0x1c starve=0x0 aidx=0x2c30 uidx=0x2c10 notify=0xba5
[EVSTAT] t=0x3520 dev=0x0 push=0x60 drop=0x0 depth=0x0 reads=0x0 eagain=0x0 deliv=0x0 polls=0x0 pollin=0x0 ioctls=0x0 enotty=0x0 lastnr=0x0 conspop=0x60 rpid=0x0 ipid=0x0
[EVSTAT] t=0x3520 dev=0x1 push=0x2c10 drop=0x2b10 depth=0x100 reads=0x0 eagain=0x0 deliv=0x0 polls=0x0 pollin=0x0 ioctls=0x0 enotty=0x0 lastnr=0x0 conspop=0x0 rpid=0x0 ipid=0x0
[VQSTAT] t=0x3520 polls=0x3520 skips=0x0 drained=0x2c10 maxb=0x4 minfree=0x1c starve=0x0 aidx=0x2c30 uidx=0x2c10 notify=0xba5
