[0m[?25l[48;1H[J[39mbrush-0.5# [38;5;14m[38;5;5m[0m[0mnosuchbi78[?25h[0m[?25l[48;1H[J[39mbrush-0.5# [38;5;14m[38;5;5m[0m[0mnosuchbinary_xyz4278[?25h
[?2004l[31merror:[39m command not found: nosuchbinary_xyz42
[?2004h[0m[?25l[50;1H[J[39mbrush-0.5# [38;5;14m[38;5;5m[0m[0m78[?25h[EVSTAT] t=0x190 dev=0x0 push=0x3a drop=0x0 depth=0x0 reads=0x0 eagain=0x0 deliv=0x0 polls=0x0 pollin=0x0 ioctls=0x0 enotty=0x0 lastnr=0x0 conspop=0x3a rpid=0x0 ipid=0x0
[EVSTAT] t=0x190 dev=0x1 push=0x0 drop=0x0 depth=0x0 reads=0x0 eagain=0x0 deliv=0x0 polls=0x0 pollin=0x0 ioctls=0x0 enotty=0x0 lastnr=0x0 conspop=0x0 rpid=0x0 ipid=0x0
[VQSTAT] t=0x190 polls=0x190 skips=0x0 drained=0x0 maxb=0x0 minfree=0x20 starve=0x0 aidx=0x20 uidx=0x0 notify=0x0
[EVSTAT] t=0x258 dev=0x0 push=0x3a drop=0x0 depth=0x0 reads=0x0 eagain=0x0 deliv=0x0 polls=0x0 pollin=0x0 ioctls=0x0 enotty=0x0 lastnr=0x0 conspop=0x3a rpid=0x0 ipid=0x0
[EVSTAT] t=0x258 dev=0x1 push=0x0 drop=0x0 depth=0x0 reads=0x0 eagain=0x0 deliv=0x0 polls=0x0 pollin=0x0 ioctls=0x0 enotty=0x0 lastnr=0x0 conspop=0x0 rpid=0x0 ipid=0x0
[VQSTAT] t=0x258 polls=0x258 skips=0x0 drained=0x0 maxb=0x0 minfree=0x20 starve=0x0 aidx=0x20 uidx=0x0 notify=0x0
[EVSTAT] t=0x320 dev=0x0 push=0x3a drop=0x0 depth=0x0 reads=0x0 eagain=0x0 deliv=0x0 polls=0x0 pollin=0x0 ioctls=0x0 enotty=0x0 lastnr=0x0 conspop=0x3a rpid=0x0 ipid=0x0
[EVSTAT] t=0x320 dev=0x1 push=0x0 drop=0x0 depth=0x0 reads=0x0 eagain=0x0 deliv=0x0 polls=0x0 pollin=0x0 ioctls=0x0 enotty=0x0 lastnr=0x0 conspop=0x0 rpid=0x0 ipid=0x0
[VQSTAT] t=0x320 polls=0x320 skips=0x0 drained=0x0 maxb=0x0 minfree=0x20 starve=0x0 aidx=0x20 uidx=0x0 notify=0x0
[EVSTAT] t=0x3e8 dev=0x0 push=0x3a drop=0x0 depth=0x0 reads=0x0 eagain=0x0 deliv=0x0 polls=0x0 pollin=0x0 ioctls=0x0 enotty=0x0 lastnr=0x0 conspop=0x3a rpid=0x0 ipid=0x0
[EVSTAT] t=0x3e8 dev=0x1 push=0x0 drop=0x0 depth=0x0 reads=0x0 eagain=0x0 deliv=0x0 polls=0x0 pollin=0x0 ioctls=0x0 enotty=0x0 lastnr=0x0 conspop=0x0 rpid=0x0 ipid=0x0
[VQSTAT] t=0x3e8 polls=0x3e8 skips=0x0 drained=0x0 maxb=0x0 minfree=0x20 starve=0x0 aidx=0x20 uidx=0x0 notify=0x0
[EVSTAT] t=0x4b0 dev=0x0 push=0x3a drop=0x0 depth=0x0 reads=0x0 eagain=0x0 deliv=0x0 polls=0x0 pollin=0x0 ioctls=0x0 enotty=0x0 lastnr=0x0 conspop=0x3a rpid=0x0 ipid=0x0
[EVSTAT] t=0x4b0 dev=0x1 push=0x8 drop=0x0 depth=0x8 reads=0x0 eagain=0x0 deliv=0x0 polls=0x0 pollin=0x0 ioctls=0x0 enotty=0x0 lastnr=0x0 conspop=0x0 rpid=0x0 ipid=0x0
[VQSTAT] t=0x4b0 polls=0x4b0 skips=0x0 drained=0x8 maxb=0x4 minfree=0x1c starve=0x0 aidx=0x28 uidx=0x8 notify=0x2
[EVSTAT] t=0x578 dev=0x0 push=0x3a drop=0x0 depth=0x0 reads=0x0 eagain=0x0 deliv=0x0 polls=0x0 pollin=0x0 ioctls=0x0 enotty=0x0 lastnr=0x0 conspop=0x3a rpid=0x0 ipid=0x0
[EVSTAT] t=0x578 dev=0x1 push=0x28 drop=0x0 depth=0x28 reads=0x0 eagain=0x0 deliv=0x0 polls=0x0 pollin=0x0 ioctls=0x0 enotty=0x0 lastnr=0x0 conspop=0x0 rpid=0x0 ipid=0x0
[VQSTAT] t=0x578 polls=0x578 skips=0x0 drained=0x28 maxb=0x20 minfree=0x0 starve=0x1 aidx=0x48 uidx=0x28 notify=0x3
[EVSTAT] t=0x640 dev=0x0 push=0x3a drop=0x0 depth=0x0 reads=0x0 eagain=0x0 deliv=0x0 polls=0x0 pollin=0x0 ioctls=0x0 enotty=0x0 lastnr=0x0 conspop=0x3a rpid=0x0 ipid=0x0
[EVSTAT] t=0x640 dev=0x1 push=0x28 drop=0x0 depth=0x28 reads=0x0 eagain=0x0 deliv=0x0 polls=0x0 pollin=0x0 ioctls=0x0 enotty=0x0 lastnr=0x0 conspop=0x0 rpid=0x0 ipid=0x0
[VQSTAT] t=0x640 polls=0x640 skips=0x0 drained=0x28 maxb=0x20 minfree=0x0 starve=0x1 aidx=0x48 uidx=0x28 notify=0x3
[EVSTAT] t=0x708 dev=0x0 push=0x3a drop=0x0 depth=0x0 reads=0x0 eagain=0x0 deliv=0x0 polls=0x0 pollin=0x0 ioctls=0x0 enotty=0x0 lastnr=0x0 conspop=0x3a rpid=0x0 ipid=0x0
[EVSTAT] t=0x708 dev=0x1 push=0x28 drop=0x0 depth=0x28 reads=0x0 eagain=0x0 deliv=0x0 polls=0x0 pollin=0x0 ioctls=0x0 enotty=0x0 lastnr=0x0 conspop=0x0 rpid=0x0 ipid=0x0
[VQSTAT] t=0x708 polls=0x708 skips=0x0 drained=0x28 maxb=0x20 minfree=0x0 starve=0x1 aidx=0x48 uidx=0x28 notify=0x3
[EVSTAT] t=0x7d0 dev=0x0 push=0x3a drop=0x0 depth=0x0 reads=0x0 eagain=0x0 deliv=0x0 polls=0x0 pollin=0x0 ioctls=0x0 enotty=0x0 lastnr=0x0 conspop=0x3a rpid=0x0 ipid=0x0
[EVSTAT] t=0x7d0 dev=0x1 push=0x28 drop=0x0 depth=0x28 reads=0x0 eagain=0x0 deliv=0x0 polls=0x0 pollin=0x0 ioctls=0x0 enotty=0x0 lastnr=0x0 conspop=0x0 rpid=0x0 ipid=0x0
[VQSTAT] t=0x7d0 polls=0x7d0 skips=0x0 drained=0x28 maxb=0x20 minfree=0x0 starve=0x1 aidx=0x48 uidx=0x28 notify=0x3
[EVSTAT] t=0x898 dev=0x0 push=0x3a drop=0x0 depth=0x0 reads=0x0 eagain=0x0 deliv=0x0 polls=0x0 pollin=0x0 ioctls=0x0 enotty=0x0 lastnr=0x0 conspop=0x3a rpid=0x0 ipid=0x0
[EVSTAT] t=0x898 dev=0x1 push=0x78 drop=0x0 depth=0x78 reads=0x0 eagain=0x0 deliv=0x0 polls=0x0 pollin=0x0 ioctls=0x0 enotty=0x0 lastnr=0x0 conspop=0x0 rpid=0x0 ipid=0x0
[VQSTAT] t=0x898 polls=0x898 skips=0x0 drained=0x78 maxb=0x20 minfree=0x0 starve=0x1 aidx=0x98 uidx=0x78 notify=0x17
[EVSTAT] t=0x960 dev=0x0 push=0x3a drop=0x0 depth=0x0 reads=0x0 eagain=0x0 deliv=0x0 polls=0x0 pollin=0x0 ioctls=0x0 enotty=0x0 lastnr=0x0 conspop=0x3a rpid=0x0 ipid=0x0
[EVSTAT] t=0x960 dev=0x1 push=0x98 drop=0x0 depth=0x98 reads=0x0 eagain=0x0 deliv=0x0 polls=0x0 pollin=0x0 ioctls=0x0 enotty=0x0 lastnr=0x0 conspop=0x0 rpid=0x0 ipid=0x0
[VQSTAT] t=0x960 polls=0x960 skips=0x0 drained=0x98 maxb=0x20 minfree=0x0 starve=0x2 aidx=0xb8 uidx=0x98 notify=0x18
[EVSTAT] t=0xa28 dev=0x0 push=0x3a drop=0x0 depth=0x0 reads=0x0 eagain=0x0 deliv=0x0 polls=0x0 pollin=0x0 ioctls=0x0 enotty=0x0 lastnr=0x0 conspop=0x3a rpid=0x0 ipid=0x0
[EVSTAT] t=0xa28 dev=0x1 push=0x98 drop=0x0 depth=0x98 reads=0x0 eagain=0x0 deliv=0x0 polls=0x0 pollin=0x0 ioctls=0x0 enotty=0x0 lastnr=0x0 conspop=0x0 rpid=0x0 ipid=0x0
[VQSTAT] t=0xa28 polls=0xa28 skips=0x0 drained=0x98 maxb=0x20 minfree=0x0 starve=0x2 aidx=0xb8 uidx=0x98 notify=0x18
[EVSTAT] t=0xaf0 dev=0x0 push=0x3a drop=0x0 depth=0x0 reads=0x0 eagain=0x0 deliv=0x0 polls=0x0 pollin=0x0 ioctls=0x0 enotty=0x0 lastnr=0x0 conspop=0x3a rpid=0x0 ipid=0x0
[EVSTAT] t=0xaf0 dev=0x1 push=0x98 drop=0x0 depth=0x98 reads=0x0 eagain=0x0 deliv=0x0 polls=0x0 pollin=0x0 ioctls=0x0 enotty=0x0 lastnr=0x0 conspop=0x0 rpid=0x0 ipid=0x0
[VQSTAT] t=0xaf0 polls=0xaf0 skips=0x0 drained=0x98 maxb=0x20 minfree=0x0 starve=0x2 aidx=0xb8 uidx=0x98 notify=0x18
[EVSTAT] t=0xbb8 dev=0x0 push=0x3a drop=0x0 depth=0x0 reads=0x0 eagain=0x0 deliv=0x0 polls=0x0 pollin=0x0 ioctls=0x0 enotty=0x0 lastnr=0x0 conspop=0x3a rpid=0x0 ipid=0x0
[EVSTAT] t=0xbb8 dev=0x1 push=0x98 drop=0x0 depth=0x98 reads=0x0 eagain=0x0 deliv=0x0 polls=0x0 pollin=0x0 ioctls=0x0 enotty=0x0 lastnr=0x0 conspop=0x0 rpid=0x0 ipid=0x0
[VQSTAT] t=0xbb8 polls=0xbb8 skips=0x0 drained=0x98 maxb=0x20 minfree=0x0 starve=0x2 aidx=0xb8 uidx=0x98 notify=0x18
[EVSTAT] t=0xc80 dev=0x0 push=0x3a drop=0x0 depth=0x0 reads=0x0 eagain=0x0 deliv=0x0 polls=0x0 pollin=0x0 ioctls=0x0 enotty=0x0 lastnr=0x0 conspop=0x3a rpid=0x0 ipid=0x0
[EVSTAT] t=0xc80 dev=0x1 push=0x188 drop=0x88 depth=0x100 reads=0x0 eagain=0x0 deliv=0x0 polls=0x0 pollin=0x0 ioctls=0x0 enotty=0x0 lastnr=0x0 conspop=0x0 rpid=0x0 ipid=0x0
[VQSTAT] t=0xc80 polls=0xc80 skips=0x0 drained=0x188 maxb=0x20 minfree=0x0 starve=0x2 aidx=0x1a8 uidx=0x188 notify=0x54
[EVSTAT] t=0xd48 dev=0x0 push=0x3a drop=0x0 depth=0x0 reads=0x0 eagain=0x0 deliv=0x0 polls=0x0 pollin=0x0 ioctls=0x0 enotty=0x0 lastnr=0x0 conspop=0x3a rpid=0x0 ipid=0x0
[EVSTAT] t=0xd48 dev=0x1 push=0x1a8 drop=0xa8 depth=0x100 reads=0x0 eagain=0x0 deliv=0x0 polls=0x0 pollin=0x0 ioctls=0x0 enotty=0x0 lastnr=0x0 conspop=0x0 rpid=0x0 ipid=0x0
[VQSTAT] t=0xd48 polls=0xd48 skips=0x0 drained=0x1a8 maxb=0x20 minfree=0x0 starve=0x3 aidx=0x1c8 uidx=0x1a8 notify=0x55
[EVSTAT] t=0xe10 dev=0x0 push=0x3a drop=0x0 depth=0x0 reads=0x0 eagain=0x0 deliv=0x0 polls=0x0 pollin=0x0 ioctls=0x0 enotty=0x0 lastnr=0x0 conspop=0x3a rpid=0x0 ipid=0x0
[EVSTAT] t=0xe10 dev=0x1 push=0x1a8 drop=0xa8 depth=0x100 reads=0x0 eagain=0x0 deliv=0x0 polls=0x0 pollin=0x0 ioctls=0x0 enotty=0x0 lastnr=0x0 conspop=0x0 rpid=0x0 ipid=0x0
[VQSTAT] t=0xe10 polls=0xe10 skips=0x0 drained=0x1a8 maxb=0x20 minfree=0x0 starve=0x3 aidx=0x1c8 uidx=0x1a8 notify=0x55
[EVSTAT] t=0xed8 dev=0x0 push=0x3a drop=0x0 depth=0x0 reads=0x0 eagain=0x0 deliv=0x0 polls=0x0 pollin=0x0 ioctls=0x0 enotty=0x0 lastnr=0x0 conspop=0x3a rpid=0x0 ipid=0x0
[EVSTAT] t=0xed8 dev=0x1 push=0x1a8 drop=0xa8 depth=0x100 reads=0x0 eagain=0x0 deliv=0x0 polls=0x0 pollin=0x0 ioctls=0x0 enotty=0x0 lastnr=0x0 conspop=0x0 rpid=0x0 ipid=0x0
[VQSTAT] t=0xed8 polls=0xed8 skips=0x0 drained=0x1a8 maxb=0x20 minfree=0x0 starve=0x3 aidx=0x1c8 uidx=0x1a8 notify=0x55
[EVSTAT] t=0xfa0 dev=0x0 push=0x3a drop=0x0 depth=0x0 reads=0x0 eagain=0x0 deliv=0x0 polls=0x0 pollin=0x0 ioctls=0x0 enotty=0x0 lastnr=0x0 conspop=0x3a rpid=0x0 ipid=0x0
[EVSTAT] t=0xfa0 dev=0x1 push=0x1a8 drop=0xa8 depth=0x100 reads=0x0 eagain=0x0 deliv=0x0 polls=0x0 pollin=0x0 ioctls=0x0 enotty=0x0 lastnr=0x0 conspop=0x0 rpid=0x0 ipid=0x0
[VQSTAT] t=0xfa0 polls=0xfa0 skips=0x0 drained=0x1a8 maxb=0x20 minfree=0x0 starve=0x3 aidx=0x1c8 uidx=0x1a8 notify=0x55
[EVSTAT] t=0x1068 dev=0x0 push=0x3a drop=0x0 depth=0x0 reads=0x0 eagain=0x0 deliv=0x0 polls=0x0 pollin=0x0 ioctls=0x0 enotty=0x0 lastnr=0x0 conspop=0x3a rpid=0x0 ipid=0x0
[EVSTAT] t=0x1068 dev=0x1 push=0x388 drop=0x288 depth=0x100 reads=0x0 eagain=0x0 deliv=0x0 polls=0x0 pollin=0x0 ioctls=0x0 enotty=0x0 lastnr=0x0 conspop=0x0 rpid=0x0 ipid=0x0
[VQSTAT] t=0x1068 polls=0x1068 skips=0x0 drained=0x388 maxb=0x20 minfree=0x0 starve=0x3 aidx=0x3a4 uidx=0x388 notify=0xcd
[EVSTAT] t=0x1130 dev=0x0 push=0x3a drop=0x0 depth=0x0 reads=0x0 eagain=0x0 deliv=0x0 polls=0x0 pollin=0x0 ioctls=0x0 enotty=0x0 lastnr=0x0 conspop=0x3a rpid=0x0 ipid=0x0
[EVSTAT] t=0x1130 dev=0x1 push=0x3a8 drop=0x2a8 depth=0x100 reads=0x0 eagain=0x0 deliv=0x0 polls=0x0 pollin=0x0 ioctls=0x0 enotty=0x0 lastnr=0x0 conspop=0x0 rpid=0x0 ipid=0x0
[VQSTAT] t=0x1130 polls=0x1130 skips=0x0 drained=0x3a8 maxb=0x20 minfree=0x0 starve=0x4 aidx=0x3c8 uidx=0x3a8 notify=0xce
[EVSTAT] t=0x11f8 dev=0x0 push=0x3a drop=0x0 depth=0x0 reads=0x0 eagain=0x0 deliv=0x0 polls=0x0 pollin=0x0 ioctls=0x0 enotty=0x0 lastnr=0x0 conspop=0x3a rpid=0x0 ipid=0x0
[EVSTAT] t=0x11f8 dev=0x1 push=0x3a8 drop=0x2a8 depth=0x100 reads=0x0 eagain=0x0 deliv=0x0 polls=0x0 pollin=0x0 ioctls=0x0 enotty=0x0 lastnr=0x0 conspop=0x0 rpid=0x0 ipid=0x0
[VQSTAT] t=0x11f8 polls=0x11f8 skips=0x0 drained=0x3a8 maxb=0x20 minfree=0x0 starve=0x4 aidx=0x3c8 uidx=0x3a8 notify=0xce
[EVSTAT] t=0x12c0 dev=0x0 push=0x3a drop=0x0 depth=0x0 reads=0x0 eagain=0x0 deliv=0x0 polls=0x0 pollin=0x0 ioctls=0x0 enotty=0x0 lastnr=0x0 conspop=0x3a rpid=0x0 ipid=0x0
[EVSTAT] t=0x12c0 dev=0x1 push=0x3a8 drop=0x2a8 depth=0x100 reads=0x0 eagain=0x0 deliv=0x0 polls=0x0 pollin=0x0 ioctls=0x0 enotty=0x0 lastnr=0x0 conspop=0x0 rpid=0x0 ipid=0x0
[VQSTAT] t=0x12c0 polls=0x12c0 skips=0x0 drained=0x3a8 maxb=0x20 minfree=0x0 starve=0x4 aidx=0x3c8 uidx=0x3a8 notify=0xce
[EVSTAT] t=0x1388 dev=0x0 push=0x3a drop=0x0 depth=0x0 reads=0x0 eagain=0x0 deliv=0x0 polls=0x0 pollin=0x0 ioctls=0x0 enotty=0x0 lastnr=0x0 conspop=0x3a rpid=0x0 ipid=0x0
[EVSTAT] t=0x1388 dev=0x1 push=0x3a8 drop=0x2a8 depth=0x100 reads=0x0 eagain=0x0 deliv=0x0 polls=0x0 pollin=0x0 ioctls=0x0 enotty=0x0 lastnr=0x0 conspop=0x0 rpid=0x0 ipid=0x0
[VQSTAT] t=0x1388 polls=0x1388 skips=0x0 drained=0x3a8 maxb=0x20 minfree=0x0 starve=0x4 aidx=0x3c8 uidx=0x3a8 notify=0xce
[EVSTAT] t=0x1450 dev=0x0 push=0x3a drop=0x0 depth=0x0 reads=0x0 eagain=0x0 deliv=0x0 polls=0x0 pollin=0x0 ioctls=0x0 enotty=0x0 lastnr=0x0 conspop=0x3a rpid=0x0 ipid=0x0
[EVSTAT] t=0x1450 dev=0x1 push=0x3a8 drop=0x2a8 depth=0x100 reads=0x0 eagain=0x0 deliv=0x0 polls=0x0 pollin=0x0 ioctls=0x0 enotty=0x0 lastnr=0x0 conspop=0x0 rpid=0x0 ipid=0x0
[VQSTAT] t=0x1450 polls=0x1450 skips=0x0 drained=0x3a8 maxb=0x20 minfree=0x0 starve=0x4 aidx=0x3c8 uidx=0x3a8 notify=0xce
[EVSTAT] t=0x1518 dev=0x0 push=0x3a drop=0x0 depth=0x0 reads=0x0 eagain=0x0 deliv=0x0 polls=0x0 pollin=0x0 ioctls=0x0 enotty=0x0 lastnr=0x0 conspop=0x3a rpid=0x0 ipid=0x0
[EVSTAT] t=0x1518 dev=0x1 push=0x3a8 drop=0x2a8 depth=0x100 reads=0x0 eagain=0x0 deliv=0x0 polls=0x0 pollin=0x0 ioctls=0x0 enotty=0x0 lastnr=0x0 conspop=0x0 rpid=0x0 ipid=0x0
[VQSTAT] t=0x1518 polls=0x1518 skips=0x0 drained=0x3a8 maxb=0x20 minfree=0x0 starve=0x4 aidx=0x3c8 uidx=0x3a8 notify=0xce
[EVSTAT] t=0x15e0 dev=0x0 push=0x3a drop=0x0 depth=0x0 reads=0x0 eagain=0x0 deliv=0x0 polls=0x0 pollin=0x0 ioctls=0x0 enotty=0x0 lastnr=0x0 conspop=0x3a rpid=0x0 ipid=0x0
[EVSTAT] t=0x15e0 dev=0x1 push=0x3a8 drop=0x2a8 depth=0x100 reads=0x0 eagain=0x0 deliv=0x0 polls=0x0 pollin=0x0 ioctls=0x0 enotty=0x0 lastnr=0x0 conspop=0x0 rpid=0x0 ipid=0x0
[VQSTAT] t=0x15e0 polls=0x15e0 skips=0x0 drained=0x3a8 maxb=0x20 minfree=0x0 starve=0x4 aidx=0x3c8 uidx=0x3a8 notify=0xce
