
1970-01-01T00:00:42.635033Z  WARN cosmic_session: failed to connect to journald
1970-01-01T00:00:42.659468Z  INFO cosmic_session: Starting cosmic-session
1970-01-01T00:00:42.662426Z  1970-01-01T00:00:48.595226Z  WARN busd::peers: unknown destination: com.system76.CosmicAppLibrary
1970-01-01T00:00:49.085796Z  WARN busd::peers: unknown destination: org.freedesktop.locale1
1970-01-01T00:00:49.411290Z  WARN busd::peers: unknown destination: com.system76.CosmicLauncher
1970-01-01T00:00:49.421427Z  WARN busd::peers: unknown destination: com.system76.CosmicWorkspaces
1970-01-01T00:00:49.725955Z  WARN busd::peers: unknown destination: com.system76.CosmicOnScreenDisplay
1970-01-01T00:00:49.840535Z  WARN busd::peers: unknown destination: org.a11y.Bus
1970-01-01T00:01:28.519999Z  WARN busd::peers: unknown destination: com.system76.PowerDaemon
1970-01-01T00:01:28.602639Z  WARN busd::peers: unknown destination: org.freedesktop.UPower
1970-01-01T00:01:28.781024Z  WARN busd::peers: unknown destination: org.freedesktop.timedate1
=wayland-1 XDG_SESSION_TYPE=wayland DAEMON_NOTIFICATIONS_FD=262 cosmic-notifications '
1970-01-01T00:00:47.839927Z  INFO launch_pad: starting process ' WAYLAND_DISPLAY=wayland-1 XDG_SESSION_TYPE=wayland PANEL_NOTIFICATIONS_FD=260 cosmic-panel '
1970-01-01T00:00:47.928985Z  INFO launch_pad: starting process ' WAYLAND_DISPLAY=wayland-1 XDG_SESSION_TYPE=wayland cosmic-app-library '
1970-01-01T00:00:48.595573Z  INFO launch_pad: starting process ' WAYLAND_DISPLAY=wayland-1 XDG_SESSION_TYPE=wayland cosmic-launcher '
1970-01-01T00:00:48.629097Z  INFO cosmic-notifications: cosmic_session::notifications: \x1b[2m1970-01-01T00:00:48.112737Z\x1b[0m \x1b[33m WARN\x1b[0m \x1b[2mcosmic_notifications\x1b[0m\x1b[2m:\x1b[0m Failed to connect to journald
1970-01-01T00:00:48.629112Z  INFO cosmic-notifications: cosmic_session::notifications: \x1b[2m1970-01-01T00:00:48.123308Z\x1b[0m \x1b[32m INFO\x1b[0m \x1b[2mcosmic_notifications\x1b[0m\x1b[2m:\x1b[0m cosmic-notifications (com.system76.CosmicNotifications)
1970-01-01T00:00:48.629119Z  INFO cosmic-notifications: cosmic_session::notifications: \x1b[2m1970-01-01T00:00:48.140001Z\x1b[0m \x1b[32m INFO\x1b[0m \x1b[2mcosmic_notifications\x1b[0m\x1b[2m:\x1b[0m Version: 0.1.0 (release)
1970-01-01T00:00:48.629126Z  INFO cosmic-notifications: cosmic_session::notifications: \x1b[2m1970-01-01T00:00:48.259999Z\x1b[0m \x1b[33m WARN\x1b[0m \x1b[2mcosmic_text::font::system\x1b[0m\x1b[2m:\x1b[0m failed to get system locale, falling back to en-US
1970-01-01T00:00:48.629132Z  INFO cosmic-notifications: cosmic_session::notifications: \x1b[2m1970-01-01T00:00:48.280289Z\x1b[0m \x1b[33m WARN\x1b[0m \x1b[2mfontdb\x1b[0m\x1b[2m:\x1b[0m Fallback to loading from known font dir paths.
1970-01-01T00:00:48.629184Z  WARN cosmic-app-library: cosmic_session:  INFO  cosmic_app_library > Cosmic App Library (com.system76.CosmicAppLibrary)
1970-01-01T00:00:48.629191Z  WARN cosmic-app-library: cosmic_session:  INFO  cosmic_app_library > Version: 0.1.0
1970-01-01T00:00:48.629197Z  WARN cosmic-app-library: cosmic_session:  INFO  i18n_embed::requester > Current Locale: []
1970-01-01T00:00:48.629203Z  WARN cosmic-app-library: cosmic_session:  INFO  i18n_embed            > Selecting translations for domain "cosmic_app_library"
1970-01-01T00:00:48.629209Z  WARN cosmic-app-library: cosmic_session:  INFO  zbus::connection::handshake::common > write_command; command=Auth(Some(External), Some([48]))
1970-01-01T00:00:48.629216Z  WARN cosmic-app-library: cosmic_session:  INFO  zbus::connection::handshake::common > write_commands; commands=[Auth(Some(External), Some([48]))] extra_bytes=None
1970-01-01T00:00:48.629223Z  WARN cosmic-app-library: cosmic_session:  INFO  tracing::span                       > read_command;
1970-01-01T00:00:48.629229Z  WARN cosmic-app-library: cosmic_session:  INFO  zbus::connection::handshake::common > read_commands; n_commands=1
1970-01-01T00:00:48.629235Z  WARN cosmic-app-library: cosmic_session:  INFO  zbus::connection::handshake::common > write_commands; commands=[NegotiateUnixFD, Begin] extra_bytes=Some([108, 1, 0, 1, 0, 0, 0, 0, 1, 0, 0, 0, 109, 0, 0, 0, 1, 1, 111, 0, 21, 0, 0, 0, 47, 111, 114, 103, 47, 102, 114, 101, 101, 100, 101, 115, 107, 116, 111, 112, 47, 68, 66, 117, 115, 0, 0, 0, 2, 1, 115, 0, 20, 0, 0, 0, 111, 114, 103, 46, 102, 114, 101, 101, 100, 101, 115, 107, 116, 111, 112, 46, 68, 66, 117, 115, 0, 0, 0, 0, 3, 1, 115, 0, 5, 0, 0, 0, 72, 101, 108, 108, 111, 0, 0, 0, 6, 1, 115, 0, 20, 0, 0, 0, 111, 114, 103, 46, 102, 114, 101, 101, 100, 101, 115, 107, 116, 111, 112, 46, 68, 66, 117, 115, 0, 0, 0, 0])
1970-01-01T00:00:48.629244Z  WARN cosmic-app-library: cosmic_session:  INFO  zbus::connection::handshake::common > read_commands; n_commands=1
1970-01-01T00:00:48.629352Z  INFO launch_pad: starting process ' WAYLAND_DISPLAY=wayland-1 XDG_SESSION_TYPE=wayland cosmic-workspaces '
1970-01-01T00:00:49.086900Z  INFO launch_pad: starting process ' WAYLAND_DISPLAY=wayland-1 XDG_SESSION_TYPE=wayland cosmic-osd '
1970-01-01T00:00:49.299999Z  INFO cosmic-launcher: cosmic_session: 1970-01-01T00:00:48.879999Z  INFO cosmic-launcher (com.system76.CosmicLauncher)
1970-01-01T00:00:49.299999Z  INFO cosmic-launcher: cosmic_session: 1970-01-01T00:00:48.940152Z  INFO Version: 1.0.12 (release)
1970-01-01T00:00:49.299999Z  WARN cosmic-workspaces: cosmic_session: [1970-01-01T00:00:48Z INFO  i18n_embed::requester] Current Locale: []
1970-01-01T00:00:49.299999Z  WARN cosmic-workspaces: cosmic_session: [1970-01-01T00:00:48Z INFO  i18n_embed] Selecting translations for domain "cosmic_workspaces"
1970-01-01T00:00:49.299999Z  INFO launch_pad: starting process ' WAYLAND_DISPLAY=wayland-1 XDG_SESSION_TYPE=wayland cosmic-bg '
1970-01-01T00:00:49.427342Z  WARN cosmic-workspaces: cosmic_session: [1970-01-01T00:00:49Z INFO  zbus::connection::handshake::common] write_command; command=Auth(Some(External), Some([48]))
1970-01-01T00:00:49.427357Z  WARN cosmic-workspaces: cosmic_session: [1970-01-01T00:00:49Z INFO  zbus::connection::handshake::common] write_commands; commands=[Auth(Some(External), Some([48]))] extra_bytes=None
1970-01-01T00:00:49.427363Z  WARN cosmic-workspaces: cosmic_session: [1970-01-01T00:00:49Z INFO  tracing::span] read_command;
1970-01-01T00:00:49.427369Z  WARN cosmic-workspaces: cosmic_session: [1970-01-01T00:00:49Z INFO  zbus::connection::handshake::common] read_commands; n_commands=1
1970-01-01T00:00:49.427375Z  WARN cosmic-workspaces: cosmic_session: [1970-01-01T00:00:49Z INFO  zbus::connection::handshake::common] write_commands; commands=[NegotiateUnixFD, Begin] extra_bytes=Some([108, 1, 0, 1, 0, 0, 0, 0, 1, 0, 0, 0, 109, 0, 0, 0, 1, 1, 111, 0, 21, 0, 0, 0, 47, 111, 114, 103, 47, 102, 114, 101, 101, 100, 101, 115, 107, 116, 111, 112, 47, 68, 66, 117, 115, 0, 0, 0, 2, 1, 115, 0, 20, 0, 0, 0, 111, 114, 103, 46, 102, 114, 101, 101, 100, 101, 115, 107, 116, 111, 112, 46, 68, 66, 117, 115, 0, 0, 0, 0, 3, 1, 115, 0, 5, 0, 0, 0, 72, 101, 108, 108, 111, 0, 0, 0, 6, 1, 115, 0, 20, 0, 0, 0, 111, 114, 103, 46, 102, 114, 101, 101, 100, 101, 115, 107, 116, 111, 112, 46, 68, 66, 117, 115, 0, 0, 0, 0])
1970-01-01T00:00:49.427385Z  WARN cosmic-workspaces: cosmic_session: [1970-01-01T00:00:49Z INFO  zbus::connection::handshake::common] read_commands; n_commands=1
1970-01-01T00:00:49.427500Z  INFO launch_pad: starting process ' WAYLAND_DISPLAY=wayland-1 XDG_SESSION_TYPE=wayland cosmic-greeter '
1970-01-01T00:00:49.523890Z  INFO launch_pad: starting process ' WAYLAND_DISPLAY=wayland-1 XDG_SESSION_TYPE=wayland cosmic-files-applet '
1970-01-01T00:00:49.726515Z  INFO launch_pad: starting process ' WAYLAND_DISPLAY=wayland-1 XDG_SESSION_TYPE=wayland cosmic-idle '
1970-01-01T00:00:49.840134Z  INFO cosmic-panel: cosmic_session::notifications: \x1b[2m1970-01-01T00:00:49.655269Z\x1b[0m \x1b[32m INFO\x1b[0m Watching panel config entries for changes Config { system_path: None, user_path: Some("/root/.config/cosmic/com.system76.CosmicPanel/v1"), previous: None }
1970-01-01T00:00:49.840147Z  INFO cosmic-panel: cosmic_session::notifications: \x1b[2m1970-01-01T00:00:49.709430Z\x1b[0m \x1b[32m INFO\x1b[0m Watching panel config entry: Config { system_path: None, user_path: Some("/root/.config/cosmic/com.system76.CosmicPanel.Panel/v1"), previous: None }
1970-01-01T00:00:49.840155Z  WARN cosmic-osd: cosmic_session: [1970-01-01T00:00:49Z INFO  zbus::connection::handshake::common] write_command; command=Auth(Some(External), Some([48]))
1970-01-01T00:00:49.840162Z  WARN cosmic-osd: cosmic_session: [1970-01-01T00:00:49Z INFO  zbus::connection::handshake::common] write_commands; commands=[Auth(Some(External), Some([48]))] extra_bytes=None
1970-01-01T00:00:49.840168Z  WARN cosmic-osd: cosmic_session: [1970-01-01T00:00:49Z INFO  tracing::span] read_command;
1970-01-01T00:00:49.840175Z  WARN cosmic-osd: cosmic_session: [1970-01-01T00:00:49Z INFO  zbus::connection::handshake::common] read_commands; n_commands=1
1970-01-01T00:00:49.840181Z  WARN cosmic-osd: cosmic_session: [1970-01-01T00:00:49Z INFO  zbus::connection::handshake::common] write_commands; commands=[NegotiateUnixFD, Begin] extra_bytes=Some([108, 1, 0, 1, 0, 0, 0, 0, 1, 0, 0, 0, 109, 0, 0, 0, 1, 1, 111, 0, 21, 0, 0, 0, 47, 111, 114, 103, 47, 102, 114, 101, 101, 100, 101, 115, 107, 116, 111, 112, 47, 68, 66, 117, 115, 0, 0, 0, 2, 1, 115, 0, 20, 0, 0, 0, 111, 114, 103, 46, 102, 114, 101, 101, 100, 101, 115, 107, 116, 111, 112, 46, 68, 66, 117, 115, 0, 0, 0, 0, 3, 1, 115, 0, 5, 0, 0, 0, 72, 101, 108, 108, 111, 0, 0, 0, 6, 1, 115, 0, 20, 0, 0, 0, 111, 114, 103, 46, 102, 114, 101, 101, 100, 101, 115, 107, 116, 111, 112, 46, 68, 66, 117, 115, 0, 0, 0, 0])
1970-01-01T00:00:49.840189Z  WARN cosmic-osd: cosmic_session: [1970-01-01T00:00:49Z INFO  zbus::connection::handshake::common] read_commands; n_commands=1
1970-01-01T00:00:49.840541Z  INFO cosmic-panel: cosmic_session::notifications: \x1b[2m1970-01-01T00:00:49.783555Z\x1b[0m \x1b[32m INFO\x1b[0m Watching panel config entry: Config { system_path: None, user_path: Some("/root/.config/cosmic/com.system76.CosmicPanel.Dock/v1"), previous: None }
1970-01-01T00:00:49.840549Z  INFO cosmic-panel: cosmic_session::notifications: \x1b[2m1970-01-01T00:00:49.829999Z\x1b[0m \x1b[32m INFO\x1b[0m Watching panel config successful
1970-01-01T00:00:49.863713Z  INFO cosmic-greeter: cosmic_session: \x1b[2m1970-01-01T00:00:49.858275Z\x1b[0m \x1b[32m INFO\x1b[0m \x1b[2mi18n_embed::requester\x1b[0m\x1b[2m:\x1b[0m Current Locale: []
1970-01-01T00:00:49.870088Z  INFO cosmic-greeter: cosmic_session: \x1b[2m1970-01-01T00:00:49.863667Z\x1b[0m \x1b[32m INFO\x1b[0m \x1b[2mi18n_embed\x1b[0m\x1b[2m:\x1b[0m Selecting translations for domain "cosmic_greeter"
1970-01-01T00:00:49.891202Z  INFO cosmic-panel: cosmic_session::notifications: \x1b[2m1970-01-01T00:00:49.891090Z\x1b[0m \x1b[32m INFO\x1b[0m Connecting to notifications daemon
1970-01-01T00:00:49.892825Z  INFO cosmic-greeter: cosmic_session: \x1b[2m1970-01-01T00:00:49.892677Z\x1b[0m \x1b[31mERROR\x1b[0m \x1b[2mcosmic_greeter_daemon\x1b[0m\x1b[2m:\x1b[0m failed to open icon "/var/lib/AccountsService/icons/root": Os { code: 2, kind: NotFound, message: "No such file or directory" }
1970-01-01T00:00:50.092964Z  WARN cosmic-files-applet: cosmic_session:   \x1b[32m INFO\x1b[0m  \x1b[32mCurrent Locale: []\x1b[0m
1970-01-01T00:00:50.092979Z  WARN cosmic-files-applet: cosmic_session:     \x1b[2;3mat\x1b[0m /Users/forain/.cargo/registry/src/index.crates.io-1949cf8c6b5b557f/i18n-embed-0.16.0/src/requester.rs:299 \x1b[2;3mon\x1b[0m main
1970-01-01T00:00:50.092986Z  WARN cosmic-files-applet: cosmic_session: 
1970-01-01T00:00:50.092993Z  WARN cosmic-files-applet: cosmic_session:   \x1b[32m INFO\x1b[0m  \x1b[32mSelecting translations for domain "cosmic_files"\x1b[0m
1970-01-01T00:00:50.092999Z  WARN cosmic-files-applet: cosmic_session:     \x1b[2;3mat\x1b[0m /Users/forain/.cargo/registry/src/index.crates.io-1949cf8c6b5b557f/i18n-embed-0.16.0/src/lib.rs:602 \x1b[2;3mon\x1b[0m main
1970-01-01T00:00:50.093006Z  WARN cosmic-files-applet: cosmic_session: 
1970-01-01T00:00:50.257399Z  WARN cosmic-files-applet: cosmic_session:   \x1b[33m WARN\x1b[0m  \x1b[33mfailed to locate desktop directory, falling back to /root/Desktop\x1b[0m
1970-01-01T00:00:50.257414Z  WARN cosmic-files-applet: cosmic_session:     \x1b[2;3mat\x1b[0m src/lib.rs:50 \x1b[2;3mon\x1b[0m main
1970-01-01T00:00:50.257419Z  WARN cosmic-files-applet: cosmic_session: 
1970-01-01T00:00:50.285599Z  WARN cosmic-files-applet: cosmic_session:   \x1b[33m WARN\x1b[0m  \x1b[33mfailed to get system locale, falling back to en-US\x1b[0m
1970-01-01T00:00:50.285614Z  WARN cosmic-files-applet: cosmic_session:     \x1b[2;3mat\x1b[0m /Users/forain/.cargo/registry/src/index.crates.io-1949cf8c6b5b557f/cosmic-text-0.19.0/src/font/system.rs:423 \x1b[2;3mon\x1b[0m main
1970-01-01T00:00:50.285622Z  WARN cosmic-files-applet: cosmic_session: 
1970-01-01T00:00:50.302890Z  WARN cosmic-files-applet: cosmic_session:   \x1b[33m WARN\x1b[0m  \x1b[33mFallback to loading from known font dir paths.\x1b[0m
1970-01-01T00:00:50.302904Z  WARN cosmic-files-applet: cosmic_session:     \x1b[2;3mat\x1b[0m /Users/forain/.cargo/registry/src/index.crates.io-1949cf8c6b5b557f/fontdb-0.23.0/src/lib.rs:466 \x1b[2;3mon\x1b[0m main
1970-01-01T00:00:50.302911Z  WARN cosmic-files-applet: cosmic_session: 
1970-01-01T00:00:50.551383Z  INFO cosmic-greeter: cosmic_session: \x1b[2m1970-01-01T00:00:50.550849Z\x1b[0m \x1b[33m WARN\x1b[0m \x1b[2mcosmic_text::font::system\x1b[0m\x1b[2m:\x1b[0m failed to get system locale, falling back to en-US
1970-01-01T00:00:50.555704Z  INFO cosmic-greeter: cosmic_session: \x1b[2m1970-01-01T00:00:50.555637Z\x1b[0m \x1b[33m WARN\x1b[0m \x1b[2mfontdb\x1b[0m\x1b[2m:\x1b[0m Fallback to loading from known font dir paths.
1970-01-01T00:00:54.891593Z  INFO cosmic-panel: cosmic_session::notifications: \x1b[2m1970-01-01T00:00:54.891290Z\x1b[0m \x1b[31mERROR\x1b[0m Failed to connect to the notifications daemon.
1970-01-01T00:01:28.530480Z  WARN cosmic-notifications: cosmic_session::notifications: xkbcommon: ERROR: couldn't find a Compose file for locale "C" (mapped to "C")
1970-01-01T00:01:28.530492Z  INFO cosmic-panel: cosmic_session::notifications: \x1b[2m1970-01-01T00:01:28.519999Z\x1b[0m \x1b[32m INFO\x1b[0m \x1b[1minput_seat\x1b[0m\x1b[1m{\x1b[0m\x1b[3mname\x1b[0m\x1b[2m=\x1b[0m"seat-0"\x1b[1m}\x1b[0m\x1b[2m:\x1b[0m\x1b[1madd_keyboard_with_context_flags\x1b[0m\x1b[1m{\x1b[0m\x1b[3mxkb_config\x1b[0m\x1b[2m=\x1b[0mXkbConfig { rules: "", model: "", layout: "", variant: "", options: None } \x1b[3mrepeat_delay\x1b[0m\x1b[2m=\x1b[0m200 \x1b[3mrepeat_rate\x1b[0m\x1b[2m=\x1b[0m20 \x1b[3mcontext_flags\x1b[0m\x1b[2m=\x1b[0m0\x1b[1m}\x1b[0m\x1b[2m:\x1b[0m\x1b[1minput_keyboard\x1b[0m\x1b[2m:\x1b[0m Initializing a xkbcommon handler with keymap query
1970-01-01T00:01:28.530499Z  INFO cosmic-panel: cosmic_session::notifications: \x1b[2m1970-01-01T00:01:28.519999Z\x1b[0m \x1b[32m INFO\x1b[0m \x1b[1minput_seat\x1b[0m\x1b[1m{\x1b[0m\x1b[3mname\x1b[0m\x1b[2m=\x1b[0m"seat-0"\x1b[1m}\x1b[0m\x1b[2m:\x1b[0m\x1b[1madd_keyboard_with_context_flags\x1b[0m\x1b[1m{\x1b[0m\x1b[3mxkb_config\x1b[0m\x1b[2m=\x1b[0mXkbConfig { rules: "", model: "", layout: "", variant: "", options: None } \x1b[3mrepeat_delay\x1b[0m\x1b[2m=\x1b[0m200 \x1b[3mrepeat_rate\x1b[0m\x1b[2m=\x1b[0m20 \x1b[3mcontext_flags\x1b[0m\x1b[2m=\x1b[0m0\x1b[1m}\x1b[0m\x1b[2m:\x1b[0m\x1b[1minput_keyboard\x1b[0m\x1b[2m:\x1b[0m Loaded Keymap \x1b[3mname\x1b[0m\x1b[2m=\x1b[0m"English (US)"
1970-01-01T00:01:28.530506Z  INFO cosmic-panel: cosmic_session::notifications: \x1b[2m1970-01-01T00:01:28.519999Z\x1b[0m \x1b[32m INFO\x1b[0m \x1b[1mnew\x1b[0m\x1b[1m{\x1b[0m\x1b[3mname\x1b[0m\x1b[2m=\x1b[0m"HDMI-A-1" \x1b[3mphysical\x1b[0m\x1b[2m=\x1b[0mPhysicalProperties { size: Size<smithay::utils::geometry::Raw> { w: 320, h: 200 }, subpixel: Unknown, make: "Unknown", model: "Unknown", serial_number: "Unknown" }\x1b[1m}\x1b[0m\x1b[2m:\x1b[0m Creating new Output \x1b[3mname\x1b[0m\x1b[2m=\x1b[0m"HDMI-A-1"
1970-01-01T00:01:28.530512Z  INFO cosmic-panel: cosmic_session::notifications: \x1b[2m1970-01-01T00:01:28.519999Z\x1b[0m \x1b[32m INFO\x1b[0m Creating new wl_output \x1b[3moutput\x1b[0m\x1b[2m=\x1b[0m"HDMI-A-1"
1970-01-01T00:01:28.530518Z  INFO cosmic-panel: cosmic_session::notifications: \x1b[2m1970-01-01T00:01:28.519999Z\x1b[0m \x1b[32m INFO\x1b[0m Spawning applets
1970-01-01T00:01:28.530523Z  WARN cosmic-panel: cosmic_session::notifications: xkbcommon: ERROR: couldn't find a Compose file for locale "C" (mapped to "C")
1970-01-01T00:01:28.530529Z  WARN cosmic-greeter: cosmic_session: xkbcommon: ERROR: couldn't find a Compose file for locale "C" (mapped to "C")
1970-01-01T00:01:28.530536Z  WARN cosmic-files-applet: cosmic_session: xkbcommon: ERROR: couldn't find a Compose file for locale "C" (mapped to "C")
1970-01-01T00:01:28.530541Z  WARN cosmic-idle: cosmic_session: [1970-01-01T00:01:28Z ERROR cosmic_settings_config::shortcuts] failed to read system shortcuts config 'system_actions': NoConfigDirectory
1970-01-01T00:01:28.530547Z  WARN cosmic-idle: cosmic_session: [1970-01-01T00:01:28Z INFO  tracing::span] perform;
1970-01-01T00:01:28.530552Z  WARN cosmic-idle: cosmic_session: [1970-01-01T00:01:28Z INFO  tracing::span] authenticate;
1970-01-01T00:01:28.530557Z  WARN cosmic-idle: cosmic_session: [1970-01-01T00:01:28Z INFO  zbus::connection::handshake::common] write_command; command=Auth(Some(External), Some([48]))
1970-01-01T00:01:28.530563Z  WARN cosmic-idle: cosmic_session: [1970-01-01T00:01:28Z INFO  zbus::connection::handshake::common] write_commands; commands=[Auth(Some(External), Some([48]))] extra_bytes=None
1970-01-01T00:01:28.530569Z  WARN cosmic-idle: cosmic_session: [1970-01-01T00:01:28Z INFO  tracing::span] read_command;
1970-01-01T00:01:28.530575Z  WARN cosmic-idle: cosmic_session: [1970-01-01T00:01:28Z INFO  zbus::connection::handshake::common] read_commands; n_commands=1
1970-01-01T00:01:28.530580Z  WARN cosmic-idle: cosmic_session: [1970-01-01T00:01:28Z INFO  tracing::span] perform;
1970-01-01T00:01:28.530585Z  WARN cosmic-idle: cosmic_session: [1970-01-01T00:01:28Z INFO  tracing::span] authenticate;
1970-01-01T00:01:28.530591Z  WARN cosmic-idle: cosmic_session: [1970-01-01T00:01:28Z INFO  zbus::connection::handshake::common] write_command; command=Auth(Some(External), Some([48]))
1970-01-01T00:01:28.530596Z  WARN cosmic-idle: cosmic_session: [1970-01-01T00:01:28Z INFO  zbus::connection::handshake::common] write_commands; commands=[Auth(Some(External), Some([48]))] extra_bytes=None
1970-01-01T00:01:28.530602Z  WARN cosmic-idle: cosmic_session: [1970-01-01T00:01:28Z INFO  tracing::span] read_command;
1970-01-01T00:01:28.530608Z  WARN cosmic-idle: cosmic_session: [1970-01-01T00:01:28Z INFO  zbus::connection::handshake::common] read_commands; n_commands=1
1970-01-01T00:01:28.530613Z  WARN cosmic-idle: cosmic_session: [1970-01-01T00:01:28Z INFO  tracing::span] send_secondary_commands;
1970-01-01T00:01:28.530897Z  INFO cosmic-panel: cosmic_session::notifications: \x1b[2m1970-01-01T00:01:28.519999Z\x1b[0m \x1b[32m INFO\x1b[0m [(PanelClient { name: "com.system76.CosmicPanelWorkspacesButton", path: None, client: Some(Client { id: InnerClientId { ptr: 0x48adbad0, alive: true }, data: ClientData { .. } }), stream: Some(UnixStream { fd: FileDesc(OwnedFd { fd: 264 }) }), security_ctx: None, exec: None, minimize_priority: None, requests_wayland_display: None, is_notification_applet: None, shrink_priority: None, shrink_min_size: None, padding_shrinkable: false, auto_popup_hover_press: None }, Mutex { data: "<locked>", poisoned: false, .. }, WingStart), (PanelClient { name: "com.system76.CosmicPanelAppButton", path: None, client: Some(Client { id: InnerClientId { ptr: 0x90bd7fa0, alive: true }, data: ClientData { .. } }), stream: Some(UnixStream { fd: FileDesc(OwnedFd { fd: 267 }) }), security_ctx: None, exec: None, minimize_priority: None, requests_wayland_display: None, is_notification_applet: None, shrink_priority: None, shrink_min_size: None, padding_shrinkable: false, auto_popup_hover_press: None }, Mutex { data: "<locked>", poisoned: false, .. }, WingStart), (PanelClient { name: "com.system76.CosmicAppletTime", path: None, client: Some(Client { id: InnerClientId { ptr: 0x90bd8180, alive: true }, data: ClientData { .. } }), stream: Some(UnixStream { fd: FileDesc(OwnedFd { fd: 270 }) }), security_ctx: None, exec: None, minimize_priority: None, requests_wayland_display: None, is_notification_applet: None, shrink_priority: None, shrink_min_size: None, padding_shrinkable: false, auto_popup_hover_press: None }, Mutex { data: "<locked>", poisoned: false, .. }, Center), (PanelClient { name: "com.system76.CosmicAppletInputSources", path: None, client: Some(Client { id: InnerClientId { ptr: 0x90bd8270, alive: true }, data: ClientData { .. } }), stream: Some(UnixStream { fd: FileDesc(OwnedFd { fd: 273 }) }), security_ctx: None, exec: None, minimize_priority: None, requests_wayland_display: None, is_notification_applet: None, shrink_priority: None, shrink_min_size: None, padding_shrinkable: false, auto_popup_hover_press: None }, Mutex { data: "<locked>", poisoned: false, .. }, WingEnd), (PanelClient { name: "com.system76.CosmicAppletA11y", path: None, client: Some(Client { id: InnerClientId { ptr: 0x90bd8b70, alive: true }, data: ClientData { .. } }), stream: Some(UnixStream { fd: FileDesc(OwnedFd { fd: 276 }) }), security_ctx: None, exec: None, minimize_priority: None, requests_wayland_display: None, is_notification_applet: None, shrink_priority: None, shrink_min_size: None, padding_shrinkable: false, auto_popup_hover_press: None }, Mutex { data: "<locked>", poisoned: false, .. }, WingEnd), (PanelClient { name: "com.system76.CosmicAppletStatusArea", path: None, client: Some(Client { id: InnerClientId { ptr: 0x90bd8c60, alive: true }, data: ClientData { .. } }), stream: Some(UnixStream { fd: FileDesc(OwnedFd { fd: 279 }) }), security_ctx: None, exec: None, minimize_priority: None, requests_wayland_display: None, is_notification_applet: None, shrink_priority: None, shrink_min_size: None, padding_shrinkable: false, auto_popup_hover_press: None }, Mutex { data: "<locked>", poisoned: false, .. }, WingEnd), (PanelClient { name: "com.system76.CosmicAppletTiling", path: None, client: Some(Client { id: InnerClientId { ptr: 0x90bd8d50, alive: true }, data: ClientData { .. } }), stream: Some(UnixStream { fd: FileDesc(OwnedFd { fd: 282 }) }), security_ctx: None, exec: None, minimize_priority: None, requests_wayland_display: None, is_notification_applet: None, shrink_priority: None, shrink_min_size: None, padding_shrinkable: false, auto_popup_hover_press: None }, Mutex { data: "<locked>", poisoned: false, .. }, WingEnd), (PanelClient { name: "com.system76.CosmicAppletAudio", path: None, client: Some(Client { id: InnerClientId { ptr: 0x90bd8e40, alive: true }, data: ClientData { .. } }), stream: Some(UnixStream { fd: FileDesc(OwnedFd { fd: 285 }) }), security_ctx: None, exec: None, minimize_priority: None, requests_wayland_display: None, is_notification_applet: None, shrink_priority: None, shrink_min_size: None, padding_shrinkable: false, auto_popup_hover_press: None }, Mutex { data: "<locked>", poisoned: false, .. }, WingEnd), (PanelClient { name: "com.system76.CosmicAppletBluetooth", path: None, client: Some(Client { id: InnerClientId { ptr: 0x90bd9350, alive: true }, data: ClientData { .. } }), stream: Some(UnixStream { fd: FileDesc(OwnedFd { fd: 288 }) }), security_ctx: None, exec: None, minimize_priority: None, requests_wayland_display: None, is_notification_applet: None, shrink_priority: None, shrink_min_size: None, padding_shrinkable: false, auto_popup_hover_press: None }, Mutex { data: "<locked>", poisoned: false, .. }, WingEnd), (PanelClient { name: "com.system76.CosmicAppletNetwork", path: None, client: Some(Client { id: InnerClientId { ptr: 0x90bd9440, alive: true }, data: ClientData { .. } }), stream: Some(UnixStream { fd: FileDesc(OwnedFd { fd: 291 }) }), security_ctx: None, exec: None, minimize_priority: None, requests_wayland_display: None, is_notification_applet: None, shrink_priority: None, shrink_min_size: None, padding_shrinkable: false, auto_popup_hover_press: None }, Mutex { data: "<locked>", poisoned: false, .. }, WingEnd), (PanelClient { name: "com.system76.CosmicAppletBattery", path: None, client: Some(Client { id: InnerClientId { ptr: 0x90bd9530, alive: true }, data: ClientData { .. } }), stream: Some(UnixStream { fd: FileDesc(OwnedFd { fd: 294 }) }), security_ctx: None, exec: None, minimize_priority: None, requests_wayland_display: None, is_notification_applet: None, shrink_priority: None, shrink_min_size: None, padding_shrinkable: false, auto_popup_hover_press: None }, Mutex { data: "<locked>", poisoned: false, .. }, WingEnd), (PanelClient { name: "com.system76.CosmicAppletNotifications", path: None, client: Some(Client { id: InnerClientId { ptr: 0x90bd9620, alive: true }, data: ClientData { .. } }), stream: Some(UnixStream { fd: FileDesc(OwnedFd { fd: 297 }) }), security_ctx: None, exec: None, minimize_priority: None, requests_wayland_display: None, is_notification_applet: None, shrink_priority: None, shrink_min_size: None, padding_shrinkable: false, auto_popup_hover_press: None }, Mutex { data: "<locked>", poisoned: false, .. }, WingEnd), (PanelClient { name: "com.system76.CosmicAppletPower", path: None, client: Some(Client { id: InnerClientId { ptr: 0x91a08020, alive: true }, data: ClientData { .. } }), stream: Some(UnixStream { fd: FileDesc(OwnedFd { fd: 300 }) }), security_ctx: None, exec: None, minimize_priority: None, requests_wayland_display: None, is_notification_applet: None, shrink_priority: None, shrink_min_size: None, padding_shrinkable: false, auto_popup_hover_press: None }, Mutex { data: "<locked>", poisoned: false, .. }, WingEnd)]
1970-01-01T00:01:28.530937Z  INFO cosmic-panel: cosmic_session::notifications: \x1b[2m1970-01-01T00:01:28.519999Z\x1b[0m \x1b[32m INFO\x1b[0m \x1b[3mpanel_client.name\x1b[0m\x1b[2m=\x1b[0m"com.system76.CosmicAppletTime"
1970-01-01T00:01:28.530942Z  INFO cosmic-panel: cosmic_session::notifications: \x1b[2m1970-01-01T00:01:28.519999Z\x1b[0m \x1b[32m INFO\x1b[0m Starting: /bin/leandros-applet
1970-01-01T00:01:28.530948Z  INFO cosmic-panel: cosmic_session::notifications: \x1b[2m1970-01-01T00:01:28.519999Z\x1b[0m \x1b[32m INFO\x1b[0m Done spawning applets
1970-01-01T00:01:28.530954Z  INFO cosmic-panel: cosmic_session::notifications: \x1b[2m1970-01-01T00:01:28.519999Z\x1b[0m \x1b[32m INFO\x1b[0m Spawning applets
1970-01-01T00:01:28.531756Z  INFO cosmic-panel: cosmic_session::notifications: \x1b[2m1970-01-01T00:01:28.531601Z\x1b[0m \x1b[32m INFO\x1b[0m [(PanelClient { name: "com.system76.CosmicPanelLauncherButton", path: None, client: Some(Client { id: InnerClientId { ptr: 0x91a082f0, alive: true }, data: ClientData { .. } }), stream: Some(UnixStream { fd: FileDesc(OwnedFd { fd: 303 }) }), security_ctx: None, exec: None, minimize_priority: None, requests_wayland_display: None, is_notification_applet: None, shrink_priority: None, shrink_min_size: None, padding_shrinkable: false, auto_popup_hover_press: None }, Mutex { data: "<locked>", poisoned: false, .. }, Center), (PanelClient { name: "com.system76.CosmicPanelWorkspacesButton", path: None, client: Some(Client { id: InnerClientId { ptr: 0x91a083e0, alive: true }, data: ClientData { .. } }), stream: Some(UnixStream { fd: FileDesc(OwnedFd { fd: 306 }) }), security_ctx: None, exec: None, minimize_priority: None, requests_wayland_display: None, is_notification_applet: None, shrink_priority: None, shrink_min_size: None, padding_shrinkable: false, auto_popup_hover_press: None }, Mutex { data: "<locked>", poisoned: false, .. }, Center), (PanelClient { name: "com.system76.CosmicPanelAppButton", path: None, client: Some(Client { M13MARK LOGEND