
1970-01-01T00:00:59.229164Z  WARN cosmic_session: failed to connect to journald
1970-01-01T00:00:59.308700Z  INFO cosmic_session: Starting cosmic-session
1970-01-01T00:00:59.312694Z  1970-01-01T00:01:05.909999Z  WARN busd::peers: unknown destination: com.system76.CosmicLauncher
1970-01-01T00:01:06.139933Z  WARN busd::peers: unknown destination: org.a11y.Bus
1970-01-01T00:01:06.141285Z  WARN busd::peers: unknown destination: com.system76.CosmicAppLibrary
1970-01-01T00:01:06.318152Z  WARN busd::peers: unknown destination: com.system76.CosmicWorkspaces
1970-01-01T00:01:06.980230Z  WARN busd::peers: unknown destination: com.system76.CosmicOnScreenDisplay
1970-01-01T00:01:07.061223Z  WARN busd::peers: unknown destination: org.freedesktop.locale1
1970-01-01T00:02:07.819999Z  WARN busd::peers: unknown destination: com.system76.PowerDaemon
1970-01-01T00:02:08.931822Z  WARN busd::peers: unknown destination: org.freedesktop.UPower
1970-01-01T00:02:11.854960Z  WARN busd::peers: unknown destination: org.freedesktop.timedate1
=wayland-1 XDG_SESSION_TYPE=wayland DAEMON_NOTIFICATIONS_FD=262 cosmic-notifications '
1970-01-01T00:01:04.429999Z  INFO launch_pad: starting process ' WAYLAND_DISPLAY=wayland-1 XDG_SESSION_TYPE=wayland PANEL_NOTIFICATIONS_FD=260 cosmic-panel '
1970-01-01T00:01:04.661155Z  INFO launch_pad: starting process ' WAYLAND_DISPLAY=wayland-1 XDG_SESSION_TYPE=wayland cosmic-app-library '
1970-01-01T00:01:04.859999Z  INFO launch_pad: starting process ' WAYLAND_DISPLAY=wayland-1 XDG_SESSION_TYPE=wayland cosmic-launcher '
1970-01-01T00:01:05.229999Z  INFO cosmic-notifications: cosmic_session::notifications: \x1b[2m1970-01-01T00:01:04.759999Z\x1b[0m \x1b[33m WARN\x1b[0m \x1b[2mcosmic_notifications\x1b[0m\x1b[2m:\x1b[0m Failed to connect to journald
1970-01-01T00:01:05.229999Z  INFO cosmic-notifications: cosmic_session::notifications: \x1b[2m1970-01-01T00:01:04.759999Z\x1b[0m \x1b[32m INFO\x1b[0m \x1b[2mcosmic_notifications\x1b[0m\x1b[2m:\x1b[0m cosmic-notifications (com.system76.CosmicNotifications)
1970-01-01T00:01:05.229999Z  INFO cosmic-notifications: cosmic_session::notifications: \x1b[2m1970-01-01T00:01:04.759999Z\x1b[0m \x1b[32m INFO\x1b[0m \x1b[2mcosmic_notifications\x1b[0m\x1b[2m:\x1b[0m Version: 0.1.0 (release)
1970-01-01T00:01:05.330109Z  INFO launch_pad: starting process ' WAYLAND_DISPLAY=wayland-1 XDG_SESSION_TYPE=wayland cosmic-workspaces '
1970-01-01T00:01:05.379999Z  INFO cosmic-notifications: cosmic_session::notifications: \x1b[2m1970-01-01T00:01:05.159999Z\x1b[0m \x1b[31mERROR\x1b[0m \x1b[2mcosmic::theme\x1b[0m\x1b[2m:\x1b[0m error loading system dark theme \x1b[3merror\x1b[0m\x1b[2m=\x1b[0mGetKey("list_button", Os { code: 2, kind: NotFound, message: "No such file or directory" })
1970-01-01T00:01:05.379999Z  INFO cosmic-notifications: cosmic_session::notifications: \x1b[2m1970-01-01T00:01:05.159999Z\x1b[0m \x1b[33m WARN\x1b[0m \x1b[2mcosmic_text::font::system\x1b[0m\x1b[2m:\x1b[0m failed to get system locale, falling back to en-US
1970-01-01T00:01:05.379999Z  INFO cosmic-notifications: cosmic_session::notifications: \x1b[2m1970-01-01T00:01:05.159999Z\x1b[0m \x1b[33m WARN\x1b[0m \x1b[2mfontdb\x1b[0m\x1b[2m:\x1b[0m Fallback to loading from known font dir paths.
1970-01-01T00:01:05.379999Z  INFO cosmic-panel: cosmic_session::notifications: \x1b[2m1970-01-01T00:01:04.928782Z\x1b[0m \x1b[31mERROR\x1b[0m Panel Entry Error: GetKey("padding_overlap", Os { code: 2, kind: NotFound, message: "No such file or directory" })
1970-01-01T00:01:05.379999Z  INFO cosmic-panel: cosmic_session::notifications: \x1b[2m1970-01-01T00:01:04.934265Z\x1b[0m \x1b[31mERROR\x1b[0m Panel Entry Error: GetKey("keep_style_on_maximize", Os { code: 2, kind: NotFound, message: "No such file or directory" })
1970-01-01T00:01:05.379999Z  INFO cosmic-panel: cosmic_session::notifications: \x1b[2m1970-01-01T00:01:04.934341Z\x1b[0m \x1b[31mERROR\x1b[0m Panel Entry Error: GetKey("padding_overlap", Os { code: 2, kind: NotFound, message: "No such file or directory" })
1970-01-01T00:01:05.379999Z  INFO cosmic-panel: cosmic_session::notifications: \x1b[2m1970-01-01T00:01:04.934376Z\x1b[0m \x1b[31mERROR\x1b[0m Panel Entry Error: GetKey("keep_style_on_maximize", Os { code: 2, kind: NotFound, message: "No such file or directory" })
1970-01-01T00:01:05.379999Z  WARN cosmic-app-library: cosmic_session:  INFO  cosmic_app_library > Cosmic App Library (com.system76.CosmicAppLibrary)
1970-01-01T00:01:05.379999Z  WARN cosmic-app-library: cosmic_session:  INFO  cosmic_app_library > Version: 0.1.0
1970-01-01T00:01:05.379999Z  WARN cosmic-app-library: cosmic_session:  INFO  i18n_embed::requester > Current Locale: []
1970-01-01T00:01:05.379999Z  WARN cosmic-app-library: cosmic_session:  INFO  i18n_embed            > Selecting translations for domain "cosmic_app_library"
1970-01-01T00:01:05.379999Z  INFO cosmic-launcher: cosmic_session: 1970-01-01T00:01:05.169999Z  INFO cosmic-launcher (com.system76.CosmicLauncher)
1970-01-01T00:01:05.379999Z  INFO cosmic-launcher: cosmic_session: 1970-01-01T00:01:05.169999Z  INFO Version: 1.0.12 (release)
1970-01-01T00:01:05.379999Z  INFO launch_pad: starting process ' WAYLAND_DISPLAY=wayland-1 XDG_SESSION_TYPE=wayland cosmic-osd '
1970-01-01T00:01:05.452228Z  INFO cosmic-launcher: cosmic_session: 1970-01-01T00:01:05.369999Z ERROR error loading system dark theme error=GetKey("list_button", Os { code: 2, kind: NotFound, message: "No such file or directory" })
1970-01-01T00:01:05.453054Z  INFO launch_pad: starting process ' WAYLAND_DISPLAY=wayland-1 XDG_SESSION_TYPE=wayland cosmic-bg '
1970-01-01T00:01:05.580854Z  WARN cosmic-app-library: cosmic_session:  ERROR cosmic::theme         > error loading system dark theme error=GetKey("list_button", Os { code: 2, kind: NotFound, message: "No such file or directory" })
1970-01-01T00:01:05.581985Z  INFO launch_pad: starting process ' WAYLAND_DISPLAY=wayland-1 XDG_SESSION_TYPE=wayland cosmic-greeter '
1970-01-01T00:01:05.619999Z  INFO launch_pad: starting process ' WAYLAND_DISPLAY=wayland-1 XDG_SESSION_TYPE=wayland cosmic-files-applet '
1970-01-01T00:01:05.739999Z  WARN cosmic-app-library: cosmic_session:  INFO  zbus::connection::handshake::common > write_command; command=Auth(Some(External), Some([48]))
1970-01-01T00:01:05.739999Z  WARN cosmic-app-library: cosmic_session:  INFO  zbus::connection::handshake::common > write_commands; commands=[Auth(Some(External), Some([48]))] extra_bytes=None
1970-01-01T00:01:05.739999Z  WARN cosmic-app-library: cosmic_session:  INFO  tracing::span                       > read_command;
1970-01-01T00:01:05.739999Z  WARN cosmic-app-library: cosmic_session:  INFO  zbus::connection::handshake::common > read_commands; n_commands=1
1970-01-01T00:01:05.739999Z  WARN cosmic-workspaces: cosmic_session: [1970-01-01T00:01:05Z INFO  i18n_embed::requester] Current Locale: []
1970-01-01T00:01:05.739999Z  WARN cosmic-workspaces: cosmic_session: [1970-01-01T00:01:05Z INFO  i18n_embed] Selecting translations for domain "cosmic_workspaces"
1970-01-01T00:01:05.739999Z  INFO launch_pad: starting process ' WAYLAND_DISPLAY=wayland-1 XDG_SESSION_TYPE=wayland cosmic-idle '
1970-01-01T00:01:05.939999Z  WARN cosmic-workspaces: cosmic_session: [1970-01-01T00:01:05Z ERROR cosmic::theme] error loading system dark theme error=GetKey("list_button", Os { code: 2, kind: NotFound, message: "No such file or directory" })
1970-01-01T00:01:06.029999Z  WARN cosmic-app-library: cosmic_session:  INFO  zbus::connection::handshake::common > write_commands; commands=[NegotiateUnixFD, Begin] extra_bytes=Some([108, 1, 0, 1, 0, 0, 0, 0, 1, 0, 0, 0, 109, 0, 0, 0, 1, 1, 111, 0, 21, 0, 0, 0, 47, 111, 114, 103, 47, 102, 114, 101, 101, 100, 101, 115, 107, 116, 111, 112, 47, 68, 66, 117, 115, 0, 0, 0, 2, 1, 115, 0, 20, 0, 0, 0, 111, 114, 103, 46, 102, 114, 101, 101, 100, 101, 115, 107, 116, 111, 112, 46, 68, 66, 117, 115, 0, 0, 0, 0, 3, 1, 115, 0, 5, 0, 0, 0, 72, 101, 108, 108, 111, 0, 0, 0, 6, 1, 115, 0, 20, 0, 0, 0, 111, 114, 103, 46, 102, 114, 101, 101, 100, 101, 115, 107, 116, 111, 112, 46, 68, 66, 117, 115, 0, 0, 0, 0])
1970-01-01T00:01:06.029999Z  WARN cosmic-app-library: cosmic_session:  INFO  zbus::connection::handshake::common > read_commands; n_commands=1
1970-01-01T00:01:06.108262Z  WARN cosmic-workspaces: cosmic_session: [1970-01-01T00:01:06Z INFO  zbus::connection::handshake::common] write_command; command=Auth(Some(External), Some([48]))
1970-01-01T00:01:06.139999Z  WARN cosmic-workspaces: cosmic_session: [1970-01-01T00:01:06Z INFO  zbus::connection::handshake::common] write_commands; commands=[Auth(Some(External), Some([48]))] extra_bytes=None
1970-01-01T00:01:06.139999Z  WARN cosmic-workspaces: cosmic_session: [1970-01-01T00:01:06Z INFO  tracing::span] read_command;
1970-01-01T00:01:06.139999Z  WARN cosmic-workspaces: cosmic_session: [1970-01-01T00:01:06Z INFO  zbus::connection::handshake::common] read_commands; n_commands=1
1970-01-01T00:01:06.156185Z  WARN cosmic-workspaces: cosmic_session: [1970-01-01T00:01:06Z INFO  zbus::connection::handshake::common] write_commands; commands=[NegotiateUnixFD, Begin] extra_bytes=Some([108, 1, 0, 1, 0, 0, 0, 0, 1, 0, 0, 0, 109, 0, 0, 0, 1, 1, 111, 0, 21, 0, 0, 0, 47, 111, 114, 103, 47, 102, 114, 101, 101, 100, 101, 115, 107, 116, 111, 112, 47, 68, 66, 117, 115, 0, 0, 0, 2, 1, 115, 0, 20, 0, 0, 0, 111, 114, 103, 46, 102, 114, 101, 101, 100, 101, 115, 107, 116, 111, 112, 46, 68, 66, 117, 115, 0, 0, 0, 0, 3, 1, 115, 0, 5, 0, 0, 0, 72, 101, 108, 108, 111, 0, 0, 0, 6, 1, 115, 0, 20, 0, 0, 0, 111, 114, 103, 46, 102, 114, 101, 101, 100, 101, 115, 107, 116, 111, 112, 46, 68, 66, 117, 115, 0, 0, 0, 0])
1970-01-01T00:01:06.156502Z  WARN cosmic-workspaces: cosmic_session: [1970-01-01T00:01:06Z INFO  zbus::connection::handshake::common] read_commands; n_commands=1
1970-01-01T00:01:06.169999Z  INFO cosmic-greeter: cosmic_session: \x1b[2m1970-01-01T00:01:06.169999Z\x1b[0m \x1b[32m INFO\x1b[0m \x1b[2mi18n_embed::requester\x1b[0m\x1b[2m:\x1b[0m Current Locale: []
1970-01-01T00:01:06.169999Z  INFO cosmic-greeter: cosmic_session: \x1b[2m1970-01-01T00:01:06.169999Z\x1b[0m \x1b[32m INFO\x1b[0m \x1b[2mi18n_embed\x1b[0m\x1b[2m:\x1b[0m Selecting translations for domain "cosmic_greeter"
1970-01-01T00:01:06.429999Z  INFO cosmic-greeter: cosmic_session: \x1b[2m1970-01-01T00:01:06.429999Z\x1b[0m \x1b[31mERROR\x1b[0m \x1b[2mcosmic_greeter_daemon\x1b[0m\x1b[2m:\x1b[0m failed to open icon "/var/lib/AccountsService/icons/root": Os { code: 2, kind: NotFound, message: "No such file or directory" }
1970-01-01T00:01:06.540534Z  INFO cosmic-greeter: cosmic_session: \x1b[2m1970-01-01T00:01:06.539999Z\x1b[0m \x1b[31mERROR\x1b[0m \x1b[2mcosmic_greeter_daemon\x1b[0m\x1b[2m:\x1b[0m failed to load cosmic-theme config: [GetKey("list_button", Os { code: 2, kind: NotFound, message: "No such file or directory" })]
1970-01-01T00:01:06.540647Z  INFO cosmic-greeter: cosmic_session: \x1b[2m1970-01-01T00:01:06.539999Z\x1b[0m \x1b[31mERROR\x1b[0m \x1b[2mcosmic_greeter_daemon\x1b[0m\x1b[2m:\x1b[0m failed to load cosmic-theme builder config: [RonSpanned(SpannedError { code: ExpectedIdentifier, span: Span { start: Position { line: 1, col: 1 }, end: Position { line: 1, col: 1 } } })]
1970-01-01T00:01:06.599999Z  INFO cosmic-greeter: cosmic_session: \x1b[2m1970-01-01T00:01:06.539999Z\x1b[0m \x1b[31mERROR\x1b[0m \x1b[2mcosmic_greeter_daemon\x1b[0m\x1b[2m:\x1b[0m errors loading cosmic-comp config: [GetKey("workspaces", Os { code: 2, kind: NotFound, message: "No such file or directory" }), GetKey("pinned_workspaces", Os { code: 2, kind: NotFound, message: "No such file or directory" }), GetKey("input_default", Os { code: 2, kind: NotFound, message: "No such file or directory" }), GetKey("input_touchpad_override", Os { code: 2, kind: NotFound, message: "No such file or directory" }), GetKey("input_devices", Os { code: 2, kind: NotFound, message: "No such file or directory" }), GetKey("xkb_config", Os { code: 2, kind: NotFound, message: "No such file or directory" }), GetKey("keyboard_config", Os { code: 2, kind: NotFound, message: "No such file or directory" }), GetKey("autotile", Os { code: 2, kind: NotFound, message: "No such file or directory" }), GetKey("autotile_behavior", Os { code: 2, kind: NotFound, message: "No such file or directory" }), GetKey("active_hint", Os { code: 2, kind: NotFound, message: "No such file or directory" }), GetKey("focus_follows_cursor", Os { code: 2, kind: NotFound, message: "No such file or directory" }), GetKey("cursor_follows_focus", Os { code: 2, kind: NotFound, message: "No such file or directory" }), GetKey("focus_follows_cursor_delay", Os { code: 2, kind: NotFound, message: "No such file or directory" }), GetKey("descale_xwayland", Os { code: 2, kind: NotFound, message: "No such file or directory" }), GetKey("xwayland_eavesdropping", Os { code: 2, kind: NotFound, message: "No such file or directory" }), GetKey("edge_snap_threshold", Os { code: 2, kind: NotFound, message: "No such file or directory" }), GetKey("accessibility_zoom", Os { code: 2, kind: NotFound, message: "No such file or directory" }), GetKey("appearance_settings", Os { code: 2, kind: NotFound, message: "No such file or directory" }), GetKey("cursor_hide_timeout", Os { code: 2, kind: NotFound, message: "No such file or directory" }), GetKey("activation_policy", Os { code: 2, kind: NotFound, message: "No such file or directory" })]
1970-01-01T00:01:06.599999Z  WARN cosmic-osd: cosmic_session: [1970-01-01T00:01:06Z ERROR cosmic::theme] error loading system dark theme error=GetKey("list_button", Os { code: 2, kind: NotFound, message: "No such file or directory" })
1970-01-01T00:01:06.710603Z  WARN cosmic-osd: cosmic_session: [1970-01-01T00:01:06Z INFO  zbus::connection::handshake::common] write_command; command=Auth(Some(External), Some([48]))
1970-01-01T00:01:06.710723Z  WARN cosmic-osd: cosmic_session: [1970-01-01T00:01:06Z INFO  zbus::connection::handshake::common] write_commands; commands=[Auth(Some(External), Some([48]))] extra_bytes=None
1970-01-01T00:01:06.710764Z  WARN cosmic-osd: cosmic_session: [1970-01-01T00:01:06Z INFO  tracing::span] read_command;
1970-01-01T00:01:06.710800Z  WARN cosmic-osd: cosmic_session: [1970-01-01T00:01:06Z INFO  zbus::connection::handshake::common] read_commands; n_commands=1
1970-01-01T00:01:06.863738Z  WARN cosmic-osd: cosmic_session: [1970-01-01T00:01:06Z INFO  zbus::connection::handshake::common] write_commands; commands=[NegotiateUnixFD, Begin] extra_bytes=Some([108, 1, 0, 1, 0, 0, 0, 0, 1, 0, 0, 0, 109, 0, 0, 0, 1, 1, 111, 0, 21, 0, 0, 0, 47, 111, 114, 103, 47, 102, 114, 101, 101, 100, 101, 115, 107, 116, 111, 112, 47, 68, 66, 117, 115, 0, 0, 0, 2, 1, 115, 0, 20, 0, 0, 0, 111, 114, 103, 46, 102, 114, 101, 101, 100, 101, 115, 107, 116, 111, 112, 46, 68, 66, 117, 115, 0, 0, 0, 0, 3, 1, 115, 0, 5, 0, 0, 0, 72, 101, 108, 108, 111, 0, 0, 0, 6, 1, 115, 0, 20, 0, 0, 0, 111, 114, 103, 46, 102, 114, 101, 101, 100, 101, 115, 107, 116, 111, 112, 46, 68, 66, 117, 115, 0, 0, 0, 0])
1970-01-01T00:01:06.864302Z  WARN cosmic-osd: cosmic_session: [1970-01-01T00:01:06Z INFO  zbus::connection::handshake::common] read_commands; n_commands=1
1970-01-01T00:01:06.899999Z  INFO cosmic-panel: cosmic_session::notifications: \x1b[2m1970-01-01T00:01:06.899999Z\x1b[0m \x1b[33m WARN\x1b[0m Error loading light theme: GetKey("list_button", Os { code: 2, kind: NotFound, message: "No such file or directory" })
1970-01-01T00:01:07.029870Z  WARN cosmic-files-applet: cosmic_session:   \x1b[32m INFO\x1b[0m  \x1b[32mCurrent Locale: []\x1b[0m
1970-01-01T00:01:07.029999Z  WARN cosmic-files-applet: cosmic_session:     \x1b[2;3mat\x1b[0m /Users/forain/.cargo/registry/src/index.crates.io-1949cf8c6b5b557f/i18n-embed-0.16.0/src/requester.rs:299 \x1b[2;3mon\x1b[0m main
1970-01-01T00:01:07.029999Z  WARN cosmic-files-applet: cosmic_session: 
1970-01-01T00:01:07.029999Z  WARN cosmic-files-applet: cosmic_session:   \x1b[32m INFO\x1b[0m  \x1b[32mSelecting translations for domain "cosmic_files"\x1b[0m
1970-01-01T00:01:07.029999Z  WARN cosmic-files-applet: cosmic_session:     \x1b[2;3mat\x1b[0m /Users/forain/.cargo/registry/src/index.crates.io-1949cf8c6b5b557f/i18n-embed-0.16.0/src/lib.rs:602 \x1b[2;3mon\x1b[0m main
1970-01-01T00:01:07.029999Z  WARN cosmic-files-applet: cosmic_session: 
1970-01-01T00:01:07.039999Z  INFO cosmic-panel: cosmic_session::notifications: \x1b[2m1970-01-01T00:01:07.039999Z\x1b[0m \x1b[33m WARN\x1b[0m Error loading dark theme: GetKey("list_button", Os { code: 2, kind: NotFound, message: "No such file or directory" })
1970-01-01T00:01:07.079999Z  INFO cosmic-greeter: cosmic_session: \x1b[2m1970-01-01T00:01:07.079999Z\x1b[0m \x1b[31mERROR\x1b[0m \x1b[2mcosmic::theme\x1b[0m\x1b[2m:\x1b[0m error loading system dark theme \x1b[3merror\x1b[0m\x1b[2m=\x1b[0mGetKey("list_button", Os { code: 2, kind: NotFound, message: "No such file or directory" })
1970-01-01T00:01:07.079999Z  INFO cosmic-greeter: cosmic_session: \x1b[2m1970-01-01T00:01:07.079999Z\x1b[0m \x1b[33m WARN\x1b[0m \x1b[2mcosmic_text::font::system\x1b[0m\x1b[2m:\x1b[0m failed to get system locale, falling back to en-US
1970-01-01T00:01:07.079999Z  INFO cosmic-greeter: cosmic_session: \x1b[2m1970-01-01T00:01:07.079999Z\x1b[0m \x1b[33m WARN\x1b[0m \x1b[2mfontdb\x1b[0m\x1b[2m:\x1b[0m Fallback to loading from known font dir paths.
1970-01-01T00:01:08.600938Z  INFO cosmic-panel: cosmic_session::notifications: \x1b[2m1970-01-01T00:01:08.584046Z\x1b[0m \x1b[32m INFO\x1b[0m Watching panel config entries for changes Config { system_path: Some("/usr/share/cosmic/com.system76.CosmicPanel/v1"), user_path: Some("/root/.config/cosmic/com.system76.CosmicPanel/v1"), previous: None }
1970-01-01T00:01:08.702616Z  INFO cosmic-panel: cosmic_session::notifications: \x1b[2m1970-01-01T00:01:08.700150Z\x1b[0m \x1b[32m INFO\x1b[0m Watching panel config entry: Config { system_path: Some("/usr/share/cosmic/com.system76.CosmicPanel.Panel/v1"), user_path: Some("/root/.config/cosmic/com.system76.CosmicPanel.Panel/v1"), previous: None }
1970-01-01T00:01:08.749865Z  INFO cosmic-panel: cosmic_session::notifications: \x1b[2m1970-01-01T00:01:08.749331Z\x1b[0m \x1b[32m INFO\x1b[0m Watching panel config entry: Config { system_path: Some("/usr/share/cosmic/com.system76.CosmicPanel.Dock/v1"), user_path: Some("/root/.config/cosmic/com.system76.CosmicPanel.Dock/v1"), previous: None }
1970-01-01T00:01:08.795347Z  INFO cosmic-panel: cosmic_session::notifications: \x1b[2m1970-01-01T00:01:08.794965Z\x1b[0m \x1b[32m INFO\x1b[0m Watching panel config successful
1970-01-01T00:01:08.859999Z  WARN cosmic-files-applet: cosmic_session:   \x1b[31mERROR\x1b[0m  \x1b[31merror loading system dark theme, \x1b[1;31merror\x1b[0m\x1b[31m: GetKey("list_button", Os { code: 2, kind: NotFound, message: "No such file or directory" })\x1b[0m
1970-01-01T00:01:08.859999Z  WARN cosmic-files-applet: cosmic_session:     \x1b[2;3mat\x1b[0m /Users/forain/.cargo/git/checkouts/libcosmic-41009aea1d72760b/96a8204/src/theme/mod.rs:95 \x1b[2;3mon\x1b[0m main
1970-01-01T00:01:08.859999Z  WARN cosmic-files-applet: cosmic_session: 
1970-01-01T00:01:08.889999Z  WARN cosmic-files-applet: cosmic_session:   \x1b[31mERROR\x1b[0m  \x1b[31merror loading system dark theme, \x1b[1;31merror\x1b[0m\x1b[31m: GetKey("list_button", Os { code: 2, kind: NotFound, message: "No such file or directory" })\x1b[0m
1970-01-01T00:01:08.889999Z  WARN cosmic-files-applet: cosmic_session:     \x1b[2;3mat\x1b[0m /Users/forain/.cargo/git/checkouts/libcosmic-41009aea1d72760b/96a8204/src/theme/mod.rs:95 \x1b[2;3mon\x1b[0m main
1970-01-01T00:01:08.889999Z  WARN cosmic-files-applet: cosmic_session: 
1970-01-01T00:01:08.889999Z  WARN cosmic-files-applet: cosmic_session:   \x1b[33m WARN\x1b[0m  \x1b[33mfailed to locate desktop directory, falling back to /root/Desktop\x1b[0m
1970-01-01T00:01:08.889999Z  WARN cosmic-files-applet: cosmic_session:     \x1b[2;3mat\x1b[0m src/lib.rs:50 \x1b[2;3mon\x1b[0m main
1970-01-01T00:01:08.889999Z  WARN cosmic-files-applet: cosmic_session: 
1970-01-01T00:01:08.889999Z  WARN cosmic-files-applet: cosmic_session:   \x1b[33m WARN\x1b[0m  \x1b[33mfailed to get system locale, falling back to en-US\x1b[0m
1970-01-01T00:01:08.889999Z  WARN cosmic-files-applet: cosmic_session:     \x1b[2;3mat\x1b[0m /Users/forain/.cargo/registry/src/index.crates.io-1949cf8c6b5b557f/cosmic-text-0.19.0/src/font/system.rs:423 \x1b[2;3mon\x1b[0m main
1970-01-01T00:01:08.889999Z  WARN cosmic-files-applet: cosmic_session: 
1970-01-01T00:01:08.900015Z  WARN cosmic-files-applet: cosmic_session:   \x1b[33m WARN\x1b[0m  \x1b[33mFallback to loading from known font dir paths.\x1b[0m
1970-01-01T00:01:08.900135Z  WARN cosmic-files-applet: cosmic_session:     \x1b[2;3mat\x1b[0m /Users/forain/.cargo/registry/src/index.crates.io-1949cf8c6b5b557f/fontdb-0.23.0/src/lib.rs:466 \x1b[2;3mon\x1b[0m main
1970-01-01T00:01:08.900190Z  WARN cosmic-files-applet: cosmic_session: 
1970-01-01T00:01:08.910536Z  INFO cosmic-panel: cosmic_session::notifications: \x1b[2m1970-01-01T00:01:08.906017Z\x1b[0m \x1b[32m INFO\x1b[0m Connecting to notifications daemon
1970-01-01T00:01:13.911982Z  INFO cosmic-panel: cosmic_session::notifications: \x1b[2m1970-01-01T00:01:13.911427Z\x1b[0m \x1b[31mERROR\x1b[0m Failed to connect to the notifications daemon.
1970-01-01T00:02:07.926911Z  INFO cosmic-panel: cosmic_session::notifications: \x1b[2m1970-01-01T00:02:07.884102Z\x1b[0m \x1b[32m INFO\x1b[0m \x1b[1minput_seat\x1b[0m\x1b[1m{\x1b[0m\x1b[3mname\x1b[0m\x1b[2m=\x1b[0m"seat-0"\x1b[1m}\x1b[0m\x1b[2m:\x1b[0m\x1b[1madd_keyboard_with_context_flags\x1b[0m\x1b[1m{\x1b[0m\x1b[3mxkb_config\x1b[0m\x1b[2m=\x1b[0mXkbConfig { rules: "", model: "", layout: "", variant: "", options: None } \x1b[3mrepeat_delay\x1b[0m\x1b[2m=\x1b[0m200 \x1b[3mrepeat_rate\x1b[0m\x1b[2m=\x1b[0m20 \x1b[3mcontext_flags\x1b[0m\x1b[2m=\x1b[0m0\x1b[1m}\x1b[0m\x1b[2m:\x1b[0m\x1b[1minput_keyboard\x1b[0m\x1b[2m:\x1b[0m Initializing a xkbcommon handler with keymap query
1970-01-01T00:02:08.014423Z  WARN cosmic-files-applet: cosmic_session: xkbcommon: ERROR: couldn't find a Compose file for locale "C" (mapped to "C")
1970-01-01T00:02:08.230098Z  WARN cosmic-notifications: cosmic_session::notifications: xkbcommon: ERROR: couldn't find a Compose file for locale "C" (mapped to "C")
1970-01-01T00:02:08.230252Z  WARN cosmic-idle: cosmic_session: [1970-01-01T00:02:08Z WARN  cosmic_settings_config::shortcuts] Skipping over invalid SystemAction (
1970-01-01T00:02:08.230296Z  WARN cosmic-idle: cosmic_session:         /// Toggles the screen reader
1970-01-01T00:02:08.230329Z  WARN cosmic-idle: cosmic_session:         ScreenReader): 3:5-3:17: Unexpected variant named `ScreenReader` in enum `System`, expected one of `AppLibrary`, `BrightnessDown`, `BrightnessUp`, `DisplayToggle`, `HomeFolder`, `InputSourceSwitch`, `KeyboardBrightnessDown`, `KeyboardBrightnessUp`, `Launcher`, `LockScreen`, `LogOut`, `Mute`, `MuteMic`, `PlayPause`, `PlayNext`, `PlayPrev`, `PowerOff`, `Screenshot`, `Suspend`, `Terminal`, `TouchpadToggle`, `VolumeLower`, `VolumeRaise`, `WebBrowser`, `WindowSwitcher`, `WindowSwitcherPrevious`, or `WorkspaceOverview` instead
1970-01-01T00:02:08.420221Z  WARN cosmic-idle: cosmic_session: [1970-01-01T00:02:08Z INFO  tracing::span] perform;
1970-01-01T00:02:08.420336Z  WARN cosmic-idle: cosmic_session: [1970-01-01T00:02:08Z INFO  tracing::span] authenticate;
1970-01-01T00:02:08.420394Z  WARN cosmic-idle: cosmic_session: [1970-01-01T00:02:08Z INFO  zbus::connection::handshake::common] write_command; command=Auth(Some(External), Some([48]))
1970-01-01T00:02:08.420459Z  WARN cosmic-idle: cosmic_session: [1970-01-01T00:02:08Z INFO  zbus::connection::handshake::common] write_commands; commands=[Auth(Some(External), Some([48]))] extra_bytes=None
1970-01-01T00:02:08.420511Z  WARN cosmic-idle: cosmic_session: [1970-01-01T00:02:08Z INFO  tracing::span] read_command;
1970-01-01T00:02:08.420542Z  WARN cosmic-idle: cosmic_session: [1970-01-01T00:02:08Z INFO  zbus::connection::handshake::common] read_commands; n_commands=1
1970-01-01T00:02:08.420575Z  WARN cosmic-idle: cosmic_session: [1970-01-01T00:02:08Z INFO  tracing::span] perform;
1970-01-01T00:02:08.420599Z  WARN cosmic-idle: cosmic_session: [1970-01-01T00:02:08Z INFO  tracing::span] authenticate;
1970-01-01T00:02:08.420621Z  WARN cosmic-idle: cosmic_session: [1970-01-01T00:02:08Z INFO  zbus::connection::handshake::common] write_command; command=Auth(Some(External), Some([48]))
1970-01-01T00:02:08.420693Z  WARN cosmic-idle: cosmic_session: [1970-01-01T00:02:08Z INFO  zbus::connection::handshake::common] write_commands; commands=[Auth(Some(External), Some([48]))] extra_bytes=None
1970-01-01T00:02:08.420792Z  WARN cosmic-idle: cosmic_session: [1970-01-01T00:02:08Z INFO  tracing::span] read_command;
1970-01-01T00:02:08.420841Z  WARN cosmic-idle: cosmic_session: [1970-01-01T00:02:08Z INFO  zbus::connection::handshake::common] read_commands; n_commands=1
1970-01-01T00:02:08.425461Z  WARN cosmic-greeter: cosmic_session: xkbcommon: ERROR: couldn't find a Compose file for locale "C" (mapped to "C")
1970-01-01T00:02:08.749774Z  WARN cosmic-idle: cosmic_session: [1970-01-01T00:02:08Z INFO  tracing::span] send_secondary_commands;
1970-01-01T00:02:08.777638Z  WARN cosmic-idle: cosmic_session: [1970-01-01T00:02:08Z INFO  zbus::connection::handshake::common] write_commands; commands=[NegotiateUnixFD, Begin] extra_bytes=Some([108, 1, 0, 1, 0, 0, 0, 0, 1, 0, 0, 0, 109, 0, 0, 0, 1, 1, 111, 0, 21, 0, 0, 0, 47, 111, 114, 103, 47, 102, 114, 101, 101, 100, 101, 115, 107, 116, 111, 112, 47, 68, 66, 117, 115, 0, 0, 0, 2, 1, 115, 0, 20, 0, 0, 0, 111, 114, 103, 46, 102, 114, 101, 101, 100, 101, 115, 107, 116, 111, 112, 46, 68, 66, 117, 115, 0, 0, 0, 0, 3, 1, 115, 0, 5, 0, 0, 0, 72, 101, 108, 108, 111, 0, 0, 0, 6, 1, 115, 0, 20, 0, 0, 0, 111, 114, 103, 46, 102, 114, 101, 101, 100, 101, 115, 107, 116, 111, 112, 46, 68, 66, 117, 115, 0, 0, 0, 0])
1970-01-01T00:02:08.777729Z  WARN cosmic-idle: cosmic_session: [1970-01-01T00:02:08Z INFO  zbus::connection::handshake::client] receive_secondary_responses; expected_n_responses=1
1970-01-01T00:02:08.777763Z  WARN cosmic-idle: cosmic_session: [1970-01-01T00:02:08Z INFO  zbus::connection::handshake::common] read_commands; n_commands=1
1970-01-01T00:02:08.777815Z  WARN cosmic-idle: cosmic_session: [1970-01-01T00:02:08Z INFO  tracing::span] send_secondary_commands;
1970-01-01T00:02:08.777847Z  WARN cosmic-idle: cosmic_session: [1970-01-01T00:02:08Z INFO  zbus::connection::handshake::common] write_commands; commands=[NegotiateUnixFD, Begin] extra_bytes=Some([108, 1, 0, 1, 0, 0, 0, 0, 2, 0, 0, 0, 109, 0, 0, 0, 1, 1, 111, 0, 21, 0, 0, 0, 47, 111, 114, 103, 47, 102, 114, 101, 101, 100, 101, 115, 107, 116, 111, 112, 47, 68, 66, 117, 115, 0, 0, 0, 2, 1, 115, 0, 20, 0, 0, 0, 111, 114, 103, 46, 102, 114, 101, 101, 100, 101, 115, 107, 116, 111, 112, 46, 68, 66, 117, 115, 0, 0, 0, 0, 3, 1, 115, 0, 5, 0, 0, 0, 72, 101, 108, 108, 111, 0, 0, 0, 6, 1, 115, 0, 20, 0, 0, 0, 111, 114, 103, 46, 102, 114, 101, 101, 100, 1M13MARK LOGEND