===== M13 before x86_64 =====  2026-08-07 17:16:02
[boot] up on attempt 1
[?2004h[0m[?25l[48;1H[J[39mbrush-0.5# [38;5;14m

[control] `nosuchbinary_xyz42` rc=127
          error: command not found: nosuchbinary_xyz42
[control] OK — the console executes and reports failure correctly.

$ ls /usr/share/cosmic 2>&1 | head -20
ls: cannot access '/usr/share/cosmic': No such file or directory

$ ls /usr/share/cosmic/com.system76.CosmicSettings.Shortcuts/v1 2>&1
ls: cannot access '/usr/share/cosmic/com.system76.CosmicSettings.Shortcuts/v1': No such file or directory

$ ls /usr/share/cosmic/com.system76.CosmicPanel.Panel/v1 2>&1 | head -8
ls: cannot access '/usr/share/cosmic/com.system76.CosmicPanel.Panel/v1': No such file or directory

[pathprobe] /bin/sh -c 'uname -s' rc=0: Leandros

[pathprobe] /bin/sh -c 'command -v cosmic-launcher' rc=0: /bin/cosmic-launcher

[pathprobe] /bin/sh -c 'command -v cosmic-app-library' rc=0: /bin/cosmic-app-library

[pathprobe] ls -l /bin/cosmic-launcher /bin/cosmic-app-library 2>&1 rc=0: -rwxr-xr-x 1 root root 46585432 Jan  1 00:00 /bin/cosmic-app-library
-rwxr-xr-x 1 root root 37695600 Jan  1 00:00 /bin/cosmic-launcher

[usercfg] rc=0
{(modifiers: [Super], key: "F9"): System(Terminal)}
{Terminal: "touch /tmp/kb-f9", WebBrowser: "touch /tmp/kb-b"}

[stage] writing the guest choreography /tmp/g
  [stage] /tmp/g verified, 31 lines match exactly
[qmp] connected

[session] launching choreography (single typed command)
[session] wayland-1 appeared after 2 x2s polls; socket present

----- idle capture series (quiet console) -----
  [i0-idle-3s] 1920x1080 md5=d6768fd19f25e108c8b5d2681609d5ef distinct_colours=334503 total=2073600
      #1b1b1b =     60588  ( 2.92%)
      #15131e =      2503  ( 0.12%)
      #16141f =      2477  ( 0.12%)
      #14121d =      2355  ( 0.11%)
      #13111c =      2300  ( 0.11%)
      #16171c =      1962  ( 0.09%)
  [i1-idle-8s] 1920x1080 md5=129c274ca20e2473d76fc207f227d5fd distinct_colours=334503 total=2073600
      #1b1b1b =     60543  ( 2.92%)
      #15131e =      2503  ( 0.12%)
      #16141f =      2477  ( 0.12%)
      #14121d =      2355  ( 0.11%)
      #13111c =      2300  ( 0.11%)
      #16171c =      1962  ( 0.09%)
  [i2-idle-15s] 1920x1080 md5=226a14c2a0fa703b4a083116acfccd69 distinct_colours=334503 total=2073600
      #1b1b1b =     60552  ( 2.92%)
      #15131e =      2503  ( 0.12%)
      #16141f =      2477  ( 0.12%)
      #14121d =      2355  ( 0.11%)
      #13111c =      2300  ( 0.11%)
      #16171c =      1962  ( 0.09%)
  [i3-idle-25s] 1920x1080 md5=12a3e3b48c5039d3fd61815840072f79 distinct_colours=334503 total=2073600
      #1b1b1b =     60525  ( 2.92%)
      #15131e =      2503  ( 0.12%)
      #16141f =      2477  ( 0.12%)
      #14121d =      2355  ( 0.11%)
      #13111c =      2300  ( 0.11%)
      #16171c =      1962  ( 0.09%)
  [i4-idle-35s] 1920x1080 md5=0cae9bf235e00895d52f7333c1283ac5 distinct_colours=334503 total=2073600
      #1b1b1b =     60480  ( 2.92%)
      #15131e =      2503  ( 0.12%)
      #16141f =      2477  ( 0.12%)
      #14121d =      2355  ( 0.11%)
      #13111c =      2300  ( 0.11%)
      #16171c =      1962  ( 0.09%)
[qmp] geometry from screendump: 1920x1080

[CONTROL Super+F9] injected 4 commands, 0 rejected
[CONTROL Super+F9] witness /tmp/kb-f9 count=0

[TREAT Super+b] injected 4 commands, 0 rejected
[TREAT Super+b] witness /tmp/kb-b count=0

[TREAT Super+slash] injected 4 commands, 0 rejected
  [t1-slash-1s] 1920x1080 md5=ff23a96c672f035d58724b6b46629348 distinct_colours=334503 total=2073600
      #1b1b1b =     60498  ( 2.92%)
      #15131e =      2503  ( 0.12%)
      #16141f =      2477  ( 0.12%)
      #14121d =      2355  ( 0.11%)
      #13111c =      2300  ( 0.11%)
      #16171c =      1962  ( 0.09%)
  [t2-slash-4s] 1920x1080 md5=ff23a96c672f035d58724b6b46629348 distinct_colours=334503 total=2073600
      #1b1b1b =     60498  ( 2.92%)
      #15131e =      2503  ( 0.12%)
      #16141f =      2477  ( 0.12%)
      #14121d =      2355  ( 0.11%)
      #13111c =      2300  ( 0.11%)
      #16171c =      1962  ( 0.09%)
  [t3-slash-8s] 1920x1080 md5=ff23a96c672f035d58724b6b46629348 distinct_colours=334503 total=2073600
      #1b1b1b =     60498  ( 2.92%)
      #15131e =      2503  ( 0.12%)
      #16141f =      2477  ( 0.12%)
      #14121d =      2355  ( 0.11%)
      #13111c =      2300  ( 0.11%)
      #16171c =      1962  ( 0.09%)
  [t4-slash-16s] 1920x1080 md5=ff23a96c672f035d58724b6b46629348 distinct_colours=334503 total=2073600
      #1b1b1b =     60498  ( 2.92%)
      #15131e =      2503  ( 0.12%)
      #16141f =      2477  ( 0.12%)
      #14121d =      2355  ( 0.11%)
      #13111c =      2300  ( 0.11%)
      #16171c =      1962  ( 0.09%)

[TREAT Super+a] injected 4 commands, 0 rejected
  [t5-applib-2s] 1920x1080 md5=ff23a96c672f035d58724b6b46629348 distinct_colours=334503 total=2073600
      #1b1b1b =     60498  ( 2.92%)
      #15131e =      2503  ( 0.12%)
      #16141f =      2477  ( 0.12%)
      #14121d =      2355  ( 0.11%)
      #13111c =      2300  ( 0.11%)
      #16171c =      1962  ( 0.09%)
  [t6-applib-6s] 1920x1080 md5=ff23a96c672f035d58724b6b46629348 distinct_colours=334503 total=2073600
      #1b1b1b =     60498  ( 2.92%)
      #15131e =      2503  ( 0.12%)
      #16141f =      2477  ( 0.12%)
      #14121d =      2355  ( 0.11%)
      #13111c =      2300  ( 0.11%)
      #16171c =      1962  ( 0.09%)
  [t7-applib-14s] 1920x1080 md5=ff23a96c672f035d58724b6b46629348 distinct_colours=334503 total=2073600
      #1b1b1b =     60498  ( 2.92%)
      #15131e =      2503  ( 0.12%)
      #16141f =      2477  ( 0.12%)
      #14121d =      2355  ( 0.11%)
      #13111c =      2300  ( 0.11%)
      #16171c =      1962  ( 0.09%)

[pointer] injected 8 commands, 0 rejected total
  [t8-pointer] 1920x1080 md5=ff23a96c672f035d58724b6b46629348 distinct_colours=334503 total=2073600
      #1b1b1b =     60498  ( 2.92%)
      #15131e =      2503  ( 0.12%)
      #16141f =      2477  ( 0.12%)
      #14121d =      2355  ( 0.11%)
      #13111c =      2300  ( 0.11%)
      #16171c =      1962  ( 0.09%)
  [t9-pointer-later] 1920x1080 md5=ff23a96c672f035d58724b6b46629348 distinct_colours=334503 total=2073600
      #1b1b1b =     60498  ( 2.92%)
      #15131e =      2503  ( 0.12%)
      #16141f =      2477  ( 0.12%)
      #14121d =      2355  ( 0.11%)
      #13111c =      2300  ( 0.11%)
      #16171c =      1962  ( 0.09%)

----- error census (25981 chars of session log captured) -----
  log bytes at end         = 32768
  loglines                 = 146
  witness files present    = 0 of 2
  system_path_none         = 3
  system_path_some         = 0
  system_actions_err       = 1
  shortcuts_defaults_err   = 0
  panel_entry_err          = 1
  panel_noconfigdir        = 1
  noconfigdirectory_any    = 2

  --- system_path_none ---
    1970-01-01T00:01:05.369999Z  INFO cosmic-panel: cosmic_session::notifications: \x1b[2m1970-01-01T00:01:05.349999Z\x1b[0m \x1b[32m INFO\x1b[0m Watching panel config entries for changes Config { system_path: None, user_path: Some("/
    1970-01-01T00:01:05.409999Z  INFO cosmic-panel: cosmic_session::notifications: \x1b[2m1970-01-01T00:01:05.409999Z\x1b[0m \x1b[32m INFO\x1b[0m Watching panel config entry: Config { system_path: None, user_path: Some("/root/.config/
    1970-01-01T00:01:05.449999Z  INFO cosmic-panel: cosmic_session::notifications: \x1b[2m1970-01-01T00:01:05.449999Z\x1b[0m \x1b[32m INFO\x1b[0m Watching panel config entry: Config { system_path: None, user_path: Some("/root/.config/

  --- system_actions_err ---
    1970-01-01T00:01:06.260863Z  WARN cosmic-idle: cosmic_session: [1970-01-01T00:01:06Z ERROR cosmic_settings_config::shortcuts] failed to read system shortcuts config 'system_actions': NoConfigDirectory

  --- panel_entry_err ---
    1970-01-01T00:01:02.649999Z  INFO cosmic-panel: cosmic_session::notifications: \x1b[2m1970-01-01T00:01:02.569999Z\x1b[0m \x1b[31mERROR\x1b[0m Panel Entry Error: NoConfigDirectory

  --- panel_noconfigdir ---
    1970-01-01T00:01:02.649999Z  INFO cosmic-panel: cosmic_session::notifications: \x1b[2m1970-01-01T00:01:02.569999Z\x1b[0m \x1b[31mERROR\x1b[0m Panel Entry Error: NoConfigDirectory

  --- noconfigdirectory_any ---
    1970-01-01T00:01:02.649999Z  INFO cosmic-panel: cosmic_session::notifications: \x1b[2m1970-01-01T00:01:02.569999Z\x1b[0m \x1b[31mERROR\x1b[0m Panel Entry Error: NoConfigDirectory
    1970-01-01T00:01:06.260863Z  WARN cosmic-idle: cosmic_session: [1970-01-01T00:01:06Z ERROR cosmic_settings_config::shortcuts] failed to read system shortcuts config 'system_actions': NoConfigDirectory
  tail count 'launcher'         = 4
  tail count 'app-library'      = 8
  tail count 'Failed to spawn'  = 0
  tail count 'No such file'     = 1
  tail count 'panic'            = 0
  tail count 'Terminal'         = 0
  tail count 'WebBrowser'       = 0

===== RESULT =====
  qmp commands sent = 24, rejected = 0
  CONTROL Super+F9       -> no-op        (/tmp/kb-f9)
  TREAT Super+b          -> no-op        (/tmp/kb-b)
  wayland_wait_loops       = 2
  log_bytes_after_injection = 32768
  loglines                 = 146
  witness_files_present    = 0
  system_path_none         = 3
  system_path_some         = 0
  system_actions_err       = 1
  shortcuts_defaults_err   = 0
  panel_entry_err          = 1
  panel_noconfigdir        = 1
  noconfigdirectory_any    = 2
done.
