
1970-01-01T00:00:38.505091Z  WARN cosmic_session: failed to connect to journald
1970-01-01T00:00:38.512899Z  INFO cosmic_session: Starting cosmic-session
1970-01-01T00:00:38.513627Z  1970-01-01T00:00:43.783390Z  WARN busd::peers: unknown destination: org.freedesktop.locale1
1970-01-01T00:00:43.888177Z  WARN busd::peers: unknown destination: org.a11y.Bus
1970-01-01T00:00:44.166235Z  WARN busd::peers: unknown destination: com.system76.CosmicAppLibrary
1970-01-01T00:00:44.330683Z  WARN busd::peers: unknown destination: com.system76.CosmicWorkspaces
1970-01-01T00:00:44.442718Z  WARN busd::peers: unknown destination: com.system76.CosmicOnScreenDisplay
1970-01-01T00:00:44.452938Z  WARN busd::peers: unknown destination: com.system76.CosmicLauncher
1970-01-01T00:01:18.133256Z  WARN busd::peers: unknown destination: com.system76.PowerDaemon
1970-01-01T00:01:18.816748Z  WARN busd::peers: unknown destination: org.freedesktop.UPower
1970-01-01T00:01:19.017166Z  WARN busd::peers: unknown destination: org.freedesktop.timedate1
=wayland-1 XDG_SESSION_TYPE=wayland DAEMON_NOTIFICATIONS_FD=262 cosmic-notifications '
1970-01-01T00:00:43.529999Z  INFO launch_pad: starting process ' WAYLAND_DISPLAY=wayland-1 XDG_SESSION_TYPE=wayland PANEL_NOTIFICATIONS_FD=260 cosmic-panel '
1970-01-01T00:00:43.543044Z  INFO launch_pad: starting process ' WAYLAND_DISPLAY=wayland-1 XDG_SESSION_TYPE=wayland cosmic-app-library '
1970-01-01T00:00:43.760494Z  INFO launch_pad: starting process ' WAYLAND_DISPLAY=wayland-1 XDG_SESSION_TYPE=wayland cosmic-launcher '
1970-01-01T00:00:43.773702Z  INFO cosmic-notifications: cosmic_session::notifications: \x1b[2m1970-01-01T00:00:43.576469Z\x1b[0m \x1b[33m WARN\x1b[0m \x1b[2mcosmic_notifications\x1b[0m\x1b[2m:\x1b[0m Failed to connect to journald
1970-01-01T00:00:43.773712Z  INFO cosmic-notifications: cosmic_session::notifications: \x1b[2m1970-01-01T00:00:43.579999Z\x1b[0m \x1b[32m INFO\x1b[0m \x1b[2mcosmic_notifications\x1b[0m\x1b[2m:\x1b[0m cosmic-notifications (com.system76.CosmicNotifications)
1970-01-01T00:00:43.773718Z  INFO cosmic-notifications: cosmic_session::notifications: \x1b[2m1970-01-01T00:00:43.579999Z\x1b[0m \x1b[32m INFO\x1b[0m \x1b[2mcosmic_notifications\x1b[0m\x1b[2m:\x1b[0m Version: 0.1.0 (release)
1970-01-01T00:00:43.773755Z  INFO cosmic-panel: cosmic_session::notifications: \x1b[2m1970-01-01T00:00:43.750352Z\x1b[0m \x1b[31mERROR\x1b[0m Panel Entry Error: GetKey("padding_overlap", Os { code: 2, kind: NotFound, message: "No such file or directory" })
1970-01-01T00:00:43.773760Z  INFO cosmic-panel: cosmic_session::notifications: \x1b[2m1970-01-01T00:00:43.752779Z\x1b[0m \x1b[31mERROR\x1b[0m Panel Entry Error: GetKey("keep_style_on_maximize", Os { code: 2, kind: NotFound, message: "No such file or directory" })
1970-01-01T00:00:43.773765Z  INFO cosmic-panel: cosmic_session::notifications: \x1b[2m1970-01-01T00:00:43.752789Z\x1b[0m \x1b[31mERROR\x1b[0m Panel Entry Error: GetKey("padding_overlap", Os { code: 2, kind: NotFound, message: "No such file or directory" })
1970-01-01T00:00:43.773770Z  INFO cosmic-panel: cosmic_session::notifications: \x1b[2m1970-01-01T00:00:43.752795Z\x1b[0m \x1b[31mERROR\x1b[0m Panel Entry Error: GetKey("keep_style_on_maximize", Os { code: 2, kind: NotFound, message: "No such file or directory" })
1970-01-01T00:00:43.773776Z  WARN cosmic-app-library: cosmic_session:  INFO  cosmic_app_library > Cosmic App Library (com.system76.CosmicAppLibrary)
1970-01-01T00:00:43.773781Z  WARN cosmic-app-library: cosmic_session:  INFO  cosmic_app_library > Version: 0.1.0
1970-01-01T00:00:43.773786Z  WARN cosmic-app-library: cosmic_session:  INFO  i18n_embed::requester > Current Locale: []
1970-01-01T00:00:43.773791Z  WARN cosmic-app-library: cosmic_session:  INFO  i18n_embed            > Selecting translations for domain "cosmic_app_library"
1970-01-01T00:00:43.773893Z  INFO launch_pad: starting process ' WAYLAND_DISPLAY=wayland-1 XDG_SESSION_TYPE=wayland cosmic-workspaces '
1970-01-01T00:00:43.786864Z  INFO cosmic-notifications: cosmic_session::notifications: \x1b[2m1970-01-01T00:00:43.762977Z\x1b[0m \x1b[31mERROR\x1b[0m \x1b[2mcosmic::theme\x1b[0m\x1b[2m:\x1b[0m error loading system dark theme \x1b[3merror\x1b[0m\x1b[2m=\x1b[0mGetKey("list_button", Os { code: 2, kind: NotFound, message: "No such file or directory" })
1970-01-01T00:00:43.786873Z  INFO cosmic-notifications: cosmic_session::notifications: \x1b[2m1970-01-01T00:00:43.764184Z\x1b[0m \x1b[33m WARN\x1b[0m \x1b[2mcosmic_text::font::system\x1b[0m\x1b[2m:\x1b[0m failed to get system locale, falling back to en-US
1970-01-01T00:00:43.786879Z  INFO cosmic-notifications: cosmic_session::notifications: \x1b[2m1970-01-01T00:00:43.769999Z\x1b[0m \x1b[33m WARN\x1b[0m \x1b[2mfontdb\x1b[0m\x1b[2m:\x1b[0m Fallback to loading from known font dir paths.
1970-01-01T00:00:43.786949Z  INFO launch_pad: starting process ' WAYLAND_DISPLAY=wayland-1 XDG_SESSION_TYPE=wayland cosmic-osd '
1970-01-01T00:00:43.798546Z  INFO launch_pad: starting process ' WAYLAND_DISPLAY=wayland-1 XDG_SESSION_TYPE=wayland cosmic-bg '
1970-01-01T00:00:43.821507Z  INFO launch_pad: starting process ' WAYLAND_DISPLAY=wayland-1 XDG_SESSION_TYPE=wayland cosmic-greeter '
1970-01-01T00:00:43.843849Z  INFO launch_pad: starting process ' WAYLAND_DISPLAY=wayland-1 XDG_SESSION_TYPE=wayland cosmic-files-applet '
1970-01-01T00:00:43.864136Z  INFO launch_pad: starting process ' WAYLAND_DISPLAY=wayland-1 XDG_SESSION_TYPE=wayland cosmic-idle '
1970-01-01T00:00:43.885250Z  WARN cosmic-workspaces: cosmic_session: [1970-01-01T00:00:43Z INFO  i18n_embed::requester] Current Locale: []
1970-01-01T00:00:43.885257Z  WARN cosmic-workspaces: cosmic_session: [1970-01-01T00:00:43Z INFO  i18n_embed] Selecting translations for domain "cosmic_workspaces"
1970-01-01T00:00:43.914755Z  INFO cosmic-launcher: cosmic_session: 1970-01-01T00:00:43.913166Z  INFO cosmic-launcher (com.system76.CosmicLauncher)
1970-01-01T00:00:43.949747Z  INFO cosmic-launcher: cosmic_session: 1970-01-01T00:00:43.915098Z  INFO Version: 1.0.12 (release)
1970-01-01T00:00:44.050044Z  WARN cosmic-app-library: cosmic_session:  ERROR cosmic::theme         > error loading system dark theme error=GetKey("list_button", Os { code: 2, kind: NotFound, message: "No such file or directory" })
1970-01-01T00:00:44.050054Z  INFO cosmic-greeter: cosmic_session: \x1b[2m1970-01-01T00:00:43.986587Z\x1b[0m \x1b[32m INFO\x1b[0m \x1b[2mi18n_embed::requester\x1b[0m\x1b[2m:\x1b[0m Current Locale: []
1970-01-01T00:00:44.050060Z  INFO cosmic-greeter: cosmic_session: \x1b[2m1970-01-01T00:00:44.020368Z\x1b[0m \x1b[32m INFO\x1b[0m \x1b[2mi18n_embed\x1b[0m\x1b[2m:\x1b[0m Selecting translations for domain "cosmic_greeter"
1970-01-01T00:00:44.050066Z  INFO cosmic-greeter: cosmic_session: \x1b[2m1970-01-01T00:00:44.028874Z\x1b[0m \x1b[31mERROR\x1b[0m \x1b[2mcosmic_greeter_daemon\x1b[0m\x1b[2m:\x1b[0m failed to open icon "/var/lib/AccountsService/icons/root": Os { code: 2, kind: NotFound, message: "No such file or directory" }
1970-01-01T00:00:44.091952Z  WARN cosmic-app-library: cosmic_session:  INFO  zbus::connection::handshake::common > write_command; command=Auth(Some(External), Some([48]))
1970-01-01T00:00:44.091960Z  WARN cosmic-app-library: cosmic_session:  INFO  zbus::connection::handshake::common > write_commands; commands=[Auth(Some(External), Some([48]))] extra_bytes=None
1970-01-01T00:00:44.092300Z  WARN cosmic-app-library: cosmic_session:  INFO  tracing::span                       > read_command;
1970-01-01T00:00:44.092305Z  WARN cosmic-app-library: cosmic_session:  INFO  zbus::connection::handshake::common > read_commands; n_commands=1
1970-01-01T00:00:44.113808Z  WARN cosmic-app-library: cosmic_session:  INFO  zbus::connection::handshake::common > write_commands; commands=[NegotiateUnixFD, Begin] extra_bytes=Some([108, 1, 0, 1, 0, 0, 0, 0, 1, 0, 0, 0, 109, 0, 0, 0, 1, 1, 111, 0, 21, 0, 0, 0, 47, 111, 114, 103, 47, 102, 114, 101, 101, 100, 101, 115, 107, 116, 111, 112, 47, 68, 66, 117, 115, 0, 0, 0, 2, 1, 115, 0, 20, 0, 0, 0, 111, 114, 103, 46, 102, 114, 101, 101, 100, 101, 115, 107, 116, 111, 112, 46, 68, 66, 117, 115, 0, 0, 0, 0, 3, 1, 115, 0, 5, 0, 0, 0, 72, 101, 108, 108, 111, 0, 0, 0, 6, 1, 115, 0, 20, 0, 0, 0, 111, 114, 103, 46, 102, 114, 101, 101, 100, 101, 115, 107, 116, 111, 112, 46, 68, 66, 117, 115, 0, 0, 0, 0])
1970-01-01T00:00:44.113818Z  WARN cosmic-app-library: cosmic_session:  INFO  zbus::connection::handshake::common > read_commands; n_commands=1
1970-01-01T00:00:44.187865Z  WARN cosmic-files-applet: cosmic_session:   \x1b[32m INFO\x1b[0m  \x1b[32mCurrent Locale: []\x1b[0m
1970-01-01T00:00:44.187871Z  WARN cosmic-files-applet: cosmic_session:     \x1b[2;3mat\x1b[0m /Users/forain/.cargo/registry/src/index.crates.io-1949cf8c6b5b557f/i18n-embed-0.16.0/src/requester.rs:299 \x1b[2;3mon\x1b[0m main
1970-01-01T00:00:44.187876Z  WARN cosmic-files-applet: cosmic_session: 
1970-01-01T00:00:44.187880Z  WARN cosmic-files-applet: cosmic_session:   \x1b[32m INFO\x1b[0m  \x1b[32mSelecting translations for domain "cosmic_files"\x1b[0m
1970-01-01T00:00:44.187886Z  WARN cosmic-files-applet: cosmic_session:     \x1b[2;3mat\x1b[0m /Users/forain/.cargo/registry/src/index.crates.io-1949cf8c6b5b557f/i18n-embed-0.16.0/src/lib.rs:602 \x1b[2;3mon\x1b[0m main
1970-01-01T00:00:44.187891Z  WARN cosmic-files-applet: cosmic_session: 
1970-01-01T00:00:44.201475Z  WARN cosmic-workspaces: cosmic_session: [1970-01-01T00:00:44Z ERROR cosmic::theme] error loading system dark theme error=GetKey("list_button", Os { code: 2, kind: NotFound, message: "No such file or directory" })
1970-01-01T00:00:44.273612Z  WARN cosmic-workspaces: cosmic_session: [1970-01-01T00:00:44Z INFO  zbus::connection::handshake::common] write_command; command=Auth(Some(External), Some([48]))
1970-01-01T00:00:44.273619Z  WARN cosmic-workspaces: cosmic_session: [1970-01-01T00:00:44Z INFO  zbus::connection::handshake::common] write_commands; commands=[Auth(Some(External), Some([48]))] extra_bytes=None
1970-01-01T00:00:44.275441Z  WARN cosmic-workspaces: cosmic_session: [1970-01-01T00:00:44Z INFO  tracing::span] read_command;
1970-01-01T00:00:44.275448Z  WARN cosmic-workspaces: cosmic_session: [1970-01-01T00:00:44Z INFO  zbus::connection::handshake::common] read_commands; n_commands=1
1970-01-01T00:00:44.283223Z  WARN cosmic-workspaces: cosmic_session: [1970-01-01T00:00:44Z INFO  zbus::connection::handshake::common] write_commands; commands=[NegotiateUnixFD, Begin] extra_bytes=Some([108, 1, 0, 1, 0, 0, 0, 0, 1, 0, 0, 0, 109, 0, 0, 0, 1, 1, 111, 0, 21, 0, 0, 0, 47, 111, 114, 103, 47, 102, 114, 101, 101, 100, 101, 115, 107, 116, 111, 112, 47, 68, 66, 117, 115, 0, 0, 0, 2, 1, 115, 0, 20, 0, 0, 0, 111, 114, 103, 46, 102, 114, 101, 101, 100, 101, 115, 107, 116, 111, 112, 46, 68, 66, 117, 115, 0, 0, 0, 0, 3, 1, 115, 0, 5, 0, 0, 0, 72, 101, 108, 108, 111, 0, 0, 0, 6, 1, 115, 0, 20, 0, 0, 0, 111, 114, 103, 46, 102, 114, 101, 101, 100, 101, 115, 107, 116, 111, 112, 46, 68, 66, 117, 115, 0, 0, 0, 0])
1970-01-01T00:00:44.283233Z  WARN cosmic-workspaces: cosmic_session: [1970-01-01T00:00:44Z INFO  zbus::connection::handshake::common] read_commands; n_commands=1
1970-01-01T00:00:44.340158Z  INFO cosmic-greeter: cosmic_session: \x1b[2m1970-01-01T00:00:44.331495Z\x1b[0m \x1b[31mERROR\x1b[0m \x1b[2mcosmic_greeter_daemon\x1b[0m\x1b[2m:\x1b[0m failed to load cosmic-theme config: [GetKey("list_button", Os { code: 2, kind: NotFound, message: "No such file or directory" })]
1970-01-01T00:00:44.343320Z  INFO cosmic-launcher: cosmic_session: 1970-01-01T00:00:44.331906Z ERROR error loading system dark theme error=GetKey("list_button", Os { code: 2, kind: NotFound, message: "No such file or directory" })
1970-01-01T00:00:44.364273Z  WARN cosmic-osd: cosmic_session: [1970-01-01T00:00:44Z ERROR cosmic::theme] error loading system dark theme error=GetKey("list_button", Os { code: 2, kind: NotFound, message: "No such file or directory" })
1970-01-01T00:00:44.405920Z  WARN cosmic-osd: cosmic_session: [1970-01-01T00:00:44Z INFO  zbus::connection::handshake::common] write_command; command=Auth(Some(External), Some([48]))
1970-01-01T00:00:44.405929Z  WARN cosmic-osd: cosmic_session: [1970-01-01T00:00:44Z INFO  zbus::connection::handshake::common] write_commands; commands=[Auth(Some(External), Some([48]))] extra_bytes=None
1970-01-01T00:00:44.407323Z  WARN cosmic-osd: cosmic_session: [1970-01-01T00:00:44Z INFO  tracing::span] read_command;
1970-01-01T00:00:44.407329Z  WARN cosmic-osd: cosmic_session: [1970-01-01T00:00:44Z INFO  zbus::connection::handshake::common] read_commands; n_commands=1
1970-01-01T00:00:44.414822Z  WARN cosmic-osd: cosmic_session: [1970-01-01T00:00:44Z INFO  zbus::connection::handshake::common] write_commands; commands=[NegotiateUnixFD, Begin] extra_bytes=Some([108, 1, 0, 1, 0, 0, 0, 0, 1, 0, 0, 0, 109, 0, 0, 0, 1, 1, 111, 0, 21, 0, 0, 0, 47, 111, 114, 103, 47, 102, 114, 101, 101, 100, 101, 115, 107, 116, 111, 112, 47, 68, 66, 117, 115, 0, 0, 0, 2, 1, 115, 0, 20, 0, 0, 0, 111, 114, 103, 46, 102, 114, 101, 101, 100, 101, 115, 107, 116, 111, 112, 46, 68, 66, 117, 115, 0, 0, 0, 0, 3, 1, 115, 0, 5, 0, 0, 0, 72, 101, 108, 108, 111, 0, 0, 0, 6, 1, 115, 0, 20, 0, 0, 0, 111, 114, 103, 46, 102, 114, 101, 101, 100, 101, 115, 107, 116, 111, 112, 46, 68, 66, 117, 115, 0, 0, 0, 0])
1970-01-01T00:00:44.414832Z  WARN cosmic-osd: cosmic_session: [1970-01-01T00:00:44Z INFO  zbus::connection::handshake::common] read_commands; n_commands=1
1970-01-01T00:00:44.465282Z  INFO cosmic-greeter: cosmic_session: \x1b[2m1970-01-01T00:00:44.464901Z\x1b[0m \x1b[31mERROR\x1b[0m \x1b[2mcosmic_greeter_daemon\x1b[0m\x1b[2m:\x1b[0m failed to load cosmic-theme builder config: [RonSpanned(SpannedError { code: ExpectedIdentifier, span: Span { start: Position { line: 1, col: 1 }, end: Position { line: 1, col: 1 } } })]
1970-01-01T00:00:44.509027Z  INFO cosmic-greeter: cosmic_session: \x1b[2m1970-01-01T00:00:44.508961Z\x1b[0m \x1b[31mERROR\x1b[0m \x1b[2mcosmic_greeter_daemon\x1b[0m\x1b[2m:\x1b[0m errors loading cosmic-comp config: [GetKey("workspaces", Os { code: 2, kind: NotFound, message: "No such file or directory" }), GetKey("pinned_workspaces", Os { code: 2, kind: NotFound, message: "No such file or directory" }), GetKey("input_default", Os { code: 2, kind: NotFound, message: "No such file or directory" }), GetKey("input_touchpad_override", Os { code: 2, kind: NotFound, message: "No such file or directory" }), GetKey("input_devices", Os { code: 2, kind: NotFound, message: "No such file or directory" }), GetKey("xkb_config", Os { code: 2, kind: NotFound, message: "No such file or directory" }), GetKey("keyboard_config", Os { code: 2, kind: NotFound, message: "No such file or directory" }), GetKey("autotile", Os { code: 2, kind: NotFound, message: "No such file or directory" }), GetKey("autotile_behavior", Os { code: 2, kind: NotFound, message: "No such file or directory" }), GetKey("active_hint", Os { code: 2, kind: NotFound, message: "No such file or directory" }), GetKey("focus_follows_cursor", Os { code: 2, kind: NotFound, message: "No such file or directory" }), GetKey("cursor_follows_focus", Os { code: 2, kind: NotFound, message: "No such file or directory" }), GetKey("focus_follows_cursor_delay", Os { code: 2, kind: NotFound, message: "No such file or directory" }), GetKey("descale_xwayland", Os { code: 2, kind: NotFound, message: "No such file or directory" }), GetKey("xwayland_eavesdropping", Os { code: 2, kind: NotFound, message: "No such file or directory" }), GetKey("edge_snap_threshold", Os { code: 2, kind: NotFound, message: "No such file or directory" }), GetKey("accessibility_zoom", Os { code: 2, kind: NotFound, message: "No such file or directory" }), GetKey("appearance_settings", Os { code: 2, kind: NotFound, message: "No such file or directory" }), GetKey("cursor_hide_timeout", Os { code: 2, kind: NotFound, message: "No such file or directory" }), GetKey("activation_policy", Os { code: 2, kind: NotFound, message: "No such file or directory" })]
1970-01-01T00:00:44.545107Z  WARN cosmic-files-applet: cosmic_session:   \x1b[31mERROR\x1b[0m  \x1b[31merror loading system dark theme, \x1b[1;31merror\x1b[0m\x1b[31m: GetKey("list_button", Os { code: 2, kind: NotFound, message: "No such file or directory" })\x1b[0m
1970-01-01T00:00:44.545117Z  WARN cosmic-files-applet: cosmic_session:     \x1b[2;3mat\x1b[0m /Users/forain/.cargo/git/checkouts/libcosmic-41009aea1d72760b/96a8204/src/theme/mod.rs:95 \x1b[2;3mon\x1b[0m main
1970-01-01T00:00:44.545122Z  WARN cosmic-files-applet: cosmic_session: 
1970-01-01T00:00:44.728040Z  WARN cosmic-files-applet: cosmic_session:   \x1b[31mERROR\x1b[0m  \x1b[31merror loading system dark theme, \x1b[1;31merror\x1b[0m\x1b[31m: GetKey("list_button", Os { code: 2, kind: NotFound, message: "No such file or directory" })\x1b[0m
1970-01-01T00:00:44.728051Z  WARN cosmic-files-applet: cosmic_session:     \x1b[2;3mat\x1b[0m /Users/forain/.cargo/git/checkouts/libcosmic-41009aea1d72760b/96a8204/src/theme/mod.rs:95 \x1b[2;3mon\x1b[0m main
1970-01-01T00:00:44.728057Z  WARN cosmic-files-applet: cosmic_session: 
1970-01-01T00:00:44.728269Z  WARN cosmic-files-applet: cosmic_session:   \x1b[33m WARN\x1b[0m  \x1b[33mfailed to locate desktop directory, falling back to /root/Desktop\x1b[0m
1970-01-01T00:00:44.728275Z  WARN cosmic-files-applet: cosmic_session:     \x1b[2;3mat\x1b[0m src/lib.rs:50 \x1b[2;3mon\x1b[0m main
1970-01-01T00:00:44.728282Z  WARN cosmic-files-applet: cosmic_session: 
1970-01-01T00:00:44.728385Z  INFO cosmic-greeter: cosmic_session: \x1b[2m1970-01-01T00:00:44.728340Z\x1b[0m \x1b[31mERROR\x1b[0m \x1b[2mcosmic::theme\x1b[0m\x1b[2m:\x1b[0m error loading system dark theme \x1b[3merror\x1b[0m\x1b[2m=\x1b[0mGetKey("list_button", Os { code: 2, kind: NotFound, message: "No such file or directory" })
1970-01-01T00:00:44.734105Z  WARN cosmic-files-applet: cosmic_session:   \x1b[33m WARN\x1b[0m  \x1b[33mfailed to get system locale, falling back to en-US\x1b[0m
1970-01-01T00:00:44.734112Z  WARN cosmic-files-applet: cosmic_session:     \x1b[2;3mat\x1b[0m /Users/forain/.cargo/registry/src/index.crates.io-1949cf8c6b5b557f/cosmic-text-0.19.0/src/font/system.rs:423 \x1b[2;3mon\x1b[0m main
1970-01-01T00:00:44.734118Z  WARN cosmic-files-applet: cosmic_session: 
1970-01-01T00:00:44.738458Z  WARN cosmic-files-applet: cosmic_session:   \x1b[33m WARN\x1b[0m  \x1b[33mFallback to loading from known font dir paths.\x1b[0m
1970-01-01T00:00:44.738464Z  WARN cosmic-files-applet: cosmic_session:     \x1b[2;3mat\x1b[0m /Users/forain/.cargo/registry/src/index.crates.io-1949cf8c6b5b557f/fontdb-0.23.0/src/lib.rs:466 \x1b[2;3mon\x1b[0m main
1970-01-01T00:00:44.738470Z  WARN cosmic-files-applet: cosmic_session: 
1970-01-01T00:00:44.746343Z  INFO cosmic-greeter: cosmic_session: \x1b[2m1970-01-01T00:00:44.740218Z\x1b[0m \x1b[33m WARN\x1b[0m \x1b[2mcosmic_text::font::system\x1b[0m\x1b[2m:\x1b[0m failed to get system locale, falling back to en-US
1970-01-01T00:00:44.747241Z  INFO cosmic-greeter: cosmic_session: \x1b[2m1970-01-01T00:00:44.747187Z\x1b[0m \x1b[33m WARN\x1b[0m \x1b[2mfontdb\x1b[0m\x1b[2m:\x1b[0m Fallback to loading from known font dir paths.
1970-01-01T00:00:44.756771Z  INFO cosmic-panel: cosmic_session::notifications: \x1b[2m1970-01-01T00:00:44.756720Z\x1b[0m \x1b[33m WARN\x1b[0m Error loading light theme: GetKey("list_button", Os { code: 2, kind: NotFound, message: "No such file or directory" })
1970-01-01T00:00:44.857541Z  INFO cosmic-panel: cosmic_session::notifications: \x1b[2m1970-01-01T00:00:44.857380Z\x1b[0m \x1b[33m WARN\x1b[0m Error loading dark theme: GetKey("list_button", Os { code: 2, kind: NotFound, message: "No such file or directory" })
1970-01-01T00:00:48.561311Z  INFO cosmic-panel: cosmic_session::notifications: \x1b[2m1970-01-01T00:00:48.559785Z\x1b[0m \x1b[32m INFO\x1b[0m Watching panel config entries for changes Config { system_path: Some("/usr/share/cosmic/com.system76.CosmicPanel/v1"), user_path: Some("/root/.config/cosmic/com.system76.CosmicPanel/v1"), previous: None }
1970-01-01T00:00:48.566993Z  INFO cosmic-panel: cosmic_session::notifications: \x1b[2m1970-01-01T00:00:48.566912Z\x1b[0m \x1b[32m INFO\x1b[0m Watching panel config entry: Config { system_path: Some("/usr/share/cosmic/com.system76.CosmicPanel.Panel/v1"), user_path: Some("/root/.config/cosmic/com.system76.CosmicPanel.Panel/v1"), previous: None }
1970-01-01T00:00:48.575500Z  INFO cosmic-panel: cosmic_session::notifications: \x1b[2m1970-01-01T00:00:48.575380Z\x1b[0m \x1b[32m INFO\x1b[0m Watching panel config entry: Config { system_path: Some("/usr/share/cosmic/com.system76.CosmicPanel.Dock/v1"), user_path: Some("/root/.config/cosmic/com.system76.CosmicPanel.Dock/v1"), previous: None }
1970-01-01T00:00:48.587639Z  INFO cosmic-panel: cosmic_session::notifications: \x1b[2m1970-01-01T00:00:48.587462Z\x1b[0m \x1b[32m INFO\x1b[0m Watching panel config successful
1970-01-01T00:00:48.603806Z  INFO cosmic-panel: cosmic_session::notifications: \x1b[2m1970-01-01T00:00:48.603634Z\x1b[0m \x1b[32m INFO\x1b[0m Connecting to notifications daemon
1970-01-01T00:00:53.604598Z  INFO cosmic-panel: cosmic_session::notifications: \x1b[2m1970-01-01T00:00:53.604345Z\x1b[0m \x1b[31mERROR\x1b[0m Failed to connect to the notifications daemon.
1970-01-01T00:01:18.268256Z  INFO cosmic-panel: cosmic_session::notifications: \x1b[2m1970-01-01T00:01:18.236011Z\x1b[0m \x1b[32m INFO\x1b[0m \x1b[1minput_seat\x1b[0m\x1b[1m{\x1b[0m\x1b[3mname\x1b[0m\x1b[2m=\x1b[0m"seat-0"\x1b[1m}\x1b[0m\x1b[2m:\x1b[0m\x1b[1madd_keyboard_with_context_flags\x1b[0m\x1b[1m{\x1b[0m\x1b[3mxkb_config\x1b[0m\x1b[2m=\x1b[0mXkbConfig { rules: "", model: "", layout: "", variant: "", options: None } \x1b[3mrepeat_delay\x1b[0m\x1b[2m=\x1b[0m200 \x1b[3mrepeat_rate\x1b[0m\x1b[2m=\x1b[0m20 \x1b[3mcontext_flags\x1b[0m\x1b[2m=\x1b[0m0\x1b[1m}\x1b[0m\x1b[2m:\x1b[0m\x1b[1minput_keyboard\x1b[0m\x1b[2m:\x1b[0m Initializing a xkbcommon handler with keymap query
1970-01-01T00:01:18.268275Z  WARN cosmic-greeter: cosmic_session: xkbcommon: ERROR: couldn't find a Compose file for locale "C" (mapped to "C")
1970-01-01T00:01:18.268286Z  WARN cosmic-files-applet: cosmic_session: xkbcommon: ERROR: couldn't find a Compose file for locale "C" (mapped to "C")
1970-01-01T00:01:18.273049Z  WARN cosmic-idle: cosmic_session: [1970-01-01T00:01:18Z WARN  cosmic_settings_config::shortcuts] Skipping over invalid SystemAction (
1970-01-01T00:01:18.273057Z  WARN cosmic-idle: cosmic_session:         /// Toggles the screen reader
1970-01-01T00:01:18.273066Z  WARN cosmic-idle: cosmic_session:         ScreenReader): 3:5-3:17: Unexpected variant named `ScreenReader` in enum `System`, expected one of `AppLibrary`, `BrightnessDown`, `BrightnessUp`, `DisplayToggle`, `HomeFolder`, `InputSourceSwitch`, `KeyboardBrightnessDown`, `KeyboardBrightnessUp`, `Launcher`, `LockScreen`, `LogOut`, `Mute`, `MuteMic`, `PlayPause`, `PlayNext`, `PlayPrev`, `PowerOff`, `Screenshot`, `Suspend`, `Terminal`, `TouchpadToggle`, `VolumeLower`, `VolumeRaise`, `WebBrowser`, `WindowSwitcher`, `WindowSwitcherPrevious`, or `WorkspaceOverview` instead
1970-01-01T00:01:18.304187Z  WARN cosmic-notifications: cosmic_session::notifications: xkbcommon: ERROR: couldn't find a Compose file for locale "C" (mapped to "C")
1970-01-01T00:01:18.349828Z  INFO cosmic-panel: cosmic_session::notifications: \x1b[2m1970-01-01T00:01:18.330198Z\x1b[0m \x1b[32m INFO\x1b[0m \x1b[1minput_seat\x1b[0m\x1b[1m{\x1b[0m\x1b[3mname\x1b[0m\x1b[2m=\x1b[0m"seat-0"\x1b[1m}\x1b[0m\x1b[2m:\x1b[0m\x1b[1madd_keyboard_with_context_flags\x1b[0m\x1b[1m{\x1b[0m\x1b[3mxkb_config\x1b[0m\x1b[2m=\x1b[0mXkbConfig { rules: "", model: "", layout: "", variant: "", options: None } \x1b[3mrepeat_delay\x1b[0m\x1b[2m=\x1b[0m200 \x1b[3mrepeat_rate\x1b[0m\x1b[2m=\x1b[0m20 \x1b[3mcontext_flags\x1b[0m\x1b[2m=\x1b[0m0\x1b[1m}\x1b[0m\x1b[2m:\x1b[0m\x1b[1minput_keyboard\x1b[0m\x1b[2m:\x1b[0m Loaded Keymap \x1b[3mname\x1b[0m\x1b[2m=\x1b[0m"English (US)"
1970-01-01T00:01:18.460189Z  WARN cosmic-idle: cosmic_session: [1970-01-01T00:01:18Z INFO  tracing::span] perform;
1970-01-01T00:01:18.460202Z  WARN cosmic-idle: cosmic_session: [1970-01-01T00:01:18Z INFO  tracing::span] authenticate;
1970-01-01T00:01:18.460210Z  WARN cosmic-idle: cosmic_session: [1970-01-01T00:01:18Z INFO  zbus::connection::handshake::common] write_command; command=Auth(Some(External), Some([48]))
1970-01-01T00:01:18.460218Z  WARN cosmic-idle: cosmic_session: [1970-01-01T00:01:18Z INFO  zbus::connection::handshake::common] write_commands; commands=[Auth(Some(External), Some([48]))] extra_bytes=None
1970-01-01T00:01:18.475744Z  WARN cosmic-idle: cosmic_session: [1970-01-01T00:01:18Z INFO  tracing::span] read_command;
1970-01-01T00:01:18.475753Z  WARN cosmic-idle: cosmic_session: [1970-01-01T00:01:18Z INFO  zbus::connection::handshake::common] read_commands; n_commands=1
1970-01-01T00:01:18.475943Z  WARN cosmic-idle: cosmic_session: [1970-01-01T00:01:18Z INFO  tracing::span] perform;
1970-01-01T00:01:18.475951Z  WARN cosmic-idle: cosmic_session: [1970-01-01T00:01:18Z INFO  tracing::span] authenticate;
1970-01-01T00:01:18.475957Z  WARN cosmic-idle: cosmic_session: [1970-01-01T00:01:18Z INFO  zbus::connection::handshake::common] write_command; command=Auth(Some(External), Some([48]))
1970-01-01T00:01:18.475965Z  WARN cosmic-idle: cosmic_session: [1970-01-01T00:01:18Z INFO  zbus::connection::handshake::common] write_commands; commands=[Auth(Some(External), Some([48]))] extra_bytes=None
1970-01-01T00:01:18.475982Z  WARN cosmic-idle: cosmic_session: [1970-01-01T00:01:18Z INFO  tracing::span] read_command;
1970-01-01T00:01:18.476043Z  WARN cosmic-idle: cosmic_session: [1970-01-01T00:01:18Z INFO  zbus::connection::handshake::common] read_commands; n_commands=1
1970-01-01T00:01:18.510807Z  WARN cosmic-idle: cosmic_session: [1970-01-01T00:01:18Z INFO  tracing::span] send_secondary_commands;
1970-01-01T00:01:18.561161Z  WARN cosmic-idle: cosmic_session: [1970-01-01T00:01:18Z INFO  zbus::connection::handshake::common] write_commands; commands=[NegotiateUnixFD, Begin] extra_bytes=Some([108, 1, 0, 1, 0, 0, 0, 0, 1, 0, 0, 0, 109, 0, 0, 0, 1, 1, 111, 0, 21, 0, 0, 0, 47, 111, 114, 103, 47, 102, 114, 101, 101, 100, 101, 115, 107, 116, 111, 112, 47, 68, 66, 117, 115, 0, 0, 0, 2, 1, 115, 0, 20, 0, 0, 0, 111, 114, 103, 46, 102, 114, 101, 101, 100, 101, 115, 107, 116, 111, 112, 46, 68, 66, 117, 115, 0, 0, 0, 0, 3, 1, 115, 0, 5, 0, 0, 0, 72, 101, 108, 108, 111, 0, 0, 0, 6, 1, 115, 0, 20, 0, 0, 0, 111, 114, 103, 46, 102, 114, 101, 101, 100, 101, 115, 107, 116, 111, 112, 46, 68, 66, 117, 115, 0, 0, 0, 0])
1970-01-01T00:01:18.561173Z  WARN cosmic-idle: cosmic_session: [1970-01-01T00:01:18Z INFO  zbus::connection::handshake::client] receive_secondary_responses; expected_n_responses=1
1970-01-01T00:01:18.561181Z  WARN cosmic-idle: cosmic_session: [1970-01-01T00:01:18Z INFO  zbus::connection::handshake::common] read_commands; n_commands=1
1970-01-01T00:01:18.600730Z  WARN cosmic-idle: cosmic_session: [1970-01-01T00:01:18Z INFM13MARK LOGEND