
1970-01-01T00:00:57.076444Z  WARN cosmic_session: failed to connect to journald
1970-01-01T00:00:57.156468Z  INFO cosmic_session: Starting cosmic-session
1970-01-01T00:00:57.163068Z  1970-01-01T00:01:03.789999Z  WARN busd::peers: unknown destination: com.system76.CosmicLauncher
1970-01-01T00:01:04.540703Z  WARN busd::peers: unknown destination: com.system76.CosmicOnScreenDisplay
1970-01-01T00:01:04.578582Z  WARN busd::peers: unknown destination: com.system76.CosmicAppLibrary
1970-01-01T00:01:04.579392Z  WARN busd::peers: unknown destination: com.system76.CosmicWorkspaces
1970-01-01T00:01:04.580349Z  WARN busd::peers: unknown destination: org.a11y.Bus
1970-01-01T00:01:05.929999Z  WARN busd::peers: unknown destination: org.freedesktop.locale1
1970-01-01T00:01:06.139715Z  WARN busd::peers: unknown destination: com.system76.PowerDaemon
1970-01-01T00:01:06.785119Z  WARN busd::peers: unknown destination: org.freedesktop.UPower
1970-01-01T00:01:10.721671Z  WARN busd::peers: unknown destination: org.freedesktop.timedate1
=wayland-1 XDG_SESSION_TYPE=wayland DAEMON_NOTIFICATIONS_FD=262 cosmic-notifications '
1970-01-01T00:01:02.289999Z  INFO launch_pad: starting process ' WAYLAND_DISPLAY=wayland-1 XDG_SESSION_TYPE=wayland PANEL_NOTIFICATIONS_FD=260 cosmic-panel '
1970-01-01T00:01:02.441169Z  INFO launch_pad: starting process ' WAYLAND_DISPLAY=wayland-1 XDG_SESSION_TYPE=wayland cosmic-app-library '
1970-01-01T00:01:02.519999Z  INFO cosmic-notifications: cosmic_session::notifications: \x1b[2m1970-01-01T00:01:02.319999Z\x1b[0m \x1b[33m WARN\x1b[0m \x1b[2mcosmic_notifications\x1b[0m\x1b[2m:\x1b[0m Failed to connect to journald
1970-01-01T00:01:02.519999Z  INFO cosmic-notifications: cosmic_session::notifications: \x1b[2m1970-01-01T00:01:02.319999Z\x1b[0m \x1b[32m INFO\x1b[0m \x1b[2mcosmic_notifications\x1b[0m\x1b[2m:\x1b[0m cosmic-notifications (com.system76.CosmicNotifications)
1970-01-01T00:01:02.519999Z  INFO cosmic-notifications: cosmic_session::notifications: \x1b[2m1970-01-01T00:01:02.319999Z\x1b[0m \x1b[32m INFO\x1b[0m \x1b[2mcosmic_notifications\x1b[0m\x1b[2m:\x1b[0m Version: 0.1.0 (release)
1970-01-01T00:01:02.519999Z  INFO cosmic-notifications: cosmic_session::notifications: \x1b[2m1970-01-01T00:01:02.319999Z\x1b[0m \x1b[33m WARN\x1b[0m \x1b[2mcosmic_text::font::system\x1b[0m\x1b[2m:\x1b[0m failed to get system locale, falling back to en-US
1970-01-01T00:01:02.519999Z  INFO cosmic-notifications: cosmic_session::notifications: \x1b[2m1970-01-01T00:01:02.319999Z\x1b[0m \x1b[33m WARN\x1b[0m \x1b[2mfontdb\x1b[0m\x1b[2m:\x1b[0m Fallback to loading from known font dir paths.
1970-01-01T00:01:02.519999Z  INFO launch_pad: starting process ' WAYLAND_DISPLAY=wayland-1 XDG_SESSION_TYPE=wayland cosmic-launcher '
1970-01-01T00:01:02.639999Z  INFO launch_pad: starting process ' WAYLAND_DISPLAY=wayland-1 XDG_SESSION_TYPE=wayland cosmic-workspaces '
1970-01-01T00:01:02.649999Z  INFO cosmic-panel: cosmic_session::notifications: \x1b[2m1970-01-01T00:01:02.569999Z\x1b[0m \x1b[33m WARN\x1b[0m Falling back to default panel configuration
1970-01-01T00:01:02.649999Z  INFO cosmic-panel: cosmic_session::notifications: \x1b[2m1970-01-01T00:01:02.569999Z\x1b[0m \x1b[31mERROR\x1b[0m Panel Entry Error: NoConfigDirectory
1970-01-01T00:01:02.649999Z  INFO launch_pad: starting process ' WAYLAND_DISPLAY=wayland-1 XDG_SESSION_TYPE=wayland cosmic-osd '
1970-01-01T00:01:02.849999Z  INFO launch_pad: starting process ' WAYLAND_DISPLAY=wayland-1 XDG_SESSION_TYPE=wayland cosmic-bg '
1970-01-01T00:01:02.969999Z  WARN cosmic-app-library: cosmic_session:  INFO  cosmic_app_library > Cosmic App Library (com.system76.CosmicAppLibrary)
1970-01-01T00:01:02.969999Z  WARN cosmic-app-library: cosmic_session:  INFO  cosmic_app_library > Version: 0.1.0
1970-01-01T00:01:03.181663Z  INFO launch_pad: starting process ' WAYLAND_DISPLAY=wayland-1 XDG_SESSION_TYPE=wayland cosmic-greeter '
1970-01-01T00:01:03.279999Z  WARN cosmic-app-library: cosmic_session:  INFO  i18n_embed::requester > Current Locale: []
1970-01-01T00:01:03.279999Z  WARN cosmic-app-library: cosmic_session:  INFO  i18n_embed            > Selecting translations for domain "cosmic_app_library"
1970-01-01T00:01:03.279999Z  INFO cosmic-launcher: cosmic_session: 1970-01-01T00:01:03.016738Z  INFO cosmic-launcher (com.system76.CosmicLauncher)
1970-01-01T00:01:03.279999Z  INFO cosmic-launcher: cosmic_session: 1970-01-01T00:01:03.021708Z  INFO Version: 1.0.12 (release)
1970-01-01T00:01:03.279999Z  WARN cosmic-workspaces: cosmic_session: [1970-01-01T00:01:03Z INFO  i18n_embed::requester] Current Locale: []
1970-01-01T00:01:03.279999Z  WARN cosmic-workspaces: cosmic_session: [1970-01-01T00:01:03Z INFO  i18n_embed] Selecting translations for domain "cosmic_workspaces"
1970-01-01T00:01:03.309999Z  INFO launch_pad: starting process ' WAYLAND_DISPLAY=wayland-1 XDG_SESSION_TYPE=wayland cosmic-files-applet '
1970-01-01T00:01:03.599999Z  INFO launch_pad: starting process ' WAYLAND_DISPLAY=wayland-1 XDG_SESSION_TYPE=wayland cosmic-idle '
1970-01-01T00:01:03.889999Z  WARN cosmic-app-library: cosmic_session:  INFO  zbus::connection::handshake::common > write_command; command=Auth(Some(External), Some([48]))
1970-01-01T00:01:03.889999Z  WARN cosmic-app-library: cosmic_session:  INFO  zbus::connection::handshake::common > write_commands; commands=[Auth(Some(External), Some([48]))] extra_bytes=None
1970-01-01T00:01:03.889999Z  WARN cosmic-app-library: cosmic_session:  INFO  tracing::span                       > read_command;
1970-01-01T00:01:03.889999Z  WARN cosmic-app-library: cosmic_session:  INFO  zbus::connection::handshake::common > read_commands; n_commands=1
1970-01-01T00:01:03.889999Z  WARN cosmic-app-library: cosmic_session:  INFO  zbus::connection::handshake::common > write_commands; commands=[NegotiateUnixFD, Begin] extra_bytes=Some([108, 1, 0, 1, 0, 0, 0, 0, 1, 0, 0, 0, 109, 0, 0, 0, 1, 1, 111, 0, 21, 0, 0, 0, 47, 111, 114, 103, 47, 102, 114, 101, 101, 100, 101, 115, 107, 116, 111, 112, 47, 68, 66, 117, 115, 0, 0, 0, 2, 1, 115, 0, 20, 0, 0, 0, 111, 114, 103, 46, 102, 114, 101, 101, 100, 101, 115, 107, 116, 111, 112, 46, 68, 66, 117, 115, 0, 0, 0, 0, 3, 1, 115, 0, 5, 0, 0, 0, 72, 101, 108, 108, 111, 0, 0, 0, 6, 1, 115, 0, 20, 0, 0, 0, 111, 114, 103, 46, 102, 114, 101, 101, 100, 101, 115, 107, 116, 111, 112, 46, 68, 66, 117, 115, 0, 0, 0, 0])
1970-01-01T00:01:03.889999Z  WARN cosmic-app-library: cosmic_session:  INFO  zbus::connection::handshake::common > read_commands; n_commands=1
1970-01-01T00:01:03.899999Z  WARN cosmic-osd: cosmic_session: [1970-01-01T00:01:03Z INFO  zbus::connection::handshake::common] write_command; command=Auth(Some(External), Some([48]))
1970-01-01T00:01:03.899999Z  WARN cosmic-osd: cosmic_session: [1970-01-01T00:01:03Z INFO  zbus::connection::handshake::common] write_commands; commands=[Auth(Some(External), Some([48]))] extra_bytes=None
1970-01-01T00:01:03.899999Z  WARN cosmic-osd: cosmic_session: [1970-01-01T00:01:03Z INFO  tracing::span] read_command;
1970-01-01T00:01:03.899999Z  WARN cosmic-osd: cosmic_session: [1970-01-01T00:01:03Z INFO  zbus::connection::handshake::common] read_commands; n_commands=1
1970-01-01T00:01:03.909999Z  WARN cosmic-workspaces: cosmic_session: [1970-01-01T00:01:03Z INFO  zbus::connection::handshake::common] write_command; command=Auth(Some(External), Some([48]))
1970-01-01T00:01:03.909999Z  WARN cosmic-workspaces: cosmic_session: [1970-01-01T00:01:03Z INFO  zbus::connection::handshake::common] write_commands; commands=[Auth(Some(External), Some([48]))] extra_bytes=None
1970-01-01T00:01:03.909999Z  WARN cosmic-workspaces: cosmic_session: [1970-01-01T00:01:03Z INFO  tracing::span] read_command;
1970-01-01T00:01:03.909999Z  WARN cosmic-workspaces: cosmic_session: [1970-01-01T00:01:03Z INFO  zbus::connection::handshake::common] read_commands; n_commands=1
1970-01-01T00:01:03.952831Z  WARN cosmic-osd: cosmic_session: [1970-01-01T00:01:03Z INFO  zbus::connection::handshake::common] write_commands; commands=[NegotiateUnixFD, Begin] extra_bytes=Some([108, 1, 0, 1, 0, 0, 0, 0, 1, 0, 0, 0, 109, 0, 0, 0, 1, 1, 111, 0, 21, 0, 0, 0, 47, 111, 114, 103, 47, 102, 114, 101, 101, 100, 101, 115, 107, 116, 111, 112, 47, 68, 66, 117, 115, 0, 0, 0, 2, 1, 115, 0, 20, 0, 0, 0, 111, 114, 103, 46, 102, 114, 101, 101, 100, 101, 115, 107, 116, 111, 112, 46, 68, 66, 117, 115, 0, 0, 0, 0, 3, 1, 115, 0, 5, 0, 0, 0, 72, 101, 108, 108, 111, 0, 0, 0, 6, 1, 115, 0, 20, 0, 0, 0, 111, 114, 103, 46, 102, 114, 101, 101, 100, 101, 115, 107, 116, 111, 112, 46, 68, 66, 117, 115, 0, 0, 0, 0])
1970-01-01T00:01:03.952978Z  WARN cosmic-osd: cosmic_session: [1970-01-01T00:01:03Z INFO  zbus::connection::handshake::common] read_commands; n_commands=1
1970-01-01T00:01:04.039999Z  INFO cosmic-greeter: cosmic_session: \x1b[2m1970-01-01T00:01:04.039999Z\x1b[0m \x1b[32m INFO\x1b[0m \x1b[2mi18n_embed::requester\x1b[0m\x1b[2m:\x1b[0m Current Locale: []
1970-01-01T00:01:04.039999Z  INFO cosmic-greeter: cosmic_session: \x1b[2m1970-01-01T00:01:04.039999Z\x1b[0m \x1b[32m INFO\x1b[0m \x1b[2mi18n_embed\x1b[0m\x1b[2m:\x1b[0m Selecting translations for domain "cosmic_greeter"
1970-01-01T00:01:04.139999Z  WARN cosmic-workspaces: cosmic_session: [1970-01-01T00:01:04Z INFO  zbus::connection::handshake::common] write_commands; commands=[NegotiateUnixFD, Begin] extra_bytes=Some([108, 1, 0, 1, 0, 0, 0, 0, 1, 0, 0, 0, 109, 0, 0, 0, 1, 1, 111, 0, 21, 0, 0, 0, 47, 111, 114, 103, 47, 102, 114, 101, 101, 100, 101, 115, 107, 116, 111, 112, 47, 68, 66, 117, 115, 0, 0, 0, 2, 1, 115, 0, 20, 0, 0, 0, 111, 114, 103, 46, 102, 114, 101, 101, 100, 101, 115, 107, 116, 111, 112, 46, 68, 66, 117, 115, 0, 0, 0, 0, 3, 1, 115, 0, 5, 0, 0, 0, 72, 101, 108, 108, 111, 0, 0, 0, 6, 1, 115, 0, 20, 0, 0, 0, 111, 114, 103, 46, 102, 114, 101, 101, 100, 101, 115, 107, 116, 111, 112, 46, 68, 66, 117, 115, 0, 0, 0, 0])
1970-01-01T00:01:04.140875Z  WARN cosmic-workspaces: cosmic_session: [1970-01-01T00:01:04Z INFO  zbus::connection::handshake::common] read_commands; n_commands=1
1970-01-01T00:01:04.281789Z  INFO cosmic-greeter: cosmic_session: \x1b[2m1970-01-01T00:01:04.272057Z\x1b[0m \x1b[31mERROR\x1b[0m \x1b[2mcosmic_greeter_daemon\x1b[0m\x1b[2m:\x1b[0m failed to open icon "/var/lib/AccountsService/icons/root": Os { code: 2, kind: NotFound, message: "No such file or directory" }
1970-01-01T00:01:04.789999Z  INFO cosmic-greeter: cosmic_session: \x1b[2m1970-01-01T00:01:04.789999Z\x1b[0m \x1b[33m WARN\x1b[0m \x1b[2mcosmic_text::font::system\x1b[0m\x1b[2m:\x1b[0m failed to get system locale, falling back to en-US
1970-01-01T00:01:04.789999Z  INFO cosmic-greeter: cosmic_session: \x1b[2m1970-01-01T00:01:04.789999Z\x1b[0m \x1b[33m WARN\x1b[0m \x1b[2mfontdb\x1b[0m\x1b[2m:\x1b[0m Fallback to loading from known font dir paths.
1970-01-01T00:01:05.114861Z  WARN cosmic-files-applet: cosmic_session:   \x1b[32m INFO\x1b[0m  \x1b[32mCurrent Locale: []\x1b[0m
1970-01-01T00:01:05.114968Z  WARN cosmic-files-applet: cosmic_session:     \x1b[2;3mat\x1b[0m /Users/forain/.cargo/registry/src/index.crates.io-1949cf8c6b5b557f/i18n-embed-0.16.0/src/requester.rs:299 \x1b[2;3mon\x1b[0m main
1970-01-01T00:01:05.115005Z  WARN cosmic-files-applet: cosmic_session: 
1970-01-01T00:01:05.115316Z  WARN cosmic-files-applet: cosmic_session:   \x1b[32m INFO\x1b[0m  \x1b[32mSelecting translations for domain "cosmic_files"\x1b[0m
1970-01-01T00:01:05.115382Z  WARN cosmic-files-applet: cosmic_session:     \x1b[2;3mat\x1b[0m /Users/forain/.cargo/registry/src/index.crates.io-1949cf8c6b5b557f/i18n-embed-0.16.0/src/lib.rs:602 \x1b[2;3mon\x1b[0m main
1970-01-01T00:01:05.115431Z  WARN cosmic-files-applet: cosmic_session: 
1970-01-01T00:01:05.369999Z  INFO cosmic-panel: cosmic_session::notifications: \x1b[2m1970-01-01T00:01:05.349999Z\x1b[0m \x1b[32m INFO\x1b[0m Watching panel config entries for changes Config { system_path: None, user_path: Some("/root/.config/cosmic/com.system76.CosmicPanel/v1"), previous: None }
1970-01-01T00:01:05.409999Z  INFO cosmic-panel: cosmic_session::notifications: \x1b[2m1970-01-01T00:01:05.409999Z\x1b[0m \x1b[32m INFO\x1b[0m Watching panel config entry: Config { system_path: None, user_path: Some("/root/.config/cosmic/com.system76.CosmicPanel.Panel/v1"), previous: None }
1970-01-01T00:01:05.449999Z  INFO cosmic-panel: cosmic_session::notifications: \x1b[2m1970-01-01T00:01:05.449999Z\x1b[0m \x1b[32m INFO\x1b[0m Watching panel config entry: Config { system_path: None, user_path: Some("/root/.config/cosmic/com.system76.CosmicPanel.Dock/v1"), previous: None }
1970-01-01T00:01:05.519999Z  INFO cosmic-panel: cosmic_session::notifications: \x1b[2m1970-01-01T00:01:05.509999Z\x1b[0m \x1b[32m INFO\x1b[0m Watching panel config successful
1970-01-01T00:01:05.745844Z  WARN cosmic-files-applet: cosmic_session:   \x1b[33m WARN\x1b[0m  \x1b[33mfailed to locate desktop directory, falling back to /root/Desktop\x1b[0m
1970-01-01T00:01:05.745982Z  WARN cosmic-files-applet: cosmic_session:     \x1b[2;3mat\x1b[0m src/lib.rs:50 \x1b[2;3mon\x1b[0m main
1970-01-01T00:01:05.746013Z  WARN cosmic-files-applet: cosmic_session: 
1970-01-01T00:01:05.753321Z  WARN cosmic-files-applet: cosmic_session:   \x1b[33m WARN\x1b[0m  \x1b[33mfailed to get system locale, falling back to en-US\x1b[0m
1970-01-01T00:01:05.753424Z  WARN cosmic-files-applet: cosmic_session:     \x1b[2;3mat\x1b[0m /Users/forain/.cargo/registry/src/index.crates.io-1949cf8c6b5b557f/cosmic-text-0.19.0/src/font/system.rs:423 \x1b[2;3mon\x1b[0m main
1970-01-01T00:01:05.753462Z  WARN cosmic-files-applet: cosmic_session: 
1970-01-01T00:01:05.759179Z  WARN cosmic-files-applet: cosmic_session:   \x1b[33m WARN\x1b[0m  \x1b[33mFallback to loading from known font dir paths.\x1b[0m
1970-01-01T00:01:05.759230Z  WARN cosmic-files-applet: cosmic_session:     \x1b[2;3mat\x1b[0m /Users/forain/.cargo/registry/src/index.crates.io-1949cf8c6b5b557f/fontdb-0.23.0/src/lib.rs:466 \x1b[2;3mon\x1b[0m main
1970-01-01T00:01:05.759283Z  WARN cosmic-files-applet: cosmic_session: 
1970-01-01T00:01:05.949999Z  INFO cosmic-panel: cosmic_session::notifications: \x1b[2m1970-01-01T00:01:05.944546Z\x1b[0m \x1b[32m INFO\x1b[0m Connecting to notifications daemon
1970-01-01T00:01:06.260863Z  WARN cosmic-idle: cosmic_session: [1970-01-01T00:01:06Z ERROR cosmic_settings_config::shortcuts] failed to read system shortcuts config 'system_actions': NoConfigDirectory
1970-01-01T00:01:06.308942Z  WARN cosmic-notifications: cosmic_session::notifications: xkbcommon: ERROR: couldn't find a Compose file for locale "C" (mapped to "C")
1970-01-01T00:01:06.323274Z  INFO cosmic-panel: cosmic_session::notifications: \x1b[2m1970-01-01T00:01:06.302965Z\x1b[0m \x1b[32m INFO\x1b[0m \x1b[1minput_seat\x1b[0m\x1b[1m{\x1b[0m\x1b[3mname\x1b[0m\x1b[2m=\x1b[0m"seat-0"\x1b[1m}\x1b[0m\x1b[2m:\x1b[0m\x1b[1madd_keyboard_with_context_flags\x1b[0m\x1b[1m{\x1b[0m\x1b[3mxkb_config\x1b[0m\x1b[2m=\x1b[0mXkbConfig { rules: "", model: "", layout: "", variant: "", options: None } \x1b[3mrepeat_delay\x1b[0m\x1b[2m=\x1b[0m200 \x1b[3mrepeat_rate\x1b[0m\x1b[2m=\x1b[0m20 \x1b[3mcontext_flags\x1b[0m\x1b[2m=\x1b[0m0\x1b[1m}\x1b[0m\x1b[2m:\x1b[0m\x1b[1minput_keyboard\x1b[0m\x1b[2m:\x1b[0m Initializing a xkbcommon handler with keymap query
1970-01-01T00:01:06.346957Z  WARN cosmic-greeter: cosmic_session: xkbcommon: ERROR: couldn't find a Compose file for locale "C" (mapped to "C")
1970-01-01T00:01:06.347102Z  WARN cosmic-files-applet: cosmic_session: xkbcommon: ERROR: couldn't find a Compose file for locale "C" (mapped to "C")
1970-01-01T00:01:06.480773Z  WARN cosmic-idle: cosmic_session: [1970-01-01T00:01:06Z INFO  tracing::span] perform;
1970-01-01T00:01:06.480882Z  WARN cosmic-idle: cosmic_session: [1970-01-01T00:01:06Z INFO  tracing::span] authenticate;
1970-01-01T00:01:06.505818Z  WARN cosmic-idle: cosmic_session: [1970-01-01T00:01:06Z INFO  zbus::connection::handshake::common] write_command; command=Auth(Some(External), Some([48]))
1970-01-01T00:01:06.505913Z  WARN cosmic-idle: cosmic_session: [1970-01-01T00:01:06Z INFO  zbus::connection::handshake::common] write_commands; commands=[Auth(Some(External), Some([48]))] extra_bytes=None
1970-01-01T00:01:06.505946Z  WARN cosmic-idle: cosmic_session: [1970-01-01T00:01:06Z INFO  tracing::span] read_command;
1970-01-01T00:01:06.505970Z  WARN cosmic-idle: cosmic_session: [1970-01-01T00:01:06Z INFO  zbus::connection::handshake::common] read_commands; n_commands=1
1970-01-01T00:01:06.505998Z  WARN cosmic-idle: cosmic_session: [1970-01-01T00:01:06Z INFO  tracing::span] perform;
1970-01-01T00:01:06.506032Z  WARN cosmic-idle: cosmic_session: [1970-01-01T00:01:06Z INFO  tracing::span] authenticate;
1970-01-01T00:01:06.506061Z  WARN cosmic-idle: cosmic_session: [1970-01-01T00:01:06Z INFO  zbus::connection::handshake::common] write_command; command=Auth(Some(External), Some([48]))
1970-01-01T00:01:06.506096Z  WARN cosmic-idle: cosmic_session: [1970-01-01T00:01:06Z INFO  zbus::connection::handshake::common] write_commands; commands=[Auth(Some(External), Some([48]))] extra_bytes=None
1970-01-01T00:01:06.506122Z  WARN cosmic-idle: cosmic_session: [1970-01-01T00:01:06Z INFO  tracing::span] read_command;
1970-01-01T00:01:06.506146Z  WARN cosmic-idle: cosmic_session: [1970-01-01T00:01:06Z INFO  zbus::connection::handshake::common] read_commands; n_commands=1
1970-01-01T00:01:06.536638Z  WARN cosmic-idle: cosmic_session: [1970-01-01T00:01:06Z INFO  tracing::span] send_secondary_commands;
1970-01-01T00:01:06.545527Z  WARN cosmic-idle: cosmic_session: [1970-01-01T00:01:06Z INFO  zbus::connection::handshake::common] write_commands; commands=[NegotiateUnixFD, Begin] extra_bytes=Some([108, 1, 0, 1, 0, 0, 0, 0, 1, 0, 0, 0, 109, 0, 0, 0, 1, 1, 111, 0, 21, 0, 0, 0, 47, 111, 114, 103, 47, 102, 114, 101, 101, 100, 101, 115, 107, 116, 111, 112, 47, 68, 66, 117, 115, 0, 0, 0, 2, 1, 115, 0, 20, 0, 0, 0, 111, 114, 103, 46, 102, 114, 101, 101, 100, 101, 115, 107, 116, 111, 112, 46, 68, 66, 117, 115, 0, 0, 0, 0, 3, 1, 115, 0, 5, 0, 0, 0, 72, 101, 108, 108, 111, 0, 0, 0, 6, 1, 115, 0, 20, 0, 0, 0, 111, 114, 103, 46, 102, 114, 101, 101, 100, 101, 115, 107, 116, 111, 112, 46, 68, 66, 117, 115, 0, 0, 0, 0])
1970-01-01T00:01:06.545999Z  WARN cosmic-idle: cosmic_session: [1970-01-01T00:01:06Z INFO  zbus::connection::handshake::client] receive_secondary_responses; expected_n_responses=1
1970-01-01T00:01:06.546051Z  WARN cosmic-idle: cosmic_session: [1970-01-01T00:01:06Z INFO  zbus::connection::handshake::common] read_commands; n_commands=1
1970-01-01T00:01:06.556218Z  WARN cosmic-idle: cosmic_session: [1970-01-01T00:01:06Z INFO  tracing::span] send_secondary_commands;
1970-01-01T00:01:06.556868Z  WARN cosmic-idle: cosmic_session: [1970-01-01T00:01:06Z INFO  zbus::connection::handshake::common] write_commands; commands=[NegotiateUnixFD, Begin] extra_bytes=Some([108, 1, 0, 1, 0, 0, 0, 0, 2, 0, 0, 0, 109, 0, 0, 0, 1, 1, 111, 0, 21, 0, 0, 0, 47, 111, 114, 103, 47, 102, 114, 101, 101, 100, 101, 115, 107, 116, 111, 112, 47, 68, 66, 117, 115, 0, 0, 0, 2, 1, 115, 0, 20, 0, 0, 0, 111, 114, 103, 46, 102, 114, 101, 101, 100, 101, 115, 107, 116, 111, 112, 46, 68, 66, 117, 115, 0, 0, 0, 0, 3, 1, 115, 0, 5, 0, 0, 0, 72, 101, 108, 108, 111, 0, 0, 0, 6, 1, 115, 0, 20, 0, 0, 0, 111, 114, 103, 46, 102, 114, 101, 101, 100, 101, 115, 107, 116, 111, 112, 46, 68, 66, 117, 115, 0, 0, 0, 0])
1970-01-01T00:01:06.556924Z  WARN cosmic-idle: cosmic_session: [1970-01-01T00:01:06Z INFO  zbus::connection::handshake::client] receive_secondary_responses; expected_n_responses=1
1970-01-01T00:01:06.556966Z  WARN cosmic-idle: cosmic_session: [1970-01-01T00:01:06Z INFO  zbus::connection::handshake::common] read_commands; n_commands=1
1970-01-01T00:01:06.684093Z  WARN cosmic-idle: cosmic_session: [1970-01-01T00:01:06Z INFO  tracing::span] new;
1970-01-01T00:01:06.684211Z  WARN cosmic-idle: cosmic_session: [1970-01-01T00:01:06Z INFO  zbus::proxy] {}; task_name="org.freedesktop.UPower proxy caching"
1970-01-01T00:01:06.684248Z  WARN cosmic-idle: cosmic_session: [1970-01-01T00:01:06Z INFO  tracing::span] socket reader;
1970-01-01T00:01:06.684279Z  WARN cosmic-idle: cosmic_session: [1970-01-01T00:01:06Z INFO  tracing::span] read_socket;
1970-01-01T00:01:06.684307Z  WARN cosmic-idle: cosmic_session: [1970-01-01T00:01:06Z INFO  tracing::span] read_socket;
1970-01-01T00:01:06.684338Z  WARN cosmic-idle: cosmic_session: [1970-01-01T00:01:06Z INFO  zbus::connection] start_object_server; started_event=Some(Event { listeners_notified: 0, listeners_total: 1 })
1970-01-01T00:01:06.684364Z  WARN cosmic-idle: cosmic_session: [1970-01-01T00:01:06Z INFO  tracing::span] obj_server_task;
1970-01-01T00:01:06.684388Z  WARN cosmic-idle: cosmic_session: [1970-01-01T00:01:06Z INFO  tracing::span] read_socket;
1970-01-01T00:01:06.684415Z  WARN cosmic-idle: cosmic_session: [1970-01-01T00:01:06Z INFO  tracing::span] read_socket;
1970-01-01T00:01:06.781747Z  WARN cosmic-idle: cosmic_session: [1970-01-01T00:01:06Z INFO  tracing::span] socket reader;
1970-01-01T00:01:06.781863Z  WARN cosmic-idle: cosmic_session: [1970-01-01T00:01:06Z INFO  tracing::span] read_socket;
1970-01-01T00:01:06.781916Z  WARN cosmic-idle: cosmic_session: [1970-01-01T00:01:06Z INFO  tracing::span] read_socket;
1970-01-01T00:01:06.781940Z  WARN cosmic-idle: cosmic_session: [1970-01-01T00:01:06Z INFO  tracing::span] read_socket;
1970-01-01T00:01:06.781964Z  WARN cosmic-idle: cosmic_session: [1970-01-01T00:01:06Z INFO  tracing::span] read_socket;
1970-01-01T00:01:06.820682Z  WARN cosmic-idle: cosmic_session: [1970-01-01T00:01:06Z INFO  tracing::span] read_socket;
1970-01-01T00:01:06.820784Z  WARN cosmic-idle: cosmic_session: [1970-01-01T00:01:06Z INFO  tracing::span] read_socket;
1970-01-01T00:01:06.830048Z  WARN cosmic-idle: cosmic_session: [1970-01-01T00:01:06Z INFO  tracing::span] read_socket;
1970-01-01T00:01:06.830087Z  WARN cosmic-idle: cosmic_session: [1970-01-01T00:01:06Z INFO  zbus::connection] monitor_name_lost; name=org.freedesktop.ScreenSaver
1970-01-01T00:01:06.949999Z  WARN cosmic-idle: cosmic_session: [1970-01-01T00:01:06Z INFO  tracing::span] read_socket;
1970-01-01T00:01:06.949999Z  WARN cosmic-idle: cosmic_session: [1970-01-01T00:01:06Z INFO  tracing::span] read_socket;
1970-01-01T00:01:07.263395Z  INFO cosmic-notifications: cosmic_session::notifications: \x1b[2m1970-01-01T00:01:07.176662Z\x1b[0m \x1b[32m INFO\x1b[0m \x1b[2mcosmic_notifications::subscriptions::applet\x1b[0m\x1b[2m:\x1b[0m Connecting to daemon on fd 262
1970-01-01T00:01:07.263507Z  INFO cosmic-panel: cosmic_session::notifications: \x1b[2m1970-01-01T00:01:07.203049Z\x1b[0m \x1b[32m INFO\x1b[0m \x1b[1minput_seat\x1b[0m\x1b[1m{\x1b[0m\x1b[3mname\x1b[0m\x1b[2m=\x1b[0m"seat-0"\x1b[1m}\x1b[0m\x1b[2m:\x1b[0m\x1b[1madd_keyboard_with_context_flags\x1b[0m\x1b[1m{\x1b[0m\x1b[3mxkb_config\x1b[0m\x1b[2m=\x1b[0mXkbConfig { rules: "", model: "", layout: "", variant: "", options: None } \x1b[3mrepeat_delay\x1b[0m\x1b[2m=\x1b[0m200 \x1b[3mrepeat_rate\x1b[0m\x1b[2m=\x1b[0m20 \x1b[3mcontext_flags\x1b[0m\x1b[2m=\x1b[0m0\x1b[1m}\x1b[0m\x1b[2m:\x1b[0m\x1b[1minput_keyboard\x1b[0m\x1b[2m:\x1b[0m Loaded Keymap \x1b[3mname\x1b[0m\x1b[2m=\x1b[0m"English (US)"
1970-01-01T00:01:07.263565Z  INFO cosmic-panel: cosmic_session::notifications: \x1b[2m1970-01-01T00:01:07.256363Z\x1b[0m \x1b[32m INFO\x1b[0m Made socket connection
1970-01-01T00:01:07.263608Z  INFO cosmic-panel: cosmic_session::notifications: \x1b[2m1970-01-01T00:01:07.256613Z\x1b[0m \x1b[32m INFO\x1b[0m Connected to notifications
1970-01-01T00:01:07.263640Z  WARN cosmic-idle: cosmic_session: [1970-01-01T00:01:07Z INFO  tracing::span] read_socket;
1970-01-01T00:01:07.337754Z  INFO cosmic-notifications: cosmic_session::notifications: \x1b[2m1970-01-01T00:01:07.307405Z\x1b[0m \x1b[32m INFO\x1b[0m \x1b[2miced_winit\x1b[0m\x1b[2m:\x1b[0m System theme: None
1970-01-01T00:01:07.337910Z  WARN cosmic-idle: cosmic_session: [1970-01-01T00:01:07Z INFO  tracing::span] read_socket;
1970-01-01T00:01:07.489999Z  WARN cosmic-idle: cosmic_session: [1970-01-01T00:01:07Z INFO  tracing::span] read_socket;
1970-01-01T00:01:07.643588Z  WARN cosmic-files-applet: cosmic_session:   \x1b[32m INFO\x1b[0m  \x1b[32mdetected desktop entry, \x1b[1;32mid\x1b[0m\x1b[32m: "com.system76.CosmicAppletTime"\x1b[0m
1970-01-01T00:01:07.643783Z  WARN cosmic-files-applet: cosmic_session:     \x1b[2;3mat\x1b[0m src/mime_app.rs:359 \x1b[2;3mon\x1b[0m main
1970-01-01T00:01:07.643942Z  WARN cosmic-files-applet: cosmic_session: 
1970-01-01T00:01:07.644003Z  WARN cosmic-files-applet: cosmic_session:   \x1b[32m INFO\x1b[0m  \x1b[32mloaded mime app cache in 80.321772ms\x1b[0m
1970-01-01T00:01:07.644065Z  WARN cosmic-files-applet: cosmic_session:     \x1b[2;3mat\x1b[0m src/mime_app.rs:501 \x1b[2;3mon\x1b[0m main
1970-01-01T00:01:07.644114Z  WARN cosmic-files-applet: cosmic_session: 
1970-01-01T00:01:07.644164Z  WARN cosmic-idle: cosmic_session: [1970-01-01T00:01:07Z INFO  tracing::span] read_socket;
1970-01-01T00:01:07.680248Z  WARN cosmic-idle: cosmic_session: [1970-01-01T00:01:07Z INFO  tracing::span] read_socket;
1970-01-01T00:01:07.814412Z  INFO cosmic-notifications: cosmic_session::notifications: \x1b[2m1970-01-01T00:01:07.778300Z\x1b[0m \x1b[32m INFO\x1b[0m \x1b[2miced_winit::platform_specific::wayland::event_loop\x1b[0m\x1b[2m:\x1b[0m SCTK setup complete.
1970-01-01T00:01:07.814528Z  WARN cosmic-idle: cosmic_session: [1970-01-01T00:01:07Z INFO  tracing::span] read_socket;
1970-01-01T00:01:07.814561Z  WARN cosmic-idle: cosmic_session: [1970-01-01T00:01:07Z INFO  tracing::span] read_socket;
1970-01-01T00:01:07.814587Z  WARN cosmic-idle: cosmic_session: [1970-01-01T00:01:07Z INFO  tracing::span] read_socket;
1970-01-01T00:01:07.824220Z  WARN cosmic-idle: cosmic_session: [1970-01-01T00:01:07Z INFO  tracing::span] read_socket;
1970-01-01T00:01:07.844085Z  WARN cosmic-notifications: cosmic_session::notifications: xkbcommon: ERROR: couldn't find a Compose file for locale "C" (mapped to "C")
1970-01-01T00:01:07.84M13MARK LOGEND