[0m[?25l[48;1H[J[39mbrush-0.5# [38;5;14m[38;5;5m[0m[0mnosuchbinary_xyz4278[?25h
[?2004l[31merror:[39m command not found: nosuchbinary_xyz42
[?2004h[0m[?25l[50;1H[J[39mbrush-0.5# [38;5;14m[38;5;5m[0m[0m78[?25h[0m[?25l[50;1H[J[39mbrush-0.5# [38;5;14m[38;5;5m[0m[0mbrush /b78[?25h[0m[?25l[50;1H[J[39mbrush-0.5# [38;5;14m[38;5;5m[0m[0mbrush /bin/m12c-input78[?25h
[?2004lM12C: BEGIN
M12C: ==== BEGIN devinput ====
ls: cannot access '/dev/input': No such file or directory
M12C: ==== END devinput ====
M12C: ==== BEGIN sysclassinput ====
ls: cannot access '/sys/class/input': No such file or directory
M12C: ==== END sysclassinput ====
M12C: MARK EVTEST 45
M12C: ENDMARK EVTEST
[DRMSTAT] t=0x00000000000000C8 flips_sub=0x0000000000000000 flips_del=0x0000000000000000 dirtyfb=0x0000000000000000 clips=0x0000000000000000 flip_us=0x0000000000000000 dmg_full=0x0000000000000000 dmg_rect=0x0000000000000000 dmg_skip=0x0000000000000000 dmg_px=0x0000000000000000 blobs=0x0000000000000000 curs_up=0x0000000000000000 curs_mv=0x0000000000000000 atomic=0x0000000000000000 atest=0x0000000000000000 cplane=0x0000000000000000 evpush=0x00000000000000C6 bo_dumb=0x0000000000000000 bo_dumbret=0x0000000000000000 bo_blob=0x0000000000000000 bo_bhnd=0x0000000000000000
M12C: wayland-1 after 1s
[DRMSTAT] t=0x0000000000000190 flips_sub=0x0000000000000000 flips_del=0x0000000000000000 dirtyfb=0x0000000000000000 clips=0x0000000000000000 flip_us=0x0000000000000000 dmg_full=0x0000000000000000 dmg_rect=0x0000000000000000 dmg_skip=0x0000000000000000 dmg_px=0x0000000000000000 blobs=0x0000000000000000 curs_up=0x0000000000000000 curs_mv=0x0000000000000000 atomic=0x0000000000000000 atest=0x0000000000000000 cplane=0x0000000000000000 evpush=0x00000000000000E6 bo_dumb=0x0000000000000000 bo_dumbret=0x0000000000000000 bo_blob=0x0000000000000000 bo_bhnd=0x0000000000000000
[GPU] SHARED_MEMORY_CFG shmid=0x00000001 phys=0x000038000x00000000 len=0x000000010x00000000
[GPU] device features hi=0x00000101 lo=0x3000001B
[GPU] acked features hi=0x00000001 lo=0x0000001B
[DRM] unimplemented ioctl cmd=0xC00864BF nr=0x000000BF type=0x00000064 size=0x00000008 (reported once per boot)
[DRM-SRV] mmap token=0x000000000F800000 map_info=0x01 -> writeback
[DRM-SRV] mmap token=0x0000000060000000 map_info=0x01 -> writeback
[DRMSTAT] t=0x0000000000000258 flips_sub=0x0000000000000003 flips_del=0x0000000000000000 dirtyfb=0x0000000000000000 clips=0x0000000000000000 flip_us=0x0000000000016ACB dmg_full=0x0000000000000003 dmg_rect=0x0000000000000000 dmg_skip=0x0000000000000000 dmg_px=0x0000000000000000 blobs=0x0000000000000004 curs_up=0x0000000000000000 curs_mv=0x0000000000000000 atomic=0x0000000000000003 atest=0x0000000000000005 cplane=0x0000000000000046 evpush=0x00000000000000E6 bo_dumb=0x0000000000000002 bo_dumbret=0x0000000000000000 bo_blob=0x0000000000000000 bo_bhnd=0x0000000000000000
[DRMSTAT] t=0x0000000000000320 flips_sub=0x0000000000000005 flips_del=0x0000000000000002 dirtyfb=0x0000000000000000 clips=0x0000000000000000 flip_us=0x0000000000026A12 dmg_full=0x0000000000000003 dmg_rect=0x0000000000000002 dmg_skip=0x0000000000000000 dmg_px=0x00000000003F4800 blobs=0x0000000000000006 curs_up=0x0000000000000001 curs_mv=0x0000000000000001 atomic=0x0000000000000005 atest=0x0000000000000006 cplane=0x0000000000000064 evpush=0x00000000000000E6 bo_dumb=0x0000000000000004 bo_dumbret=0x0000000000000000 bo_blob=0x0000000000000000 bo_bhnd=0x0000000000000000
[DRMSTAT] t=0x00000000000003E8 flips_sub=0x0000000000000006 flips_del=0x0000000000000003 dirtyfb=0x0000000000000000 clips=0x0000000000000000 flip_us=0x000000000003731B dmg_full=0x0000000000000003 dmg_rect=0x0000000000000003 dmg_skip=0x0000000000000000 dmg_px=0x00000000005EEC00 blobs=0x0000000000000007 curs_up=0x0000000000000001 curs_mv=0x0000000000000002 atomic=0x0000000000000006 atest=0x0000000000000006 cplane=0x000000000000006E evpush=0x00000000000000E6 bo_dumb=0x0000000000000004 bo_dumbret=0x0000000000000000 bo_blob=0x0000000000000000 bo_bhnd=0x0000000000000000
[DRMSTAT] t=0x00000000000004B0 flips_sub=0x0000000000000009 flips_del=0x0000000000000006 dirtyfb=0x0000000000000000 clips=0x0000000000000000 flip_us=0x0000000000062B25 dmg_full=0x0000000000000003 dmg_rect=0x0000000000000006 dmg_skip=0x0000000000000000 dmg_px=0x0000000000BDD800 blobs=0x000000000000000A curs_up=0x0000000000000001 curs_mv=0x0000000000000005 atomic=0x0000000000000009 atest=0x0000000000000006 cplane=0x000000000000008C evpush=0x00000000000000E6 bo_dumb=0x0000000000000004 bo_dumbret=0x0000000000000000 bo_blob=0x0000000000000000 bo_bhnd=0x0000000000000000
[DRMSTAT] t=0x0000000000000578 flips_sub=0x000000000000000C flips_del=0x0000000000000009 dirtyfb=0x0000000000000000 clips=0x0000000000000000 flip_us=0x00000000000799B6 dmg_full=0x0000000000000003 dmg_rect=0x0000000000000009 dmg_skip=0x0000000000000000 dmg_px=0x0000000000FE0880 blobs=0x000000000000000D curs_up=0x0000000000000001 curs_mv=0x0000000000000008 atomic=0x000000000000000C atest=0x0000000000000006 cplane=0x00000000000000AA evpush=0x00000000000000E6 bo_dumb=0x0000000000000004 bo_dumbret=0x0000000000000000 bo_blob=0x0000000000000000 bo_bhnd=0x0000000000000000
[DRMSTAT] t=0x0000000000000640 flips_sub=0x000000000000000E flips_del=0x000000000000000B dirtyfb=0x0000000000000000 clips=0x0000000000000000 flip_us=0x000000000008206D dmg_full=0x0000000000000003 dmg_rect=0x000000000000000B dmg_skip=0x0000000000000000 dmg_px=0x0000000000FFE880 blobs=0x000000000000000F curs_up=0x0000000000000001 curs_mv=0x000000000000000A atomic=0x000000000000000E atest=0x0000000000000006 cplane=0x00000000000000BE evpush=0x00000000000000E6 bo_dumb=0x0000000000000004 bo_dumbret=0x0000000000000000 bo_blob=0x0000000000000000 bo_bhnd=0x0000000000000000
[DRMSTAT] t=0x0000000000000708 flips_sub=0x0000000000000010 flips_del=0x000000000000000D dirtyfb=0x0000000000000000 clips=0x0000000000000000 flip_us=0x000000000008ABDA dmg_full=0x0000000000000003 dmg_rect=0x000000000000000D dmg_skip=0x0000000000000000 dmg_px=0x000000000101C880 blobs=0x0000000000000011 curs_up=0x0000000000000001 curs_mv=0x000000000000000C atomic=0x0000000000000010 atest=0x0000000000000006 cplane=0x00000000000000D2 evpush=0x00000000000000E6 bo_dumb=0x0000000000000004 bo_dumbret=0x0000000000000000 bo_blob=0x0000000000000000 bo_bhnd=0x0000000000000000
[DRMSTAT] t=0x00000000000007D0 flips_sub=0x0000000000000012 flips_del=0x000000000000000F dirtyfb=0x0000000000000000 clips=0x0000000000000000 flip_us=0x00000000000939C9 dmg_full=0x0000000000000003 dmg_rect=0x000000000000000F dmg_skip=0x0000000000000000 dmg_px=0x000000000103A880 blobs=0x0000000000000013 curs_up=0x0000000000000001 curs_mv=0x000000000000000E atomic=0x0000000000000012 atest=0x0000000000000006 cplane=0x00000000000000E6 evpush=0x00000000000000E6 bo_dumb=0x0000000000000004 bo_dumbret=0x0000000000000000 bo_blob=0x0000000000000000 bo_bhnd=0x0000000000000000
[DRMSTAT] t=0x0000000000000898 flips_sub=0x0000000000000014 flips_del=0x0000000000000011 dirtyfb=0x0000000000000000 clips=0x0000000000000000 flip_us=0x000000000009C0A3 dmg_full=0x0000000000000003 dmg_rect=0x0000000000000011 dmg_skip=0x0000000000000000 dmg_px=0x0000000001058880 blobs=0x0000000000000015 curs_up=0x0000000000000001 curs_mv=0x0000000000000010 atomic=0x0000000000000014 atest=0x0000000000000006 cplane=0x00000000000000FA evpush=0x00000000000000E6 bo_dumb=0x0000000000000004 bo_dumbret=0x0000000000000000 bo_blob=0x0000000000000000 bo_bhnd=0x0000000000000000
[DRMSTAT] t=0x0000000000000960 flips_sub=0x0000000000000016 flips_del=0x0000000000000013 dirtyfb=0x0000000000000000 clips=0x0000000000000000 flip_us=0x00000000000A4CF8 dmg_full=0x0000000000000003 dmg_rect=0x0000000000000013 dmg_skip=0x0000000000000000 dmg_px=0x0000000001076880 blobs=0x0000000000000017 curs_up=0x0000000000000001 curs_mv=0x0000000000000012 atomic=0x0000000000000016 atest=0x0000000000000006 cplane=0x000000000000010E evpush=0x00000000000000E6 bo_dumb=0x0000000000000004 bo_dumbret=0x0000000000000000 bo_blob=0x0000000000000000 bo_bhnd=0x0000000000000000
[DRMSTAT] t=0x0000000000000A28 flips_sub=0x0000000000000018 flips_del=0x0000000000000015 dirtyfb=0x0000000000000000 clips=0x0000000000000000 flip_us=0x00000000000AE065 dmg_full=0x0000000000000003 dmg_rect=0x0000000000000015 dmg_skip=0x0000000000000000 dmg_px=0x0000000001094880 blobs=0x0000000000000019 curs_up=0x0000000000000001 curs_mv=0x0000000000000014 atomic=0x0000000000000018 atest=0x0000000000000006 cplane=0x0000000000000122 evpush=0x00000000000000E6 bo_dumb=0x0000000000000004 bo_dumbret=0x0000000000000000 bo_blob=0x0000000000000000 bo_bhnd=0x0000000000000000
[DRMSTAT] t=0x0000000000000AF0 flips_sub=0x000000000000001A flips_del=0x0000000000000017 dirtyfb=0x0000000000000000 clips=0x0000000000000000 flip_us=0x00000000000B6D3E dmg_full=0x0000000000000003 dmg_rect=0x0000000000000017 dmg_skip=0x0000000000000000 dmg_px=0x00000000010B2880 blobs=0x000000000000001B curs_up=0x0000000000000001 curs_mv=0x0000000000000016 atomic=0x000000000000001A atest=0x0000000000000006 cplane=0x0000000000000136 evpush=0x00000000000000E6 bo_dumb=0x0000000000000004 bo_dumbret=0x0000000000000000 bo_blob=0x0000000000000000 bo_bhnd=0x0000000000000000
[DRMSTAT] t=0x0000000000000BB8 flips_sub=0x000000000000001C flips_del=0x0000000000000019 dirtyfb=0x0000000000000000 clips=0x0000000000000000 flip_us=0x00000000000BFA8E dmg_full=0x0000000000000003 dmg_rect=0x0000000000000019 dmg_skip=0x0000000000000000 dmg_px=0x00000000010D0880 blobs=0x000000000000001D curs_up=0x0000000000000001 curs_mv=0x0000000000000018 atomic=0x000000000000001C atest=0x0000000000000006 cplane=0x000000000000014A evpush=0x00000000000000E6 bo_dumb=0x0000000000000004 bo_dumbret=0x0000000000000000 bo_blob=0x0000000000000000 bo_bhnd=0x0000000000000000
[DRMSTAT] t=0x0000000000000C80 flips_sub=0x000000000000001E flips_del=0x000000000000001B dirtyfb=0x0000000000000000 clips=0x0000000000000000 flip_us=0x00000000000C8502 dmg_full=0x0000000000000003 dmg_rect=0x000000000000001B dmg_skip=0x0000000000000000 dmg_px=0x00000000010EE880 blobs=0x000000000000001F curs_up=0x0000000000000001 curs_mv=0x000000000000001A atomic=0x000000000000001E atest=0x0000000000000006 cplane=0x000000000000015E evpush=0x00000000000000E6 bo_dumb=0x0000000000000004 bo_dumbret=0x0000000000000000 bo_blob=0x0000000000000000 bo_bhnd=0x0000000000000000
M12C: globals captured
M12C: MARK POINTER2 70
[DRMSTAT] t=0x0000000000000D48 flips_sub=0x0000000000000022 flips_del=0x000000000000001F dirtyfb=0x0000000000000000 clips=0x0000000000000000 flip_us=0x00000000000ECEC3 dmg_full=0x0000000000000003 dmg_rect=0x000000000000001F dmg_skip=0x0000000000000000 dmg_px=0x00000000014F1180 blobs=0x0000000000000024 curs_up=0x0000000000000001 curs_mv=0x000000000000001F atomic=0x0000000000000023 atest=0x0000000000000006 cplane=0x0000000000000190 evpush=0x00000000000001C6 bo_dumb=0x0000000000000004 bo_dumbret=0x0000000000000000 bo_blob=0x0000000000000000 bo_bhnd=0x0000000000000000
[DRMSTAT] t=0x0000000000000E10 flips_sub=0x0000000000000026 flips_del=0x0000000000000023 dirtyfb=0x0000000000000000 clips=0x0000000000000000 flip_us=0x0000000000123345 dmg_full=0x0000000000000003 dmg_rect=0x0000000000000023 dmg_skip=0x0000000000000000 dmg_px=0x0000000001CC9380 blobs=0x0000000000000027 curs_up=0x0000000000000001 curs_mv=0x0000000000000022 atomic=0x0000000000000026 atest=0x0000000000000006 cplane=0x00000000000001AE evpush=0x00000000000001FE bo_dumb=0x0000000000000004 bo_dumbret=0x0000000000000000 bo_blob=0x0000000000000000 bo_bhnd=0x0000000000000000
[DRMSTAT] t=0x0000000000000ED8 flips_sub=0x0000000000000028 flips_del=0x0000000000000025 dirtyfb=0x0000000000000000 clips=0x0000000000000000 flip_us=0x000000000012B84D dmg_full=0x0000000000000003 dmg_rect=0x0000000000000025 dmg_skip=0x0000000000000000 dmg_px=0x0000000001CE7380 blobs=0x0000000000000029 curs_up=0x0000000000000001 curs_mv=0x0000000000000024 atomic=0x0000000000000028 atest=0x0000000000000006 cplane=0x00000000000001C2 evpush=0x00000000000001FE bo_dumb=0x0000000000000004 bo_dumbret=0x0000000000000000 bo_blob=0x0000000000000000 bo_bhnd=0x0000000000000000
[DRMSTAT] t=0x0000000000000FA0 flips_sub=0x000000000000002A flips_del=0x0000000000000027 dirtyfb=0x0000000000000000 clips=0x0000000000000000 flip_us=0x0000000000134191 dmg_full=0x0000000000000003 dmg_rect=0x0000000000000027 dmg_skip=0x0000000000000000 dmg_px=0x0000000001D05380 blobs=0x000000000000002B curs_up=0x0000000000000001 curs_mv=0x0000000000000026 atomic=0x000000000000002A atest=0x0000000000000006 cplane=0x00000000000001D6 evpush=0x00000000000001FE bo_dumb=0x0000000000000004 bo_dumbret=0x0000000000000000 bo_blob=0x0000000000000000 bo_bhnd=0x0000000000000000
[DRMSTAT] t=0x0000000000001068 flips_sub=0x000000000000002C flips_del=0x0000000000000029 dirtyfb=0x0000000000000000 clips=0x0000000000000000 flip_us=0x000000000013C84F dmg_full=0x0000000000000003 dmg_rect=0x0000000000000029 dmg_skip=0x0000000000000000 dmg_px=0x0000000001D23380 blobs=0x000000000000002D curs_up=0x0000000000000001 curs_mv=0x0000000000000028 atomic=0x000000000000002C atest=0x0000000000000006 cplane=0x00000000000001EA evpush=0x00000000000001FE bo_dumb=0x0000000000000004 bo_dumbret=0x0000000000000000 bo_blob=0x0000000000000000 bo_bhnd=0x0000000000000000
[DRMSTAT] t=0x0000000000001130 flips_sub=0x000000000000002E flips_del=0x000000000000002B dirtyfb=0x0000000000000000 clips=0x0000000000000000 flip_us=0x0000000000144D50 dmg_full=0x0000000000000003 dmg_rect=0x000000000000002B dmg_skip=0x0000000000000000 dmg_px=0x0000000001D41380 blobs=0x000000000000002F curs_up=0x0000000000000001 curs_mv=0x000000000000002A atomic=0x000000000000002E atest=0x0000000000000006 cplane=0x00000000000001FE evpush=0x00000000000001FE bo_dumb=0x0000000000000004 bo_dumbret=0x0000000000000000 bo_blob=0x0000000000000000 bo_bhnd=0x0000000000000000
[DRMSTAT] t=0x00000000000011F8 flips_sub=0x0000000000000030 flips_del=0x000000000000002D dirtyfb=0x0000000000000000 clips=0x0000000000000000 flip_us=0x000000000014DFD4 dmg_full=0x0000000000000003 dmg_rect=0x000000000000002D dmg_skip=0x0000000000000000 dmg_px=0x0000000001D5F380 blobs=0x0000000000000031 curs_up=0x0000000000000001 curs_mv=0x000000000000002C atomic=0x0000000000000030 atest=0x0000000000000006 cplane=0x0000000000000212 evpush=0x00000000000001FE bo_dumb=0x0000000000000004 bo_dumbret=0x0000000000000000 bo_blob=0x0000000000000000 bo_bhnd=0x0000000000000000
[DRMSTAT] t=0x00000000000012C0 flips_sub=0x0000000000000032 flips_del=0x000000000000002F dirtyfb=0x0000000000000000 clips=0x0000000000000000 flip_us=0x0000000000157829 dmg_full=0x0000000000000003 dmg_rect=0x000000000000002F dmg_skip=0x0000000000000000 dmg_px=0x0000000001D7D380 blobs=0x0000000000000033 curs_up=0x0000000000000001 curs_mv=0x000000000000002E atomic=0x0000000000000032 atest=0x0000000000000006 cplane=0x0000000000000226 evpush=0x00000000000001FE bo_dumb=0x0000000000000004 bo_dumbret=0x0000000000000000 bo_blob=0x0000000000000000 bo_bhnd=0x0000000000000000
[DRMSTAT] t=0x0000000000001388 flips_sub=0x0000000000000034 flips_del=0x0000000000000031 dirtyfb=0x0000000000000000 clips=0x0000000000000000 flip_us=0x000000000015FE11 dmg_full=0x0000000000000003 dmg_rect=0x0000000000000031 dmg_skip=0x0000000000000000 dmg_px=0x0000000001D9B380 blobs=0x0000000000000035 curs_up=0x0000000000000001 curs_mv=0x0000000000000030 atomic=0x0000000000000034 atest=0x0000000000000006 cplane=0x000000000000023A evpush=0x00000000000001FE bo_dumb=0x0000000000000004 bo_dumbret=0x0000000000000000 bo_blob=0x0000000000000000 bo_bhnd=0x0000000000000000
[DRMSTAT] t=0x0000000000001450 flips_sub=0x0000000000000036 flips_del=0x0000000000000033 dirtyfb=0x0000000000000000 clips=0x0000000000000000 flip_us=0x000000000016876E dmg_full=0x0000000000000003 dmg_rect=0x0000000000000033 dmg_skip=0x0000000000000000 dmg_px=0x0000000001DB9380 blobs=0x0000000000000037 curs_up=0x0000000000000001 curs_mv=0x0000000000000032 atomic=0x0000000000000036 atest=0x0000000000000006 cplane=0x000000000000024E evpush=0x00000000000001FE bo_dumb=0x0000000000000004 bo_dumbret=0x0000000000000000 bo_blob=0x0000000000000000 bo_bhnd=0x0000000000000000
[DRMSTAT] t=0x0000000000001518 flips_sub=0x0000000000000038 flips_del=0x0000000000000035 dirtyfb=0x0000000000000000 clips=0x0000000000000000 flip_us=0x000000000017133D dmg_full=0x0000000000000003 dmg_rect=0x0000000000000035 dmg_skip=0x0000000000000000 dmg_px=0x0000000001DD7380 blobs=0x0000000000000039 curs_up=0x0000000000000001 curs_mv=0x0000000000000034 atomic=0x0000000000000038 atest=0x0000000000000006 cplane=0x0000000000000262 evpush=0x00000000000001FE bo_dumb=0x0000000000000004 bo_dumbret=0x0000000000000000 bo_blob=0x0000000000000000 bo_bhnd=0x0000000000000000
[DRMSTAT] t=0x00000000000015E0 flips_sub=0x000000000000003A flips_del=0x0000000000000037 dirtyfb=0x0000000000000000 clips=0x0000000000000000 flip_us=0x0000000000179FC6 dmg_full=0x0000000000000003 dmg_rect=0x0000000000000037 dmg_skip=0x0000000000000000 dmg_px=0x0000000001DF5380 blobs=0x000000000000003B curs_up=0x0000000000000001 curs_mv=0x0000000000000036 atomic=0x000000000000003A atest=0x0000000000000006 cplane=0x0000000000000276 evpush=0x00000000000001FE bo_dumb=0x0000000000000004 bo_dumbret=0x0000000000000000 bo_blob=0x0000000000000000 bo_bhnd=0x0000000000000000
[DRMSTAT] t=0x00000000000016A8 flips_sub=0x000000000000003C flips_del=0x0000000000000039 dirtyfb=0x0000000000000000 clips=0x0000000000000000 flip_us=0x000000000018298E dmg_full=0x0000000000000003 dmg_rect=0x0000000000000039 dmg_skip=0x0000000000000000 dmg_px=0x0000000001E13380 blobs=0x000000000000003D curs_up=0x0000000000000001 curs_mv=0x0000000000000038 atomic=0x000000000000003C atest=0x0000000000000006 cplane=0x000000000000028A evpush=0x00000000000001FE bo_dumb=0x0000000000000004 bo_dumbret=0x0000000000000000 bo_blob=0x0000000000000000 bo_bhnd=0x0000000000000000
[DRMSTAT] t=0x0000000000001770 flips_sub=0x000000000000003E flips_del=0x000000000000003B dirtyfb=0x0000000000000000 clips=0x0000000000000000 flip_us=0x000000000018B771 dmg_full=0x0000000000000003 dmg_rect=0x000000000000003B dmg_skip=0x0000000000000000 dmg_px=0x0000000001E31380 blobs=0x000000000000003F curs_up=0x0000000000000001 curs_mv=0x000000000000003A atomic=0x000000000000003E atest=0x0000000000000006 cplane=0x000000000000029E evpush=0x00000000000001FE bo_dumb=0x0000000000000004 bo_dumbret=0x0000000000000000 bo_blob=0x0000000000000000 bo_bhnd=0x0000000000000000
[DRMSTAT] t=0x0000000000001838 flips_sub=0x0000000000000040 flips_del=0x000000000000003D dirtyfb=0x0000000000000000 clips=0x0000000000000000 flip_us=0x000000000019410F dmg_full=0x0000000000000003 dmg_rect=0x000000000000003D dmg_skip=0x0000000000000000 dmg_px=0x0000000001E4F380 blobs=0x0000000000000041 curs_up=0x0000000000000001 curs_mv=0x000000000000003C atomic=0x0000000000000040 atest=0x0000000000000006 cplane=0x00000000000002B2 evpush=0x00000000000001FE bo_dumb=0x0000000000000004 bo_dumbret=0x0000000000000000 bo_blob=0x0000000000000000 bo_bhnd=0x0000000000000000
[DRMSTAT] t=0x0000000000001900 flips_sub=0x0000000000000042 flips_del=0x000000000000003F dirtyfb=0x0000000000000000 clips=0x0000000000000000 flip_us=0x000000000019CF2B dmg_full=0x0000000000000003 dmg_rect=0x000000000000003F dmg_skip=0x0000000000000000 dmg_px=0x0000000001E6D380 blobs=0x0000000000000043 curs_up=0x0000000000000001 curs_mv=0x000000000000003E atomic=0x0000000000000042 atest=0x0000000000000006 cplane=0x00000000000002C6 evpush=0x00000000000001FE bo_dumb=0x0000000000000004 bo_dumbret=0x0000000000000000 bo_blob=0x0000000000000000 bo_bhnd=0x0000000000000000
[DRMSTAT] t=0x00000000000019C8 flips_sub=0x0000000000000044 flips_del=0x0000000000000041 dirtyfb=0x0000000000000000 clips=0x0000000000000000 flip_us=0x00000000001A656B dmg_full=0x0000000000000003 dmg_rect=0x0000000000000041 dmg_skip=0x0000000000000000 dmg_px=0x0000000001E8B380 blobs=0x0000000000000045 curs_up=0x0000000000000001 curs_mv=0x0000000000000040 atomic=0x0000000000000044 atest=0x0000000000000006 cplane=0x00000000000002DA evpush=0x00000000000001FE bo_dumb=0x0000000000000004 bo_dumbret=0x0000000000000000 bo_blob=0x0000000000000000 bo_bhnd=0x0000000000000000
[DRMSTAT] t=0x0000000000001A90 flips_sub=0x0000000000000046 flips_del=0x0000000000000043 dirtyfb=0x0000000000000000 clips=0x0000000000000000 flip_us=0x00000000001AF9D5 dmg_full=0x0000000000000003 dmg_rect=0x0000000000000043 dmg_skip=0x0000000000000000 dmg_px=0x0000000001EA9380 blobs=0x0000000000000047 curs_up=0x0000000000000001 curs_mv=0x0000000000000042 atomic=0x0000000000000046 atest=0x0000000000000006 cplane=0x00000000000002EE evpush=0x00000000000001FE bo_dumb=0x0000000000000004 bo_dumbret=0x0000000000000000 bo_blob=0x0000000000000000 bo_bhnd=0x0000000000000000
[DRMSTAT] t=0x0000000000001B58 flips_sub=0x0000000000000048 flips_del=0x0000000000000045 dirtyfb=0x0000000000000000 clips=0x0000000000000000 flip_us=0x00000000001B875D dmg_full=0x0000000000000003 dmg_rect=0x0000000000000045 dmg_skip=0x0000000000000000 dmg_px=0x0000000001EC7380 blobs=0x0000000000000049 curs_up=0x0000000000000001 curs_mv=0x0000000000000044 atomic=0x0000000000000048 atest=0x0000000000000006 cplane=0x0000000000000302 evpush=0x00000000000001FE bo_dumb=0x0000000000000004 bo_dumbret=0x0000000000000000 bo_blob=0x0000000000000000 bo_bhnd=0x0000000000000000
[DRMSTAT] t=0x0000000000001C20 flips_sub=0x000000000000004A flips_del=0x0000000000000047 dirtyfb=0x0000000000000000 clips=0x0000000000000000 flip_us=0x00000000001C1504 dmg_full=0x0000000000000003 dmg_rect=0x0000000000000047 dmg_skip=0x0000000000000000 dmg_px=0x0000000001EE5380 blobs=0x000000000000004B curs_up=0x0000000000000001 curs_mv=0x0000000000000046 atomic=0x000000000000004A atest=0x0000000000000006 cplane=0x0000000000000316 evpush=0x00000000000001FE bo_dumb=0x0000000000000004 bo_dumbret=0x0000000000000000 bo_blob=0x0000000000000000 bo_bhnd=0x0000000000000000
[DRMSTAT] t=0x0000000000001CE8 flips_sub=0x000000000000004D flips_del=0x000000000000004A dirtyfb=0x0000000000000000 clips=0x0000000000000000 flip_us=0x00000000001CE442 dmg_full=0x0000000000000003 dmg_rect=0x000000000000004A dmg_skip=0x0000000000000000 dmg_px=0x0000000001F12380 blobs=0x000000000000004E curs_up=0x0000000000000001 curs_mv=0x0000000000000049 atomic=0x000000000000004D atest=0x0000000000000006 cplane=0x0000000000000334 evpush=0x00000000000001FE bo_dumb=0x0000000000000004 bo_dumbret=0x0000000000000000 bo_blob=0x0000000000000000 bo_bhnd=0x0000000000000000
[DRMSTAT] t=0x0000000000001DB0 flips_sub=0x000000000000004F flips_del=0x000000000000004C dirtyfb=0x0000000000000000 clips=0x0000000000000000 flip_us=0x00000000001D6EF6 dmg_full=0x0000000000000003 dmg_rect=0x000000000000004C dmg_skip=0x0000000000000000 dmg_px=0x0000000001F30380 blobs=0x0000000000000050 curs_up=0x0000000000000001 curs_mv=0x000000000000004B atomic=0x000000000000004F atest=0x0000000000000006 cplane=0x0000000000000348 evpush=0x00000000000001FE bo_dumb=0x0000000000000004 bo_dumbret=0x0000000000000000 bo_blob=0x0000000000000000 bo_bhnd=0x0000000000000000
[DRMSTAT] t=0x0000000000001E78 flips_sub=0x0000000000000051 flips_del=0x000000000000004E dirtyfb=0x0000000000000000 clips=0x0000000000000000 flip_us=0x00000000001DF6FB dmg_full=0x0000000000000003 dmg_rect=0x000000000000004E dmg_skip=0x0000000000000000 dmg_px=0x0000000001F4E380 blobs=0x0000000000000052 curs_up=0x0000000000000001 curs_mv=0x000000000000004D atomic=0x0000000000000051 atest=0x0000000000000006 cplane=0x000000000000035C evpush=0x00000000000001FE bo_dumb=0x0000000000000004 bo_dumbret=0x0000000000000000 bo_blob=0x0000000000000000 bo_bhnd=0x0000000000000000
[DRMSTAT] t=0x0000000000001F40 flips_sub=0x0000000000000053 flips_del=0x0000000000000050 dirtyfb=0x0000000000000000 clips=0x0000000000000000 flip_us=0x00000000001E8A15 dmg_full=0x0000000000000003 dmg_rect=0x0000000000000050 dmg_skip=0x0000000000000000 dmg_px=0x0000000001F6C380 blobs=0x0000000000000054 curs_up=0x0000000000000001 curs_mv=0x000000000000004F atomic=0x0000000000000053 atest=0x0000000000000006 cplane=0x0000000000000370 evpush=0x00000000000001FE bo_dumb=0x0000000000000004 bo_dumbret=0x0000000000000000 bo_blob=0x0000000000000000 bo_bhnd=0x0000000000000000
[DRMSTAT] t=0x0000000000002008 flips_sub=0x0000000000000055 flips_del=0x0000000000000052 dirtyfb=0x0000000000000000 clips=0x0000000000000000 flip_us=0x00000000001F1B84 dmg_full=0x0000000000000003 dmg_rect=0x0000000000000052 dmg_skip=0x0000000000000000 dmg_px=0x0000000001F8A380 blobs=0x0000000000000056 curs_up=0x0000000000000001 curs_mv=0x0000000000000051 atomic=0x0000000000000055 atest=0x0000000000000006 cplane=0x0000000000000384 evpush=0x00000000000001FE bo_dumb=0x0000000000000004 bo_dumbret=0x0000000000000000 bo_blob=0x0000000000000000 bo_bhnd=0x0000000000000000
[DRMSTAT] t=0x00000000000020D0 flips_sub=0x0000000000000057 flips_del=0x0000000000000054 dirtyfb=0x0000000000000000 clips=0x0000000000000000 flip_us=0x00000000001FACD9 dmg_full=0x0000000000000003 dmg_rect=0x0000000000000054 dmg_skip=0x0000000000000000 dmg_px=0x0000000001FA8380 blobs=0x0000000000000058 curs_up=0x0000000000000001 curs_mv=0x0000000000000053 atomic=0x0000000000000057 atest=0x0000000000000006 cplane=0x0000000000000398 evpush=0x00000000000001FE bo_dumb=0x0000000000000004 bo_dumbret=0x0000000000000000 bo_blob=0x0000000000000000 bo_bhnd=0x0000000000000000
[DRMSTAT] t=0x0000000000002198 flips_sub=0x0000000000000059 flips_del=0x0000000000000056 dirtyfb=0x0000000000000000 clips=0x0000000000000000 flip_us=0x0000000000202EEA dmg_full=0x0000000000000003 dmg_rect=0x0000000000000056 dmg_skip=0x0000000000000000 dmg_px=0x0000000001FC6380 blobs=0x000000000000005A curs_up=0x0000000000000001 curs_mv=0x0000000000000055 atomic=0x0000000000000059 atest=0x0000000000000006 cplane=0x00000000000003AC evpush=0x00000000000001FE bo_dumb=0x0000000000000004 bo_dumbret=0x0000000000000000 bo_blob=0x0000000000000000 bo_bhnd=0x0000000000000000
[DRMSTAT] t=0x0000000000002260 flips_sub=0x000000000000005B flips_del=0x0000000000000058 dirtyfb=0x0000000000000000 clips=0x0000000000000000 flip_us=0x000000000020BC7E dmg_full=0x0000000000000003 dmg_rect=0x0000000000000058 dmg_skip=0x0000000000000000 dmg_px=0x0000000001FE4380 blobs=0x000000000000005C curs_up=0x0000000000000001 curs_mv=0x0000000000000057 atomic=0x000000000000005B atest=0x0000000000000006 cplane=0x00000000000003C0 evpush=0x00000000000001FE bo_dumb=0x0000000000000004 bo_dumbret=0x0000000000000000 bo_blob=0x0000000000000000 bo_bhnd=0x0000000000000000
[DRMSTAT] t=0x0000000000002328 flips_sub=0x000000000000005D flips_del=0x000000000000005A dirtyfb=0x0000000000000000 clips=0x0000000000000000 flip_us=0x0000000000214463 dmg_full=0x0000000000000003 dmg_rect=0x000000000000005A dmg_skip=0x0000000000000000 dmg_px=0x0000000002002380 blobs=0x000000000000005E curs_up=0x0000000000000001 curs_mv=0x0000000000000059 atomic=0x000000000000005D atest=0x0000000000000006 cplane=0x00000000000003D4 evpush=0x00000000000001FE bo_dumb=0x0000000000000004 bo_dumbret=0x0000000000000000 bo_blob=0x0000000000000000 bo_bhnd=0x0000000000000000
[DRMSTAT] t=0x00000000000023F0 flips_sub=0x000000000000005F flips_del=0x000000000000005C dirtyfb=0x0000000000000000 clips=0x0000000000000000 flip_us=0x000000000021D009 dmg_full=0x0000000000000003 dmg_rect=0x000000000000005C dmg_skip=0x0000000000000000 dmg_px=0x0000000002020380 blobs=0x0000000000000060 curs_up=0x0000000000000001 curs_mv=0x000000000000005B atomic=0x000000000000005F atest=0x0000000000000006 cplane=0x00000000000003E8 evpush=0x00000000000001FE bo_dumb=0x0000000000000004 bo_dumbret=0x0000000000000000 bo_blob=0x0000000000000000 bo_bhnd=0x0000000000000000
[DRMSTAT] t=0x00000000000024B8 flips_sub=0x0000000000000061 flips_del=0x000000000000005E dirtyfb=0x0000000000000000 clips=0x0000000000000000 flip_us=0x00000000002264CD dmg_full=0x0000000000000003 dmg_rect=0x000000000000005E dmg_skip=0x0000000000000000 dmg_px=0x000000000203E380 blobs=0x0000000000000062 curs_up=0x0000000000000001 curs_mv=0x000000000000005D atomic=0x0000000000000061 atest=0x0000000000000006 cplane=0x00000000000003FC evpush=0x00000000000001FE bo_dumb=0x0000000000000004 bo_dumbret=0x0000000000000000 bo_blob=0x0000000000000000 bo_bhnd=0x0000000000000000
[DRMSTAT] t=0x0000000000002580 flips_sub=0x0000000000000063 flips_del=0x0000000000000060 dirtyfb=0x0000000000000000 clips=0x0000000000000000 flip_us=0x000000000022ED7C dmg_full=0x0000000000000003 dmg_rect=0x0000000000000060 dmg_skip=0x0000000000000000 dmg_px=0x000000000205C380 blobs=0x0000000000000064 curs_up=0x0000000000000001 curs_mv=0x000000000000005F atomic=0x0000000000000063 atest=0x0000000000000006 cplane=0x0000000000000410 evpush=0x00000000000001FE bo_dumb=0x0000000000000004 bo_dumbret=0x0000000000000000 bo_blob=0x0000000000000000 bo_bhnd=0x0000000000000000
[DRMSTAT] t=0x0000000000002648 flips_sub=0x0000000000000065 flips_del=0x0000000000000062 dirtyfb=0x0000000000000000 clips=0x0000000000000000 flip_us=0x0000000000237F3A dmg_full=0x0000000000000003 dmg_rect=0x0000000000000062 dmg_skip=0x0000000000000000 dmg_px=0x000000000207A380 blobs=0x0000000000000066 curs_up=0x0000000000000001 curs_mv=0x0000000000000061 atomic=0x0000000000000065 atest=0x0000000000000006 cplane=0x0000000000000424 evpush=0x00000000000001FE bo_dumb=0x0000000000000004 bo_dumbret=0x0000000000000000 bo_blob=0x0000000000000000 bo_bhnd=0x0000000000000000
[DRMSTAT] t=0x0000000000002710 flips_sub=0x0000000000000067 flips_del=0x0000000000000064 dirtyfb=0x0000000000000000 clips=0x0000000000000000 flip_us=0x0000000000240790 dmg_full=0x0000000000000003 dmg_rect=0x0000000000000064 dmg_skip=0x0000000000000000 dmg_px=0x0000000002098380 blobs=0x0000000000000068 curs_up=0x0000000000000001 curs_mv=0x0000000000000063 atomic=0x0000000000000067 atest=0x0000000000000006 cplane=0x0000000000000438 evpush=0x00000000000001FE bo_dumb=0x0000000000000004 bo_dumbret=0x0000000000000000 bo_blob=0x0000000000000000 bo_bhnd=0x0000000000000000
[DRMSTAT] t=0x00000000000027D8 flips_sub=0x000000000000006A flips_del=0x0000000000000067 dirtyfb=0x0000000000000000 clips=0x0000000000000000 flip_us=0x000000000024DFA1 dmg_full=0x0000000000000003 dmg_rect=0x0000000000000067 dmg_skip=0x0000000000000000 dmg_px=0x00000000020C5380 blobs=0x000000000000006B curs_up=0x0000000000000001 curs_mv=0x0000000000000066 atomic=0x000000000000006A atest=0x0000000000000006 cplane=0x0000000000000456 evpush=0x00000000000001FE bo_dumb=0x0000000000000004 bo_dumbret=0x0000000000000000 bo_blob=0x0000000000000000 bo_bhnd=0x0000000000000000
M12C: ENDMARK POINTER2
M12C: CAPTURES DONE
M12C: ==== BEGIN evtest2.log ====
open_event1: PASS
EVIOCGNAME_tablet: PASS
EVIOCGBIT_has_EV_ABS: PASS
EVIOCGBIT_ABS_has_XY: PASS
EVIOCGABS_max_32767: PASS
no_INPUT_PROP_DIRECT: PASS
EVIOCSCLOCKID_monotonic: PASS
epoll_idle_no_false_wake: FAIL
evtest2: waiting up to 6s for injected pointer motion...

motion_abs_frame: PASS
motion_ts_monotonic: PASS
motion_events=32
motion_ts_subtick_usec=19
motion_ts_distinct=22
motion_ts_subtick: PASS
--- evtest2 done ---

M12C: ==== END evtest2.log ====
M12C: ==== BEGIN globals.log ====
[WLG] BEGIN pid=115 uid=0 dir=/run/user/0 delay=0 passes=1 interval=0
[WLG] PASS 1/1 sockets=1 [wayland-1]
[WLG] TRY sock=wayland-1 path=/run/user/0/wayland-1
[WLG] OPEN sock=wayland-1
[WLG] G sock=wayland-1 name=53 iface=cosmic_a11y_manager_v1 ver=2
[WLG] G sock=wayland-1 name=3 iface=cosmic_corner_radius_manager_v1 ver=2
[WLG] G sock=wayland-1 name=38 iface=ext_background_effect_manager_v1 ver=1
[WLG] G sock=wayland-1 name=41 iface=ext_data_control_manager_v1 ver=1
[WLG] G sock=wayland-1 name=16 iface=ext_foreign_toplevel_image_capture_source_manager_v1 ver=1
[WLG] G sock=wayland-1 name=49 iface=ext_foreign_toplevel_list_v1 ver=1
[WLG] G sock=wayland-1 name=39 iface=ext_idle_notifier_v1 ver=2
[WLG] G sock=wayland-1 name=17 iface=ext_image_copy_capture_manager_v1 ver=1
[WLG] G sock=wayland-1 name=15 iface=ext_output_image_capture_source_manager_v1 ver=1
[WLG] G sock=wayland-1 name=23 iface=ext_session_lock_manager_v1 ver=1
[WLG] G sock=wayland-1 name=51 iface=ext_workspace_manager_v1 ver=1
[WLG] G sock=wayland-1 name=21 iface=org_kde_kwin_server_decoration_manager ver=1
[WLG] G sock=wayland-1 name=1 iface=wl_compositor ver=5
[WLG] G sock=wayland-1 name=4 iface=wl_data_device_manager ver=3
[WLG] G sock=wayland-1 name=36 iface=wl_fixes ver=1
[WLG] G sock=wayland-1 name=55 iface=wl_output ver=4
[WLG] G sock=wayland-1 name=56 iface=wl_seat ver=9
[WLG] G sock=wayland-1 name=18 iface=wl_shm ver=2
[WLG] G sock=wayland-1 name=2 iface=wl_subcompositor ver=1
[WLG] G sock=wayland-1 name=34 iface=wp_alpha_modifier_v1 ver=1
[WLG] G sock=wayland-1 name=19 iface=wp_cursor_shape_manager_v1 ver=2
[WLG] G sock=wayland-1 name=5 iface=wp_fractional_scale_manager_v1 ver=1
[WLG] G sock=wayland-1 name=27 iface=wp_pointer_warp_v1 ver=1
[WLG] G sock=wayland-1 name=12 iface=wp_presentation ver=2
[WLG] G sock=wayland-1 name=30 iface=wp_security_context_manager_v1 ver=1
[WLG] G sock=wayland-1 name=35 iface=wp_single_pixel_buffer_manager_v1 ver=1
[WLG] G sock=wayland-1 name=20 iface=wp_viewporter ver=1
[WLG] G sock=wayland-1 name=45 iface=xdg_activation_v1 ver=1
[WLG] G sock=wayland-1 name=44 iface=xdg_wm_base ver=7
[WLG] G sock=wayland-1 name=37 iface=zcosmic_keyboard_layout_manager_v1 ver=1
[WLG] G sock=wayland-1 name=9 iface=zcosmic_output_manager_v1 ver=3
[WLG] G sock=wayland-1 name=11 iface=zcosmic_overlap_notify_v1 ver=1
[WLG] G sock=wayland-1 name=48 iface=zcosmic_toplevel_info_v1 ver=3
[WLG] G sock=wayland-1 name=50 iface=zcosmic_toplevel_manager_v1 ver=4
[WLG] G sock=wayland-1 name=14 iface=zcosmic_workspace_image_capture_source_manager_v1 ver=1
[WLG] G sock=wayland-1 name=52 iface=zcosmic_workspace_manager_v2 ver=2
[WLG] G sock=wayland-1 name=42 iface=zwlr_data_control_manager_v1 ver=2
[WLG] G sock=wayland-1 name=43 iface=zwlr_layer_shell_v1 ver=5
[WLG] G sock=wayland-1 name=8 iface=zwlr_output_manager_v1 ver=4
[WLG] G sock=wayland-1 name=10 iface=zwlr_output_power_manager_v1 ver=1
[WLG] G sock=wayland-1 name=40 iface=zwp_idle_inhibit_manager_v1 ver=1
[WLG] G sock=wayland-1 name=31 iface=zwp_input_method_manager_v2 ver=1
[WLG] G sock=wayland-1 name=6 iface=zwp_keyboard_shortcuts_inhibit_manager_v1 ver=1
[WLG] G sock=wayland-1 name=26 iface=zwp_pointer_constraints_v1 ver=1
[WLG] G sock=wayland-1 name=28 iface=zwp_pointer_gestures_v1 ver=3
[WLG] G sock=wayland-1 name=13 iface=zwp_primary_selection_device_manager_v1 ver=1
[WLG] G sock=wayland-1 name=54 iface=zwp_relative_pointer_manager_v1 ver=1
[WLG] G sock=wayland-1 name=29 iface=zwp_tablet_manager_v2 ver=1
[WLG] G sock=wayland-1 name=32 iface=zwp_text_input_manager_v3 ver=1
[WLG] G sock=wayland-1 name=33 iface=zwp_virtual_keyboard_manager_v1 ver=1
[WLG] G sock=wayland-1 name=22 iface=zxdg_decoration_manager_v1 ver=1
[WLG] G sock=wayland-1 name=46 iface=zxdg_exporter_v2 ver=1
[WLG] G sock=wayland-1 name=47 iface=zxdg_importer_v2 ver=1
[WLG] G sock=wayland-1 name=7 iface=zxdg_output_manager_v1 ver=3
[WLG] COUNT sock=wayland-1 n=54
[WLG] MATCH sock=wayland-1 wl_compositor=1 wl_shm=1 wl_seat=1 xdg_wm_base=1 zwlr_layer_shell_v1=1 wl_output=1 zwp_linux_dmabuf_v1=0 wl_drm=0
[WLG] PASSEND 1/1
[WLG] END
M12C: ==== END globals.log ====
M12C: ==== BEGIN cosmic.log ====
[2m1970-01-01T00:00:06.229406Z[0m [33m WARN[0m [2mbusd::peers[0m[2m:[0m unknown destination: com.system76[2m1970-01-0[2m1970-01-01T00:00:07.333324Z[0m [33m WARN[0m [2mbusd::peers[0m[2m:[0m unknown destination: org.a11y.Bus
[2m1970-01-01T00:00:07.558463Z[0m [33m WARN[0m [2mbusd::peers[0m[2m:[0m unknown destination: com.system76.CosmicAppLibrary
[2m1970-01-01T00:00:07.558542Z[0m [33m WARN[0m [2mbusd::peers[0m[2m:[0m unknown destination: com.system76.CosmicOnScreenDisplay
[2m1970-01-01T00:00:07.715540Z[0m [33m WARN[0m [2mbusd::peers[0m[2m:[0m unknown destination: com.system76.CosmicWorkspaces
[2m1970-01-01T00:00:07.733201Z[0m [33m WARN[0m [2mbusd::peers[0m[2m:[0m unknown destination: com.system76.CosmicLauncher
[2m1970-01-01T00:00:07.826159Z[0m [33m WARN[0m [2mbusd::peers[0m[2m:[0m unknown destination: org.freedesktop.UPower
[2m1970-01-01T00:00:08.135232Z[0m [33m WARN[0m [2mbusd::peers[0m[2m:[0m unknown destination: org.freedesktop.locale1
[2m1970-01-01T00:00:09.269332Z[0m [33m WARN[0m [2mbusd::peers[0m[2m:[0m unknown destination: org.freedesktop.timedate1
 [2mcosmic_session[0m[2m:[0m  \x1b[1;38;5;21m|\x1b[0m `smithay::backend::libinput=debug` would enable the DEBUG level for the `smithay::backend::libinput` target
[2m1970-01-01T00:00:07.522465Z[0m [33m WARN[0m [2mcosmic_session[0m[2m:[0m  \x1b[1;38;5;21m|\x1b[0m `smithay::backend::udev=debug` would enable the DEBUG level for the `smithay::backend::udev` target
[2m1970-01-01T00:00:07.522479Z[0m [33m WARN[0m [2mcosmic_session[0m[2m:[0m  \x1b[1;38;5;21m|\x1b[0m `smithay::backend::session=debug` would enable the DEBUG level for the `smithay::backend::session` target
[2m1970-01-01T00:00:07.522491Z[0m [33m WARN[0m [2mcosmic_session[0m[2m:[0m  \x1b[1;38;5;21m|\x1b[0m `smithay::backend::input=debug` would enable the DEBUG level for the `smithay::backend::input` target
[2m1970-01-01T00:00:07.522503Z[0m [33m WARN[0m [2mcosmic_session[0m[2m:[0m  \x1b[1;38;5;21m=\x1b[0m \x1b[1mnote:\x1b[0m the static max level is `info`
[2m1970-01-01T00:00:07.522515Z[0m [33m WARN[0m [2mcosmic_session[0m[2m:[0m  \x1b[1;38;5;21m=\x1b[0m \x1b[1mhelp:\x1b[0m to enable DEBUG logging, remove the `max_level_info` feature from the `tracing` crate
[2m1970-01-01T00:00:07.561962Z[0m [33m WARN[0m [2mcosmic_session::notifications[0m[2m:[0m xkbcommon: ERROR: couldn't find a Compose file for locale "C" (mapped to "C")
[2m1970-01-01T00:00:07.561983Z[0m [33m WARN[0m [2mcosmic_session[0m[2m:[0m [1970-01-01T00:00:07Z ERROR cosmic_settings_config::shortcuts] failed to read system shortcuts config 'system_actions': NoConfigDirectory
[2m1970-01-01T00:00:07.561996Z[0m [33m WARN[0m [2mcosmic_session[0m[2m:[0m [1970-01-01T00:00:07Z ERROR cosmic_settings_config::shortcuts] failed to read local shortcuts config 'system_actions': NoConfigDirectory
[2m1970-01-01T00:00:07.918993Z[0m [33m WARN[0m [2mcosmic_session::notifications[0m[2m:[0m xkbcommon: ERROR: couldn't find a Compose file for locale "C" (mapped to "C")
[2m1970-01-01T00:00:07.919693Z[0m [33m WARN[0m [2mcosmic_session::notifications[0m[2m:[0m xkbcommon: ERROR: couldn't find a Compose file for locale "C" (mapped to "C")
[2m1970-01-01T00:00:08.155606Z[0m [33m WARN[0m [2mcosmic_session[0m[2m:[0m   \x1b[33m WARN\x1b[0m  \x1b[33mfailed to locate desktop directory, falling back to /root/Desktop\x1b[0m
[2m1970-01-01T00:00:08.155627Z[0m [33m WARN[0m [2mcosmic_session[0m[2m:[0m     \x1b[2;3mat\x1b[0m src/lib.rs:50 \x1b[2;3mon\x1b[0m main
[2m1970-01-01T00:00:08.155640Z[0m [33m WARN[0m [2mcosmic_session[0m[2m:[0m 
[2m1970-01-01T00:00:08.181030Z[0m [33m WARN[0m [2mcosmic_session[0m[2m:[0m   \x1b[33m WARN\x1b[0m  \x1b[33mfailed to get system locale, falling back to en-US\x1b[0m
[2m1970-01-01T00:00:08.181047Z[0m [33m WARN[0m [2mcosmic_session[0m[2m:[0m     \x1b[2;3mat\x1b[0m /Users/forain/.cargo/registry/src/index.crates.io-1949cf8c6b5b557f/cosmic-text-0.19.0/src/font/system.rs:423 \x1b[2;3mon\x1b[0m main
[2m1970-01-01T00:00:08.181060Z[0m [33m WARN[0m [2mcosmic_session[0m[2m:[0m 
[2m1970-01-01T00:00:08.181926Z[0m [33m WARN[0m [2mcosmic_session[0m[2m:[0m   \x1b[33m WARN\x1b[0m  \x1b[33mFallback to loading from known font dir paths.\x1b[0m
[2m1970-01-01T00:00:08.181939Z[0m [33m WARN[0m [2mcosmic_session[0m[2m:[0m     \x1b[2;3mat\x1b[0m /Users/forain/.cargo/registry/src/index.crates.io-1949cf8c6b5b557f/fontdb-0.23.0/src/lib.rs:466 \x1b[2;3mon\x1b[0m main
[2m1970-01-01T00:00:08.181951Z[0m [33m WARN[0m [2mcosmic_session[0m[2m:[0m 
[2m1970-01-01T00:00:08.298646Z[0m [33m WARN[0m [2mcosmic_session[0m[2m:[0m xkbcommon: ERROR: couldn't find a Compose file for locale "C" (mapped to "C")
[2m1970-01-01T00:00:08.852667Z[0m [33m WARN[0m [2mcosmic_session[0m[2m:[0m xkbcommon: ERROR: couldn't find a Compose file for locale "C" (mapped to "C")
[2m1970-01-01T00:00:09.306180Z[0m [33m WARN[0m [2mcosmic_session[0m[2m:[0m xkbcommon: ERROR: couldn't find a Compose file for locale "C" (mapped to "C")
[2m1970-01-01T00:00:09.307946Z[0m [33m WARN[0m [2mcosmic_session[0m[2m:[0m xkbcommon: ERROR: couldn't find a Compose file for locale "C" (mapped to "C")
[2m1970-01-01T00:00:10.285078Z[0m [33m WARN[0m [2mcosmic_session::notifications[0m[2m:[0m xkbcommon: ERROR: couldn't find a Compose file for locale "C" (mapped to "C")
[2m1970-01-01T00:00:11.000160Z[0m [33m WARN[0m [2mcosmic_session[0m[2m:[0m   \x1b[33m WARN\x1b[0m  \x1b[33mNo valid locale found in environment, using fallback\x1b[0m
[2m1970-01-01T00:00:11.000183Z[0m [33m WARN[0m [2mcosmic_session[0m[2m:[0m     \x1b[2;3mat\x1b[0m src/localize.rs:69 \x1b[2;3mon\x1b[0m main
[2m1970-01-01T00:00:11.000200Z[0m [33m WARN[0m [2mcosmic_session[0m[2m:[0m 
[2m1970-01-01T00:00:11.011181Z[0m [33m WARN[0m [2mcosmic_session[0m[2m:[0m   \x1b[33m WARN\x1b[0m  \x1b[33mfailed to read directory /root/Desktop: No such file or directory (os error 2)\x1b[0m
[2m1970-01-01T00:00:11.011203Z[0m [33m WARN[0m [2mcosmic_session[0m[2m:[0m     \x1b[2;3mat\x1b[0m src/tab.rs:1086 \x1b[2;3mon\x1b[0m tokio-rt-worker
[2m1970-01-01T00:00:11.011216Z[0m [33m WARN[0m [2mcosmic_session[0m[2m:[0m 
[2m1970-01-01T00:00:11.011233Z[0m [33m WARN[0m [2mcosmic_session[0m[2m:[0m   \x1b[33m WARN\x1b[0m  \x1b[33mfailed to get item for /root/Desktop: failed to read metadata for /root/Desktop: No such file or directory (os error 2)\x1b[0m
[2m1970-01-01T00:00:11.011246Z[0m [33m WARN[0m [2mcosmic_session[0m[2m:[0m     \x1b[2;3mat\x1b[0m src/tab.rs:1611 \x1b[2;3mon\x1b[0m tokio-rt-worker
[2m1970-01-01T00:00:11.011258Z[0m [33m WARN[0m [2mcosmic_session[0m[2m:[0m 
[2m1970-01-01T00:00:11.052059Z[0m [33m WARN[0m [2mcosmic_session[0m[2m:[0m xkbcommon: ERROR: couldn't find a Compose file for locale "C" (mapped to "C")
[2m1970-01-01T00:00:11.052848Z[0m [33m WARN[0m [2mcosmic_session[0m[2m:[0m xkbcommon: ERROR: couldn't find a Compose file for locale "C" (mapped to "C")
[2m1970-01-01T00:00:11.061106Z[0m [33m WARN[0m [2mcosmic_session[0m[2m:[0m   \x1b[33m WARN\x1b[0m  \x1b[33mcould not find any valid trash bins to watch: Unknown { description: "The 'home trash' either does not exist or is not a directory (or a link pointing to a dir)" }\x1b[0m
[2m1970-01-01T00:00:11.061123Z[0m [33m WARN[0m [2mcosmic_session[0m[2m:[0m     \x1b[2;3mat\x1b[0m src/app.rs:6864 \x1b[2;3mon\x1b[0m tokio-rt-worker
[2m1970-01-01T00:00:11.061136Z[0m [33m WARN[0m [2mcosmic_session[0m[2m:[0m 
[2m1970-01-01T00:00:11.239936Z[0m [33m WARN[0m [2mcosmic_session[0m[2m:[0m   \x1b[33m WARN\x1b[0m  \x1b[33mfailed to locate desktop directory, falling back to /root/Desktop\x1b[0m
[2m1970-01-01T00:00:11.239958Z[0m [33m WARN[0m [2mcosmic_session[0m[2m:[0m     \x1b[2;3mat\x1b[0m src/lib.rs:50 \x1b[2;3mon\x1b[0m main
[2m1970-01-01T00:00:11.239971Z[0m [33m WARN[0m [2mcosmic_session[0m[2m:[0m 
[2m1970-01-01T00:00:11.242336Z[0m [33m WARN[0m [2mcosmic_session[0m[2m:[0m   \x1b[33m WARN\x1b[0m  \x1b[33mfailed to read directory /root/Desktop: No such file or directory (os error 2)\x1b[0m
[2m1970-01-01T00:00:11.242351Z[0m [33m WARN[0m [2mcosmic_session[0m[2m:[0m     \x1b[2;3mat\x1b[0m src/tab.rs:1086 \x1b[2;3mon\x1b[0m tokio-rt-worker
[2m1970-01-01T00:00:11.242363Z[0m [33m WARN[0m [2mcosmic_session[0m[2m:[0m 
[2m1970-01-01T00:00:11.242376Z[0m [33m WARN[0m [2mcosmic_session[0m[2m:[0m   \x1b[33m WARN\x1b[0m  \x1b[33mfailed to get item for /root/Desktop: failed to read metadata for /root/Desktop: No such file or directory (os error 2)\x1b[0m
[2m1970-01-01T00:00:11.242389Z[0m [33m WARN[0m [2mcosmic_session[0m[2m:[0m     \x1b[2;3mat\x1b[0m src/tab.rs:1611 \x1b[2;3mon\x1b[0m tokio-rt-worker
[2m1970-01-01T00:00:11.242401Z[0m [33m WARN[0m [2mcosmic_session[0m[2m:[0m 
[2m1970-01-01T00:00:11.242738Z[0m [33m WARN[0m [2mcosmic_session[0m[2m:[0m   \x1b[31mERROR\x1b[0m  \x1b[31mOverlap notify subscription cannot be created for surface. No matching layer surface found.\x1b[0m
[2m1970-01-01T00:00:11.242751Z[0m [33m WARN[0m [2mcosmic_session[0m[2m:[0m     \x1b[2;3mat\x1b[0m /Users/forain/.cargo/git/checkouts/libcosmic-41009aea1d72760b/96a8204/iced/winit/src/platform_specific/wayland/event_loop/state.rs:1678 \x1b[2;3mon\x1b[0m 
[2m1970-01-01T00:00:11.242769Z[0m [33m WARN[0m [2mcosmic_session[0m[2m:[0m 
M12C: ==== END cosmic.log ====
M12C: DONE
[?2004h[0m[?25l[1;1H[J[39mbrush-0.5# [38;5;14m[38;5;5m[0m[0m78[?25h