==== m11 atomic console-yield x86_64 tag=control mode=full Fri Aug  7 14:36:06 2026 ====
  [src md5] 6762a83101c41df88c2a7ff65c35a07d  drivers/src/drm_device_interface.rs
  [src md5] 697831b53773780bcd9c21937612ef0c  drivers/src/framebuffer.rs
  [src md5] 71e9e7696595649218eae632c0707dda  userland/drmsmoke/src/main.rs
#### BOOT 1 ####
  [POSITIVE CONTROL] harness reports failure = True
  [boot] 1920x1080 md5=d48e12e0519f6bd7f1c1891a632bc0d1 distinct_colours=3 total=2073600
      #000000 = 2028763
      #ffffff = 44694
      #cd0000 = 143
      0xff0000=0  0x181818=0
  [vfstest] PASS=36 FAIL=0
      | ATOMIC_TEST_ONLY_NO_PRESENT: PASS
      | ATOMIC_COMMIT: PASS
      | ATOMIC fnv_test_only=12873414503588650501
      | ATOMIC fnv_after_commit=1505488377492965669
      | ATOMIC_PRESENTS_PIXELS: PASS
      | CONSOLE_YIELDS_TO_ATOMIC bytes_before=8294400
      | CONSOLE_YIELDS_TO_ATOMIC bytes_after=8294400
      | CONSOLE_YIELDS_TO_ATOMIC fnv_before=1505488377492965669
      | CONSOLE_YIELDS_TO_ATOMIC fnv_after=1505488377492965669
      | CONSOLE_YIELDS_TO_ATOMIC: PASS
      | SETCRTC: PASS
      | FB0_SHOWS_SCANOUT: PASS
      | CONSOLE_YIELDS bytes_before=8294400
      | CONSOLE_YIELDS bytes_after=8294400
      | CONSOLE_YIELDS fnv_before=617618239335486853
      | CONSOLE_YIELDS fnv_after=617618239335486853
      | CONSOLE_YIELDS_TO_SCANOUT: PASS
      | --- drmsmoke done ---
  [drmsmoke] PASS=29 FAIL=0
  [guards]   ATOMIC_TEST_ONLY_NO_PRESENT=PASS  ATOMIC_COMMIT=PASS  ATOMIC_PRESENTS_PIXELS=PASS  CONSOLE_YIELDS_TO_ATOMIC=PASS  FB0_SHOWS_SCANOUT=PASS  CONSOLE_YIELDS_TO_SCANOUT=PASS
  [after-drmsmoke] 1920x1080 md5=ff004561506ac85ed6a733bacb04bd26 distinct_colours=2 total=2073600
      #000000 = 2072339
      #ffffff = 1261
      0xff0000=0  0x181818=0
  [scmtest] PASS=32 FAIL=0
  [forktest] PASS=3 FAIL=0
  [epolltest] PASS=10 FAIL=0
  [polltest] PASS=6 FAIL=0
  [waittest] PASS=5 FAIL=0
  [sigtest] PASS=6 FAIL=0
  [timertest] PASS=6 FAIL=0
  [memtest] PASS=4 FAIL=0
      | ATOMIC_TEST_ONLY_NO_PRESENT: PASS
      | ATOMIC_COMMIT: PASS
      | ATOMIC fnv_test_only=6521264103872818789
      | ATOMIC fnv_after_commit=1505488377492965669
      | ATOMIC_PRESENTS_PIXELS: PASS
      | CONSOLE_YIELDS_TO_ATOMIC bytes_before=8294400
      | CONSOLE_YIELDS_TO_ATOMIC bytes_after=8294400
      | CONSOLE_YIELDS_TO_ATOMIC fnv_before=1505488377492965669
      | CONSOLE_YIELDS_TO_ATOMIC fnv_after=1505488377492965669
      | CONSOLE_YIELDS_TO_ATOMIC: PASS
      | FB0_SHOWS_SCANOUT: PASS
      | CONSOLE_YIELDS bytes_before=8294400
      | CONSOLE_YIELDS bytes_after=8294400
      | CONSOLE_YIELDS fnv_before=617618239335486853
      | CONSOLE_YIELDS fnv_after=617618239335486853
      | CONSOLE_YIELDS_TO_SCANOUT: PASS
      | DRMSMOKE: HOLD READY
  [hold guards] ATOMIC_TEST_ONLY_NO_PRESENT=PASS  ATOMIC_COMMIT=PASS  ATOMIC_PRESENTS_PIXELS=PASS  CONSOLE_YIELDS_TO_ATOMIC=PASS  FB0_SHOWS_SCANOUT=PASS  CONSOLE_YIELDS_TO_SCANOUT=PASS
  [hold] 1920x1080 md5=ee06ccaab693b6631112fd2716c623f3 distinct_colours=2 total=2073600
      #181818 = 2008064
      #ff0000 = 65536
      0xff0000=65536  0x181818=2008064
==== SUMMARY ====
  tag=control arch=x86_64
  src md5 6762a83101c41df88c2a7ff65c35a07d  drivers/src/drm_device_interface.rs
  src md5 697831b53773780bcd9c21937612ef0c  drivers/src/framebuffer.rs
  src md5 71e9e7696595649218eae632c0707dda  userland/drmsmoke/src/main.rs
  positive control reported failing: True
  guard ATOMIC_TEST_ONLY_NO_PRESENT    = PASS
  guard ATOMIC_COMMIT                  = PASS
  guard ATOMIC_PRESENTS_PIXELS         = PASS
  guard CONSOLE_YIELDS_TO_ATOMIC       = PASS
  guard FB0_SHOWS_SCANOUT              = PASS
  guard CONSOLE_YIELDS_TO_SCANOUT      = PASS
  hold screendump md5 = ee06ccaab693b6631112fd2716c623f3
  scmtest        PASS= 32 FAIL=  0
  forktest       PASS=  3 FAIL=  0
  epolltest      PASS= 10 FAIL=  0
  polltest       PASS=  6 FAIL=  0
  waittest       PASS=  5 FAIL=  0
  sigtest        PASS=  6 FAIL=  0
  timertest      PASS=  6 FAIL=  0
  memtest        PASS=  4 FAIL=  0
==== m11 DONE ====
