==== m11 atomic console-yield aarch64 tag=mutC-reclaim-unscoped mode=quick Fri Aug  7 14:58:18 2026 ====
  [src md5] 6762a83101c41df88c2a7ff65c35a07d  drivers/src/drm_device_interface.rs
  [src md5] 8354042fed062c61f7f005987d695cca  drivers/src/framebuffer.rs
  [src md5] 71e9e7696595649218eae632c0707dda  userland/drmsmoke/src/main.rs
#### BOOT 1 ####
  [POSITIVE CONTROL] harness reports failure = True
  [boot] 1280x800 md5=1b87965f19979ce953b534985fa083be distinct_colours=3 total=1024000
      #000000 = 983007
      #ffffff = 40850
      #cd0000 = 143
      0xff0000=0  0x181818=0
      | ATOMIC_TEST_ONLY_NO_PRESENT: PASS
      | ATOMIC_COMMIT: PASS
      | ATOMIC fnv_test_only=13892881738740029113
      | ATOMIC fnv_after_commit=6277992429985415973
      | ATOMIC_PRESENTS_PIXELS: PASS
      | CONSOLE_YIELDS_TO_ATOMIC bytes_before=4096000
      | CONSOLE_YIELDS_TO_ATOMIC bytes_after=4096000
      | CONSOLE_YIELDS_TO_ATOMIC fnv_before=6277992429985415973
      | CONSOLE_YIELDS_TO_ATOMIC fnv_after=2373313276106322956
      | CONSOLE_YIELDS_TO_ATOMIC: FAIL the scanout changed after an ATOMIC-only present -- the console was never claimed from the atomic path, or an unrelated card0 close handed it back
      | CONSOLE_YIELDS_TO_ATOMIC: FAIL
      | SETCRTC: PASS
      | FB0_SHOWS_SCANOUT: PASS
      | CONSOLE_YIELDS bytes_before=4096000
      | CONSOLE_YIELDS bytes_after=4096000
      | CONSOLE_YIELDS fnv_before=12209877486060206593
      | CONSOLE_YIELDS fnv_after=2373313276106322956
      | CONSOLE_YIELDS_TO_SCANOUT: FAIL the scanout changed while a DRM master held it -- the fb console painted or scrolled over it
      | CONSOLE_YIELDS_TO_SCANOUT: FAIL
      | --- drmsmoke done ---
  [drmsmoke] PASS=27 FAIL=4
  [guards]   ATOMIC_TEST_ONLY_NO_PRESENT=PASS  ATOMIC_COMMIT=PASS  ATOMIC_PRESENTS_PIXELS=PASS  CONSOLE_YIELDS_TO_ATOMIC=FAIL  FB0_SHOWS_SCANOUT=PASS  CONSOLE_YIELDS_TO_SCANOUT=FAIL
  [after-drmsmoke] 1280x800 md5=675b077353f4e4985d2aa52873401574 distinct_colours=2 total=1024000
      #000000 = 1022739
      #ffffff = 1261
      0xff0000=0  0x181818=0
      | ATOMIC_TEST_ONLY_NO_PRESENT: PASS
      | ATOMIC_COMMIT: PASS
      | ATOMIC fnv_test_only=2410234380941681100
      | ATOMIC fnv_after_commit=6277992429985415973
      | ATOMIC_PRESENTS_PIXELS: PASS
      | CONSOLE_YIELDS_TO_ATOMIC bytes_before=4096000
      | CONSOLE_YIELDS_TO_ATOMIC bytes_after=4096000
      | CONSOLE_YIELDS_TO_ATOMIC fnv_before=6277992429985415973
      | CONSOLE_YIELDS_TO_ATOMIC fnv_after=2373313276106322956
      | CONSOLE_YIELDS_TO_ATOMIC: FAIL the scanout changed after an ATOMIC-only present -- the console was never claimed from the atomic path, or an unrelated card0 close handed it back
      | CONSOLE_YIELDS_TO_ATOMIC: FAIL
      | FB0_SHOWS_SCANOUT: PASS
      | CONSOLE_YIELDS bytes_before=4096000
      | CONSOLE_YIELDS bytes_after=4096000
      | CONSOLE_YIELDS fnv_before=12209877486060206593
      | CONSOLE_YIELDS fnv_after=2373313276106322956
      | CONSOLE_YIELDS_TO_SCANOUT: FAIL the scanout changed while a DRM master held it -- the fb console painted or scrolled over it
      | CONSOLE_YIELDS_TO_SCANOUT: FAIL
      | DRMSMOKE: HOLD READY
  [hold guards] ATOMIC_TEST_ONLY_NO_PRESENT=PASS  ATOMIC_COMMIT=PASS  ATOMIC_PRESENTS_PIXELS=PASS  CONSOLE_YIELDS_TO_ATOMIC=FAIL  FB0_SHOWS_SCANOUT=PASS  CONSOLE_YIELDS_TO_SCANOUT=FAIL
  [hold] 1280x800 md5=df39bf91f37d92164997f4992b7eb9b7 distinct_colours=2 total=1024000
      #181818 = 958464
      #ff0000 = 65536
      0xff0000=65536  0x181818=958464
==== SUMMARY ====
  tag=mutC-reclaim-unscoped arch=aarch64
  src md5 6762a83101c41df88c2a7ff65c35a07d  drivers/src/drm_device_interface.rs
  src md5 8354042fed062c61f7f005987d695cca  drivers/src/framebuffer.rs
  src md5 71e9e7696595649218eae632c0707dda  userland/drmsmoke/src/main.rs
  positive control reported failing: True
  guard ATOMIC_TEST_ONLY_NO_PRESENT    = PASS
  guard ATOMIC_COMMIT                  = PASS
  guard ATOMIC_PRESENTS_PIXELS         = PASS
  guard CONSOLE_YIELDS_TO_ATOMIC       = FAIL
  guard FB0_SHOWS_SCANOUT              = PASS
  guard CONSOLE_YIELDS_TO_SCANOUT      = FAIL
  hold screendump md5 = df39bf91f37d92164997f4992b7eb9b7
==== m11 DONE ====
