[0m[?25l[48;1H[J[39mbrush-0.5# [38;5;14m[38;5;5m[0m[0mnosuchbi78[?25h[0m[?25l[48;1H[J[39mbrush-0.5# [38;5;14m[38;5;5m[0m[0mnosuchbinary_xyz4278[?25h
[?2004l[31merror:[39m command not found: nosuchbinary_xyz42
[?2004h[0m[?25l[50;1H[J[39mbrush-0.5# [38;5;14m[38;5;5m[0m[0m78[?25h[0m[?25l[50;1H[J[39mbrush-0.5# [38;5;14m[38;5;5m[0m[0mbrush /bin/m14-input78[?25h
[?2004lM14: BEGIN
M14: ==== BEGIN inputconfig ====
M14: dir /root/.config/cosmic/com.system76.CosmicComp/v1
ls: cannot access '/root/.config/cosmic/com.system76.CosmicComp/v1': No such file or directory
M14: --- /root/.config/cosmic/com.system76.CosmicComp/v1/input_devices
cat: /root/.config/cosmic/com.system76.CosmicComp/v1/input_devices: No such file or directory
M14: --- /root/.config/cosmic/com.system76.CosmicComp/v1/input_default
cat: /root/.config/cosmic/com.system76.CosmicComp/v1/input_default: No such file or directory
M14: --- /root/.config/cosmic/com.system76.CosmicComp/v1/input_touchpad
cat: /root/.config/cosmic/com.system76.CosmicComp/v1/input_touchpad: No such file or directory
M14: --- /root/.config/cosmic/com.system76.CosmicComp/v1/input_touchpad_override
cat: /root/.config/cosmic/com.system76.CosmicComp/v1/input_touchpad_override: No such file or directory
M14: dir /usr/share/cosmic/com.system76.CosmicComp/v1
ls: cannot access '/usr/share/cosmic/com.system76.CosmicComp/v1': No such file or directory
M14: --- /usr/share/cosmic/com.system76.CosmicComp/v1/input_devices
cat: /usr/share/cosmic/com.system76.CosmicComp/v1/input_devices: No such file or directory
M14: --- /usr/share/cosmic/com.system76.CosmicComp/v1/input_default
cat: /usr/share/cosmic/com.system76.CosmicComp/v1/input_default: No such file or directory
[EVSTAT] t=0xc8 dev=0x0 push=0x64 drop=0x0 depth=0x0 reads=0x0 eagain=0x0 deliv=0x0 polls=0x0 pollin=0x0 ioctls=0x0 enotty=0x0 lastnr=0x0 conspop=0x64 rpid=0x0 ipid=0x0
[EVSTAT] t=0xc8 dev=0x1 push=0x0 drop=0x0 depth=0x0 reads=0x0 eagain=0x0 deliv=0x0 polls=0x0 pollin=0x0 ioctls=0x0 enotty=0x0 lastnr=0x0 conspop=0x0 rpid=0x0 ipid=0x0
M14: --- /usr/share/cosmic/com.system76.CosmicComp/v1/input_touchpad
[EVSTAT] t=0x190 dev=0x0 push=0x64 drop=0x0 depth=0x0 reads=0x0 eagain=0x0 deliv=0x0 polls=0x0 pollin=0x0 ioctls=0x0 enotty=0x0 lastnr=0x0 conspop=0x64 rpid=0x0 ipid=0x0
[EVSTAT] t=0x190 dev=0x1 push=0x0 drop=0x0 depth=0x0 reads=0x0 eagain=0x0 deliv=0x0 polls=0x0 pollin=0x0 ioctls=0x0 enotty=0x0 lastnr=0x0 conspop=0x0 rpid=0x0 ipid=0x0
cat: /usr/share/cosmic/com.system76.CosmicComp/v1/input_touchpad: No such file or directory
M14: --- /usr/share/cosmic/com.system76.CosmicComp/v1/input_touchpad_override
[EVSTAT] t=0x258 dev=0x0 push=0x64 drop=0x0 depth=0x0 reads=0x0 eagain=0x0 deliv=0x0 polls=0x0 pollin=0x0 ioctls=0x0 enotty=0x0 lastnr=0x0 conspop=0x64 rpid=0x0 ipid=0x0
[EVSTAT] t=0x258 dev=0x1 push=0x0 drop=0x0 depth=0x0 reads=0x0 eagain=0x0 deliv=0x0 polls=0x0 pollin=0x0 ioctls=0x0 enotty=0x0 lastnr=0x0 conspop=0x0 rpid=0x0 ipid=0x0
cat: /usr/share/cosmic/com.system76.CosmicComp/v1/input_touchpad_override: No such file or directory
[EVSTAT] t=0x320 dev=0x0 push=0x64 drop=0x0 depth=0x0 reads=0x0 eagain=0x0 deliv=0x0 polls=0x0 pollin=0x0 ioctls=0x0 enotty=0x0 lastnr=0x0 conspop=0x64 rpid=0x0 ipid=0x0
[EVSTAT] t=0x320 dev=0x1 push=0x0 drop=0x0 depth=0x0 reads=0x0 eagain=0x0 deliv=0x0 polls=0x0 pollin=0x0 ioctls=0x0 enotty=0x0 lastnr=0x0 conspop=0x0 rpid=0x0 ipid=0x0
M14: ==== END inputconfig ====
M14: ==== BEGIN shims ====
ls: cannot access '/usr/lib/libudev.so.1.0.0': No such file or directory
[EVSTAT] t=0x3e8 dev=0x0 push=0x64 drop=0x0 depth=0x0 reads=0x0 eagain=0x0 deliv=0x0 polls=0x0 pollin=0x0 ioctls=0x0 enotty=0x0 lastnr=0x0 conspop=0x64 rpid=0x0 ipid=0x0
[EVSTAT] t=0x3e8 dev=0x1 push=0x0 drop=0x0 depth=0x0 reads=0x0 eagain=0x0 deliv=0x0 polls=0x0 pollin=0x0 ioctls=0x0 enotty=0x0 lastnr=0x0 conspop=0x0 rpid=0x0 ipid=0x0
ls: cannot access '/usr/lib/libseat.so.1.0.0': No such file or directory
-rwxr-xr-x 1 root root 1092288 Jan  1 00:00 /bin/wlinput
[EVSTAT] t=0x4b0 dev=0x0 push=0x64 drop=0x0 depth=0x0 reads=0x0 eagain=0x0 deliv=0x0 polls=0x0 pollin=0x0 ioctls=0x0 enotty=0x0 lastnr=0x0 conspop=0x64 rpid=0x0 ipid=0x0
[EVSTAT] t=0x4b0 dev=0x1 push=0x0 drop=0x0 depth=0x0 reads=0x0 eagain=0x0 deliv=0x0 polls=0x0 pollin=0x0 ioctls=0x0 enotty=0x0 lastnr=0x0 conspop=0x0 rpid=0x0 ipid=0x0
M14: ==== END shims ====
[EVSTAT] t=0x578 dev=0x0 push=0x64 drop=0x0 depth=0x0 reads=0x0 eagain=0x0 deliv=0x0 polls=0x0 pollin=0x0 ioctls=0x0 enotty=0x0 lastnr=0x0 conspop=0x64 rpid=0x0 ipid=0x0
[EVSTAT] t=0x578 dev=0x1 push=0x0 drop=0x0 depth=0x0 reads=0x0 eagain=0x0 deliv=0x0 polls=0x0 pollin=0x0 ioctls=0x0 enotty=0x0 lastnr=0x0 conspop=0x0 rpid=0x0 ipid=0x0
M14: wayland-1 after 1s
[EVSTAT] t=0x640 dev=0x0 push=0x64 drop=0x0 depth=0x0 reads=0x0 eagain=0x0 deliv=0x0 polls=0x0 pollin=0x0 ioctls=0x0 enotty=0x0 lastnr=0x0 conspop=0x64 rpid=0x0 ipid=0x0
[EVSTAT] t=0x640 dev=0x1 push=0x0 drop=0x0 depth=0x0 reads=0x0 eagain=0x0 deliv=0x0 polls=0x0 pollin=0x0 ioctls=0x0 enotty=0x0 lastnr=0x0 conspop=0x0 rpid=0x0 ipid=0x0
[EVSTAT] t=0x708 dev=0x0 push=0x64 drop=0x0 depth=0x0 reads=0x0 eagain=0x0 deliv=0x0 polls=0x0 pollin=0x0 ioctls=0x0 enotty=0x0 lastnr=0x0 conspop=0x64 rpid=0x0 ipid=0x0
[EVSTAT] t=0x708 dev=0x1 push=0x0 drop=0x0 depth=0x0 reads=0x0 eagain=0x0 deliv=0x0 polls=0x0 pollin=0x0 ioctls=0x0 enotty=0x0 lastnr=0x0 conspop=0x0 rpid=0x0 ipid=0x0
[EVSTAT] t=0x7d0 dev=0x0 push=0x64 drop=0x0 depth=0x0 reads=0x0 eagain=0x0 deliv=0x0 polls=0x0 pollin=0x0 ioctls=0x0 enotty=0x0 lastnr=0x0 conspop=0x64 rpid=0x0 ipid=0x0
[EVSTAT] t=0x7d0 dev=0x1 push=0x0 drop=0x0 depth=0x0 reads=0x0 eagain=0x0 deliv=0x0 polls=0x0 pollin=0x0 ioctls=0x0 enotty=0x0 lastnr=0x0 conspop=0x0 rpid=0x0 ipid=0x0
[EVSTAT] t=0x898 dev=0x0 push=0x64 drop=0x0 depth=0x0 reads=0x0 eagain=0x0 deliv=0x0 polls=0x0 pollin=0x0 ioctls=0x0 enotty=0x0 lastnr=0x0 conspop=0x64 rpid=0x0 ipid=0x0
[EVSTAT] t=0x898 dev=0x1 push=0x0 drop=0x0 depth=0x0 reads=0x0 eagain=0x0 deliv=0x0 polls=0x0 pollin=0x0 ioctls=0x0 enotty=0x0 lastnr=0x0 conspop=0x0 rpid=0x0 ipid=0x0
[EVSTAT] t=0x960 dev=0x0 push=0x64 drop=0x0 depth=0x0 reads=0x0 eagain=0x0 deliv=0x0 polls=0x0 pollin=0x0 ioctls=0x0 enotty=0x0 lastnr=0x0 conspop=0x64 rpid=0x0 ipid=0x0
[EVSTAT] t=0x960 dev=0x1 push=0x0 drop=0x0 depth=0x0 reads=0x0 eagain=0x0 deliv=0x0 polls=0x0 pollin=0x0 ioctls=0x0 enotty=0x0 lastnr=0x0 conspop=0x0 rpid=0x0 ipid=0x0
[EVSTAT] t=0xa28 dev=0x0 push=0x64 drop=0x0 depth=0x0 reads=0x0 eagain=0x0 deliv=0x0 polls=0x0 pollin=0x0 ioctls=0x0 enotty=0x0 lastnr=0x0 conspop=0x64 rpid=0x0 ipid=0x0
[EVSTAT] t=0xa28 dev=0x1 push=0x0 drop=0x0 depth=0x0 reads=0x0 eagain=0x0 deliv=0x0 polls=0x0 pollin=0x0 ioctls=0x0 enotty=0x0 lastnr=0x0 conspop=0x0 rpid=0x0 ipid=0x0
[GPU] SHARED_MEMORY_CFG shmid=0x00000001 phys=0x000038000x00000000 len=0x000000010x00000000
[GPU] device features hi=0x00000101 lo=0x3000001B
[GPU] acked features hi=0x00000001 lo=0x0000001B
[EVSTAT] t=0xaf0 dev=0x0 push=0x64 drop=0x0 depth=0x0 reads=0x1 eagain=0x1 deliv=0x0 polls=0x0 pollin=0x0 ioctls=0x13 enotty=0x0 lastnr=0x0 conspop=0x64 rpid=0x25 ipid=0x25
[EVSTAT] t=0xaf0 dev=0x1 push=0x0 drop=0x0 depth=0x0 reads=0x1 eagain=0x1 deliv=0x0 polls=0x0 pollin=0x0 ioctls=0x15 enotty=0x0 lastnr=0x0 conspop=0x0 rpid=0x25 ipid=0x25
[DRM] unimplemented ioctl cmd=0xC00864BF nr=0x000000BF type=0x00000064 size=0x00000008 (reported once per boot)
[DRM-SRV] mmap token=0x000000006C000000 map_info=0x01 -> writeback
[DRM-SRV] mmap token=0x000000006C800000 map_info=0x01 -> writeback
[EVSTAT] t=0xbb8 dev=0x0 push=0x64 drop=0x0 depth=0x0 reads=0x1 eagain=0x1 deliv=0x0 polls=0xd2 pollin=0x0 ioctls=0x13 enotty=0x0 lastnr=0x0 conspop=0x64 rpid=0x25 ipid=0x25
[EVSTAT] t=0xbb8 dev=0x1 push=0x0 drop=0x0 depth=0x0 reads=0x1 eagain=0x1 deliv=0x0 polls=0xd3 pollin=0x0 ioctls=0x15 enotty=0x0 lastnr=0x0 conspop=0x0 rpid=0x25 ipid=0x25
[EVSTAT] t=0xc80 dev=0x0 push=0x64 drop=0x0 depth=0x0 reads=0x1 eagain=0x1 deliv=0x0 polls=0x59f2 pollin=0x0 ioctls=0x13 enotty=0x0 lastnr=0x0 conspop=0x64 rpid=0x25 ipid=0x25
[EVSTAT] t=0xc80 dev=0x1 push=0x0 drop=0x0 depth=0x0 reads=0x1 eagain=0x1 deliv=0x0 polls=0x5a1f pollin=0x0 ioctls=0x15 enotty=0x0 lastnr=0x0 conspop=0x0 rpid=0x25 ipid=0x25
[EVSTAT] t=0xd48 dev=0x0 push=0x64 drop=0x0 depth=0x0 reads=0x1 eagain=0x1 deliv=0x0 polls=0xdd43 pollin=0x0 ioctls=0x13 enotty=0x0 lastnr=0x0 conspop=0x64 rpid=0x25 ipid=0x25
[EVSTAT] t=0xd48 dev=0x1 push=0x0 drop=0x0 depth=0x0 reads=0x1 eagain=0x1 deliv=0x0 polls=0xdd71 pollin=0x0 ioctls=0x15 enotty=0x0 lastnr=0x0 conspop=0x0 rpid=0x25 ipid=0x25
[EVSTAT] t=0xe10 dev=0x0 push=0x64 drop=0x0 depth=0x0 reads=0x1 eagain=0x1 deliv=0x0 polls=0x16a5d pollin=0x0 ioctls=0x13 enotty=0x0 lastnr=0x0 conspop=0x64 rpid=0x25 ipid=0x25
[EVSTAT] t=0xe10 dev=0x1 push=0x0 drop=0x0 depth=0x0 reads=0x1 eagain=0x1 deliv=0x0 polls=0x16a8c pollin=0x0 ioctls=0x15 enotty=0x0 lastnr=0x0 conspop=0x0 rpid=0x25 ipid=0x25
[EVSTAT] t=0xed8 dev=0x0 push=0x64 drop=0x0 depth=0x0 reads=0x1 eagain=0x1 deliv=0x0 polls=0x1f5dc pollin=0x0 ioctls=0x13 enotty=0x0 lastnr=0x0 conspop=0x64 rpid=0x25 ipid=0x25
[EVSTAT] t=0xed8 dev=0x1 push=0x0 drop=0x0 depth=0x0 reads=0x1 eagain=0x1 deliv=0x0 polls=0x1f5dc pollin=0x0 ioctls=0x15 enotty=0x0 lastnr=0x0 conspop=0x0 rpid=0x25 ipid=0x25
[EVSTAT] t=0xfa0 dev=0x0 push=0x64 drop=0x0 depth=0x0 reads=0x1 eagain=0x1 deliv=0x0 polls=0x26ab0 pollin=0x0 ioctls=0x13 enotty=0x0 lastnr=0x0 conspop=0x64 rpid=0x25 ipid=0x25
[EVSTAT] t=0xfa0 dev=0x1 push=0x0 drop=0x0 depth=0x0 reads=0x1 eagain=0x1 deliv=0x0 polls=0x26ab0 pollin=0x0 ioctls=0x15 enotty=0x0 lastnr=0x0 conspop=0x0 rpid=0x25 ipid=0x25
[EVSTAT] t=0x1068 dev=0x0 push=0x64 drop=0x0 depth=0x0 reads=0x1 eagain=0x1 deliv=0x0 polls=0x2d6fb pollin=0x0 ioctls=0x13 enotty=0x0 lastnr=0x0 conspop=0x64 rpid=0x25 ipid=0x25
[EVSTAT] t=0x1068 dev=0x1 push=0x0 drop=0x0 depth=0x0 reads=0x1 eagain=0x1 deliv=0x0 polls=0x2d724 pollin=0x0 ioctls=0x15 enotty=0x0 lastnr=0x0 conspop=0x0 rpid=0x25 ipid=0x25
[EVSTAT] t=0x1130 dev=0x0 push=0x64 drop=0x0 depth=0x0 reads=0x1 eagain=0x1 deliv=0x0 polls=0x35ecf pollin=0x0 ioctls=0x13 enotty=0x0 lastnr=0x0 conspop=0x64 rpid=0x25 ipid=0x25
[EVSTAT] t=0x1130 dev=0x1 push=0x0 drop=0x0 depth=0x0 reads=0x1 eagain=0x1 deliv=0x0 polls=0x35efa pollin=0x0 ioctls=0x15 enotty=0x0 lastnr=0x0 conspop=0x0 rpid=0x25 ipid=0x25
[EVSTAT] t=0x11f8 dev=0x0 push=0x64 drop=0x0 depth=0x0 reads=0x1 eagain=0x1 deliv=0x0 polls=0x3e5eb pollin=0x0 ioctls=0x13 enotty=0x0 lastnr=0x0 conspop=0x64 rpid=0x25 ipid=0x25
[EVSTAT] t=0x11f8 dev=0x1 push=0x0 drop=0x0 depth=0x0 reads=0x1 eagain=0x1 deliv=0x0 polls=0x3e5eb pollin=0x0 ioctls=0x15 enotty=0x0 lastnr=0x0 conspop=0x0 rpid=0x25 ipid=0x25
[EVSTAT] t=0x12c0 dev=0x0 push=0x64 drop=0x0 depth=0x0 reads=0x1 eagain=0x1 deliv=0x0 polls=0x46caa pollin=0x0 ioctls=0x13 enotty=0x0 lastnr=0x0 conspop=0x64 rpid=0x25 ipid=0x25
[EVSTAT] t=0x12c0 dev=0x1 push=0x0 drop=0x0 depth=0x0 reads=0x1 eagain=0x1 deliv=0x0 polls=0x46caa pollin=0x0 ioctls=0x15 enotty=0x0 lastnr=0x0 conspop=0x0 rpid=0x25 ipid=0x25
[EVSTAT] t=0x1388 dev=0x0 push=0x64 drop=0x0 depth=0x0 reads=0x1 eagain=0x1 deliv=0x0 polls=0x4f2d4 pollin=0x0 ioctls=0x13 enotty=0x0 lastnr=0x0 conspop=0x64 rpid=0x25 ipid=0x25
[EVSTAT] t=0x1388 dev=0x1 push=0x0 drop=0x0 depth=0x0 reads=0x1 eagain=0x1 deliv=0x0 polls=0x4f2d4 pollin=0x0 ioctls=0x15 enotty=0x0 lastnr=0x0 conspop=0x0 rpid=0x25 ipid=0x25
M14: ==== BEGIN wlinput bringup ====
[WLI] BEGIN pid=130 uid=0 path=/run/user/0/wayland-1 secs=200 interval=5
[WLI] BOUND globals=54 compositor=1 shm=1 wm_base=1 seat=1
[WLI] SEATCAP name="seat-0" caps=0x7 pointer=1 keyboard=1 touch=1
[WLI] EV keyboard.keymap format=Value(XkbV1) size=65528
[WLI] CONFIGURE n=1 serial=12 w=640 h=480
[WLI] MAPPED w=640 h=480
[WLI] CONFIGURE n=2 serial=13 w=640 h=480
[WLI] EV keyboard.enter held=0
[WLI] EV keyboard.modifiers depressed=0
[WLI] CONFIGURE n=3 serial=15 w=640 h=480
[WLI] CENSUS t=5.0s ptr_enter=0 ptr_leave=0 ptr_motion=0 ptr_button=0 ptr_axis=0 ptr_frame=0 kbd_keymap=1 kbd_enter=1 kbd_leave=0 kbd_key=0 kbd_mods=1 kbd_repeat=1 tch_down=0 tch_up=0 tch_motion=0 tch_frame=0 surf_enter=0 surf_leave=0 configure=3 ping=0 frame_cb=1
[WLI] CENSUS t=10.0s ptr_enter=0 ptr_leave=0 ptr_motion=0 ptr_button=0 ptr_axis=0 ptr_frame=0 kbd_keymap=1 kbd_enter=1 kbd_leave=0 kbd_key=0 kbd_mods=1 kbd_repeat=1 tch_down=0 tch_up=0 tch_motion=0 tch_frame=0 surf_enter=0 surf_leave=0 configure=3 ping=0 frame_cb=1
M14: ==== END wlinput bringup ====
M14: MARK IDLE 20
[EVSTAT] t=0x1450 dev=0x0 push=0x64 drop=0x0 depth=0x0 reads=0x1 eagain=0x1 deliv=0x0 polls=0x5774d pollin=0x0 ioctls=0x13 enotty=0x0 lastnr=0x0 conspop=0x64 rpid=0x25 ipid=0x25
[EVSTAT] t=0x1450 dev=0x1 push=0x0 drop=0x0 depth=0x0 reads=0x1 eagain=0x1 deliv=0x0 polls=0x5774d pollin=0x0 ioctls=0x15 enotty=0x0 lastnr=0x0 conspop=0x0 rpid=0x25 ipid=0x25
[EVSTAT] t=0x1518 dev=0x0 push=0x64 drop=0x0 depth=0x0 reads=0x1 eagain=0x1 deliv=0x0 polls=0x5ff6f pollin=0x0 ioctls=0x13 enotty=0x0 lastnr=0x0 conspop=0x64 rpid=0x25 ipid=0x25
[EVSTAT] t=0x1518 dev=0x1 push=0x0 drop=0x0 depth=0x0 reads=0x1 eagain=0x1 deliv=0x0 polls=0x5ff98 pollin=0x0 ioctls=0x15 enotty=0x0 lastnr=0x0 conspop=0x0 rpid=0x25 ipid=0x25
[EVSTAT] t=0x15e0 dev=0x0 push=0x64 drop=0x0 depth=0x0 reads=0x1 eagain=0x1 deliv=0x0 polls=0x68709 pollin=0x0 ioctls=0x13 enotty=0x0 lastnr=0x0 conspop=0x64 rpid=0x25 ipid=0x25
[EVSTAT] t=0x15e0 dev=0x1 push=0x0 drop=0x0 depth=0x0 reads=0x1 eagain=0x1 deliv=0x0 polls=0x68709 pollin=0x0 ioctls=0x15 enotty=0x0 lastnr=0x0 conspop=0x0 rpid=0x25 ipid=0x25
[EVSTAT] t=0x16a8 dev=0x0 push=0x64 drop=0x0 depth=0x0 reads=0x1 eagain=0x1 deliv=0x0 polls=0x70f65 pollin=0x0 ioctls=0x13 enotty=0x0 lastnr=0x0 conspop=0x64 rpid=0x25 ipid=0x25
[EVSTAT] t=0x16a8 dev=0x1 push=0x0 drop=0x0 depth=0x0 reads=0x1 eagain=0x1 deliv=0x0 polls=0x70f65 pollin=0x0 ioctls=0x15 enotty=0x0 lastnr=0x0 conspop=0x0 rpid=0x25 ipid=0x25
[EVSTAT] t=0x1770 dev=0x0 push=0x64 drop=0x0 depth=0x0 reads=0x1 eagain=0x1 deliv=0x0 polls=0x7982d pollin=0x0 ioctls=0x13 enotty=0x0 lastnr=0x0 conspop=0x64 rpid=0x25 ipid=0x25
[EVSTAT] t=0x1770 dev=0x1 push=0x0 drop=0x0 depth=0x0 reads=0x1 eagain=0x1 deliv=0x0 polls=0x7982d pollin=0x0 ioctls=0x15 enotty=0x0 lastnr=0x0 conspop=0x0 rpid=0x25 ipid=0x25
[EVSTAT] t=0x1838 dev=0x0 push=0x64 drop=0x0 depth=0x0 reads=0x1 eagain=0x1 deliv=0x0 polls=0x821ca pollin=0x0 ioctls=0x13 enotty=0x0 lastnr=0x0 conspop=0x64 rpid=0x25 ipid=0x25
[EVSTAT] t=0x1838 dev=0x1 push=0x0 drop=0x0 depth=0x0 reads=0x1 eagain=0x1 deliv=0x0 polls=0x821f3 pollin=0x0 ioctls=0x15 enotty=0x0 lastnr=0x0 conspop=0x0 rpid=0x25 ipid=0x25
[EVSTAT] t=0x1900 dev=0x0 push=0x64 drop=0x0 depth=0x0 reads=0x1 eagain=0x1 deliv=0x0 polls=0x8aa5e pollin=0x0 ioctls=0x13 enotty=0x0 lastnr=0x0 conspop=0x64 rpid=0x25 ipid=0x25
[EVSTAT] t=0x1900 dev=0x1 push=0x0 drop=0x0 depth=0x0 reads=0x1 eagain=0x1 deliv=0x0 polls=0x8aa8c pollin=0x0 ioctls=0x15 enotty=0x0 lastnr=0x0 conspop=0x0 rpid=0x25 ipid=0x25
[EVSTAT] t=0x19c8 dev=0x0 push=0x64 drop=0x0 depth=0x0 reads=0x1 eagain=0x1 deliv=0x0 polls=0x9558a pollin=0x0 ioctls=0x13 enotty=0x0 lastnr=0x0 conspop=0x64 rpid=0x25 ipid=0x25
[EVSTAT] t=0x19c8 dev=0x1 push=0x0 drop=0x0 depth=0x0 reads=0x1 eagain=0x1 deliv=0x0 polls=0x955bb pollin=0x0 ioctls=0x15 enotty=0x0 lastnr=0x0 conspop=0x0 rpid=0x25 ipid=0x25
[EVSTAT] t=0x1a90 dev=0x0 push=0x64 drop=0x0 depth=0x0 reads=0x1 eagain=0x1 deliv=0x0 polls=0x9dfdc pollin=0x0 ioctls=0x13 enotty=0x0 lastnr=0x0 conspop=0x64 rpid=0x25 ipid=0x25
[EVSTAT] t=0x1a90 dev=0x1 push=0x0 drop=0x0 depth=0x0 reads=0x1 eagain=0x1 deliv=0x0 polls=0x9dfdc pollin=0x0 ioctls=0x15 enotty=0x0 lastnr=0x0 conspop=0x0 rpid=0x25 ipid=0x25
[EVSTAT] t=0x1b58 dev=0x0 push=0x64 drop=0x0 depth=0x0 reads=0x1 eagain=0x1 deliv=0x0 polls=0xa6999 pollin=0x0 ioctls=0x13 enotty=0x0 lastnr=0x0 conspop=0x64 rpid=0x25 ipid=0x25
[EVSTAT] t=0x1b58 dev=0x1 push=0x0 drop=0x0 depth=0x0 reads=0x1 eagain=0x1 deliv=0x0 polls=0xa6999 pollin=0x0 ioctls=0x15 enotty=0x0 lastnr=0x0 conspop=0x0 rpid=0x25 ipid=0x25
M14: ENDMARK IDLE
M14: MARK POINTER 45
[EVSTAT] t=0x1c20 dev=0x0 push=0x64 drop=0x0 depth=0x0 reads=0x1 eagain=0x1 deliv=0x0 polls=0xaeefc pollin=0x0 ioctls=0x13 enotty=0x0 lastnr=0x0 conspop=0x64 rpid=0x25 ipid=0x25
[EVSTAT] t=0x1c20 dev=0x1 push=0x24 drop=0x0 depth=0x0 reads=0x17 eagain=0xc deliv=0x24 polls=0xaef00 pollin=0x1a ioctls=0x15 enotty=0x0 lastnr=0x0 conspop=0x0 rpid=0x25 ipid=0x25
[EVSTAT] t=0x1ce8 dev=0x0 push=0x64 drop=0x0 depth=0x0 reads=0x1 eagain=0x1 deliv=0x0 polls=0x13b15a pollin=0x0 ioctls=0x13 enotty=0x0 lastnr=0x0 conspop=0x64 rpid=0x25 ipid=0x25
[EVSTAT] t=0x1ce8 dev=0x1 push=0x44 drop=0x0 depth=0x0 reads=0x19 eagain=0xd deliv=0x44 polls=0x13b15a pollin=0x1c ioctls=0x15 enotty=0x0 lastnr=0x0 conspop=0x0 rpid=0x25 ipid=0x25
[EVSTAT] t=0x1db0 dev=0x0 push=0x64 drop=0x0 depth=0x0 reads=0x1 eagain=0x1 deliv=0x0 polls=0x14361b pollin=0x0 ioctls=0x13 enotty=0x0 lastnr=0x0 conspop=0x64 rpid=0x25 ipid=0x25
[EVSTAT] t=0x1db0 dev=0x1 push=0x44 drop=0x0 depth=0x0 reads=0x19 eagain=0xd deliv=0x44 polls=0x14364c pollin=0x1c ioctls=0x15 enotty=0x0 lastnr=0x0 conspop=0x0 rpid=0x25 ipid=0x25
[EVSTAT] t=0x1e78 dev=0x0 push=0x64 drop=0x0 depth=0x0 reads=0x1 eagain=0x1 deliv=0x0 polls=0x14bf77 pollin=0x0 ioctls=0x13 enotty=0x0 lastnr=0x0 conspop=0x64 rpid=0x25 ipid=0x25
[EVSTAT] t=0x1e78 dev=0x1 push=0x44 drop=0x0 depth=0x0 reads=0x19 eagain=0xd deliv=0x44 polls=0x14bf98 pollin=0x1c ioctls=0x15 enotty=0x0 lastnr=0x0 conspop=0x0 rpid=0x25 ipid=0x25
[EVSTAT] t=0x1f40 dev=0x0 push=0x64 drop=0x0 depth=0x0 reads=0x1 eagain=0x1 deliv=0x0 polls=0x154796 pollin=0x0 ioctls=0x13 enotty=0x0 lastnr=0x0 conspop=0x64 rpid=0x25 ipid=0x25
[EVSTAT] t=0x1f40 dev=0x1 push=0x44 drop=0x0 depth=0x0 reads=0x19 eagain=0xd deliv=0x44 polls=0x1547c6 pollin=0x1c ioctls=0x15 enotty=0x0 lastnr=0x0 conspop=0x0 rpid=0x25 ipid=0x25
[EVSTAT] t=0x2008 dev=0x0 push=0x64 drop=0x0 depth=0x0 reads=0x1 eagain=0x1 deliv=0x0 polls=0x15d1ed pollin=0x0 ioctls=0x13 enotty=0x0 lastnr=0x0 conspop=0x64 rpid=0x25 ipid=0x25
[EVSTAT] t=0x2008 dev=0x1 push=0x44 drop=0x0 depth=0x0 reads=0x19 eagain=0xd deliv=0x44 polls=0x15d21c pollin=0x1c ioctls=0x15 enotty=0x0 lastnr=0x0 conspop=0x0 rpid=0x25 ipid=0x25
[EVSTAT] t=0x20d0 dev=0x0 push=0x64 drop=0x0 depth=0x0 reads=0x1 eagain=0x1 deliv=0x0 polls=0x165c8d pollin=0x0 ioctls=0x13 enotty=0x0 lastnr=0x0 conspop=0x64 rpid=0x25 ipid=0x25
[EVSTAT] t=0x20d0 dev=0x1 push=0x44 drop=0x0 depth=0x0 reads=0x19 eagain=0xd deliv=0x44 polls=0x165cc2 pollin=0x1c ioctls=0x15 enotty=0x0 lastnr=0x0 conspop=0x0 rpid=0x25 ipid=0x25
[EVSTAT] t=0x2198 dev=0x0 push=0x64 drop=0x0 depth=0x0 reads=0x1 eagain=0x1 deliv=0x0 polls=0x16e7eb pollin=0x0 ioctls=0x13 enotty=0x0 lastnr=0x0 conspop=0x64 rpid=0x25 ipid=0x25
[EVSTAT] t=0x2198 dev=0x1 push=0x44 drop=0x0 depth=0x0 reads=0x19 eagain=0xd deliv=0x44 polls=0x16e81b pollin=0x1c ioctls=0x15 enotty=0x0 lastnr=0x0 conspop=0x0 rpid=0x25 ipid=0x25
[EVSTAT] t=0x2260 dev=0x0 push=0x64 drop=0x0 depth=0x0 reads=0x1 eagain=0x1 deliv=0x0 polls=0x176f4d pollin=0x0 ioctls=0x13 enotty=0x0 lastnr=0x0 conspop=0x64 rpid=0x25 ipid=0x25
[EVSTAT] t=0x2260 dev=0x1 push=0x44 drop=0x0 depth=0x0 reads=0x19 eagain=0xd deliv=0x44 polls=0x176f77 pollin=0x1c ioctls=0x15 enotty=0x0 lastnr=0x0 conspop=0x0 rpid=0x25 ipid=0x25
[EVSTAT] t=0x2328 dev=0x0 push=0x64 drop=0x0 depth=0x0 reads=0x1 eagain=0x1 deliv=0x0 polls=0x17f8b0 pollin=0x0 ioctls=0x13 enotty=0x0 lastnr=0x0 conspop=0x64 rpid=0x25 ipid=0x25
[EVSTAT] t=0x2328 dev=0x1 push=0x44 drop=0x0 depth=0x0 reads=0x19 eagain=0xd deliv=0x44 polls=0x17f8b0 pollin=0x1c ioctls=0x15 enotty=0x0 lastnr=0x0 conspop=0x0 rpid=0x25 ipid=0x25
[EVSTAT] t=0x23f0 dev=0x0 push=0x64 drop=0x0 depth=0x0 reads=0x1 eagain=0x1 deliv=0x0 polls=0x188272 pollin=0x0 ioctls=0x13 enotty=0x0 lastnr=0x0 conspop=0x64 rpid=0x25 ipid=0x25
[EVSTAT] t=0x23f0 dev=0x1 push=0x44 drop=0x0 depth=0x0 reads=0x19 eagain=0xd deliv=0x44 polls=0x18829e pollin=0x1c ioctls=0x15 enotty=0x0 lastnr=0x0 conspop=0x0 rpid=0x25 ipid=0x25
[EVSTAT] t=0x24b8 dev=0x0 push=0x64 drop=0x0 depth=0x0 reads=0x1 eagain=0x1 deliv=0x0 polls=0x190b7b pollin=0x0 ioctls=0x13 enotty=0x0 lastnr=0x0 conspop=0x64 rpid=0x25 ipid=0x25
[EVSTAT] t=0x24b8 dev=0x1 push=0x44 drop=0x0 depth=0x0 reads=0x19 eagain=0xd deliv=0x44 polls=0x190ba7 pollin=0x1c ioctls=0x15 enotty=0x0 lastnr=0x0 conspop=0x0 rpid=0x25 ipid=0x25
[EVSTAT] t=0x2580 dev=0x0 push=0x64 drop=0x0 depth=0x0 reads=0x1 eagain=0x1 deliv=0x0 polls=0x1994d0 pollin=0x0 ioctls=0x13 enotty=0x0 lastnr=0x0 conspop=0x64 rpid=0x25 ipid=0x25
[EVSTAT] t=0x2580 dev=0x1 push=0x44 drop=0x0 depth=0x0 reads=0x19 eagain=0xd deliv=0x44 polls=0x199500 pollin=0x1c ioctls=0x15 enotty=0x0 lastnr=0x0 conspop=0x0 rpid=0x25 ipid=0x25
[EVSTAT] t=0x2648 dev=0x0 push=0x64 drop=0x0 depth=0x0 reads=0x1 eagain=0x1 deliv=0x0 polls=0x1a1f7f pollin=0x0 ioctls=0x13 enotty=0x0 lastnr=0x0 conspop=0x64 rpid=0x25 ipid=0x25
[EVSTAT] t=0x2648 dev=0x1 push=0x44 drop=0x0 depth=0x0 reads=0x19 eagain=0xd deliv=0x44 polls=0x1a1fb1 pollin=0x1c ioctls=0x15 enotty=0x0 lastnr=0x0 conspop=0x0 rpid=0x25 ipid=0x25
[EVSTAT] t=0x2710 dev=0x0 push=0x64 drop=0x0 depth=0x0 reads=0x1 eagain=0x1 deliv=0x0 polls=0x1aaa20 pollin=0x0 ioctls=0x13 enotty=0x0 lastnr=0x0 conspop=0x64 rpid=0x25 ipid=0x25
[EVSTAT] t=0x2710 dev=0x1 push=0x44 drop=0x0 depth=0x0 reads=0x19 eagain=0xd deliv=0x44 polls=0x1aaa20 pollin=0x1c ioctls=0x15 enotty=0x0 lastnr=0x0 conspop=0x0 rpid=0x25 ipid=0x25
[EVSTAT] t=0x27d8 dev=0x0 push=0x64 drop=0x0 depth=0x0 reads=0x1 eagain=0x1 deliv=0x0 polls=0x1b3631 pollin=0x0 ioctls=0x13 enotty=0x0 lastnr=0x0 conspop=0x64 rpid=0x25 ipid=0x25
[EVSTAT] t=0x27d8 dev=0x1 push=0x44 drop=0x0 depth=0x0 reads=0x19 eagain=0xd deliv=0x44 polls=0x1b3663 pollin=0x1c ioctls=0x15 enotty=0x0 lastnr=0x0 conspop=0x0 rpid=0x25 ipid=0x25
[EVSTAT] t=0x28a0 dev=0x0 push=0x64 drop=0x0 depth=0x0 reads=0x1 eagain=0x1 deliv=0x0 polls=0x1bc0dc pollin=0x0 ioctls=0x13 enotty=0x0 lastnr=0x0 conspop=0x64 rpid=0x25 ipid=0x25
[EVSTAT] t=0x28a0 dev=0x1 push=0x44 drop=0x0 depth=0x0 reads=0x19 eagain=0xd deliv=0x44 polls=0x1bc10a pollin=0x1c ioctls=0x15 enotty=0x0 lastnr=0x0 conspop=0x0 rpid=0x25 ipid=0x25
[EVSTAT] t=0x2968 dev=0x0 push=0x64 drop=0x0 depth=0x0 reads=0x1 eagain=0x1 deliv=0x0 polls=0x1c4b53 pollin=0x0 ioctls=0x13 enotty=0x0 lastnr=0x0 conspop=0x64 rpid=0x25 ipid=0x25
[EVSTAT] t=0x2968 dev=0x1 push=0x44 drop=0x0 depth=0x0 reads=0x19 eagain=0xd deliv=0x44 polls=0x1c4b84 pollin=0x1c ioctls=0x15 enotty=0x0 lastnr=0x0 conspop=0x0 rpid=0x25 ipid=0x25
[EVSTAT] t=0x2a30 dev=0x0 push=0x64 drop=0x0 depth=0x0 reads=0x1 eagain=0x1 deliv=0x0 polls=0x1cd7d6 pollin=0x0 ioctls=0x13 enotty=0x0 lastnr=0x0 conspop=0x64 rpid=0x25 ipid=0x25
[EVSTAT] t=0x2a30 dev=0x1 push=0x44 drop=0x0 depth=0x0 reads=0x19 eagain=0xd deliv=0x44 polls=0x1cd7d6 pollin=0x1c ioctls=0x15 enotty=0x0 lastnr=0x0 conspop=0x0 rpid=0x25 ipid=0x25
[EVSTAT] t=0x2af8 dev=0x0 push=0x64 drop=0x0 depth=0x0 reads=0x1 eagain=0x1 deliv=0x0 polls=0x1d648d pollin=0x0 ioctls=0x13 enotty=0x0 lastnr=0x0 conspop=0x64 rpid=0x25 ipid=0x25
[EVSTAT] t=0x2af8 dev=0x1 push=0x44 drop=0x0 depth=0x0 reads=0x19 eagain=0xd deliv=0x44 polls=0x1d648d pollin=0x1c ioctls=0x15 enotty=0x0 lastnr=0x0 conspop=0x0 rpid=0x25 ipid=0x25
[EVSTAT] t=0x2bc0 dev=0x0 push=0x64 drop=0x0 depth=0x0 reads=0x1 eagain=0x1 deliv=0x0 polls=0x1def42 pollin=0x0 ioctls=0x13 enotty=0x0 lastnr=0x0 conspop=0x64 rpid=0x25 ipid=0x25
[EVSTAT] t=0x2bc0 dev=0x1 push=0x44 drop=0x0 depth=0x0 reads=0x19 eagain=0xd deliv=0x44 polls=0x1def42 pollin=0x1c ioctls=0x15 enotty=0x0 lastnr=0x0 conspop=0x0 rpid=0x25 ipid=0x25
[EVSTAT] t=0x2c88 dev=0x0 push=0x64 drop=0x0 depth=0x0 reads=0x1 eagain=0x1 deliv=0x0 polls=0x1e787a pollin=0x0 ioctls=0x13 enotty=0x0 lastnr=0x0 conspop=0x64 rpid=0x25 ipid=0x25
[EVSTAT] t=0x2c88 dev=0x1 push=0x44 drop=0x0 depth=0x0 reads=0x19 eagain=0xd deliv=0x44 polls=0x1e787a pollin=0x1c ioctls=0x15 enotty=0x0 lastnr=0x0 conspop=0x0 rpid=0x25 ipid=0x25
[EVSTAT] t=0x2d50 dev=0x0 push=0x64 drop=0x0 depth=0x0 reads=0x1 eagain=0x1 deliv=0x0 polls=0x1eff19 pollin=0x0 ioctls=0x13 enotty=0x0 lastnr=0x0 conspop=0x64 rpid=0x25 ipid=0x25
[EVSTAT] t=0x2d50 dev=0x1 push=0x44 drop=0x0 depth=0x0 reads=0x19 eagain=0xd deliv=0x44 polls=0x1eff19 pollin=0x1c ioctls=0x15 enotty=0x0 lastnr=0x0 conspop=0x0 rpid=0x25 ipid=0x25
M14: ENDMARK POINTER
M14: MARK CLICKKEY 40
[EVSTAT] t=0x2e18 dev=0x0 push=0x64 drop=0x0 depth=0x0 reads=0x1 eagain=0x1 deliv=0x0 polls=0x1f8478 pollin=0x0 ioctls=0x13 enotty=0x0 lastnr=0x0 conspop=0x64 rpid=0x25 ipid=0x25
[EVSTAT] t=0x2e18 dev=0x1 push=0x50 drop=0x0 depth=0x0 reads=0x21 eagain=0x11 deliv=0x50 polls=0x1f84a6 pollin=0x25 ioctls=0x15 enotty=0x0 lastnr=0x0 conspop=0x0 rpid=0x25 ipid=0x25
[EVSTAT] t=0x2ee0 dev=0x0 push=0x7c drop=0x0 depth=0x0 reads=0x3 eagain=0x2 deliv=0x18 polls=0x22f5f7 pollin=0x3 ioctls=0x13 enotty=0x0 lastnr=0x0 conspop=0x64 rpid=0x25 ipid=0x25
[EVSTAT] t=0x2ee0 dev=0x1 push=0x70 drop=0x0 depth=0x0 reads=0x23 eagain=0x12 deliv=0x70 polls=0x22f620 pollin=0x26 ioctls=0x15 enotty=0x0 lastnr=0x0 conspop=0x0 rpid=0x25 ipid=0x25
[EVSTAT] t=0x2fa8 dev=0x0 push=0x7c drop=0x0 depth=0x0 reads=0x3 eagain=0x2 deliv=0x18 polls=0x2380c8 pollin=0x3 ioctls=0x13 enotty=0x0 lastnr=0x0 conspop=0x64 rpid=0x25 ipid=0x25
[EVSTAT] t=0x2fa8 dev=0x1 push=0x70 drop=0x0 depth=0x0 reads=0x23 eagain=0x12 deliv=0x70 polls=0x2380c6 pollin=0x26 ioctls=0x15 enotty=0x0 lastnr=0x0 conspop=0x0 rpid=0x25 ipid=0x25
[EVSTAT] t=0x3070 dev=0x0 push=0x7c drop=0x0 depth=0x0 reads=0x3 eagain=0x2 deliv=0x18 polls=0x240b4c pollin=0x3 ioctls=0x13 enotty=0x0 lastnr=0x0 conspop=0x64 rpid=0x25 ipid=0x25
[EVSTAT] t=0x3070 dev=0x1 push=0x70 drop=0x0 depth=0x0 reads=0x23 eagain=0x12 deliv=0x70 polls=0x240b70 pollin=0x26 ioctls=0x15 enotty=0x0 lastnr=0x0 conspop=0x0 rpid=0x25 ipid=0x25
[EVSTAT] t=0x3138 dev=0x0 push=0x7c drop=0x0 depth=0x0 reads=0x3 eagain=0x2 deliv=0x18 polls=0x2496f6 pollin=0x3 ioctls=0x13 enotty=0x0 lastnr=0x0 conspop=0x64 rpid=0x25 ipid=0x25
[EVSTAT] t=0x3138 dev=0x1 push=0x70 drop=0x0 depth=0x0 reads=0x23 eagain=0x12 deliv=0x70 polls=0x24971c pollin=0x26 ioctls=0x15 enotty=0x0 lastnr=0x0 conspop=0x0 rpid=0x25 ipid=0x25
[EVSTAT] t=0x3200 dev=0x0 push=0x7c drop=0x0 depth=0x0 reads=0x3 eagain=0x2 deliv=0x18 polls=0x252179 pollin=0x3 ioctls=0x13 enotty=0x0 lastnr=0x0 conspop=0x64 rpid=0x25 ipid=0x25
[EVSTAT] t=0x3200 dev=0x1 push=0x70 drop=0x0 depth=0x0 reads=0x23 eagain=0x12 deliv=0x70 polls=0x2521a3 pollin=0x26 ioctls=0x15 enotty=0x0 lastnr=0x0 conspop=0x0 rpid=0x25 ipid=0x25
[EVSTAT] t=0x32c8 dev=0x0 push=0x7c drop=0x0 depth=0x0 reads=0x3 eagain=0x2 deliv=0x18 polls=0x25ad56 pollin=0x3 ioctls=0x13 enotty=0x0 lastnr=0x0 conspop=0x64 rpid=0x25 ipid=0x25
[EVSTAT] t=0x32c8 dev=0x1 push=0x70 drop=0x0 depth=0x0 reads=0x23 eagain=0x12 deliv=0x70 polls=0x25ad54 pollin=0x26 ioctls=0x15 enotty=0x0 lastnr=0x0 conspop=0x0 rpid=0x25 ipid=0x25
[EVSTAT] t=0x3390 dev=0x0 push=0x7c drop=0x0 depth=0x0 reads=0x3 eagain=0x2 deliv=0x18 polls=0x263862 pollin=0x3 ioctls=0x13 enotty=0x0 lastnr=0x0 conspop=0x64 rpid=0x25 ipid=0x25
[EVSTAT] t=0x3390 dev=0x1 push=0x70 drop=0x0 depth=0x0 reads=0x23 eagain=0x12 deliv=0x70 polls=0x263860 pollin=0x26 ioctls=0x15 enotty=0x0 lastnr=0x0 conspop=0x0 rpid=0x25 ipid=0x25
[EVSTAT] t=0x3458 dev=0x0 push=0x7c drop=0x0 depth=0x0 reads=0x3 eagain=0x2 deliv=0x18 polls=0x26c5b0 pollin=0x3 ioctls=0x13 enotty=0x0 lastnr=0x0 conspop=0x64 rpid=0x25 ipid=0x25
[EVSTAT] t=0x3458 dev=0x1 push=0x70 drop=0x0 depth=0x0 reads=0x23 eagain=0x12 deliv=0x70 polls=0x26c5ae pollin=0x26 ioctls=0x15 enotty=0x0 lastnr=0x0 conspop=0x0 rpid=0x25 ipid=0x25
[EVSTAT] t=0x3520 dev=0x0 push=0x7c drop=0x0 depth=0x0 reads=0x3 eagain=0x2 deliv=0x18 polls=0x27509e pollin=0x3 ioctls=0x13 enotty=0x0 lastnr=0x0 conspop=0x64 rpid=0x25 ipid=0x25
[EVSTAT] t=0x3520 dev=0x1 push=0x70 drop=0x0 depth=0x0 reads=0x23 eagain=0x12 deliv=0x70 polls=0x2750d0 pollin=0x26 ioctls=0x15 enotty=0x0 lastnr=0x0 conspop=0x0 rpid=0x25 ipid=0x25
[EVSTAT] t=0x35e8 dev=0x0 push=0x7c drop=0x0 depth=0x0 reads=0x3 eagain=0x2 deliv=0x18 polls=0x27dc49 pollin=0x3 ioctls=0x13 enotty=0x0 lastnr=0x0 conspop=0x64 rpid=0x25 ipid=0x25
[EVSTAT] t=0x35e8 dev=0x1 push=0x70 drop=0x0 depth=0x0 reads=0x23 eagain=0x12 deliv=0x70 polls=0x27dc7b pollin=0x26 ioctls=0x15 enotty=0x0 lastnr=0x0 conspop=0x0 rpid=0x25 ipid=0x25
[EVSTAT] t=0x36b0 dev=0x0 push=0x7c drop=0x0 depth=0x0 reads=0x3 eagain=0x2 deliv=0x18 polls=0x28668f pollin=0x3 ioctls=0x13 enotty=0x0 lastnr=0x0 conspop=0x64 rpid=0x25 ipid=0x25
[EVSTAT] t=0x36b0 dev=0x1 push=0x70 drop=0x0 depth=0x0 reads=0x23 eagain=0x12 deliv=0x70 polls=0x2866c1 pollin=0x26 ioctls=0x15 enotty=0x0 lastnr=0x0 conspop=0x0 rpid=0x25 ipid=0x25
[EVSTAT] t=0x3778 dev=0x0 push=0x7c drop=0x0 depth=0x0 reads=0x3 eagain=0x2 deliv=0x18 polls=0x28f11c pollin=0x3 ioctls=0x13 enotty=0x0 lastnr=0x0 conspop=0x64 rpid=0x25 ipid=0x25
[EVSTAT] t=0x3778 dev=0x1 push=0x70 drop=0x0 depth=0x0 reads=0x23 eagain=0x12 deliv=0x70 polls=0x28f13f pollin=0x26 ioctls=0x15 enotty=0x0 lastnr=0x0 conspop=0x0 rpid=0x25 ipid=0x25
[EVSTAT] t=0x3840 dev=0x0 push=0x7c drop=0x0 depth=0x0 reads=0x3 eagain=0x2 deliv=0x18 polls=0x297d5a pollin=0x3 ioctls=0x13 enotty=0x0 lastnr=0x0 conspop=0x64 rpid=0x25 ipid=0x25
[EVSTAT] t=0x3840 dev=0x1 push=0x70 drop=0x0 depth=0x0 reads=0x23 eagain=0x12 deliv=0x70 polls=0x297d58 pollin=0x26 ioctls=0x15 enotty=0x0 lastnr=0x0 conspop=0x0 rpid=0x25 ipid=0x25
[EVSTAT] t=0x3908 dev=0x0 push=0x7c drop=0x0 depth=0x0 reads=0x3 eagain=0x2 deliv=0x18 polls=0x2a0915 pollin=0x3 ioctls=0x13 enotty=0x0 lastnr=0x0 conspop=0x64 rpid=0x25 ipid=0x25
[EVSTAT] t=0x3908 dev=0x1 push=0x70 drop=0x0 depth=0x0 reads=0x23 eagain=0x12 deliv=0x70 polls=0x2a093f pollin=0x26 ioctls=0x15 enotty=0x0 lastnr=0x0 conspop=0x0 rpid=0x25 ipid=0x25
[EVSTAT] t=0x39d0 dev=0x0 push=0x7c drop=0x0 depth=0x0 reads=0x3 eagain=0x2 deliv=0x18 polls=0x2a94ab pollin=0x3 ioctls=0x13 enotty=0x0 lastnr=0x0 conspop=0x64 rpid=0x25 ipid=0x25
[EVSTAT] t=0x39d0 dev=0x1 push=0x70 drop=0x0 depth=0x0 reads=0x23 eagain=0x12 deliv=0x70 polls=0x2a94a9 pollin=0x26 ioctls=0x15 enotty=0x0 lastnr=0x0 conspop=0x0 rpid=0x25 ipid=0x25
[EVSTAT] t=0x3a98 dev=0x0 push=0x7c drop=0x0 depth=0x0 reads=0x3 eagain=0x2 deliv=0x18 polls=0x2b200e pollin=0x3 ioctls=0x13 enotty=0x0 lastnr=0x0 conspop=0x64 rpid=0x25 ipid=0x25
[EVSTAT] t=0x3a98 dev=0x1 push=0x70 drop=0x0 depth=0x0 reads=0x23 eagain=0x12 deliv=0x70 polls=0x2b200c pollin=0x26 ioctls=0x15 enotty=0x0 lastnr=0x0 conspop=0x0 rpid=0x25 ipid=0x25
[EVSTAT] t=0x3b60 dev=0x0 push=0x7c drop=0x0 depth=0x0 reads=0x3 eagain=0x2 deliv=0x18 polls=0x2bab64 pollin=0x3 ioctls=0x13 enotty=0x0 lastnr=0x0 conspop=0x64 rpid=0x25 ipid=0x25
[EVSTAT] t=0x3b60 dev=0x1 push=0x70 drop=0x0 depth=0x0 reads=0x23 eagain=0x12 deliv=0x70 polls=0x2bab62 pollin=0x26 ioctls=0x15 enotty=0x0 lastnr=0x0 conspop=0x0 rpid=0x25 ipid=0x25
[EVSTAT] t=0x3c28 dev=0x0 push=0x7c drop=0x0 depth=0x0 reads=0x3 eagain=0x2 deliv=0x18 polls=0x2c3744 pollin=0x3 ioctls=0x13 enotty=0x0 lastnr=0x0 conspop=0x64 rpid=0x25 ipid=0x25
[EVSTAT] t=0x3c28 dev=0x1 push=0x70 drop=0x0 depth=0x0 reads=0x23 eagain=0x12 deliv=0x70 polls=0x2c3742 pollin=0x26 ioctls=0x15 enotty=0x0 lastnr=0x0 conspop=0x0 rpid=0x25 ipid=0x25
[EVSTAT] t=0x3cf0 dev=0x0 push=0x7c drop=0x0 depth=0x0 reads=0x3 eagain=0x2 deliv=0x18 polls=0x2cc1d3 pollin=0x3 ioctls=0x13 enotty=0x0 lastnr=0x0 conspop=0x64 rpid=0x25 ipid=0x25
[EVSTAT] t=0x3cf0 dev=0x1 push=0x70 drop=0x0 depth=0x0 reads=0x23 eagain=0x12 deliv=0x70 polls=0x2cc1fe pollin=0x26 ioctls=0x15 enotty=0x0 lastnr=0x0 conspop=0x0 rpid=0x25 ipid=0x25
M14: ENDMARK CLICKKEY
M14: MARK IDLE2 20
[EVSTAT] t=0x3db8 dev=0x0 push=0x7c drop=0x0 depth=0x0 reads=0x3 eagain=0x2 deliv=0x18 polls=0x2d4c77 pollin=0x3 ioctls=0x13 enotty=0x0 lastnr=0x0 conspop=0x64 rpid=0x25 ipid=0x25
[EVSTAT] t=0x3db8 dev=0x1 push=0x70 drop=0x0 depth=0x0 reads=0x23 eagain=0x12 deliv=0x70 polls=0x2d4ca1 pollin=0x26 ioctls=0x15 enotty=0x0 lastnr=0x0 conspop=0x0 rpid=0x25 ipid=0x25
[EVSTAT] t=0x3e80 dev=0x0 push=0x7c drop=0x0 depth=0x0 reads=0x3 eagain=0x2 deliv=0x18 polls=0x2dd895 pollin=0x3 ioctls=0x13 enotty=0x0 lastnr=0x0 conspop=0x64 rpid=0x25 ipid=0x25
[EVSTAT] t=0x3e80 dev=0x1 push=0x70 drop=0x0 depth=0x0 reads=0x23 eagain=0x12 deliv=0x70 polls=0x2dd893 pollin=0x26 ioctls=0x15 enotty=0x0 lastnr=0x0 conspop=0x0 rpid=0x25 ipid=0x25
[EVSTAT] t=0x3f48 dev=0x0 push=0x7c drop=0x0 depth=0x0 reads=0x3 eagain=0x2 deliv=0x18 polls=0x2e643c pollin=0x3 ioctls=0x13 enotty=0x0 lastnr=0x0 conspop=0x64 rpid=0x25 ipid=0x25
[EVSTAT] t=0x3f48 dev=0x1 push=0x70 drop=0x0 depth=0x0 reads=0x23 eagain=0x12 deliv=0x70 polls=0x2e6468 pollin=0x26 ioctls=0x15 enotty=0x0 lastnr=0x0 conspop=0x0 rpid=0x25 ipid=0x25
[EVSTAT] t=0x4010 dev=0x0 push=0x7c drop=0x0 depth=0x0 reads=0x3 eagain=0x2 deliv=0x18 polls=0x2eee90 pollin=0x3 ioctls=0x13 enotty=0x0 lastnr=0x0 conspop=0x64 rpid=0x25 ipid=0x25
[EVSTAT] t=0x4010 dev=0x1 push=0x70 drop=0x0 depth=0x0 reads=0x23 eagain=0x12 deliv=0x70 polls=0x2eeeac pollin=0x26 ioctls=0x15 enotty=0x0 lastnr=0x0 conspop=0x0 rpid=0x25 ipid=0x25
[EVSTAT] t=0x40d8 dev=0x0 push=0x7c drop=0x0 depth=0x0 reads=0x3 eagain=0x2 deliv=0x18 polls=0x2f7a93 pollin=0x3 ioctls=0x13 enotty=0x0 lastnr=0x0 conspop=0x64 rpid=0x25 ipid=0x25
[EVSTAT] t=0x40d8 dev=0x1 push=0x70 drop=0x0 depth=0x0 reads=0x23 eagain=0x12 deliv=0x70 polls=0x2f7a91 pollin=0x26 ioctls=0x15 enotty=0x0 lastnr=0x0 conspop=0x0 rpid=0x25 ipid=0x25
[EVSTAT] t=0x41a0 dev=0x0 push=0x7c drop=0x0 depth=0x0 reads=0x3 eagain=0x2 deliv=0x18 polls=0x300786 pollin=0x3 ioctls=0x13 enotty=0x0 lastnr=0x0 conspop=0x64 rpid=0x25 ipid=0x25
[EVSTAT] t=0x41a0 dev=0x1 push=0x70 drop=0x0 depth=0x0 reads=0x23 eagain=0x12 deliv=0x70 polls=0x300784 pollin=0x26 ioctls=0x15 enotty=0x0 lastnr=0x0 conspop=0x0 rpid=0x25 ipid=0x25
[EVSTAT] t=0x4268 dev=0x0 push=0x7c drop=0x0 depth=0x0 reads=0x3 eagain=0x2 deliv=0x18 polls=0x309260 pollin=0x3 ioctls=0x13 enotty=0x0 lastnr=0x0 conspop=0x64 rpid=0x25 ipid=0x25
[EVSTAT] t=0x4268 dev=0x1 push=0x70 drop=0x0 depth=0x0 reads=0x23 eagain=0x12 deliv=0x70 polls=0x30928d pollin=0x26 ioctls=0x15 enotty=0x0 lastnr=0x0 conspop=0x0 rpid=0x25 ipid=0x25
[EVSTAT] t=0x4330 dev=0x0 push=0x7c drop=0x0 depth=0x0 reads=0x3 eagain=0x2 deliv=0x18 polls=0x311bbc pollin=0x3 ioctls=0x13 enotty=0x0 lastnr=0x0 conspop=0x64 rpid=0x25 ipid=0x25
[EVSTAT] t=0x4330 dev=0x1 push=0x70 drop=0x0 depth=0x0 reads=0x23 eagain=0x12 deliv=0x70 polls=0x311bea pollin=0x26 ioctls=0x15 enotty=0x0 lastnr=0x0 conspop=0x0 rpid=0x25 ipid=0x25
[EVSTAT] t=0x43f8 dev=0x0 push=0x7c drop=0x0 depth=0x0 reads=0x3 eagain=0x2 deliv=0x18 polls=0x31a8eb pollin=0x3 ioctls=0x13 enotty=0x0 lastnr=0x0 conspop=0x64 rpid=0x25 ipid=0x25
[EVSTAT] t=0x43f8 dev=0x1 push=0x70 drop=0x0 depth=0x0 reads=0x23 eagain=0x12 deliv=0x70 polls=0x31a911 pollin=0x26 ioctls=0x15 enotty=0x0 lastnr=0x0 conspop=0x0 rpid=0x25 ipid=0x25
[EVSTAT] t=0x44c0 dev=0x0 push=0x7c drop=0x0 depth=0x0 reads=0x3 eagain=0x2 deliv=0x18 polls=0x32336b pollin=0x3 ioctls=0x13 enotty=0x0 lastnr=0x0 conspop=0x64 rpid=0x25 ipid=0x25
[EVSTAT] t=0x44c0 dev=0x1 push=0x70 drop=0x0 depth=0x0 reads=0x23 eagain=0x12 deliv=0x70 polls=0x323369 pollin=0x26 ioctls=0x15 enotty=0x0 lastnr=0x0 conspop=0x0 rpid=0x25 ipid=0x25
M14: ENDMARK IDLE2
M14: CAPTURES DONE
[EVSTAT] t=0x4588 dev=0x0 push=0x7c drop=0x0 depth=0x0 reads=0x3 eagain=0x2 deliv=0x18 polls=0x32bfc0 pollin=0x3 ioctls=0x13 enotty=0x0 lastnr=0x0 conspop=0x64 rpid=0x25 ipid=0x25
[EVSTAT] t=0x4588 dev=0x1 push=0x70 drop=0x0 depth=0x0 reads=0x23 eagain=0x12 deliv=0x70 polls=0x32bfeb pollin=0x26 ioctls=0x15 enotty=0x0 lastnr=0x0 conspop=0x0 rpid=0x25 ipid=0x25
[EVSTAT] t=0x4650 dev=0x0 push=0x7c drop=0x0 depth=0x0 reads=0x3 eagain=0x2 deliv=0x18 polls=0x334c21 pollin=0x3 ioctls=0x13 enotty=0x0 lastnr=0x0 conspop=0x64 rpid=0x25 ipid=0x25
[EVSTAT] t=0x4650 dev=0x1 push=0x70 drop=0x0 depth=0x0 reads=0x23 eagain=0x12 deliv=0x70 polls=0x334c1f pollin=0x26 ioctls=0x15 enotty=0x0 lastnr=0x0 conspop=0x0 rpid=0x25 ipid=0x25
[EVSTAT] t=0x4718 dev=0x0 push=0x7c drop=0x0 depth=0x0 reads=0x3 eagain=0x2 deliv=0x18 polls=0x33d75b pollin=0x3 ioctls=0x13 enotty=0x0 lastnr=0x0 conspop=0x64 rpid=0x25 ipid=0x25
[EVSTAT] t=0x4718 dev=0x1 push=0x70 drop=0x0 depth=0x0 reads=0x23 eagain=0x12 deliv=0x70 polls=0x33d794 pollin=0x26 ioctls=0x15 enotty=0x0 lastnr=0x0 conspop=0x0 rpid=0x25 ipid=0x25
[EVSTAT] t=0x47e0 dev=0x0 push=0x7c drop=0x0 depth=0x0 reads=0x3 eagain=0x2 deliv=0x18 polls=0x3462ac pollin=0x3 ioctls=0x13 enotty=0x0 lastnr=0x0 conspop=0x64 rpid=0x25 ipid=0x25
[EVSTAT] t=0x47e0 dev=0x1 push=0x70 drop=0x0 depth=0x0 reads=0x23 eagain=0x12 deliv=0x70 polls=0x3462db pollin=0x26 ioctls=0x15 enotty=0x0 lastnr=0x0 conspop=0x0 rpid=0x25 ipid=0x25
[EVSTAT] t=0x48a8 dev=0x0 push=0x7c drop=0x0 depth=0x0 reads=0x3 eagain=0x2 deliv=0x18 polls=0x34ee08 pollin=0x3 ioctls=0x13 enotty=0x0 lastnr=0x0 conspop=0x64 rpid=0x25 ipid=0x25
[EVSTAT] t=0x48a8 dev=0x1 push=0x70 drop=0x0 depth=0x0 reads=0x23 eagain=0x12 deliv=0x70 polls=0x34ee06 pollin=0x26 ioctls=0x15 enotty=0x0 lastnr=0x0 conspop=0x0 rpid=0x25 ipid=0x25
[EVSTAT] t=0x4970 dev=0x0 push=0x7c drop=0x0 depth=0x0 reads=0x3 eagain=0x2 deliv=0x18 polls=0x3576c1 pollin=0x3 ioctls=0x13 enotty=0x0 lastnr=0x0 conspop=0x64 rpid=0x25 ipid=0x25
[EVSTAT] t=0x4970 dev=0x1 push=0x70 drop=0x0 depth=0x0 reads=0x23 eagain=0x12 deliv=0x70 polls=0x3576eb pollin=0x26 ioctls=0x15 enotty=0x0 lastnr=0x0 conspop=0x0 rpid=0x25 ipid=0x25
[EVSTAT] t=0x4a38 dev=0x0 push=0x7c drop=0x0 depth=0x0 reads=0x3 eagain=0x2 deliv=0x18 polls=0x360395 pollin=0x3 ioctls=0x13 enotty=0x0 lastnr=0x0 conspop=0x64 rpid=0x25 ipid=0x25
[EVSTAT] t=0x4a38 dev=0x1 push=0x70 drop=0x0 depth=0x0 reads=0x23 eagain=0x12 deliv=0x70 polls=0x3603c7 pollin=0x26 ioctls=0x15 enotty=0x0 lastnr=0x0 conspop=0x0 rpid=0x25 ipid=0x25
[EVSTAT] t=0x4b00 dev=0x0 push=0x7c drop=0x0 depth=0x0 reads=0x3 eagain=0x2 deliv=0x18 polls=0x368eb9 pollin=0x3 ioctls=0x13 enotty=0x0 lastnr=0x0 conspop=0x64 rpid=0x25 ipid=0x25
[EVSTAT] t=0x4b00 dev=0x1 push=0x70 drop=0x0 depth=0x0 reads=0x23 eagain=0x12 deliv=0x70 polls=0x368ec1 pollin=0x26 ioctls=0x15 enotty=0x0 lastnr=0x0 conspop=0x0 rpid=0x25 ipid=0x25
[EVSTAT] t=0x4bc8 dev=0x0 push=0x7c drop=0x0 depth=0x0 reads=0x3 eagain=0x2 deliv=0x18 polls=0x3719ac pollin=0x3 ioctls=0x13 enotty=0x0 lastnr=0x0 conspop=0x64 rpid=0x25 ipid=0x25
[EVSTAT] t=0x4bc8 dev=0x1 push=0x70 drop=0x0 depth=0x0 reads=0x23 eagain=0x12 deliv=0x70 polls=0x3719c5 pollin=0x26 ioctls=0x15 enotty=0x0 lastnr=0x0 conspop=0x0 rpid=0x25 ipid=0x25
[EVSTAT] t=0x4c90 dev=0x0 push=0x7c drop=0x0 depth=0x0 reads=0x3 eagain=0x2 deliv=0x18 polls=0x37a462 pollin=0x3 ioctls=0x13 enotty=0x0 lastnr=0x0 conspop=0x64 rpid=0x25 ipid=0x25
[EVSTAT] t=0x4c90 dev=0x1 push=0x70 drop=0x0 depth=0x0 reads=0x23 eagain=0x12 deliv=0x70 polls=0x37a477 pollin=0x26 ioctls=0x15 enotty=0x0 lastnr=0x0 conspop=0x0 rpid=0x25 ipid=0x25
[EVSTAT] t=0x4d58 dev=0x0 push=0x7c drop=0x0 depth=0x0 reads=0x3 eagain=0x2 deliv=0x18 polls=0x382dbf pollin=0x3 ioctls=0x13 enotty=0x0 lastnr=0x0 conspop=0x64 rpid=0x25 ipid=0x25
[EVSTAT] t=0x4d58 dev=0x1 push=0x70 drop=0x0 depth=0x0 reads=0x23 eagain=0x12 deliv=0x70 polls=0x382df0 pollin=0x26 ioctls=0x15 enotty=0x0 lastnr=0x0 conspop=0x0 rpid=0x25 ipid=0x25
[EVSTAT] t=0x4e20 dev=0x0 push=0x7c drop=0x0 depth=0x0 reads=0x3 eagain=0x2 deliv=0x18 polls=0x38b6e2 pollin=0x3 ioctls=0x13 enotty=0x0 lastnr=0x0 conspop=0x64 rpid=0x25 ipid=0x25
[EVSTAT] t=0x4e20 dev=0x1 push=0x70 drop=0x0 depth=0x0 reads=0x23 eagain=0x12 deliv=0x70 polls=0x38b6e0 pollin=0x26 ioctls=0x15 enotty=0x0 lastnr=0x0 conspop=0x0 rpid=0x25 ipid=0x25
M14: ==== BEGIN wlinput.log ====
[WLI] BEGIN pid=130 uid=0 path=/run/user/0/wayland-1 secs=200 interval=5
[WLI] BOUND globals=54 compositor=1 shm=1 wm_base=1 seat=1
[WLI] SEATCAP name="seat-0" caps=0x7 pointer=1 keyboard=1 touch=1
[WLI] EV keyboard.keymap format=Value(XkbV1) size=65528
[WLI] CONFIGURE n=1 serial=12 w=640 h=480
[WLI] MAPPED w=640 h=480
[WLI] CONFIGURE n=2 serial=13 w=640 h=480
[WLI] EV keyboard.enter held=0
[WLI] EV keyboard.modifiers depressed=0
[WLI] CONFIGURE n=3 serial=15 w=640 h=480
[WLI] CENSUS t=5.0s ptr_enter=0 ptr_leave=0 ptr_motion=0 ptr_button=0 ptr_axis=0 ptr_frame=0 kbd_keymap=1 kbd_enter=1 kbd_leave=0 kbd_key=0 kbd_mods=1 kbd_repeat=1 tch_down=0 tch_up=0 tch_motion=0 tch_frame=0 surf_enter=0 surf_leave=0 configure=3 ping=0 frame_cb=1
[WLI] CENSUS t=10.0s ptr_enter=0 ptr_leave=0 ptr_motion=0 ptr_button=0 ptr_axis=0 ptr_frame=0 kbd_keymap=1 kbd_enter=1 kbd_leave=0 kbd_key=0 kbd_mods=1 kbd_repeat=1 tch_down=0 tch_up=0 tch_motion=0 tch_frame=0 surf_enter=0 surf_leave=0 configure=3 ping=0 frame_cb=1
[WLI] CENSUS t=15.0s ptr_enter=0 ptr_leave=0 ptr_motion=0 ptr_button=0 ptr_axis=0 ptr_frame=0 kbd_keymap=1 kbd_enter=1 kbd_leave=0 kbd_key=0 kbd_mods=1 kbd_repeat=1 tch_down=0 tch_up=0 tch_motion=0 tch_frame=0 surf_enter=0 surf_leave=0 configure=3 ping=0 frame_cb=1
[WLI] CENSUS t=20.0s ptr_enter=0 ptr_leave=0 ptr_motion=0 ptr_button=0 ptr_axis=0 ptr_frame=0 kbd_keymap=1 kbd_enter=1 kbd_leave=0 kbd_key=0 kbd_mods=1 kbd_repeat=1 tch_down=0 tch_up=0 tch_motion=0 tch_frame=0 surf_enter=0 surf_leave=0 configure=3 ping=0 frame_cb=1
[WLI] CENSUS t=25.0s ptr_enter=0 ptr_leave=0 ptr_motion=0 ptr_button=0 ptr_axis=0 ptr_frame=0 kbd_keymap=1 kbd_enter=1 kbd_leave=0 kbd_key=0 kbd_mods=1 kbd_repeat=1 tch_down=0 tch_up=0 tch_motion=0 tch_frame=0 surf_enter=0 surf_leave=0 configure=3 ping=0 frame_cb=1
[WLI] CENSUS t=30.0s ptr_enter=0 ptr_leave=0 ptr_motion=0 ptr_button=0 ptr_axis=0 ptr_frame=0 kbd_keymap=1 kbd_enter=1 kbd_leave=0 kbd_key=0 kbd_mods=1 kbd_repeat=1 tch_down=0 tch_up=0 tch_motion=0 tch_frame=0 surf_enter=0 surf_leave=0 configure=3 ping=0 frame_cb=1
[WLI] EV pointer.enter x=319.9 y=378.0
[WLI] EV pointer.motion t=71880 x=338.9 y=378.0
[WLI] EV pointer.motion t=71890 x=338.9 y=390.0
[WLI] EV pointer.motion t=71900 x=358.0 y=390.0
[WLI] EV pointer.motion t=71900 x=358.0 y=402.9
[WLI] EV pointer.motion t=71920 x=377.0 y=402.9
[WLI] EV pointer.motion t=71920 x=377.0 y=415.0
[WLI] EV pointer.leave
[WLI] CENSUS t=35.0s ptr_enter=1 ptr_leave=1 ptr_motion=17 ptr_button=0 ptr_axis=0 ptr_frame=19 kbd_keymap=1 kbd_enter=1 kbd_leave=0 kbd_key=0 kbd_mods=1 kbd_repeat=1 tch_down=0 tch_up=0 tch_motion=0 tch_frame=0 surf_enter=0 surf_leave=0 configure=3 ping=0 frame_cb=1
[WLI] CENSUS t=40.0s ptr_enter=1 ptr_leave=1 ptr_motion=17 ptr_button=0 ptr_axis=0 ptr_frame=19 kbd_keymap=1 kbd_enter=1 kbd_leave=0 kbd_key=0 kbd_mods=1 kbd_repeat=1 tch_down=0 tch_up=0 tch_motion=0 tch_frame=0 surf_enter=0 surf_leave=0 configure=3 ping=0 frame_cb=1
[WLI] CENSUS t=45.0s ptr_enter=1 ptr_leave=1 ptr_motion=17 ptr_button=0 ptr_axis=0 ptr_frame=19 kbd_keymap=1 kbd_enter=1 kbd_leave=0 kbd_key=0 kbd_mods=1 kbd_repeat=1 tch_down=0 tch_up=0 tch_motion=0 tch_frame=0 surf_enter=0 surf_leave=0 configure=3 ping=0 frame_cb=1
[WLI] CENSUS t=50.0s ptr_enter=1 ptr_leave=1 ptr_motion=17 ptr_button=0 ptr_axis=0 ptr_frame=19 kbd_keymap=1 kbd_enter=1 kbd_leave=0 kbd_key=0 kbd_mods=1 kbd_repeat=1 tch_down=0 tch_up=0 tch_motion=0 tch_frame=0 surf_enter=0 surf_leave=0 configure=3 ping=0 frame_cb=1
[WLI] CENSUS t=55.0s ptr_enter=1 ptr_leave=1 ptr_motion=17 ptr_button=0 ptr_axis=0 ptr_frame=19 kbd_keymap=1 kbd_enter=1 kbd_leave=0 kbd_key=0 kbd_mods=1 kbd_repeat=1 tch_down=0 tch_up=0 tch_motion=0 tch_frame=0 surf_enter=0 surf_leave=0 configure=3 ping=0 frame_cb=1
[WLI] CENSUS t=60.0s ptr_enter=1 ptr_leave=1 ptr_motion=17 ptr_button=0 ptr_axis=0 ptr_frame=19 kbd_keymap=1 kbd_enter=1 kbd_leave=0 kbd_key=0 kbd_mods=1 kbd_repeat=1 tch_down=0 tch_up=0 tch_motion=0 tch_frame=0 surf_enter=0 surf_leave=0 configure=3 ping=0 frame_cb=1
[WLI] CENSUS t=65.0s ptr_enter=1 ptr_leave=1 ptr_motion=17 ptr_button=0 ptr_axis=0 ptr_frame=19 kbd_keymap=1 kbd_enter=1 kbd_leave=0 kbd_key=0 kbd_mods=1 kbd_repeat=1 tch_down=0 tch_up=0 tch_motion=0 tch_frame=0 surf_enter=0 surf_leave=0 configure=3 ping=0 frame_cb=1
[WLI] CENSUS t=70.0s ptr_enter=1 ptr_leave=1 ptr_motion=17 ptr_button=0 ptr_axis=0 ptr_frame=19 kbd_keymap=1 kbd_enter=1 kbd_leave=0 kbd_key=0 kbd_mods=1 kbd_repeat=1 tch_down=0 tch_up=0 tch_motion=0 tch_frame=0 surf_enter=0 surf_leave=0 configure=3 ping=0 frame_cb=1
[WLI] CENSUS t=75.0s ptr_enter=1 ptr_leave=1 ptr_motion=17 ptr_button=0 ptr_axis=0 ptr_frame=19 kbd_keymap=1 kbd_enter=1 kbd_leave=0 kbd_key=0 kbd_mods=1 kbd_repeat=1 tch_down=0 tch_up=0 tch_motion=0 tch_frame=0 surf_enter=0 surf_leave=0 configure=3 ping=0 frame_cb=1
[WLI] EV pointer.enter x=319.9 y=378.0
[WLI] EV pointer.button b=272 state=Value(Pressed)
[WLI] EV pointer.button b=272 state=Value(Released)
[WLI] EV keyboard.key t=118010 key=30 state=Value(Pressed)
[WLI] EV keyboard.key t=118010 key=30 state=Value(Released)
[WLI] EV keyboard.key t=118010 key=48 state=Value(Pressed)
[WLI] EV keyboard.key t=118010 key=48 state=Value(Released)
[WLI] EV keyboard.key t=118010 key=35 state=Value(Pressed)
[WLI] EV keyboard.key t=118010 key=35 state=Value(Released)
[WLI] EV keyboard.key t=118010 key=23 state=Value(Pressed)
[WLI] EV keyboard.key t=118010 key=23 state=Value(Released)
[WLI] EV keyboard.key t=118010 key=1 state=Value(Pressed)
[WLI] EV keyboard.key t=118010 key=1 state=Value(Released)
[WLI] EV keyboard.key t=118010 key=125 state=Value(Pressed)
[WLI] EV keyboard.modifiers depressed=64
[WLI] EV keyboard.key t=118010 key=125 state=Value(Released)
[WLI] EV keyboard.modifiers depressed=0
[WLI] EV pointer.button b=272 state=Value(Pressed)
[WLI] CENSUS t=80.0s ptr_enter=2 ptr_leave=1 ptr_motion=31 ptr_button=3 ptr_axis=0 ptr_frame=37 kbd_keymap=1 kbd_enter=1 kbd_leave=0 kbd_key=12 kbd_mods=3 kbd_repeat=1 tch_down=0 tch_up=0 tch_motion=0 tch_frame=0 surf_enter=0 surf_leave=0 configure=3 ping=0 frame_cb=1
[WLI] CENSUS t=85.0s ptr_enter=2 ptr_leave=1 ptr_motion=31 ptr_button=3 ptr_axis=0 ptr_frame=37 kbd_keymap=1 kbd_enter=1 kbd_leave=0 kbd_key=12 kbd_mods=3 kbd_repeat=1 tch_down=0 tch_up=0 tch_motion=0 tch_frame=0 surf_enter=0 surf_leave=0 configure=3 ping=0 frame_cb=1
[WLI] CENSUS t=90.0s ptr_enter=2 ptr_leave=1 ptr_motion=31 ptr_button=3 ptr_axis=0 ptr_frame=37 kbd_keymap=1 kbd_enter=1 kbd_leave=0 kbd_key=12 kbd_mods=3 kbd_repeat=1 tch_down=0 tch_up=0 tch_motion=0 tch_frame=0 surf_enter=0 surf_leave=0 configure=3 ping=0 frame_cb=1
[WLI] CENSUS t=95.0s ptr_enter=2 ptr_leave=1 ptr_motion=31 ptr_button=3 ptr_axis=0 ptr_frame=37 kbd_keymap=1 kbd_enter=1 kbd_leave=0 kbd_key=12 kbd_mods=3 kbd_repeat=1 tch_down=0 tch_up=0 tch_motion=0 tch_frame=0 surf_enter=0 surf_leave=0 configure=3 ping=0 frame_cb=1
[WLI] CENSUS t=100.0s ptr_enter=2 ptr_leave=1 ptr_motion=31 ptr_button=3 ptr_axis=0 ptr_frame=37 kbd_keymap=1 kbd_enter=1 kbd_leave=0 kbd_key=12 kbd_mods=3 kbd_repeat=1 tch_down=0 tch_up=0 tch_motion=0 tch_frame=0 surf_enter=0 surf_leave=0 configure=3 ping=0 frame_cb=1
[WLI] CENSUS t=105.0s ptr_enter=2 ptr_leave=1 ptr_motion=31 ptr_button=3 ptr_axis=0 ptr_frame=37 kbd_keymap=1 kbd_enter=1 kbd_leave=0 kbd_key=12 kbd_mods=3 kbd_repeat=1 tch_down=0 tch_up=0 tch_motion=0 tch_frame=0 surf_enter=0 surf_leave=0 configure=3 ping=0 frame_cb=1
[WLI] CENSUS t=110.0s ptr_enter=2 ptr_leave=1 ptr_motion=31 ptr_button=3 ptr_axis=0 ptr_frame=37 kbd_keymap=1 kbd_enter=1 kbd_leave=0 kbd_key=12 kbd_mods=3 kbd_repeat=1 tch_down=0 tch_up=0 tch_motion=0 tch_frame=0 surf_enter=0 surf_leave=0 configure=3 ping=0 frame_cb=1
[WLI] CENSUS t=115.0s ptr_enter=2 ptr_leave=1 ptr_motion=31 ptr_button=3 ptr_axis=0 ptr_frame=37 kbd_keymap=1 kbd_enter=1 kbd_leave=0 kbd_key=12 kbd_mods=3 kbd_repeat=1 tch_down=0 tch_up=0 tch_motion=0 tch_frame=0 surf_enter=0 surf_leave=0 configure=3 ping=0 frame_cb=1
[WLI] CENSUS t=120.0s ptr_enter=2 ptr_leave=1 ptr_motion=31 ptr_button=3 ptr_axis=0 ptr_frame=37 kbd_keymap=1 kbd_enter=1 kbd_leave=0 kbd_key=12 kbd_mods=3 kbd_repeat=1 tch_down=0 tch_up=0 tch_motion=0 tch_frame=0 surf_enter=0 surf_leave=0 configure=3 ping=0 frame_cb=1
[WLI] CENSUS t=125.0s ptr_enter=2 ptr_leave=1 ptr_motion=31 ptr_button=3 ptr_axis=0 ptr_frame=37 kbd_keymap=1 kbd_enter=1 kbd_leave=0 kbd_key=12 kbd_mods=3 kbd_repeat=1 tch_down=0 tch_up=0 tch_motion=0 tch_frame=0 surf_enter=0 surf_leave=0 configure=3 ping=0 frame_cb=1
[WLI] CENSUS t=130.0s ptr_enter=2 ptr_leave=1 ptr_motion=31 ptr_button=3 ptr_axis=0 ptr_frame=37 kbd_keymap=1 kbd_enter=1 kbd_leave=0 kbd_key=12 kbd_mods=3 kbd_repeat=1 tch_down=0 tch_up=0 tch_motion=0 tch_frame=0 surf_enter=0 surf_leave=0 configure=3 ping=0 frame_cb=1
[WLI] CENSUS t=135.0s ptr_enter=2 ptr_leave=1 ptr_motion=31 ptr_button=3 ptr_axis=0 ptr_frame=37 kbd_keymap=1 kbd_enter=1 kbd_leave=0 kbd_key=12 kbd_mods=3 kbd_repeat=1 tch_down=0 tch_up=0 tch_motion=0 tch_frame=0 surf_enter=0 surf_leave=0 configure=3 ping=0 frame_cb=1
[WLI] CENSUS t=140.0s ptr_enter=2 ptr_leave=1 ptr_motion=31 ptr_button=3 ptr_axis=0 ptr_frame=37 kbd_keymap=1 kbd_enter=1 kbd_leave=0 kbd_key=12 kbd_mods=3 kbd_repeat=1 tch_down=0 tch_up=0 tch_motion=0 tch_frame=0 surf_enter=0 surf_leave=0 configure=3 ping=0 frame_cb=1
[WLI] CENSUS t=145.0s ptr_enter=2 ptr_leave=1 ptr_motion=31 ptr_button=3 ptr_axis=0 ptr_frame=37 kbd_keymap=1 kbd_enter=1 kbd_leave=0 kbd_key=12 kbd_mods=3 kbd_repeat=1 tch_down=0 tch_up=0 tch_motion=0 tch_frame=0 surf_enter=0 surf_leave=0 configure=3 ping=0 frame_cb=1
[WLI] CENSUS t=150.0s ptr_enter=2 ptr_leave=1 ptr_motion=31 ptr_button=3 ptr_axis=0 ptr_frame=37 kbd_keymap=1 kbd_enter=1 kbd_leave=0 kbd_key=12 kbd_mods=3 kbd_repeat=1 tch_down=0 tch_up=0 tch_motion=0 tch_frame=0 surf_enter=0 surf_leave=0 configure=3 ping=0 frame_cb=1
[WLI] CENSUS t=155.0s ptr_enter=2 ptr_leave=1 ptr_motion=31 ptr_button=3 ptr_axis=0 ptr_frame=37 kbd_keymap=1 kbd_enter=1 kbd_leave=0 kbd_key=12 kbd_mods=3 kbd_repeat=1 tch_down=0 tch_up=0 tch_motion=0 tch_frame=0 surf_enter=0 surf_leave=0 configure=3 ping=0 frame_cb=1
[WLI] CENSUS t=160.0s ptr_enter=2 ptr_leave=1 ptr_motion=31 ptr_button=3 ptr_axis=0 ptr_frame=37 kbd_keymap=1 kbd_enter=1 kbd_leave=0 kbd_key=12 kbd_mods=3 kbd_repeat=1 tch_down=0 tch_up=0 tch_motion=0 tch_frame=0 surf_enter=0 surf_leave=0 configure=3 ping=0 frame_cb=1
M14: ==== END wlinput.log ====
M14: ==== BEGIN /run/user/0/m14/trace/seatshim.37.log ====
[SEATSHIM] pid=37 open_seat listener=0x1cb2f28 -> seat=0x43d47b10 fd=22
[SEATSHIM] pid=37 seat_name seat=0x43d47b10 -> seat0
[SEATSHIM] pid=37 dispatch seat=0x43d47b10 timeout=0
[SEATSHIM] pid=37 open_device seat=0x43d47b10 path=/dev/input/event0 -> id=26 fd=26 errno=0
[SEATSHIM] pid=37 open_device seat=0x43d47b10 path=/dev/input/event1 -> id=27 fd=27 errno=0
[SEATSHIM] pid=37 get_fd seat=0x43d47b10 -> 22
[SEATSHIM] pid=37 open_device seat=0x43d47b10 path=/dev/dri/card0 -> id=28 fd=28 errno=0
M14: ==== END /run/user/0/m14/trace/seatshim.37.log ====
M14: ==== BEGIN cosmic.log ====
[2m1970-01-01T00:00:19.164187Z[0m [33m WARN[0m [2mbusd::peers[0m[2m:[0m unknown destination: org.a11y.Bus
[2m1970-01-01T00:00:19.246459Z[0m [33m WARN[0m [2mbusd::peers[0m[2m:[0m unknown destination: com.system76.CosmicAppLibrary
[2m1970-01-01T00:00:19.461767Z[0m [33m WARN[0m [2mbusd::peers[0m[2m:[0m unknown destination: com.system76.CosmicLauncher
[2m1970-01-01T00:00:19.497542Z[0m [33m WARN[0m [2mbusd::peers[0m[2m:[0m unknown destination: com.system76.CosmicWorkspaces
[2m1970-01-01T00:00:19.500378Z[0m [33m WARN[0m [2mbusd::peers[0m[2m:[0m unknown destination: com.system76.CosmicOnScreenDisplay
[2m1970-01-01T00:00:19.810000Z[0m [33m WARN[0m [2mbusd::peers[0m[2m:[0m unknown destination: org.freedesktop.locale1
[2m1970-01-01T00:00:29.930928Z[0m [33m WARN[0m [2mbusd::peers[0m[2m:[0m unknown destination: com.system76.PowerDaemon
[2m1970-01-01T00:00:30.371185Z[0m [33m WARN[0m [2mbusd::peers[0m[2m:[0m unknown destination: org.freedesktop.UPower
[2m1970-01-01T00:00:30.875087Z[0m [33m WARN[0m [2mbusd::peers[0m[2m:[0m unknown destination: org.freedesktop.timedate1
mcosmic_session[0m[2m:[0m [UDEVSHIM] pid=47 enum_scan e=0x445dc8e0 rc=0 n=0
[2m1970-01-01T00:00:18.907887Z[0m [33m WARN[0m [2mcosmic_session[0m[2m:[0m [UDEVSHIM] pid=47 enum_get_list e=0x445dc8e0 head=0
[2m1970-01-01T00:00:18.907903Z[0m [33m WARN[0m [2mcosmic_session[0m[2m:[0m [UDEVSHIM] pid=47 udev_new ctx=0x300bbc50
[2m1970-01-01T00:00:18.907919Z[0m [33m WARN[0m [2mcosmic_session[0m[2m:[0m [UDEVSHIM] pid=47 enum_new e=0x445dc8f0
[2m1970-01-01T00:00:18.907935Z[0m [33m WARN[0m [2mcosmic_session[0m[2m:[0m [UDEVSHIM] pid=47 enum_match_subsystem e=0x445dc8f0 sub=i2c-dev
[2m1970-01-01T00:00:18.907949Z[0m [33m WARN[0m [2mcosmic_session[0m[2m:[0m [UDEVSHIM] pid=47 enum_scan e=0x445dc8f0 rc=0 n=0
[2m1970-01-01T00:00:18.907961Z[0m [33m WARN[0m [2mcosmic_session[0m[2m:[0m [UDEVSHIM] pid=47 enum_get_list e=0x445dc8f0 head=0
[2m1970-01-01T00:00:19.751719Z[0m [33m WARN[0m [2mcosmic_session[0m[2m:[0m [UDEVSHIM] pid=47 udev_new ctx=0x4727af50
[2m1970-01-01T00:00:19.751741Z[0m [33m WARN[0m [2mcosmic_session[0m[2m:[0m [UDEVSHIM] pid=47 mon_new src=udev mon=0x47283c50
[2m1970-01-01T00:00:19.751757Z[0m [33m WARN[0m [2mcosmic_session[0m[2m:[0m [UDEVSHIM] pid=47 mon_filter mon=0x47283c50 sub=backlight devtype=(null)
[2m1970-01-01T00:00:19.751846Z[0m [33m WARN[0m [2mcosmic_session[0m[2m:[0m [UDEVSHIM] pid=47 mon_enable mon=0x47283c50 rc=0
[2m1970-01-01T00:00:19.751858Z[0m [33m WARN[0m [2mcosmic_session[0m[2m:[0m [UDEVSHIM] pid=47 mon_fd mon=0x47283c50 fd=266
[2m1970-01-01T00:00:19.760611Z[0m [33m WARN[0m [2mcosmic_session[0m[2m:[0m [UDEVSHIM] pid=47 mon_recv mon=0x47283c50 -> 0
[2m1970-01-01T00:00:19.805200Z[0m [33m WARN[0m [2mcosmic_session[0m[2m:[0m   \x1b[33m WARN\x1b[0m  \x1b[33mfailed to locate desktop directory, falling back to /root/Desktop\x1b[0m
[2m1970-01-01T00:00:19.805221Z[0m [33m WARN[0m [2mcosmic_session[0m[2m:[0m     \x1b[2;3mat\x1b[0m src/lib.rs:50 \x1b[2;3mon\x1b[0m main
[2m1970-01-01T00:00:19.805234Z[0m [33m WARN[0m [2mcosmic_session[0m[2m:[0m 
[2m1970-01-01T00:00:19.833200Z[0m [33m WARN[0m [2mcosmic_session[0m[2m:[0m   \x1b[33m WARN\x1b[0m  \x1b[33mfailed to get system locale, falling back to en-US\x1b[0m
[2m1970-01-01T00:00:19.833225Z[0m [33m WARN[0m [2mcosmic_session[0m[2m:[0m     \x1b[2;3mat\x1b[0m /Users/forain/.cargo/registry/src/index.crates.io-1949cf8c6b5b557f/cosmic-text-0.19.0/src/font/system.rs:423 \x1b[2;3mon\x1b[0m main
[2m1970-01-01T00:00:19.833238Z[0m [33m WARN[0m [2mcosmic_session[0m[2m:[0m 
[2m1970-01-01T00:00:19.837293Z[0m [33m WARN[0m [2mcosmic_session[0m[2m:[0m   \x1b[33m WARN\x1b[0m  \x1b[33mFallback to loading from known font dir paths.\x1b[0m
[2m1970-01-01T00:00:19.837308Z[0m [33m WARN[0m [2mcosmic_session[0m[2m:[0m     \x1b[2;3mat\x1b[0m /Users/forain/.cargo/registry/src/index.crates.io-1949cf8c6b5b557f/fontdb-0.23.0/src/lib.rs:466 \x1b[2;3mon\x1b[0m main
[2m1970-01-01T00:00:19.837320Z[0m [33m WARN[0m [2mcosmic_session[0m[2m:[0m 
[2m1970-01-01T00:00:30.065936Z[0m [33m WARN[0m [2mcosmic_session[0m[2m:[0m xkbcommon: ERROR: couldn't find a Compose file for locale "C" (mapped to "C")
[2m1970-01-01T00:00:30.100454Z[0m [33m WARN[0m [2mcosmic_session::notifications[0m[2m:[0m xkbcommon: ERROR: couldn't find a Compose file for locale "C" (mapped to "C")
[2m1970-01-01T00:00:30.100475Z[0m [33m WARN[0m [2mcosmic_session[0m[2m:[0m xkbcommon: ERROR: couldn't find a Compose file for locale "C" (mapped to "C")
[2m1970-01-01T00:00:30.215718Z[0m [33m WARN[0m [2mcosmic_session[0m[2m:[0m [1970-01-01T00:00:30Z ERROR cosmic_settings_config::shortcuts] failed to read system shortcuts config 'system_actions': NoConfigDirectory
[2m1970-01-01T00:00:30.215740Z[0m [33m WARN[0m [2mcosmic_session[0m[2m:[0m [1970-01-[01ETV00S:T0A0T:]3 0tZ= 0ExR4ReOeR8  dceovs=m0ixc0_ speutsthi=ng0sx7_cc odnrfoipg=:0:xs0h odretcptuht=s0]x 0f arielaedds =t0ox r3e aeda glaoicna=l0 xs2 hdeolritvc=u0txs1 8c opnoflilgs ='0sxy3s9t4e3m8_da cptoilolnisn'=:0 xN3o CiooncftilgsD=i0rxe1c3t oernyo
tt[y2=m01x907 0l-a0s1t-n0r1=T00x00: 0c0o:n3s0p.o2p8=507x9684Z r[p0imd =0[x3235m  iWpAiRdN=0[x02m5 
[[E2VmScToAsTm]i ct_=s0exs4seieo8n :d:envo=t0ixf1i cpautsiho=n0sx7[00 mdr[o2pm=:0x[00 md expktbhc=o0mxm0o nr:e aEdRsR=O0Rx:2 3c oueladgani'nt= 0fxind1 2a  dCeolmipvos=e0 xf7i0l ep oflolrs =l0oxc3a9l4e3 8"bC "p o(lmlaipnp=e0dx 2t6o i o"cCt"l)s
=0[x21m51 9e7n0o-t0t1y-=001xT00 0l:a0s0t:n3r0=.02x805 8c2o4nZsp[o0pm= 0x[03 3rmp iWdA=R0Nx2[50 mi pi[d2=m0cxo2s5m
ic_session::notifications[0m[2m:[0m xkbcommon: ERROR: couldn't find a Compose file for locale "C" (mapped to "C")
[2m1970-01-01T00:00:30.621237Z[0m [33m WARN[0m [2mcosmic_session::notifications[0m[2m:[0m xkbcommon: ERROR: couldn't find a Compose file for locale "C" (mapped to "C")
[2m1970-01-01T00:00:30.852845Z[0m [33m WARN[0m [2mcosmic_session[0m[2m:[0m xkbcommon: ERROR: couldn't find a Compose file for locale "C" (mapped to "C")
[2m1970-01-01T00:00:30.853571Z[0m [33m WARN[0m [2mcosmic_session[0m[2m:[0m xkbcommon: ERROR: couldn't find a Compose file for locale "C" (mapped to "C")
[2m1970-01-01T00:00:32.187162Z[0m [33m WARN[0m [2mcosmic_session[0m[2m:[0m   \x1b[33m WARN\x1b[0m  \x1b[33mNo valid locale found in environment, using fallback\x1b[0m
[2m1970-01-01T00:00:32.187183Z[0m [33m WARN[0m [2mcosmic_session[0m[2m:[0m     \x1b[2;3mat\x1b[0m src/localize.rs:69 \x1b[2;3mon\x1b[0m main
[2m1970-01-01T00:00:32.187197Z[0m [33m WARN[0m [2mcosmic_session[0m[2m:[0m 
[2m1970-01-01T00:00:32.193889Z[0m [33m WARN[0m [2mcosmic_session[0m[2m:[0m   \x1b[33m WARN\x1b[0m  \x1b[33mfailed to read directory /root/Desktop: No such file or directory (os error 2)\x1b[0m
[2m1970-01-01T00:00:32.193902Z[0m [33m WARN[0m [2mcosmic_session[0m[2m:[0m     \x1b[2;3mat\x1b[0m src/tab.rs:1086 \x1b[2;3mon\x1b[0m tokio-rt-worker
[2m1970-01-01T00:00:32.193914Z[0m [33m WARN[0m [2mcosmic_session[0m[2m:[0m 
[2m1970-01-01T00:00:32.213357Z[0m [33m WARN[0m [2mcosmic_session[0m[2m:[0m   \x1b[33m WARN\x1b[0m  \x1b[33mfailed to get item for /root/Desktop: failed to read metadata for /root/Desktop: No such file or directory (os error 2)\x1b[0m
[2m1970-01-01T00:00:32.213378Z[0m [33m WARN[0m [2mcosmic_session[0m[2m:[0m     \x1b[2;3mat\x1b[0m src/tab.rs:1611 \x1b[2;3mon\x1b[0m tokio-rt-worker
[2m1970-01-01T00:00:32.213391Z[0m [33m WARN[0m [2mcosmic_session[0m[2m:[0m 
[2m1970-01-01T00:00:32.213403Z[0m [33m WARN[0m [2mcosmic_session[0m[2m:[0m xkbcommon: ERROR: couldn't find a Compose file for locale "C" (mapped to "C")
[2m1970-01-01T00:00:32.213416Z[0m [33m WARN[0m [2mcosmic_session[0m[2m:[0m xkbcommon: ERROR: couldn't find a Compose file for locale "C" (mapped to "C")
[2m1970-01-01T00:00:32.223741Z[0m [33m WARN[0m [2mcosmic_session[0m[2m:[0m   \x1b[33m WARN\x1b[0m  \x1b[33mcould not find any valid trash bins to watch: Unknown { description: "The 'home trash' either does not exist or is not a directory (or a link pointing to a dir)" }\x1b[0m
[2m1970-01-01T00:00:32.223761Z[0m [33m WARN[0m [2mcosmic_session[0m[2m:[0m     \x1b[2;3mat\x1b[0m src/app.rs:6864 \x1b[2;3mon\x1b[0m tokio-rt-worker
[2m1970-01-01T00:00:32.223774Z[0m [33m WARN[0m [2mcosmic_session[0m[2m:[0m 
[2m1970-01-01T00:00:32.370231Z[0m [33m WARN[0m [2mcosmic_session[0m[2m:[0m   \x1b[33m WARN\x1b[0m  \x1b[33mfailed to locate desktop directory, falling back to /root/Desktop\x1b[0m
[2m1970-01-01T00:00:32.370254Z[0m [33m WARN[0m [2mcosmic_session[0m[2m:[0m     \x1b[2;3mat\x1b[0m src/lib.rs:50 \x1b[2;3mon\x1b[0m main
[2m1970-01-01T00:00:32.370267Z[0m [33m WARN[0m [2mcosmic_session[0m[2m:[0m 
[2m1970-01-01T00:00:32.371819Z[0m [33m WARN[0m [2mcosmic_session[0m[2m:[0m   \x1b[33m WARN\x1b[0m  \x1b[33mfailed to read directory /root/Desktop: No such file or directory (os error 2)\x1b[0m
[2m1970-01-01T00:00:32.371833Z[0m [33m WARN[0m [2mcosmic_session[0m[2m:[0m     \x1b[2;3mat\x1b[0m src/tab.rs:1086 \x1b[2;3mon\x1b[0m tokio-rt-worker
[2m1970-01-01T00:00:32.371846Z[0m [33m WARN[0m [2mcosmic_session[0m[2m:[0m 
[2m1970-01-01T00:00:32.372073Z[0m [33m WARN[0m [2mcosmic_session[0m[2m:[0m   \x1b[33m WARN\x1b[0m  \x1b[33mfailed to get item for /root/Desktop: failed to read metadata for /root/Desktop: No such file or directory (os error 2)\x1b[0m
[2m1970-01-01T00:00:32.372085Z[0m [33m WARN[0m [2mcosmic_session[0m[2m:[0m     \x1b[2;3mat\x1b[0m src/tab.rs:1611 \x1b[2;3mon\x1b[0m tokio-rt-worker
[2m1970-01-01T00:00:32.372098Z[0m [33m WARN[0m [2mcosmic_session[0m[2m:[0m 
[2m1970-01-01T00:00:32.376686Z[0m [33m WARN[0m [2mcosmic_session[0m[2m:[0m   \x1b[31mERROR\x1b[0m  \x1b[31mOverlap notify subscription cannot be created for surface. No matching layer surface found.\x1b[0m
[2m1970-01-01T00:00:32.376707Z[0m [33m WARN[0m [2mcosmic_session[0m[2m:[0m     \x1b[2;3mat\x1b[0m /Users/forain/.cargo/git/checkouts/libcosmic-41009aea1d72760b/96a8204/iced/winit/src/platform_specific/wayland/event_loop/state.rs:1678 \x1b[2;3mon\x1b[0m 
[2m1970-01-01T00:00:32.376725Z[0m [33m WARN[0m [2mcosmic_session[0m[2m:[0m 
M14: ==== END cosmic.log ====
M14: DONE
[?2004h[0m[?25l[1;1H[J[39mbrush-0.5# [38;5;14m[38;5;5m[0m[0m78[?25h