=== BOOT x86_64 ===
Pivoting root to /mnt (old root at /mnt/old_root)...
pivot_root successful! Root is now F2FS.
Mounting /dev/vdc at /data (f2fs)...
Starting getty loop...

LeandrOS

login: Launching QEMU (PID 1616312, arch=x86_64, venus)...
QEMU started (PID 1616312, arch=x86_64, venus)
Serial socket up. Waiting for login/shell prompt (up to 120s)...
Login prompt ready (use: driver.py login <user> <password>).

=== LOGIN ===

[?2004h[0m[?25l[48;1H[J[39mbrush-0.5# 
=== RUN ===
=== POSITIVE CONTROL (must FAIL) ===
[0m[?25l[48;1H[J[39mbrush-0.5# [38;5;14m[38;5;5m[0m[0mnosuchbi78[?25h[0m[?25l[48;1H[J[39mbrush-0.5# [38;5;14m[38;5;5m[0m[0mnosuchbinary_xyz4278[?25h
 drop=0x0 depth=0x0 reads=0x0 eagain=0x0 deliv=0x0 polls=0x0 pollin=0x0 ioctls=0x0 enotty=0x0 lastnr=0x0 conspop=0x0 rpid=0x0 ipid=0x0
[EVSTAT] t=0x117b0 dev=0x0 push=0x64 drop=0x0 depth=0x0 reads=0x0 eagain=0x0 deliv=0x0 polls=0x0 pollin=0x0 ioctls=0x0 enotty=0x0 lastnr=0x0 conspop=0x64 rpid=0x0 ipid=0x0
[EVSTAT] t=0x117b0 dev=0x1 push=0x0 drop=0x0 depth=0x0 reads=0x0 eagain=0x0 deliv=0x0 polls=0x0 pollin=0x0 ioctls=0x0 enotty=0x0 lastnr=0x0 conspop=0x0 rpid=0x0 ipid=0x0
[EVSTAT] t=0x11878 dev=0x0 push=0x64 drop=0x0 depth=0x0 reads=0x0 eagain=0x0 deliv=0x0 polls=0x0 pollin=0x0 ioctls=0x0 enotty=0x0 lastnr=0x0 conspop=0x64 rpid=0x0 ipid=0x0
[EVSTAT] t=0x11878 dev=0x1 push=0x0 drop=0x0 depth=0x0 reads=0x0 eagain=0x0 deliv=0x0 polls=0x0 pollin=0x0 ioctls=0x0 enotty=0x0 lastnr=0x0 conspop=0x0 rpid=0x0 ipid=0x0
[EVSTAT] t=0x11940 dev=0x0 push=0x64 drop=0x0 depth=0x0 reads=0x0 eagain=0x0 deliv=0x0 polls=0x0 pollin=0x0 ioctls=0x0 enotty=0x0 lastnr=0x0 conspop=0x64 rpid=0x0 ipid=0x0
[EVSTAT] t=0x11940 dev=0x1 push=0x0 drop=0x0 depth=0x0 reads=0x0 eagain=0x0 deliv=0x0 polls=0x0 pollin=0x0 ioctls=0x0 enotty=0x0 lastnr=0x0 conspop=0x0 rpid=0x0 ipid=0x0
[EVSTAT] t=0x11a08 dev=0x0 push=0x64 drop=0x0 depth=0x0 reads=0x0 eagain=0x0 deliv=0x0 polls=0x0 pollin=0x0 ioctls=0x0 enotty=0x0 lastnr=0x0 conspop=0x64 rpid=0x0 ipid=0x0
[EVSTAT] t=0x11a08 dev=0x1 push=0x0 drop=0x0 depth=0x0 reads=0x0 eagain=0x0 deliv=0x0 polls=0x0 pollin=0x0 ioctls=0x0 enotty=0x0 lastnr=0x0 conspop=0x0 rpid=0x0 ipid=0x0
[EVSTAT] t=0x11ad0 dev=0x0 push=0x64 drop=0x0 depth=0x0 reads=0x0 eagain=0x0 deliv=0x0 polls=0x0 pollin=0x0 ioctls=0x0 enotty=0x0 lastnr=0x0 conspop=0x64 rpid=0x0 ipid=0x0
[EVSTAT] t=0x11ad0 dev=0x1 push=0x0 drop=0x0 depth=0x0 reads=0x0 eagain=0x0 deliv=0x0 polls=0x0 pollin=0x0 ioctls=0x0 enotty=0x0 lastnr=0x0 conspop=0x0 rpid=0x0 ipid=0x0
[EVSTAT] t=0x11b98 dev=0x0 push=0x64 drop=0x0 depth=0x0 reads=0x0 eagain=0x0 deliv=0x0 polls=0x0 pollin=0x0 ioctls=0x0 enotty=0x0 lastnr=0x0 conspop=0x64 rpid=0x0 ipid=0x0
[EVSTAT] t=0x11b98 dev=0x1 push=0x0 drop=0x0 depth=0x0 reads=0x0 eagain=0x0 deliv=0x0 polls=0x0 pollin=0x0 ioctls=0x0 enotty=0x0 lastnr=0x0 conspop=0x0 rpid=0x0 ipid=0x0
[EVSTAT] t=0x11c60 dev=0x0 push=0x64 drop=0x0 depth=0x0 reads=0x0 eagain=0x0 deliv=0x0 polls=0x0 pollin=0x0 ioctls=0x0 enotty=0x0 lastnr=0x0 conspop=0x64 rpid=0x0 ipid=0x0
[EVSTAT] t=0x11c60 dev=0x1 push=0x0 drop=0x0 depth=0x0 reads=0x0 eagain=0x0 deliv=0x0 polls=0x0 pollin=0x0 ioctls=0x0 enotty=0x0 lastnr=0x0 conspop=0x0 rpid=0x0 ipid=0x0
[EVSTAT] t=0x11d28 dev=0x0 push=0x64 drop=0x0 depth=0x0 reads=0x0 eagain=0x0 deliv=0x0 polls=0x0 pollin=0x0 ioctls=0x0 enotty=0x0 lastnr=0x0 conspop=0x64 rpid=0x0 ipid=0x0
[EVSTAT] t=0x11d28 dev=0x1 push=0x0 drop=0x0 depth=0x0 reads=0x0 eagain=0x0 deliv=0x0 polls=0x0 pollin=0x0 ioctls=0x0 enotty=0x0 lastnr=0x0 conspop=0x0 rpid=0x0 ipid=0x0
[EVSTAT] t=0x11df0 dev=0x0 push=0x64 drop=0x0 depth=0x0 reads=0x0 eagain=0x0 deliv=0x0 polls=0x0 pollin=0x0 ioctls=0x0 enotty=0x0 lastnr=0x0 conspop=0x64 rpid=0x0 ipid=0x0
[EVSTAT] t=0x11df0 dev=0x1 push=0x0 drop=0x0 depth=0x0 reads=0x0 eagain=0x0 deliv=0x0 polls=0x0 pollin=0x0 ioctls=0x0 enotty=0x0 lastnr=0x0 conspop=0x0 rpid=0x0 ipid=0x0
[EVSTAT] t=0x11eb8 dev=0x0 push=0x64 drop=0x0 depth=0x0 reads=0x0 eagain=0x0 deliv=0x0 polls=0x0 pollin=0x0 ioctls=0x0 enotty=0x0 lastnr=0x0 conspop=0x64 rpid=0x0 ipid=0x0
[EVSTAT] t=0x11eb8 dev=0x1 push=0x0 drop=0x0 depth=0x0 reads=0x0 eagain=0x0 deliv=0x0 polls=0x0 pollin=0x0 ioctls=0x0 enotty=0x0 lastnr=0x0 conspop=0x0 rpid=0x0 ipid=0x0
[EVSTAT] t=0x11f80 dev=0x0 push=0x64 drop=0x0 depth=0x0 reads=0x0 eagain=0x0 deliv=0x0 polls=0x0 pollin=0x0 ioctls=0x0 enotty=0x0 lastnr=0x0 conspop=0x64 rpid=0x0 ipid=0x0
[EVSTAT] t=0x11f80 dev=0x1 push=0x0 drop=0x0 depth=0x0 reads=0x0 eagain=0x0 deliv=0x0 polls=0x0 pollin=0x0 ioctls=0x0 enotty=0x0 lastnr=0x0 conspop=0x0 rpid=0x0 ipid=0x0
[EVSTAT] t=0x12048 dev=0x0 push=0x64 drop=0x0 depth=0x0 reads=0x0 eagain=0x0 deliv=0x0 polls=0x0 pollin=0x0 ioctls=0x0 enotty=0x0 lastnr=0x0 conspop=0x64 rpid=0x0 ipid=0x0
[EVSTAT] t=0x12048 dev=0x1 push=0x0 drop=0x0 depth=0x0 reads=0x0 eagain=0x0 deliv=0x0 polls=0x0 pollin=0x0 ioctls=0x0 enotty=0x0 lastnr=0x0 conspop=0x0 rpid=0x0 ipid=0x0
[EVSTAT] t=0x12110 dev=0x0 push=0x64 drop=0x0 depth=0x0 reads=0x0 eagain=0x0 deliv=0x0 polls=0x0 pollin=0x0 ioctls=0x0 enotty=0x0 lastnr=0x0 conspop=0x64 rpid=0x0 ipid=0x0
[EVSTAT] t=0x12110 dev=0x1 push=0x0 drop=0x0 depth=0x0 reads=0x0 eagain=0x0 deliv=0x0 polls=0x0 pollin=0x0 ioctls=0x0 enotty=0x0 lastnr=0x0 conspop=0x0 rpid=0x0 ipid=0x0
[EVSTAT] t=0x121d8 dev=0x0 push=0x64 drop=0x0 depth=0x0 reads=0x0 eagain=0x0 deliv=0x0 polls=0x0 pollin=0x0 ioctls=0x0 enotty=0x0 lastnr=0x0 conspop=0x64 rpid=0x0 ipid=0x0
[EVSTAT] t=0x121d8 dev=0x1 push=0x0 drop=0x0 depth=0x0 reads=0x0 eagain=0x0 deliv=0x0 polls=0x0 pollin=0x0 ioctls=0x0 enotty=0x0 lastnr=0x0 conspop=0x0 rpid=0x0 ipid=0x0
[EVSTAT] t=0x122a0 dev=0x0 push=0x64 drop=0x0 depth=0x0 reads=0x0 eagain=0x0 deliv=0x0 polls=0x0 pollin=0x0 ioctls=0x0 enotty=0x0 lastnr=0x0 conspop=0x64 rpid=0x0 ipid=0x0
[EVSTAT] t=0x122a0 dev=0x1 push=0x0 drop=0x0 depth=0x0 reads=0x0 eagain=0x0 deliv=0x0 polls=0x0 pollin=0x0 ioctls=0x0 enotty=0x0 lastnr=0x0 conspop=0x0 rpid=0x0 ipid=0x0
[EVSTAT] t=0x12368 dev=0x0 push=0x64 drop=0x0 depth=0x0 reads=0x0 eagain=0x0 deliv=0x0 polls=0x0 pollin=0x0 ioctls=0x0 enotty=0x0 lastnr=0x0 conspop=0x64 rpid=0x0 ipid=0x0
[EVSTAT] t=0x12368 dev=0x1 push=0x0 drop=0x0 depth=0x0 reads=0x0 eagain=0x0 deliv=0x0 polls=0x0 pollin=0x0 ioctls=0x0 enotty=0x0 lastnr=0x0 conspop=0x0 rpid=0x0 ipid=0x0
[EVSTAT] t=0x12430 dev=0x0 push=0x64 drop=0x0 depth=0x0 reads=0x0 eagain=0x0 deliv=0x0 polls=0x0 pollin=0x0 ioctls=0x0 enotty=0x0 lastnr=0x0 conspop=0x64 rpid=0x0 ipid=0x0
[EVSTAT] t=0x12430 dev=0x1 push=0x0 drop=0x0 depth=0x0 reads=0x0 eagain=0x0 deliv=0x0 polls=0x0 pollin=0x0 ioctls=0x0 enotty=0x0 lastnr=0x0 conspop=0x0 rpid=0x0 ipid=0x0
[EVSTAT] t=0x124f8 dev=0x0 push=0x64 drop=0x0 depth=0x0 reads=0x0 eagain=0x0 deliv=0x0 polls=0x0 pollin=0x0 ioctls=0x0 enotty=0x0 lastnr=0x0 conspop=0x64 rpid=0x0 ipid=0x0
[EVSTAT] t=0x124f8 dev=0x1 push=0x0 drop=0x0 depth=0x0 reads=0x0 eagain=0x0 deliv=0x0 polls=0x0 pollin=0x0 ioctls=0x0 enotty=0x0 lastnr=0x0 conspop=0x0 rpid=0x0 ipid=0x0
[EVSTAT] t=0x125c0 dev=0x0 push=0x64 drop=0x0 depth=0x0 reads=0x0 eagain=0x0 deliv=0x0 polls=0x0 pollin=0x0 ioctls=0x0 enotty=0x0 lastnr=0x0 conspop=0x64 rpid=0x0 ipid=0x0
[EVSTAT] t=0x125c0 dev=0x1 push=0x0 drop=0x0 depth=0x0 reads=0x0 eagain=0x0 deliv=0x0 polls=0x0 pollin=0x0 ioctls=0x0 enotty=0x0 lastnr=0x0 conspop=0x0 rpid=0x0 ipid=0x0
[EVSTAT] t=0x12688 dev=0x0 push=0x64 drop=0x0 depth=0x0 reads=0x0 eagain=0x0 deliv=0x0 polls=0x0 pollin=0x0 ioctls=0x0 enotty=0x0 lastnr=0x0 conspop=0x64 rpid=0x0 ipid=0x0
[EVSTAT] t=0x12688 dev=0x1 push=0x0 drop=0x0 depth=0x0 reads=0x0 eagain=0x0 deliv=0x0 polls=0x0 pollin=0x0 ioctls=0x0 enotty=0x0 lastnr=0x0 conspop=0x0 rpid=0x0 ipid=0x0
[EVSTAT] t=0x12750 dev=0x0 push=0x64 drop=0x0 depth=0x0 reads=0x0 eagain=0x0 deliv=0x0 polls=0x0 pollin=0x0 ioctls=0x0 enotty=0x0 lastnr=0x0 conspop=0x64 rpid=0x0 ipid=0x0
[EVSTAT] t=0x12750 dev=0x1 push=0x0 drop=0x0 depth=0x0 reads=0x0 eagain=0x0 deliv=0x0 polls=0x0 pollin=0x0 ioctls=0x0 enotty=0x0 lastnr=0x0 conspop=0x0 rpid=0x0 ipid=0x0
[EVSTAT] t=0x12818 dev=0x0 push=0x64 drop=0x0 depth=0x0 reads=0x0 eagain=0x0 deliv=0x0 polls=0x0 pollin=0x0 ioctls=0x0 enotty=0x0 lastnr=0x0 conspop=0x64 rpid=0x0 ipid=0x0
[EVSTAT] t=0x12818 dev=0x1 push=0x0 drop=0x0 depth=0x0 reads=0x0 eagain=0x0 deliv=0x0 polls=0x0 pollin=0x0 ioctls=0x0 enotty=0x0 lastnr=0x0 conspop=0x0 rpid=0x0 ipid=0x0
[EVSTAT] t=0x128e0 dev=0x0 push=0x64 drop=0x0 depth=0x0 reads=0x0 eagain=0x0 deliv=0x0 polls=0x0 pollin=0x0 ioctls=0x0 enotty=0x0 lastnr=0x0 conspop=0x64 rpid=0x0 ipid=0x0
[EVSTAT] t=0x128e0 dev=0x1 push=0x0 drop=0x0 depth=0x0 reads=0x0 eagain=0x0 deliv=0x0 polls=0x0 pollin=0x0 ioctls=0x0 enotty=0x0 lastnr=0x0 conspop=0x0 rpid=0x0 ipid=0x0
>>> TIMEOUT waiting for a MARK; the guest stopped early.

[qmp] 0 sent, 0 rejected

================ CLIENT CONTROLS ================
  BEGIN=1  BOUND=1  CONFIGURE=3  MAPPED=1
  [WLI] SEATCAP name="seat-0" caps=0x7 pointer=1 keyboard=1 touch=1

================ PER-PHASE CENSUS ================

================ PIXEL DIFFS ================

>>> draining guest dump...
25
[EVSTAT] t=0x1450 dev=0x1 push=0x0 drop=0x0 depth=0x0 reads=0x1 eagain=0x1 deliv=0x0 polls=0x5774d pollin=0x0 ioctls=0x15 enotty=0x0 lastnr=0x0 conspop=0x0 rpid=0x25 ipid=0x25
[EVSTAT] t=0x1518 dev=0x0 push=0x64 drop=0x0 depth=0x0 reads=0x1 eagain=0x1 deliv=0x0 polls=0x5ff6f pollin=0x0 ioctls=0x13 enotty=0x0 lastnr=0x0 conspop=0x64 rpid=0x25 ipid=0x25
[EVSTAT] t=0x1518 dev=0x1 push=0x0 drop=0x0 depth=0x0 reads=0x1 eagain=0x1 deliv=0x0 polls=0x5ff98 pollin=0x0 ioctls=0x15 enotty=0x0 lastnr=0x0 conspop=0x0 rpid=0x25 ipid=0x25
[EVSTAT] t=0x15e0 dev=0x0 push=0x64 drop=0x0 depth=0x0 reads=0x1 eagain=0x1 deliv=0x0 polls=0x68709 pollin=0x0 ioctls=0x13 enotty=0x0 lastnr=0x0 conspop=0x64 rpid=0x25 ipid=0x25
[EVSTAT] t=0x15e0 dev=0x1 push=0x0 drop=0x0 depth=0x0 reads=0x1 eagain=0x1 deliv=0x0 polls=0x68709 pollin=0x0 ioctls=0x15 enotty=0x0 lastnr=0x0 conspop=0x0 rpid=0x25 ipid=0x25
[EVSTAT] t=0x16a8 dev=0x0 push=0x64 drop=0x0 depth=0x0 reads=0x1 eagain=0x1 deliv=0x0 polls=0x70f65 pollin=0x0 ioctls=0x13 enotty=0x0 lastnr=0x0 conspop=0x64 rpid=0x25 ipid=0x25
[EVSTAT] t=0x16a8 dev=0x1 push=0x0 drop=0x0 depth=0x0 reads=0x1 eagain=0x1 deliv=0x0 polls=0x70f65 pollin=0x0 ioctls=0x15 enotty=0x0 lastnr=0x0 conspop=0x0 rpid=0x25 ipid=0x25
[EVSTAT] t=0x1770 dev=0x0 push=0x64 drop=0x0 depth=0x0 reads=0x1 eagain=0x1 deliv=0x0 polls=0x7982d pollin=0x0 ioctls=0x13 enotty=0x0 lastnr=0x0 conspop=0x64 rpid=0x25 ipid=0x25
[EVSTAT] t=0x1770 dev=0x1 push=0x0 drop=0x0 depth=0x0 reads=0x1 eagain=0x1 deliv=0x0 polls=0x7982d pollin=0x0 ioctls=0x15 enotty=0x0 lastnr=0x0 conspop=0x0 rpid=0x25 ipid=0x25
[EVSTAT] t=0x1838 dev=0x0 push=0x64 drop=0x0 depth=0x0 reads=0x1 eagain=0x1 deliv=0x0 polls=0x821ca pollin=0x0 ioctls=0x13 enotty=0x0 lastnr=0x0 conspop=0x64 rpid=0x25 ipid=0x25
[EVSTAT] t=0x1838 dev=0x1 push=0x0 drop=0x0 depth=0x0 reads=0x1 eagain=0x1 deliv=0x0 polls=0x821f3 pollin=0x0 ioctls=0x15 enotty=0x0 lastnr=0x0 conspop=0x0 rpid=0x25 ipid=0x25
[EVSTAT] t=0x1900 dev=0x0 push=0x64 drop=0x0 depth=0x0 reads=0x1 eagain=0x1 deliv=0x0 polls=0x8aa5e pollin=0x0 ioctls=0x13 enotty=0x0 lastnr=0x0 conspop=0x64 rpid=0x25 ipid=0x25
[EVSTAT] t=0x1900 dev=0x1 push=0x0 drop=0x0 depth=0x0 reads=0x1 eagain=0x1 deliv=0x0 polls=0x8aa8c pollin=0x0 ioctls=0x15 enotty=0x0 lastnr=0x0 conspop=0x0 rpid=0x25 ipid=0x25
[EVSTAT] t=0x19c8 dev=0x0 push=0x64 drop=0x0 depth=0x0 reads=0x1 eagain=0x1 deliv=0x0 polls=0x9558a pollin=0x0 ioctls=0x13 enotty=0x0 lastnr=0x0 conspop=0x64 rpid=0x25 ipid=0x25
[EVSTAT] t=0x19c8 dev=0x1 push=0x0 drop=0x0 depth=0x0 reads=0x1 eagain=0x1 deliv=0x0 polls=0x955bb pollin=0x0 ioctls=0x15 enotty=0x0 lastnr=0x0 conspop=0x0 rpid=0x25 ipid=0x25
[EVSTAT] t=0x1a90 dev=0x0 push=0x64 drop=0x0 depth=0x0 reads=0x1 eagain=0x1 deliv=0x0 polls=0x9dfdc pollin=0x0 ioctls=0x13 enotty=0x0 lastnr=0x0 conspop=0x64 rpid=0x25 ipid=0x25
[EVSTAT] t=0x1a90 dev=0x1 push=0x0 drop=0x0 depth=0x0 reads=0x1 eagain=0x1 deliv=0x0 polls=0x9dfdc pollin=0x0 ioctls=0x15 enotty=0x0 lastnr=0x0 conspop=0x0 rpid=0x25 ipid=0x25
[EVSTAT] t=0x1b58 dev=0x0 push=0x64 drop=0x0 depth=0x0 reads=0x1 eagain=0x1 deliv=0x0 polls=0xa6999 pollin=0x0 ioctls=0x13 enotty=0x0 lastnr=0x0 conspop=0x64 rpid=0x25 ipid=0x25
[EVSTAT] t=0x1b58 dev=0x1 push=0x0 drop=0x0 depth=0x0 reads=0x1 eagain=0x1 deliv=0x0 polls=0xa6999 pollin=0x0 ioctls=0x15 enotty=0x0 lastnr=0x0 conspop=0x0 rpid=0x25 ipid=0x25
M14: ENDMARK IDLE
M14: MARK POINTER 45

===== PHASE POINTER (45s) =====
[qmp] REJECTED [{"type": "abs", "data": {"axis": "x", "value": 16383}}] -> {"timestamp": {"seconds": 1786139096, "microseconds": 188191}, "event": "VNC_CONNECTED", "data": {"server": {"auth": "none", "family": "ipv4", "service": "5909", "host": "127.0.0.1", "websocket": fals
[qmp] REJECTED [{"type": "abs", "data": {"axis": "y", "value": 16383}}] -> {"timestamp": {"seconds": 1786139096, "microseconds": 188591}, "event": "VNC_INITIALIZED", "data": {"server": {"auth": "none", "family": "ipv4", "service": "5909", "host": "127.0.0.1", "websocket": fa
[qmp] REJECTED [{"type": "abs", "data": {"axis": "x", "value": 16707}}] -> {"timestamp": {"seconds": 1786139096, "microseconds": 258135}, "event": "VNC_DISCONNECTED", "data": {"server": {"auth": "none", "family": "ipv4", "service": "5909", "host": "127.0.0.1", "websocket": f
  motion: 1787 moves in 30.0s = 59.6/s
  [cap POINTER] 1920x1080 uncovered=0 rects=1 colours=270288 top=0xff00ffx287080 (0.5s)
r=0x0 conspop=0x0 rpid=0x25 ipid=0x25
[EVSTAT] t=0x1ce8 dev=0x0 push=0x64 drop=0x0 depth=0x0 reads=0x1 eagain=0x1 deliv=0x0 polls=0x13b15a pollin=0x0 ioctls=0x13 enotty=0x0 lastnr=0x0 conspop=0x64 rpid=0x25 ipid=0x25
[EVSTAT] t=0x1ce8 dev=0x1 push=0x44 drop=0x0 depth=0x0 reads=0x19 eagain=0xd deliv=0x44 polls=0x13b15a pollin=0x1c ioctls=0x15 enotty=0x0 lastnr=0x0 conspop=0x0 rpid=0x25 ipid=0x25
[EVSTAT] t=0x1db0 dev=0x0 push=0x64 drop=0x0 depth=0x0 reads=0x1 eagain=0x1 deliv=0x0 polls=0x14361b pollin=0x0 ioctls=0x13 enotty=0x0 lastnr=0x0 conspop=0x64 rpid=0x25 ipid=0x25
[EVSTAT] t=0x1db0 dev=0x1 push=0x44 drop=0x0 depth=0x0 reads=0x19 eagain=0xd deliv=0x44 polls=0x14364c pollin=0x1c ioctls=0x15 enotty=0x0 lastnr=0x0 conspop=0x0 rpid=0x25 ipid=0x25
[EVSTAT] t=0x1e78 dev=0x0 push=0x64 drop=0x0 depth=0x0 reads=0x1 eagain=0x1 deliv=0x0 polls=0x14bf77 pollin=0x0 ioctls=0x13 enotty=0x0 lastnr=0x0 conspop=0x64 rpid=0x25 ipid=0x25
[EVSTAT] t=0x1e78 dev=0x1 push=0x44 drop=0x0 depth=0x0 reads=0x19 eagain=0xd deliv=0x44 polls=0x14bf98 pollin=0x1c ioctls=0x15 enotty=0x0 lastnr=0x0 conspop=0x0 rpid=0x25 ipid=0x25
[EVSTAT] t=0x1f40 dev=0x0 push=0x64 drop=0x0 depth=0x0 reads=0x1 eagain=0x1 deliv=0x0 polls=0x154796 pollin=0x0 ioctls=0x13 enotty=0x0 lastnr=0x0 conspop=0x64 rpid=0x25 ipid=0x25
[EVSTAT] t=0x1f40 dev=0x1 push=0x44 drop=0x0 depth=0x0 reads=0x19 eagain=0xd deliv=0x44 polls=0x1547c6 pollin=0x1c ioctls=0x15 enotty=0x0 lastnr=0x0 conspop=0x0 rpid=0x25 ipid=0x25
[EVSTAT] t=0x2008 dev=0x0 push=0x64 drop=0x0 depth=0x0 reads=0x1 eagain=0x1 deliv=0x0 polls=0x15d1ed pollin=0x0 ioctls=0x13 enotty=0x0 lastnr=0x0 conspop=0x64 rpid=0x25 ipid=0x25
[EVSTAT] t=0x2008 dev=0x1 push=0x44 drop=0x0 depth=0x0 reads=0x19 eagain=0xd deliv=0x44 polls=0x15d21c pollin=0x1c ioctls=0x15 enotty=0x0 lastnr=0x0 conspop=0x0 rpid=0x25 ipid=0x25
[EVSTAT] t=0x20d0 dev=0x0 push=0x64 drop=0x0 depth=0x0 reads=0x1 eagain=0x1 deliv=0x0 polls=0x165c8d pollin=0x0 ioctls=0x13 enotty=0x0 lastnr=0x0 conspop=0x64 rpid=0x25 ipid=0x25
[EVSTAT] t=0x20d0 dev=0x1 push=0x44 drop=0x0 depth=0x0 reads=0x19 eagain=0xd deliv=0x44 polls=0x165cc2 pollin=0x1c ioctls=0x15 enotty=0x0 lastnr=0x0 conspop=0x0 rpid=0x25 ipid=0x25
[EVSTAT] t=0x2198 dev=0x0 push=0x64 drop=0x0 depth=0x0 reads=0x1 eagain=0x1 deliv=0x0 polls=0x16e7eb pollin=0x0 ioctls=0x13 enotty=0x0 lastnr=0x0 conspop=0x64 rpid=0x25 ipid=0x25
[EVSTAT] t=0x2198 dev=0x1 push=0x44 drop=0x0 depth=0x0 reads=0x19 eagain=0xd deliv=0x44 polls=0x16e81b pollin=0x1c ioctls=0x15 enotty=0x0 lastnr=0x0 conspop=0x0 rpid=0x25 ipid=0x25
[EVSTAT] t=0x2260 dev=0x0 push=0x64 drop=0x0 depth=0x0 reads=0x1 eagain=0x1 deliv=0x0 polls=0x176f4d pollin=0x0 ioctls=0x13 enotty=0x0 lastnr=0x0 conspop=0x64 rpid=0x25 ipid=0x25
[EVSTAT] t=0x2260 dev=0x1 push=0x44 drop=0x0 depth=0x0 reads=0x19 eagain=0xd deliv=0x44 polls=0x176f77 pollin=0x1c ioctls=0x15 enotty=0x0 lastnr=0x0 conspop=0x0 rpid=0x25 ipid=0x25
[EVSTAT] t=0x2328 dev=0x0 push=0x64 drop=0x0 depth=0x0 reads=0x1 eagain=0x1 deliv=0x0 polls=0x17f8b0 pollin=0x0 ioctls=0x13 enotty=0x0 lastnr=0x0 conspop=0x64 rpid=0x25 ipid=0x25
[EVSTAT] t=0x2328 dev=0x1 push=0x44 drop=0x0 depth=0x0 reads=0x19 eagain=0xd deliv=0x44 polls=0x17f8b0 pollin=0x1c ioctls=0x15 enotty=0x0 lastnr=0x0 conspop=0x0 rpid=0x25 ipid=0x25
[EVSTAT] t=0x23f0 dev=0x0 push=0x64 drop=0x0 depth=0x0 reads=0x1 eagain=0x1 deliv=0x0 polls=0x188272 pollin=0x0 ioctls=0x13 enotty=0x0 lastnr=0x0 conspop=0x64 rpid=0x25 ipid=0x25
[EVSTAT] t=0x23f0 dev=0x1 push=0x44 drop=0x0 depth=0x0 reads=0x19 eagain=0xd deliv=0x44 polls=0x18829e pollin=0x1c ioctls=0x15 enotty=0x0 lastnr=0x0 conspop=0x0 rpid=0x25 ipid=0x25
[EVSTAT] t=0x24b8 dev=0x0 push=0x64 drop=0x0 depth=0x0 reads=0x1 eagain=0x1 deliv=0x0 polls=0x190b7b pollin=0x0 ioctls=0x13 enotty=0x0 lastnr=0x0 conspop=0x64 rpid=0x25 ipid=0x25
[EVSTAT] t=0x24b8 dev=0x1 push=0x44 drop=0x0 depth=0x0 reads=0x19 eagain=0xd deliv=0x44 polls=0x190ba7 pollin=0x1c ioctls=0x15 enotty=0x0 lastnr=0x0 conspop=0x0 rpid=0x25 ipid=0x25
[EVSTAT] t=0x2580 dev=0x0 push=0x64 drop=0x0 depth=0x0 reads=0x1 eagain=0x1 deliv=0x0 polls=0x1994d0 pollin=0x0 ioctls=0x13 enotty=0x0 lastnr=0x0 conspop=0x64 rpid=0x25 ipid=0x25
[EVSTAT] t=0x2580 dev=0x1 push=0x44 drop=0x0 depth=0x0 reads=0x19 eagain=0xd deliv=0x44 polls=0x199500 pollin=0x1c ioctls=0x15 enotty=0x0 lastnr=0x0 conspop=0x0 rpid=0x25 ipid=0x25
[EVSTAT] t=0x2648 dev=0x0 push=0x64 drop=0x0 depth=0x0 reads=0x1 eagain=0x1 deliv=0x0 polls=0x1a1f7f pollin=0x0 ioctls=0x13 enotty=0x0 lastnr=0x0 conspop=0x64 rpid=0x25 ipid=0x25
[EVSTAT] t=0x2648 dev=0x1 push=0x44 drop=0x0 depth=0x0 reads=0x19 eagain=0xd deliv=0x44 polls=0x1a1fb1 pollin=0x1c ioctls=0x15 enotty=0x0 lastnr=0x0 conspop=0x0 rpid=0x25 ipid=0x25
[EVSTAT] t=0x2710 dev=0x0 push=0x64 drop=0x0 depth=0x0 reads=0x1 eagain=0x1 deliv=0x0 polls=0x1aaa20 pollin=0x0 ioctls=0x13 enotty=0x0 lastnr=0x0 conspop=0x64 rpid=0x25 ipid=0x25
[EVSTAT] t=0x2710 dev=0x1 push=0x44 drop=0x0 depth=0x0 reads=0x19 eagain=0xd deliv=0x44 polls=0x1aaa20 pollin=0x1c ioctls=0x15 enotty=0x0 lastnr=0x0 conspop=0x0 rpid=0x25 ipid=0x25
[EVSTAT] t=0x27d8 dev=0x0 push=0x64 drop=0x0 depth=0x0 reads=0x1 eagain=0x1 deliv=0x0 polls=0x1b3631 pollin=0x0 ioctls=0x13 enotty=0x0 lastnr=0x0 conspop=0x64 rpid=0x25 ipid=0x25
[EVSTAT] t=0x27d8 dev=0x1 push=0x44 drop=0x0 depth=0x0 reads=0x19 eagain=0xd deliv=0x44 polls=0x1b3663 pollin=0x1c ioctls=0x15 enotty=0x0 lastnr=0x0 conspop=0x0 rpid=0x25 ipid=0x25
[EVSTAT] t=0x28a0 dev=0x0 push=0x64 drop=0x0 depth=0x0 reads=0x1 eagain=0x1 deliv=0x0 polls=0x1bc0dc pollin=0x0 ioctls=0x13 enotty=0x0 lastnr=0x0 conspop=0x64 rpid=0x25 ipid=0x25
[EVSTAT] t=0x28a0 dev=0x1 push=0x44 drop=0x0 depth=0x0 reads=0x19 eagain=0xd deliv=0x44 polls=0x1bc10a pollin=0x1c ioctls=0x15 enotty=0x0 lastnr=0x0 conspop=0x0 rpid=0x25 ipid=0x25
[EVSTAT] t=0x2968 dev=0x0 push=0x64 drop=0x0 depth=0x0 reads=0x1 eagain=0x1 deliv=0x0 polls=0x1c4b53 pollin=0x0 ioctls=0x13 enotty=0x0 lastnr=0x0 conspop=0x64 rpid=0x25 ipid=0x25
[EVSTAT] t=0x2968 dev=0x1 push=0x44 drop=0x0 depth=0x0 reads=0x19 eagain=0xd deliv=0x44 polls=0x1c4b84 pollin=0x1c ioctls=0x15 enotty=0x0 lastnr=0x0 conspop=0x0 rpid=0x25 ipid=0x25
[EVSTAT] t=0x2a30 dev=0x0 push=0x64 drop=0x0 depth=0x0 reads=0x1 eagain=0x1 deliv=0x0 polls=0x1cd7d6 pollin=0x0 ioctls=0x13 enotty=0x0 lastnr=0x0 conspop=0x64 rpid=0x25 ipid=0x25
[EVSTAT] t=0x2a30 dev=0x1 push=0x44 drop=0x0 depth=0x0 reads=0x19 eagain=0xd deliv=0x44 polls=0x1cd7d6 pollin=0x1c ioctls=0x15 enotty=0x0 lastnr=0x0 conspop=0x0 rpid=0x25 ipid=0x25
[EVSTAT] t=0x2af8 dev=0x0 push=0x64 drop=0x0 depth=0x0 reads=0x1 eagain=0x1 deliv=0x0 polls=0x1d648d pollin=0x0 ioctls=0x13 enotty=0x0 lastnr=0x0 conspop=0x64 rpid=0x25 ipid=0x25
[EVSTAT] t=0x2af8 dev=0x1 push=0x44 drop=0x0 depth=0x0 reads=0x19 eagain=0xd deliv=0x44 polls=0x1d648d pollin=0x1c ioctls=0x15 enotty=0x0 lastnr=0x0 conspop=0x0 rpid=0x25 ipid=0x25
[EVSTAT] t=0x2bc0 dev=0x0 push=0x64 drop=0x0 depth=0x0 reads=0x1 eagain=0x1 deliv=0x0 polls=0x1def42 pollin=0x0 ioctls=0x13 enotty=0x0 lastnr=0x0 conspop=0x64 rpid=0x25 ipid=0x25
[EVSTAT] t=0x2bc0 dev=0x1 push=0x44 drop=0x0 depth=0x0 reads=0x19 eagain=0xd deliv=0x44 polls=0x1def42 pollin=0x1c ioctls=0x15 enotty=0x0 lastnr=0x0 conspop=0x0 rpid=0x25 ipid=0x25
[EVSTAT] t=0x2c88 dev=0x0 push=0x64 drop=0x0 depth=0x0 reads=0x1 eagain=0x1 deliv=0x0 polls=0x1e787a pollin=0x0 ioctls=0x13 enotty=0x0 lastnr=0x0 conspop=0x64 rpid=0x25 ipid=0x25
[EVSTAT] t=0x2c88 dev=0x1 push=0x44 drop=0x0 depth=0x0 reads=0x19 eagain=0xd deliv=0x44 polls=0x1e787a pollin=0x1c ioctls=0x15 enotty=0x0 lastnr=0x0 conspop=0x0 rpid=0x25 ipid=0x25
[EVSTAT] t=0x2d50 dev=0x0 push=0x64 drop=0x0 depth=0x0 reads=0x1 eagain=0x1 deliv=0x0 polls=0x1eff19 pollin=0x0 ioctls=0x13 enotty=0x0 lastnr=0x0 conspop=0x64 rpid=0x25 ipid=0x25
[EVSTAT] t=0x2d50 dev=0x1 push=0x44 drop=0x0 depth=0x0 reads=0x19 eagain=0xd deliv=0x44 polls=0x1eff19 pollin=0x1c ioctls=0x15 enotty=0x0 lastnr=0x0 conspop=0x0 rpid=0x25 ipid=0x25
M14: ENDMARK POINTER
M14: MARK CLICKKEY 40

===== PHASE CLICKKEY (40s) =====
  four clicks, all inside the client's toplevel
  six key taps
  [cap CLICKKEY] 1920x1080 uncovered=0 rects=1 colours=270288 top=0xff00ffx287080 (0.5s)
[EVSTAT] t=0x2e18 dev=0x0 push=0x64 drop=0x0 depth=0x0 reads=0x1 eagain=0x1 deliv=0x0 polls=0x1f8478 pollin=0x0 ioctls=0x13 enotty=0x0 lastnr=0x0 conspop=0x64 rpid=0x25 ipid=0x25
[EVSTAT] t=0x2e18 dev=0x1 push=0x50 drop=0x0 depth=0x0 reads=0x21 eagain=0x11 deliv=0x50 polls=0x1f84a6 pollin=0x25 ioctls=0x15 enotty=0x0 lastnr=0x0 conspop=0x0 rpid=0x25 ipid=0x25
[EVSTAT] t=0x2ee0 dev=0x0 push=0x7c drop=0x0 depth=0x0 reads=0x3 eagain=0x2 deliv=0x18 polls=0x22f5f7 pollin=0x3 ioctls=0x13 enotty=0x0 lastnr=0x0 conspop=0x64 rpid=0x25 ipid=0x25
[EVSTAT] t=0x2ee0 dev=0x1 push=0x70 drop=0x0 depth=0x0 reads=0x23 eagain=0x12 deliv=0x70 polls=0x22f620 pollin=0x26 ioctls=0x15 enotty=0x0 lastnr=0x0 conspop=0x0 rpid=0x25 ipid=0x25
[EVSTAT] t=0x2fa8 dev=0x0 push=0x7c drop=0x0 depth=0x0 reads=0x3 eagain=0x2 deliv=0x18 polls=0x2380c8 pollin=0x3 ioctls=0x13 enotty=0x0 lastnr=0x0 conspop=0x64 rpid=0x25 ipid=0x25
[EVSTAT] t=0x2fa8 dev=0x1 push=0x70 drop=0x0 depth=0x0 reads=0x23 eagain=0x12 deliv=0x70 polls=0x2380c6 pollin=0x26 ioctls=0x15 enotty=0x0 lastnr=0x0 conspop=0x0 rpid=0x25 ipid=0x25
[EVSTAT] t=0x3070 dev=0x0 push=0x7c drop=0x0 depth=0x0 reads=0x3 eagain=0x2 deliv=0x18 polls=0x240b4c pollin=0x3 ioctls=0x13 enotty=0x0 lastnr=0x0 conspop=0x64 rpid=0x25 ipid=0x25
[EVSTAT] t=0x3070 dev=0x1 push=0x70 drop=0x0 depth=0x0 reads=0x23 eagain=0x12 deliv=0x70 polls=0x240b70 pollin=0x26 ioctls=0x15 enotty=0x0 lastnr=0x0 conspop=0x0 rpid=0x25 ipid=0x25
[EVSTAT] t=0x3138 dev=0x0 push=0x7c drop=0x0 depth=0x0 reads=0x3 eagain=0x2 deliv=0x18 polls=0x2496f6 pollin=0x3 ioctls=0x13 enotty=0x0 lastnr=0x0 conspop=0x64 rpid=0x25 ipid=0x25
[EVSTAT] t=0x3138 dev=0x1 push=0x70 drop=0x0 depth=0x0 reads=0x23 eagain=0x12 deliv=0x70 polls=0x24971c pollin=0x26 ioctls=0x15 enotty=0x0 lastnr=0x0 conspop=0x0 rpid=0x25 ipid=0x25
[EVSTAT] t=0x3200 dev=0x0 push=0x7c drop=0x0 depth=0x0 reads=0x3 eagain=0x2 deliv=0x18 polls=0x252179 pollin=0x3 ioctls=0x13 enotty=0x0 lastnr=0x0 conspop=0x64 rpid=0x25 ipid=0x25
[EVSTAT] t=0x3200 dev=0x1 push=0x70 drop=0x0 depth=0x0 reads=0x23 eagain=0x12 deliv=0x70 polls=0x2521a3 pollin=0x26 ioctls=0x15 enotty=0x0 lastnr=0x0 conspop=0x0 rpid=0x25 ipid=0x25
[EVSTAT] t=0x32c8 dev=0x0 push=0x7c drop=0x0 depth=0x0 reads=0x3 eagain=0x2 deliv=0x18 polls=0x25ad56 pollin=0x3 ioctls=0x13 enotty=0x0 lastnr=0x0 conspop=0x64 rpid=0x25 ipid=0x25
[EVSTAT] t=0x32c8 dev=0x1 push=0x70 drop=0x0 depth=0x0 reads=0x23 eagain=0x12 deliv=0x70 polls=0x25ad54 pollin=0x26 ioctls=0x15 enotty=0x0 lastnr=0x0 conspop=0x0 rpid=0x25 ipid=0x25
[EVSTAT] t=0x3390 dev=0x0 push=0x7c drop=0x0 depth=0x0 reads=0x3 eagain=0x2 deliv=0x18 polls=0x263862 pollin=0x3 ioctls=0x13 enotty=0x0 lastnr=0x0 conspop=0x64 rpid=0x25 ipid=0x25
[EVSTAT] t=0x3390 dev=0x1 push=0x70 drop=0x0 depth=0x0 reads=0x23 eagain=0x12 deliv=0x70 polls=0x263860 pollin=0x26 ioctls=0x15 enotty=0x0 lastnr=0x0 conspop=0x0 rpid=0x25 ipid=0x25
[EVSTAT] t=0x3458 dev=0x0 push=0x7c drop=0x0 depth=0x0 reads=0x3 eagain=0x2 deliv=0x18 polls=0x26c5b0 pollin=0x3 ioctls=0x13 enotty=0x0 lastnr=0x0 conspop=0x64 rpid=0x25 ipid=0x25
[EVSTAT] t=0x3458 dev=0x1 push=0x70 drop=0x0 depth=0x0 reads=0x23 eagain=0x12 deliv=0x70 polls=0x26c5ae pollin=0x26 ioctls=0x15 enotty=0x0 lastnr=0x0 conspop=0x0 rpid=0x25 ipid=0x25
[EVSTAT] t=0x3520 dev=0x0 push=0x7c drop=0x0 depth=0x0 reads=0x3 eagain=0x2 deliv=0x18 polls=0x27509e pollin=0x3 ioctls=0x13 enotty=0x0 lastnr=0x0 conspop=0x64 rpid=0x25 ipid=0x25
[EVSTAT] t=0x3520 dev=0x1 push=0x70 drop=0x0 depth=0x0 reads=0x23 eagain=0x12 deliv=0x70 polls=0x2750d0 pollin=0x26 ioctls=0x15 enotty=0x0 lastnr=0x0 conspop=0x0 rpid=0x25 ipid=0x25
[EVSTAT] t=0x35e8 dev=0x0 push=0x7c drop=0x0 depth=0x0 reads=0x3 eagain=0x2 deliv=0x18 polls=0x27dc49 pollin=0x3 ioctls=0x13 enotty=0x0 lastnr=0x0 conspop=0x64 rpid=0x25 ipid=0x25
[EVSTAT] t=0x35e8 dev=0x1 push=0x70 drop=0x0 depth=0x0 reads=0x23 eagain=0x12 deliv=0x70 polls=0x27dc7b pollin=0x26 ioctls=0x15 enotty=0x0 lastnr=0x0 conspop=0x0 rpid=0x25 ipid=0x25
[EVSTAT] t=0x36b0 dev=0x0 push=0x7c drop=0x0 depth=0x0 reads=0x3 eagain=0x2 deliv=0x18 polls=0x28668f pollin=0x3 ioctls=0x13 enotty=0x0 lastnr=0x0 conspop=0x64 rpid=0x25 ipid=0x25
[EVSTAT] t=0x36b0 dev=0x1 push=0x70 drop=0x0 depth=0x0 reads=0x23 eagain=0x12 deliv=0x70 polls=0x2866c1 pollin=0x26 ioctls=0x15 enotty=0x0 lastnr=0x0 conspop=0x0 rpid=0x25 ipid=0x25
[EVSTAT] t=0x3778 dev=0x0 push=0x7c drop=0x0 depth=0x0 reads=0x3 eagain=0x2 deliv=0x18 polls=0x28f11c pollin=0x3 ioctls=0x13 enotty=0x0 lastnr=0x0 conspop=0x64 rpid=0x25 ipid=0x25
[EVSTAT] t=0x3778 dev=0x1 push=0x70 drop=0x0 depth=0x0 reads=0x23 eagain=0x12 deliv=0x70 polls=0x28f13f pollin=0x26 ioctls=0x15 enotty=0x0 lastnr=0x0 conspop=0x0 rpid=0x25 ipid=0x25
[EVSTAT] t=0x3840 dev=0x0 push=0x7c drop=0x0 depth=0x0 reads=0x3 eagain=0x2 deliv=0x18 polls=0x297d5a pollin=0x3 ioctls=0x13 enotty=0x0 lastnr=0x0 conspop=0x64 rpid=0x25 ipid=0x25
[EVSTAT] t=0x3840 dev=0x1 push=0x70 drop=0x0 depth=0x0 reads=0x23 eagain=0x12 deliv=0x70 polls=0x297d58 pollin=0x26 ioctls=0x15 enotty=0x0 lastnr=0x0 conspop=0x0 rpid=0x25 ipid=0x25
[EVSTAT] t=0x3908 dev=0x0 push=0x7c drop=0x0 depth=0x0 reads=0x3 eagain=0x2 deliv=0x18 polls=0x2a0915 pollin=0x3 ioctls=0x13 enotty=0x0 lastnr=0x0 conspop=0x64 rpid=0x25 ipid=0x25
[EVSTAT] t=0x3908 dev=0x1 push=0x70 drop=0x0 depth=0x0 reads=0x23 eagain=0x12 deliv=0x70 polls=0x2a093f pollin=0x26 ioctls=0x15 enotty=0x0 lastnr=0x0 conspop=0x0 rpid=0x25 ipid=0x25
[EVSTAT] t=0x39d0 dev=0x0 push=0x7c drop=0x0 depth=0x0 reads=0x3 eagain=0x2 deliv=0x18 polls=0x2a94ab pollin=0x3 ioctls=0x13 enotty=0x0 lastnr=0x0 conspop=0x64 rpid=0x25 ipid=0x25
[EVSTAT] t=0x39d0 dev=0x1 push=0x70 drop=0x0 depth=0x0 reads=0x23 eagain=0x12 deliv=0x70 polls=0x2a94a9 pollin=0x26 ioctls=0x15 enotty=0x0 lastnr=0x0 conspop=0x0 rpid=0x25 ipid=0x25
[EVSTAT] t=0x3a98 dev=0x0 push=0x7c drop=0x0 depth=0x0 reads=0x3 eagain=0x2 deliv=0x18 polls=0x2b200e pollin=0x3 ioctls=0x13 enotty=0x0 lastnr=0x0 conspop=0x64 rpid=0x25 ipid=0x25
[EVSTAT] t=0x3a98 dev=0x1 push=0x70 drop=0x0 depth=0x0 reads=0x23 eagain=0x12 deliv=0x70 polls=0x2b200c pollin=0x26 ioctls=0x15 enotty=0x0 lastnr=0x0 conspop=0x0 rpid=0x25 ipid=0x25
[EVSTAT] t=0x3b60 dev=0x0 push=0x7c drop=0x0 depth=0x0 reads=0x3 eagain=0x2 deliv=0x18 polls=0x2bab64 pollin=0x3 ioctls=0x13 enotty=0x0 lastnr=0x0 conspop=0x64 rpid=0x25 ipid=0x25
[EVSTAT] t=0x3b60 dev=0x1 push=0x70 drop=0x0 depth=0x0 reads=0x23 eagain=0x12 deliv=0x70 polls=0x2bab62 pollin=0x26 ioctls=0x15 enotty=0x0 lastnr=0x0 conspop=0x0 rpid=0x25 ipid=0x25
[EVSTAT] t=0x3c28 dev=0x0 push=0x7c drop=0x0 depth=0x0 reads=0x3 eagain=0x2 deliv=0x18 polls=0x2c3744 pollin=0x3 ioctls=0x13 enotty=0x0 lastnr=0x0 conspop=0x64 rpid=0x25 ipid=0x25
[EVSTAT] t=0x3c28 dev=0x1 push=0x70 drop=0x0 depth=0x0 reads=0x23 eagain=0x12 deliv=0x70 polls=0x2c3742 pollin=0x26 ioctls=0x15 enotty=0x0 lastnr=0x0 conspop=0x0 rpid=0x25 ipid=0x25
[EVSTAT] t=0x3cf0 dev=0x0 push=0x7c drop=0x0 depth=0x0 reads=0x3 eagain=0x2 deliv=0x18 polls=0x2cc1d3 pollin=0x3 ioctls=0x13 enotty=0x0 lastnr=0x0 conspop=0x64 rpid=0x25 ipid=0x25
[EVSTAT] t=0x3cf0 dev=0x1 push=0x70 drop=0x0 depth=0x0 reads=0x23 eagain=0x12 deliv=0x70 polls=0x2cc1fe pollin=0x26 ioctls=0x15 enotty=0x0 lastnr=0x0 conspop=0x0 rpid=0x25 ipid=0x25
M14: ENDMARK CLICKKEY
M14: MARK IDLE2 20

===== PHASE IDLE2 (20s) =====
  [cap IDLE2] 1920x1080 uncovered=0 rects=1 colours=270288 top=0xff00ffx287080 (0.5s)
[EVSTAT] t=0x3db8 dev=0x0 push=0x7c drop=0x0 depth=0x0 reads=0x3 eagain=0x2 deliv=0x18 polls=0x2d4c77 pollin=0x3 ioctls=0x13 enotty=0x0 lastnr=0x0 conspop=0x64 rpid=0x25 ipid=0x25
[EVSTAT] t=0x3db8 dev=0x1 push=0x70 drop=0x0 depth=0x0 reads=0x23 eagain=0x12 deliv=0x70 polls=0x2d4ca1 pollin=0x26 ioctls=0x15 enotty=0x0 lastnr=0x0 conspop=0x0 rpid=0x25 ipid=0x25
[EVSTAT] t=0x3e80 dev=0x0 push=0x7c drop=0x0 depth=0x0 reads=0x3 eagain=0x2 deliv=0x18 polls=0x2dd895 pollin=0x3 ioctls=0x13 enotty=0x0 lastnr=0x0 conspop=0x64 rpid=0x25 ipid=0x25
[EVSTAT] t=0x3e80 dev=0x1 push=0x70 drop=0x0 depth=0x0 reads=0x23 eagain=0x12 deliv=0x70 polls=0x2dd893 pollin=0x26 ioctls=0x15 enotty=0x0 lastnr=0x0 conspop=0x0 rpid=0x25 ipid=0x25
[EVSTAT] t=0x3f48 dev=0x0 push=0x7c drop=0x0 depth=0x0 reads=0x3 eagain=0x2 deliv=0x18 polls=0x2e643c pollin=0x3 ioctls=0x13 enotty=0x0 lastnr=0x0 conspop=0x64 rpid=0x25 ipid=0x25
[EVSTAT] t=0x3f48 dev=0x1 push=0x70 drop=0x0 depth=0x0 reads=0x23 eagain=0x12 deliv=0x70 polls=0x2e6468 pollin=0x26 ioctls=0x15 enotty=0x0 lastnr=0x0 conspop=0x0 rpid=0x25 ipid=0x25
[EVSTAT] t=0x4010 dev=0x0 push=0x7c drop=0x0 depth=0x0 reads=0x3 eagain=0x2 deliv=0x18 polls=0x2eee90 pollin=0x3 ioctls=0x13 enotty=0x0 lastnr=0x0 conspop=0x64 rpid=0x25 ipid=0x25
[EVSTAT] t=0x4010 dev=0x1 push=0x70 drop=0x0 depth=0x0 reads=0x23 eagain=0x12 deliv=0x70 polls=0x2eeeac pollin=0x26 ioctls=0x15 enotty=0x0 lastnr=0x0 conspop=0x0 rpid=0x25 ipid=0x25
[EVSTAT] t=0x40d8 dev=0x0 push=0x7c drop=0x0 depth=0x0 reads=0x3 eagain=0x2 deliv=0x18 polls=0x2f7a93 pollin=0x3 ioctls=0x13 enotty=0x0 lastnr=0x0 conspop=0x64 rpid=0x25 ipid=0x25
[EVSTAT] t=0x40d8 dev=0x1 push=0x70 drop=0x0 depth=0x0 reads=0x23 eagain=0x12 deliv=0x70 polls=0x2f7a91 pollin=0x26 ioctls=0x15 enotty=0x0 lastnr=0x0 conspop=0x0 rpid=0x25 ipid=0x25
[EVSTAT] t=0x41a0 dev=0x0 push=0x7c drop=0x0 depth=0x0 reads=0x3 eagain=0x2 deliv=0x18 polls=0x300786 pollin=0x3 ioctls=0x13 enotty=0x0 lastnr=0x0 conspop=0x64 rpid=0x25 ipid=0x25
[EVSTAT] t=0x41a0 dev=0x1 push=0x70 drop=0x0 depth=0x0 reads=0x23 eagain=0x12 deliv=0x70 polls=0x300784 pollin=0x26 ioctls=0x15 enotty=0x0 lastnr=0x0 conspop=0x0 rpid=0x25 ipid=0x25
[EVSTAT] t=0x4268 dev=0x0 push=0x7c drop=0x0 depth=0x0 reads=0x3 eagain=0x2 deliv=0x18 polls=0x309260 pollin=0x3 ioctls=0x13 enotty=0x0 lastnr=0x0 conspop=0x64 rpid=0x25 ipid=0x25
[EVSTAT] t=0x4268 dev=0x1 push=0x70 drop=0x0 depth=0x0 reads=0x23 eagain=0x12 deliv=0x70 polls=0x30928d pollin=0x26 ioctls=0x15 enotty=0x0 lastnr=0x0 conspop=0x0 rpid=0x25 ipid=0x25
[EVSTAT] t=0x4330 dev=0x0 push=0x7c drop=0x0 depth=0x0 reads=0x3 eagain=0x2 deliv=0x18 polls=0x311bbc pollin=0x3 ioctls=0x13 enotty=0x0 lastnr=0x0 conspop=0x64 rpid=0x25 ipid=0x25
[EVSTAT] t=0x4330 dev=0x1 push=0x70 drop=0x0 depth=0x0 reads=0x23 eagain=0x12 deliv=0x70 polls=0x311bea pollin=0x26 ioctls=0x15 enotty=0x0 lastnr=0x0 conspop=0x0 rpid=0x25 ipid=0x25
[EVSTAT] t=0x43f8 dev=0x0 push=0x7c drop=0x0 depth=0x0 reads=0x3 eagain=0x2 deliv=0x18 polls=0x31a8eb pollin=0x3 ioctls=0x13 enotty=0x0 lastnr=0x0 conspop=0x64 rpid=0x25 ipid=0x25
[EVSTAT] t=0x43f8 dev=0x1 push=0x70 drop=0x0 depth=0x0 reads=0x23 eagain=0x12 deliv=0x70 polls=0x31a911 pollin=0x26 ioctls=0x15 enotty=0x0 lastnr=0x0 conspop=0x0 rpid=0x25 ipid=0x25
[EVSTAT] t=0x44c0 dev=0x0 push=0x7c drop=0x0 depth=0x0 reads=0x3 eagain=0x2 deliv=0x18 polls=0x32336b pollin=0x3 ioctls=0x13 enotty=0x0 lastnr=0x0 conspop=0x64 rpid=0x25 ipid=0x25
[EVSTAT] t=0x44c0 dev=0x1 push=0x70 drop=0x0 depth=0x0 reads=0x23 eagain=0x12 deliv=0x70 polls=0x323369 pollin=0x26 ioctls=0x15 enotty=0x0 lastnr=0x0 conspop=0x0 rpid=0x25 ipid=0x25
M14: ENDMARK IDLE2
M14: CAPTURES DONE

>>> guest reports CAPTURES DONE

[qmp] 3614 sent, 6 rejected

================ CLIENT CONTROLS ================
  BEGIN=1  BOUND=1  CONFIGURE=3  MAPPED=1
  [WLI] SEATCAP name="seat-0" caps=0x7 pointer=1 keyboard=1 touch=1

================ PER-PHASE CENSUS ================

-- IDLE --
  [DRMSTAT] [DRMSTAT] unavailable (kernel built with DRM_STATS = false?)
  [EVSTAT]  dev=0  dt=20.0s  push+0  drop+0  depth 0->0  reads+0  eagain+0  deliv+0  polls+358085  pollin+0  ioctls+0  enotty+0  conspop+0  rpid=37
  [EVSTAT]  dev=1  dt=20.0s  push+0  drop+0  depth 0->0  reads+0  eagain+0  deliv+0  polls+358085  pollin+0  ioctls+0  enotty+0  conspop+0  rpid=37
  [WLI]     ptr_enter+0  ptr_leave+0  ptr_motion+0  ptr_button+0  ptr_frame+0  kbd_keymap+0  kbd_enter+0  kbd_leave+0  kbd_key+0  kbd_mods+0  tch_down+0  tch_motion+0  configure+0  frame_cb+0

-- POINTER --
  [DRMSTAT] [DRMSTAT] unavailable (kernel built with DRM_STATS = false?)
  [EVSTAT]  dev=0  dt=16.0s  push+0  drop+0  depth 0->0  reads+0  eagain+0  deliv+0  polls+818770  pollin+0  ioctls+0  enotty+0  conspop+0  rpid=37
  [EVSTAT]  dev=1  dt=16.0s  push+68  drop+0  depth 0->0  reads+24  eagain+12  deliv+68  polls+818818  pollin+28  ioctls+0  enotty+0  conspop+0  rpid=37
  [WLI]     ptr_enter+0  ptr_leave+0  ptr_motion+0  ptr_button+0  ptr_frame+0  kbd_keymap+0  kbd_enter+0  kbd_leave+0  kbd_key+0  kbd_mods+0  tch_down+0  tch_motion+0  configure+0  frame_cb+0

-- CLICKKEY --
  [DRMSTAT] [DRMSTAT] unavailable (kernel built with DRM_STATS = false?)
  [EVSTAT]  dev=0  dt=30.0s  push+24  drop+0  depth 0->0  reads+2  eagain+1  deliv+24  polls+723452  pollin+3  ioctls+0  enotty+0  conspop+0  rpid=37
  [EVSTAT]  dev=1  dt=30.0s  push+44  drop+0  depth 0->0  reads+10  eagain+5  deliv+44  polls+723494  pollin+10  ioctls+0  enotty+0  conspop+0  rpid=37
  [WLI]     ptr_enter+0  ptr_leave+0  ptr_motion+0  ptr_button+0  ptr_frame+0  kbd_keymap+0  kbd_enter+0  kbd_leave+0  kbd_key+0  kbd_mods+0  tch_down+0  tch_motion+0  configure+0  frame_cb+0

-- IDLE2 --
  [DRMSTAT] [DRMSTAT] unavailable (kernel built with DRM_STATS = false?)
  [EVSTAT]  dev=0  dt=20.0s  push+0  drop+0  depth 0->0  reads+0  eagain+0  deliv+0  polls+356760  pollin+0  ioctls+0  enotty+0  conspop+0  rpid=37
  [EVSTAT]  dev=1  dt=20.0s  push+0  drop+0  depth 0->0  reads+0  eagain+0  deliv+0  polls+356715  pollin+0  ioctls+0  enotty+0  conspop+0  rpid=37
  [WLI]     ptr_enter+0  ptr_leave+0  ptr_motion+0  ptr_button+0  ptr_frame+0  kbd_keymap+0  kbd_enter+0  kbd_leave+0  kbd_key+0  kbd_mods+0  tch_down+0  tch_motion+0  configure+0  frame_cb+0

================ PIXEL DIFFS ================
  IDLE -> POINTER: 270 px changed  box=270 px (0.013%) bbox x=997..1029 y=5..22 (33x18)
  POINTER -> CLICKKEY: 270 px changed  box=270 px (0.013%) bbox x=961..1029 y=5..25 (69x21)
  CLICKKEY -> IDLE2: 162 px changed  box=162 px (0.008%) bbox x=997..1011 y=5..25 (15x21)

>>> draining guest dump...
>>> serial log: /tmp/m14-x86_64/serial.log
>>> pngs: /tmp/m14-x86_64
RUN_RC=0
