[0m[?25l[41;1H[J[39mbrush-0.5# [38;5;14m[38;5;5m[0m[0mnosuchbi78[?25h[0m[?25l[41;1H[J[39mbrush-0.5# [38;5;14m[38;5;5m[0m[0mnosuchbinary_xyz78[?25h[0m[?25l[41;1H[J[39mbrush-0.5# [38;5;14m[38;5;5m[0m[0mnosuchbinary_xyz4278[?25h
[?2004l[31merror:[39m command not found: nosuchbinary_xyz42
[?2004h[0m[?25l[43;1H[J[39mbrush-0.5# [38;5;14m[38;5;5m[0m[0m78[?25h[EVSTAT] t=0xc8 dev=0x0 push=0x3a drop=0x0 depth=0x0 reads=0x0 eagain=0x0 deliv=0x0 polls=0x0 pollin=0x0 ioctls=0x0 enotty=0x0 lastnr=0x0 conspop=0x3a rpid=0x0 ipid=0x0
[EVSTAT] t=0xc8 dev=0x1 push=0x0 drop=0x0 depth=0x0 reads=0x0 eagain=0x0 deliv=0x0 polls=0x0 pollin=0x0 ioctls=0x0 enotty=0x0 lastnr=0x0 conspop=0x0 rpid=0x0 ipid=0x0
[EVSTAT] t=0x190 dev=0x0 push=0x3a drop=0x0 depth=0x0 reads=0x0 eagain=0x0 deliv=0x0 polls=0x0 pollin=0x0 ioctls=0x0 enotty=0x0 lastnr=0x0 conspop=0x3a rpid=0x0 ipid=0x0
[EVSTAT] t=0x190 dev=0x1 push=0x0 drop=0x0 depth=0x0 reads=0x0 eagain=0x0 deliv=0x0 polls=0x0 pollin=0x0 ioctls=0x0 enotty=0x0 lastnr=0x0 conspop=0x0 rpid=0x0 ipid=0x0
[EVSTAT] t=0x258 dev=0x0 push=0x3a drop=0x0 depth=0x0 reads=0x0 eagain=0x0 deliv=0x0 polls=0x0 pollin=0x0 ioctls=0x0 enotty=0x0 lastnr=0x0 conspop=0x3a rpid=0x0 ipid=0x0
[EVSTAT] t=0x258 dev=0x1 push=0x0 drop=0x0 depth=0x0 reads=0x0 eagain=0x0 deliv=0x0 polls=0x0 pollin=0x0 ioctls=0x0 enotty=0x0 lastnr=0x0 conspop=0x0 rpid=0x0 ipid=0x0
[EVSTAT] t=0x320 dev=0x0 push=0x3a drop=0x0 depth=0x0 reads=0x0 eagain=0x0 deliv=0x0 polls=0x0 pollin=0x0 ioctls=0x0 enotty=0x0 lastnr=0x0 conspop=0x3a rpid=0x0 ipid=0x0
[EVSTAT] t=0x320 dev=0x1 push=0x0 drop=0x0 depth=0x0 reads=0x0 eagain=0x0 deliv=0x0 polls=0x0 pollin=0x0 ioctls=0x0 enotty=0x0 lastnr=0x0 conspop=0x0 rpid=0x0 ipid=0x0
[EVSTAT] t=0x3e8 dev=0x0 push=0x3a drop=0x0 depth=0x0 reads=0x0 eagain=0x0 deliv=0x0 polls=0x0 pollin=0x0 ioctls=0x0 enotty=0x0 lastnr=0x0 conspop=0x3a rpid=0x0 ipid=0x0
[EVSTAT] t=0x3e8 dev=0x1 push=0x8 drop=0x0 depth=0x8 reads=0x0 eagain=0x0 deliv=0x0 polls=0x0 pollin=0x0 ioctls=0x0 enotty=0x0 lastnr=0x0 conspop=0x0 rpid=0x0 ipid=0x0
[EVSTAT] t=0x4b0 dev=0x0 push=0x3a drop=0x0 depth=0x0 reads=0x0 eagain=0x0 deliv=0x0 polls=0x0 pollin=0x0 ioctls=0x0 enotty=0x0 lastnr=0x0 conspop=0x3a rpid=0x0 ipid=0x0
[EVSTAT] t=0x4b0 dev=0x1 push=0xa drop=0x0 depth=0xa reads=0x0 eagain=0x0 deliv=0x0 polls=0x0 pollin=0x0 ioctls=0x0 enotty=0x0 lastnr=0x0 conspop=0x0 rpid=0x0 ipid=0x0
[EVSTAT] t=0x578 dev=0x0 push=0x3a drop=0x0 depth=0x0 reads=0x0 eagain=0x0 deliv=0x0 polls=0x0 pollin=0x0 ioctls=0x0 enotty=0x0 lastnr=0x0 conspop=0x3a rpid=0x0 ipid=0x0
[EVSTAT] t=0x578 dev=0x1 push=0xa drop=0x0 depth=0xa reads=0x0 eagain=0x0 deliv=0x0 polls=0x0 pollin=0x0 ioctls=0x0 enotty=0x0 lastnr=0x0 conspop=0x0 rpid=0x0 ipid=0x0
[EVSTAT] t=0x640 dev=0x0 push=0x3a drop=0x0 depth=0x0 reads=0x0 eagain=0x0 deliv=0x0 polls=0x0 pollin=0x0 ioctls=0x0 enotty=0x0 lastnr=0x0 conspop=0x3a rpid=0x0 ipid=0x0
[EVSTAT] t=0x640 dev=0x1 push=0xa drop=0x0 depth=0xa reads=0x0 eagain=0x0 deliv=0x0 polls=0x0 pollin=0x0 ioctls=0x0 enotty=0x0 lastnr=0x0 conspop=0x0 rpid=0x0 ipid=0x0
[EVSTAT] t=0x708 dev=0x0 push=0x3a drop=0x0 depth=0x0 reads=0x0 eagain=0x0 deliv=0x0 polls=0x0 pollin=0x0 ioctls=0x0 enotty=0x0 lastnr=0x0 conspop=0x3a rpid=0x0 ipid=0x0
[EVSTAT] t=0x708 dev=0x1 push=0xa drop=0x0 depth=0xa reads=0x0 eagain=0x0 deliv=0x0 polls=0x0 pollin=0x0 ioctls=0x0 enotty=0x0 lastnr=0x0 conspop=0x0 rpid=0x0 ipid=0x0
[EVSTAT] t=0x7d0 dev=0x0 push=0x3a drop=0x0 depth=0x0 reads=0x0 eagain=0x0 deliv=0x0 polls=0x0 pollin=0x0 ioctls=0x0 enotty=0x0 lastnr=0x0 conspop=0x3a rpid=0x0 ipid=0x0
[EVSTAT] t=0x7d0 dev=0x1 push=0xa drop=0x0 depth=0xa reads=0x0 eagain=0x0 deliv=0x0 polls=0x0 pollin=0x0 ioctls=0x0 enotty=0x0 lastnr=0x0 conspop=0x0 rpid=0x0 ipid=0x0
[EVSTAT] t=0x898 dev=0x0 push=0x3a drop=0x0 depth=0x0 reads=0x0 eagain=0x0 deliv=0x0 polls=0x0 pollin=0x0 ioctls=0x0 enotty=0x0 lastnr=0x0 conspop=0x3a rpid=0x0 ipid=0x0
[EVSTAT] t=0x898 dev=0x1 push=0xa drop=0x0 depth=0xa reads=0x0 eagain=0x0 deliv=0x0 polls=0x0 pollin=0x0 ioctls=0x0 enotty=0x0 lastnr=0x0 conspop=0x0 rpid=0x0 ipid=0x0
[EVSTAT] t=0x960 dev=0x0 push=0x3a drop=0x0 depth=0x0 reads=0x0 eagain=0x0 deliv=0x0 polls=0x0 pollin=0x0 ioctls=0x0 enotty=0x0 lastnr=0x0 conspop=0x3a rpid=0x0 ipid=0x0
[EVSTAT] t=0x960 dev=0x1 push=0xa drop=0x0 depth=0xa reads=0x0 eagain=0x0 deliv=0x0 polls=0x0 pollin=0x0 ioctls=0x0 enotty=0x0 lastnr=0x0 conspop=0x0 rpid=0x0 ipid=0x0
[EVSTAT] t=0xa28 dev=0x0 push=0x3a drop=0x0 depth=0x0 reads=0x0 eagain=0x0 deliv=0x0 polls=0x0 pollin=0x0 ioctls=0x0 enotty=0x0 lastnr=0x0 conspop=0x3a rpid=0x0 ipid=0x0
[EVSTAT] t=0xa28 dev=0x1 push=0xa drop=0x0 depth=0xa reads=0x0 eagain=0x0 deliv=0x0 polls=0x0 pollin=0x0 ioctls=0x0 enotty=0x0 lastnr=0x0 conspop=0x0 rpid=0x0 ipid=0x0
[EVSTAT] t=0xaf0 dev=0x0 push=0x3a drop=0x0 depth=0x0 reads=0x0 eagain=0x0 deliv=0x0 polls=0x0 pollin=0x0 ioctls=0x0 enotty=0x0 lastnr=0x0 conspop=0x3a rpid=0x0 ipid=0x0
[EVSTAT] t=0xaf0 dev=0x1 push=0xa drop=0x0 depth=0xa reads=0x0 eagain=0x0 deliv=0x0 polls=0x0 pollin=0x0 ioctls=0x0 enotty=0x0 lastnr=0x0 conspop=0x0 rpid=0x0 ipid=0x0
[EVSTAT] t=0xbb8 dev=0x0 push=0x3a drop=0x0 depth=0x0 reads=0x0 eagain=0x0 deliv=0x0 polls=0x0 pollin=0x0 ioctls=0x0 enotty=0x0 lastnr=0x0 conspop=0x3a rpid=0x0 ipid=0x0
[EVSTAT] t=0xbb8 dev=0x1 push=0xa drop=0x0 depth=0xa reads=0x0 eagain=0x0 deliv=0x0 polls=0x0 pollin=0x0 ioctls=0x0 enotty=0x0 lastnr=0x0 conspop=0x0 rpid=0x0 ipid=0x0
[EVSTAT] t=0xc80 dev=0x0 push=0x3a drop=0x0 depth=0x0 reads=0x0 eagain=0x0 deliv=0x0 polls=0x0 pollin=0x0 ioctls=0x0 enotty=0x0 lastnr=0x0 conspop=0x3a rpid=0x0 ipid=0x0
[EVSTAT] t=0xc80 dev=0x1 push=0xa drop=0x0 depth=0xa reads=0x0 eagain=0x0 deliv=0x0 polls=0x0 pollin=0x0 ioctls=0x0 enotty=0x0 lastnr=0x0 conspop=0x0 rpid=0x0 ipid=0x0
[EVSTAT] t=0xd48 dev=0x0 push=0x3a drop=0x0 depth=0x0 reads=0x0 eagain=0x0 deliv=0x0 polls=0x0 pollin=0x0 ioctls=0x0 enotty=0x0 lastnr=0x0 conspop=0x3a rpid=0x0 ipid=0x0
[EVSTAT] t=0xd48 dev=0x1 push=0xa drop=0x0 depth=0xa reads=0x0 eagain=0x0 deliv=0x0 polls=0x0 pollin=0x0 ioctls=0x0 enotty=0x0 lastnr=0x0 conspop=0x0 rpid=0x0 ipid=0x0
[EVSTAT] t=0xe10 dev=0x0 push=0x3a drop=0x0 depth=0x0 reads=0x0 eagain=0x0 deliv=0x0 polls=0x0 pollin=0x0 ioctls=0x0 enotty=0x0 lastnr=0x0 conspop=0x3a rpid=0x0 ipid=0x0
[EVSTAT] t=0xe10 dev=0x1 push=0xa drop=0x0 depth=0xa reads=0x0 eagain=0x0 deliv=0x0 polls=0x0 pollin=0x0 ioctls=0x0 enotty=0x0 lastnr=0x0 conspop=0x0 rpid=0x0 ipid=0x0
[EVSTAT] t=0xed8 dev=0x0 push=0x3a drop=0x0 depth=0x0 reads=0x0 eagain=0x0 deliv=0x0 polls=0x0 pollin=0x0 ioctls=0x0 enotty=0x0 lastnr=0x0 conspop=0x3a rpid=0x0 ipid=0x0
[EVSTAT] t=0xed8 dev=0x1 push=0xa drop=0x0 depth=0xa reads=0x0 eagain=0x0 deliv=0x0 polls=0x0 pollin=0x0 ioctls=0x0 enotty=0x0 lastnr=0x0 conspop=0x0 rpid=0x0 ipid=0x0
[EVSTAT] t=0xfa0 dev=0x0 push=0x3a drop=0x0 depth=0x0 reads=0x0 eagain=0x0 deliv=0x0 polls=0x0 pollin=0x0 ioctls=0x0 enotty=0x0 lastnr=0x0 conspop=0x3a rpid=0x0 ipid=0x0
[EVSTAT] t=0xfa0 dev=0x1 push=0xa drop=0x0 depth=0xa reads=0x0 eagain=0x0 deliv=0x0 polls=0x0 pollin=0x0 ioctls=0x0 enotty=0x0 lastnr=0x0 conspop=0x0 rpid=0x0 ipid=0x0
[EVSTAT] t=0x1068 dev=0x0 push=0x3a drop=0x0 depth=0x0 reads=0x0 eagain=0x0 deliv=0x0 polls=0x0 pollin=0x0 ioctls=0x0 enotty=0x0 lastnr=0x0 conspop=0x3a rpid=0x0 ipid=0x0
[EVSTAT] t=0x1068 dev=0x1 push=0xa drop=0x0 depth=0xa reads=0x0 eagain=0x0 deliv=0x0 polls=0x0 pollin=0x0 ioctls=0x0 enotty=0x0 lastnr=0x0 conspop=0x0 rpid=0x0 ipid=0x0
[EVSTAT] t=0x1130 dev=0x0 push=0x3a drop=0x0 depth=0x0 reads=0x0 eagain=0x0 deliv=0x0 polls=0x0 pollin=0x0 ioctls=0x0 enotty=0x0 lastnr=0x0 conspop=0x3a rpid=0x0 ipid=0x0
[EVSTAT] t=0x1130 dev=0x1 push=0xa drop=0x0 depth=0xa reads=0x0 eagain=0x0 deliv=0x0 polls=0x0 pollin=0x0 ioctls=0x0 enotty=0x0 lastnr=0x0 conspop=0x0 rpid=0x0 ipid=0x0
[EVSTAT] t=0x11f8 dev=0x0 push=0x3a drop=0x0 depth=0x0 reads=0x0 eagain=0x0 deliv=0x0 polls=0x0 pollin=0x0 ioctls=0x0 enotty=0x0 lastnr=0x0 conspop=0x3a rpid=0x0 ipid=0x0
[EVSTAT] t=0x11f8 dev=0x1 push=0xa drop=0x0 depth=0xa reads=0x0 eagain=0x0 deliv=0x0 polls=0x0 pollin=0x0 ioctls=0x0 enotty=0x0 lastnr=0x0 conspop=0x0 rpid=0x0 ipid=0x0
