[0m[?25l[48;1H[J[39mbrush-0.5# [38;5;14m[38;5;5m[0m[0mvfstest78[?25h
[?2004lrmdir: PASS
rename: PASS
rename_replace_tmpfs: PASS
rename_replace_f2fs: PASS
flock_conflict: PASS
fcntl_byte_range_conflict: PASS
permission_enforced: PASS
f2fs_ownership_enforced: PASS
chroot_confines_symlink_resolution: PASS
xattr_basic_tmpfs: PASS
xattr_basic_f2fs: PASS
xattr_missing_unsupported_tmpfs: PASS
xattr_missing_unsupported_f2fs: PASS
xattr_list_tmpfs: PASS
xattr_list_f2fs: PASS
xattr_create_replace_tmpfs: PASS
xattr_create_replace_f2fs: PASS
xattr_remove_tmpfs: PASS
xattr_remove_f2fs: PASS
xattr_symlink_tmpfs_abs: PASS
xattr_symlink_tmpfs_rel: PASS
xattr_symlink_f2fs_abs: PASS
xattr_symlink_f2fs_rel: PASS
xattr_fd_tmpfs: PASS
xattr_fd_f2fs: PASS
xattr_acl_basic_tmpfs: PASS
xattr_acl_basic_f2fs: PASS
xattr_acl_enforcement_tmpfs: PASS
xattr_acl_enforcement_f2fs: PASS
xattr_acl_malformed_trivial_tmpfs: PASS
xattr_acl_malformed_trivial_f2fs: PASS
symlink_read_relative_tmpfs: PASS
symlink_read_absolute_tmpfs: PASS
symlink_read_relative_f2fs: PASS
symlink_read_absolute_f2fs: PASS
symlink_cross_mount_tmpfs_to_f2fs: PASS
--- vfstest done ---
[?2004h[0m[?25l[62;1H[J[39mbrush-0.5# [38;5;14m[38;5;5m[0m[0m78[?25h[0m[?25l[62;1H[J[39mbrush-0.5# [38;5;14m[38;5;5m[0m[0mpolltest78[?25h
[?2004lld_so::init tp=0x0000000000000000
PH type=0x0000000000000006
PH type=0x0000000000000001
PH type=0x0000000000000001
PH type=0x0000000000000001
PH type=0x0000000000000007
pipe_epoll_no_false_positive: PASS
pipe_epoll_pollout_reflects_ring_full: PASS
poll_and_select_match_real_pipe_readiness: PASS
socketpair_epoll_readiness_and_real_recv: PASS
epoll_wait_times_out_then_sees_write: PASS
pipe_hup_reflects_writer_refcount: PASS
--- polltest done ---

[?2004h[0m[?25l[61;1H[J[39mbrush-0.5# [38;5;14m[38;5;5m[0m[0m78[?25h[0m[?25l[61;1H[J[39mbrush-0.5# [38;5;14m[38;5;5m[0m[0mtimertest78[?25h
[?2004lld_so::init tp=0x0000000000000000
PH type=0x0000000000000006
PH type=0x0000000000000001
PH type=0x0000000000000001
PH type=0x0000000000000001
PH type=0x0000000000000007
timer_create_delete_slot_zero: PASS
timer_oneshot_signal_delivery: PASS
timer_periodic_overrun: PASS
timer_max_and_eagain: PASS
alarm_and_setitimer_no_leak: PASS
  clock_getres_ns=1
  sleep200ms_measured_ns=190400281
  min_subtick_step_ns=1003
  loop_span_ns=9096107
clock_monotonic_subtick: PASS
--- timertest done ---

[?2004h[0m[?25l[64;1H[J[39mbrush-0.5# [38;5;14m[38;5;5m[0m[0m78[?25h[0m[?25l[64;1H[J[39mbrush-0.5# [38;5;14m[38;5;5m[0m[0mmemtest78[?25h
[?2004lfork_cow_isolation: PASS
mremap_preserves_data: PASS
buddy_survives_churn: PASS
map_shared_fork_visibility: PASS
--- memtest done ---
[?2004h[0m[?25l[62;1H[J[39mbrush-0.5# [38;5;14m[38;5;5m[0m[0m78[?25h[0m[?25l[62;1H[J[39mbrush-0.5# [38;5;14m[38;5;5m[0m[0mwaittest78[?25h[0m[?25l[62;1H[J[39mbrush-0.5# [38;5;14m[38;5;5m[0m[0mwaittest78[?25h
[?2004lld_so::init tp=0x0000000000000000
PH type=0x0000000000000006
PH type=0x0000000000000001
PH type=0x0000000000000001
PH type=0x0000000000000001
PH type=0x0000000000000007
wnohang_poll_until_exit: PASS
blocking_wait_for_exit: PASS
echild_no_children: PASS
wait_on_process_group: PASS
--- waittest done ---

WAITTEST: PASS
[?2004h[0m[?25l[60;1H[J[39mbrush-0.5# [38;5;14m[38;5;5m[0m[0m78[?25h[0m[?25l[60;1H[J[39mbrush-0.5# [38;5;14m[38;5;5m[0m[0mdrmsmoke78[?25h
[?2004lld_so::init tp=0x0000000000000000
PH type=0x0000000000000006
PH type=0x0000000000000001
PH type=0x0000000000000001
PH type=0x0000000000000001
PH type=0x0000000000000007
open_card0: PASS
st_rdev_226_0: PASS
[GPU] device features hi=0x00000101 lo=0x30000002
[GPU] *** host does NOT offer VIRTIO_GPU_F_VIRGL -- 3D/Venus unavailable ***
[GPU] *** host does NOT offer VIRTIO_GPU_F_RESOURCE_BLOB -- 3D/Venus unavailable ***
[GPU] *** host does NOT offer VIRTIO_GPU_F_CONTEXT_INIT -- 3D/Venus unavailable ***
[GPU] acked features hi=0x00000001 lo=0x00000002
VERSION: PASS
GET_CAP_DUMB_BUFFER: PASS
GET_CAP_TIMESTAMP_MONOTONIC: PASS
GETRESOURCES: PASS
GETCONNECTOR: PASS
CREATE_DUMB: PASS
MAP_DUMB: PASS
[DRM-SRV] mmap token=0x0000000001800000 map_info=0x01 -> writeback
MMAP_FILL: PASS
ADDFB2: PASS
[DRM-SRV] mmap token=0x000000007A000000 map_info=0x01 -> writeback
ATOMIC_TEST_ONLY_NO_PRESENT: PASS
ATOMIC_COMMIT: PASS
  ATOMIC fnv_test_only=12873414503588650501
  ATOMIC fnv_after_commit=1505488377492965669
ATOMIC_PRESENTS_PIXELS: PASS
  drmsmoke console noise 0
  drmsmoke console noise 1
  drmsmoke console noise 2
  drmsmoke console noise 3
  drmsmoke console noise 4
  drmsmoke console noise 5
  drmsmoke console noise 6
  drmsmoke console noise 7
  drmsmoke console noise 8
  drmsmoke console noise 9
  drmsmoke console noise 10
  drmsmoke console noise 11
  drmsmoke console noise 12
  drmsmoke console noise 13
  drmsmoke console noise 14
  drmsmoke console noise 15
  drmsmoke console noise 16
  drmsmoke console noise 17
  drmsmoke console noise 18
  drmsmoke console noise 19
  drmsmoke console noise 20
  drmsmoke console noise 21
  drmsmoke console noise 22
  drmsmoke console noise 23
  drmsmoke console noise 24
  drmsmoke console noise 25
  drmsmoke console noise 26
  drmsmoke console noise 27
  drmsmoke console noise 28
  drmsmoke console noise 29
  drmsmoke console noise 30
  drmsmoke console noise 31
  drmsmoke console noise 32
  drmsmoke console noise 33
  drmsmoke console noise 34
  drmsmoke console noise 35
  drmsmoke console noise 36
  drmsmoke console noise 37
  drmsmoke console noise 38
  drmsmoke console noise 39
  drmsmoke console noise 40
  drmsmoke console noise 41
  drmsmoke console noise 42
  drmsmoke console noise 43
  drmsmoke console noise 44
  drmsmoke console noise 45
  drmsmoke console noise 46
  drmsmoke console noise 47
  drmsmoke console noise 48
  drmsmoke console noise 49
  drmsmoke console noise 50
  drmsmoke console noise 51
  drmsmoke console noise 52
  drmsmoke console noise 53
  drmsmoke console noise 54
  drmsmoke console noise 55
  drmsmoke console noise 56
  drmsmoke console noise 57
  drmsmoke console noise 58
  drmsmoke console noise 59
  drmsmoke console noise 60
  drmsmoke console noise 61
  drmsmoke console noise 62
  drmsmoke console noise 63
  drmsmoke console noise 64
  drmsmoke console noise 65
  drmsmoke console noise 66
  drmsmoke console noise 67
  drmsmoke console noise 68
  drmsmoke console noise 69
  drmsmoke console noise 70
  drmsmoke console noise 71
  drmsmoke console noise 72
  drmsmoke console noise 73
  drmsmoke console noise 74
  drmsmoke console noise 75
  drmsmoke console noise 76
  drmsmoke console noise 77
  drmsmoke console noise 78
  drmsmoke console noise 79
  drmsmoke console noise 80
  drmsmoke console noise 81
  drmsmoke console noise 82
  drmsmoke console noise 83
  drmsmoke console noise 84
  drmsmoke console noise 85
  drmsmoke console noise 86
  drmsmoke console noise 87
  drmsmoke console noise 88
  drmsmoke console noise 89
  drmsmoke console noise 90
  drmsmoke console noise 91
  drmsmoke console noise 92
  drmsmoke console noise 93
  drmsmoke console noise 94
  drmsmoke console noise 95
  drmsmoke console noise 96
  drmsmoke console noise 97
  drmsmoke console noise 98
  drmsmoke console noise 99
  drmsmoke console noise 100
  drmsmoke console noise 101
  drmsmoke console noise 102
  drmsmoke console noise 103
  drmsmoke console noise 104
  drmsmoke console noise 105
  drmsmoke console noise 106
  drmsmoke console noise 107
  drmsmoke console noise 108
  drmsmoke console noise 109
  drmsmoke console noise 110
  drmsmoke console noise 111
  drmsmoke console noise 112
  drmsmoke console noise 113
  drmsmoke console noise 114
  drmsmoke console noise 115
  drmsmoke console noise 116
  drmsmoke console noise 117
  drmsmoke console noise 118
  drmsmoke console noise 119
  drmsmoke console noise 120
  drmsmoke console noise 121
  drmsmoke console noise 122
  drmsmoke console noise 123
  drmsmoke console noise 124
  drmsmoke console noise 125
  drmsmoke console noise 126
  drmsmoke console noise 127
  drmsmoke console noise 128
  drmsmoke console noise 129
  drmsmoke console noise 130
  drmsmoke console noise 131
  drmsmoke console noise 132
  drmsmoke console noise 133
  drmsmoke console noise 134
  drmsmoke console noise 135
  drmsmoke console noise 136
  drmsmoke console noise 137
  drmsmoke console noise 138
  drmsmoke console noise 139
  drmsmoke console noise 140
  drmsmoke console noise 141
  drmsmoke console noise 142
  drmsmoke console noise 143
  drmsmoke console noise 144
  drmsmoke console noise 145
  drmsmoke console noise 146
  drmsmoke console noise 147
  drmsmoke console noise 148
  drmsmoke console noise 149
  drmsmoke console noise 150
  drmsmoke console noise 151
  drmsmoke console noise 152
  drmsmoke console noise 153
  drmsmoke console noise 154
  drmsmoke console noise 155
  drmsmoke console noise 156
  drmsmoke console noise 157
  drmsmoke console noise 158
  drmsmoke console noise 159
  CONSOLE_YIELDS_TO_ATOMIC bytes_before=8294400
  CONSOLE_YIELDS_TO_ATOMIC bytes_after=8294400
  CONSOLE_YIELDS_TO_ATOMIC fnv_before=1505488377492965669
  CONSOLE_YIELDS_TO_ATOMIC fnv_after=1505488377492965669
CONSOLE_YIELDS_TO_ATOMIC: PASS
SETCRTC: PASS
FB0_SHOWS_SCANOUT: PASS
  drmsmoke console noise 0
  drmsmoke console noise 1
  drmsmoke console noise 2
  drmsmoke console noise 3
  drmsmoke console noise 4
  drmsmoke console noise 5
  drmsmoke console noise 6
  drmsmoke console noise 7
  drmsmoke console noise 8
  drmsmoke console noise 9
  drmsmoke console noise 10
  drmsmoke console noise 11
  drmsmoke console noise 12
  drmsmoke console noise 13
  drmsmoke console noise 14
  drmsmoke console noise 15
  drmsmoke console noise 16
  drmsmoke console noise 17
  drmsmoke console noise 18
  drmsmoke console noise 19
  drmsmoke console noise 20
  drmsmoke console noise 21
  drmsmoke console noise 22
  drmsmoke console noise 23
  drmsmoke console noise 24
  drmsmoke console noise 25
  drmsmoke console noise 26
  drmsmoke console noise 27
  drmsmoke console noise 28
  drmsmoke console noise 29
  drmsmoke console noise 30
  drmsmoke console noise 31
  drmsmoke console noise 32
  drmsmoke console noise 33
  drmsmoke console noise 34
  drmsmoke console noise 35
  drmsmoke console noise 36
  drmsmoke console noise 37
  drmsmoke console noise 38
  drmsmoke console noise 39
  drmsmoke console noise 40
  drmsmoke console noise 41
  drmsmoke console noise 42
  drmsmoke console noise 43
  drmsmoke console noise 44
  drmsmoke console noise 45
  drmsmoke console noise 46
  drmsmoke console noise 47
  drmsmoke console noise 48
  drmsmoke console noise 49
  drmsmoke console noise 50
  drmsmoke console noise 51
  drmsmoke console noise 52
  drmsmoke console noise 53
  drmsmoke console noise 54
  drmsmoke console noise 55
  drmsmoke console noise 56
  drmsmoke console noise 57
  drmsmoke console noise 58
  drmsmoke console noise 59
  drmsmoke console noise 60
  drmsmoke console noise 61
  drmsmoke console noise 62
  drmsmoke console noise 63
  drmsmoke console noise 64
  drmsmoke console noise 65
  drmsmoke console noise 66
  drmsmoke console noise 67
  drmsmoke console noise 68
  drmsmoke console noise 69
  drmsmoke console noise 70
  drmsmoke console noise 71
  drmsmoke console noise 72
  drmsmoke console noise 73
  drmsmoke console noise 74
  drmsmoke console noise 75
  drmsmoke console noise 76
  drmsmoke console noise 77
  drmsmoke console noise 78
  drmsmoke console noise 79
  drmsmoke console noise 80
  drmsmoke console noise 81
  drmsmoke console noise 82
  drmsmoke console noise 83
  drmsmoke console noise 84
  drmsmoke console noise 85
  drmsmoke console noise 86
  drmsmoke console noise 87
  drmsmoke console noise 88
  drmsmoke console noise 89
  drmsmoke console noise 90
  drmsmoke console noise 91
  drmsmoke console noise 92
  drmsmoke console noise 93
  drmsmoke console noise 94
  drmsmoke console noise 95
  drmsmoke console noise 96
  drmsmoke console noise 97
  drmsmoke console noise 98
  drmsmoke console noise 99
  drmsmoke console noise 100
  drmsmoke console noise 101
  drmsmoke console noise 102
  drmsmoke console noise 103
  drmsmoke console noise 104
  drmsmoke console noise 105
  drmsmoke console noise 106
  drmsmoke console noise 107
  drmsmoke console noise 108
  drmsmoke console noise 109
  drmsmoke console noise 110
  drmsmoke console noise 111
  drmsmoke console noise 112
  drmsmoke console noise 113
  drmsmoke console noise 114
  drmsmoke console noise 115
  drmsmoke console noise 116
  drmsmoke console noise 117
  drmsmoke console noise 118
  drmsmoke console noise 119
  drmsmoke console noise 120
  drmsmoke console noise 121
  drmsmoke console noise 122
  drmsmoke console noise 123
  drmsmoke console noise 124
  drmsmoke console noise 125
  drmsmoke console noise 126
  drmsmoke console noise 127
  drmsmoke console noise 128
  drmsmoke console noise 129
  drmsmoke console noise 130
  drmsmoke console noise 131
  drmsmoke console noise 132
  drmsmoke console noise 133
  drmsmoke console noise 134
  drmsmoke console noise 135
  drmsmoke console noise 136
  drmsmoke console noise 137
  drmsmoke console noise 138
  drmsmoke console noise 139
  drmsmoke console noise 140
  drmsmoke console noise 141
  drmsmoke console noise 142
  drmsmoke console noise 143
  drmsmoke console noise 144
  drmsmoke console noise 145
  drmsmoke console noise 146
  drmsmoke console noise 147
  drmsmoke console noise 148
  drmsmoke console noise 149
  drmsmoke console noise 150
  drmsmoke console noise 151
  drmsmoke console noise 152
  drmsmoke console noise 153
  drmsmoke console noise 154
  drmsmoke console noise 155
  drmsmoke console noise 156
  drmsmoke console noise 157
  drmsmoke console noise 158
  drmsmoke console noise 159
  CONSOLE_YIELDS bytes_before=8294400
  CONSOLE_YIELDS bytes_after=8294400
  CONSOLE_YIELDS fnv_before=617618239335486853
  CONSOLE_YIELDS fnv_after=617618239335486853
CONSOLE_YIELDS_TO_SCANOUT: PASS
DIRTYFB: PASS
PAGE_FLIP_EVENT: PASS
POLL_CARD0_READABLE: PASS
READ_FLIP_EVENT: PASS
  FLIP_TS_SUBTICK tv_sec=4516
  FLIP_TS_SUBTICK tv_usec=880383
  FLIP_TS_SUBTICK bucket=genuine-sub-tick

  FLIP_TS_SUBTICK tv_sec=4516
  FLIP_TS_SUBTICK tv_usec=902468
  FLIP_TS_SUBTICK bucket=genuine-sub-tick

  FLIP_TS_SUBTICK tv_sec=4516
  FLIP_TS_SUBTICK tv_usec=926624
  FLIP_TS_SUBTICK bucket=genuine-sub-tick

  FLIP_TS_SUBTICK tv_sec=4516
  FLIP_TS_SUBTICK tv_usec=943548
  FLIP_TS_SUBTICK bucket=genuine-sub-tick

  FLIP_TS_SUBTICK tv_sec=4516
  FLIP_TS_SUBTICK tv_usec=959999
  FLIP_TS_SUBTICK bucket=saturated

  FLIP_TS_SUBTICK tv_sec=4516
  FLIP_TS_SUBTICK tv_usec=969999
  FLIP_TS_SUBTICK bucket=saturated

  FLIP_TS_SUBTICK tv_sec=4516
  FLIP_TS_SUBTICK tv_usec=979999
  FLIP_TS_SUBTICK bucket=saturated

  FLIP_TS_SUBTICK tv_sec=4516
  FLIP_TS_SUBTICK tv_usec=989999
  FLIP_TS_SUBTICK bucket=saturated

  FLIP_TS_SUBTICK tv_sec=4516
  FLIP_TS_SUBTICK tv_usec=999999
  FLIP_TS_SUBTICK bucket=saturated

  FLIP_TS_SUBTICK tv_sec=4517
  FLIP_TS_SUBTICK tv_usec=9999
  FLIP_TS_SUBTICK bucket=saturated

  FLIP_TS_SUBTICK tv_sec=4517
  FLIP_TS_SUBTICK tv_usec=19999
  FLIP_TS_SUBTICK bucket=saturated

  FLIP_TS_SUBTICK tv_sec=4517
  FLIP_TS_SUBTICK tv_usec=29999
  FLIP_TS_SUBTICK bucket=saturated

  FLIP_TS_SUBTICK tv_sec=4517
  FLIP_TS_SUBTICK tv_usec=39999
  FLIP_TS_SUBTICK bucket=saturated

  FLIP_TS_SUBTICK tv_sec=4517
  FLIP_TS_SUBTICK tv_usec=49999
  FLIP_TS_SUBTICK bucket=saturated

  FLIP_TS_SUBTICK tv_sec=4517
  FLIP_TS_SUBTICK tv_usec=59999
  FLIP_TS_SUBTICK bucket=saturated

  FLIP_TS_SUBTICK tv_sec=4517
  FLIP_TS_SUBTICK tv_usec=69999
  FLIP_TS_SUBTICK bucket=saturated

  FLIP_TS_SUBTICK n_tick_multiple=0
  FLIP_TS_SUBTICK n_saturated=12
  FLIP_TS_SUBTICK n_genuine=4
FLIP_TS_SUBTICK: PASS
PRIME_HANDLE_TO_FD: PASS
PRIME_MMAP_ALIAS: PASS
PRIME_FD_TO_HANDLE: PASS
FORK_DEVMAP_CHILD_SEES_IT: PASS
FORK_DEVMAP_SHARED_NOT_COPIED: PASS
drmsmoke: holding gradient for screenshot...

DESTROY_DUMB: PASS
--- drmsmoke done ---

[?2004h[0m[?25l[5;1H[J[39mbrush-0.5# [38;5;14m[38;5;5m[0m[0m78[?25h