[0m[?25l[48;1H[J[39mbrush-0.5# [38;5;14m[38;5;5m[0m[0mwakepolltest78[?25h
[?2004lld_so::init tp=0x0000000000000000
PH type=0x0000000000000006
PH type=0x0000000000000001
PH type=0x0000000000000001
PH type=0x0000000000000001
PH type=0x0000000000000001
PH type=0x0000000000000007
--- wakepolltest start ---

STRESS BUSY  [...............] fails=0/15 worst=0ms

STRESS SLEEP [...............] fails=0/15 worst=0ms

--- stress done ---

probe_eventfd_ready: PASS el=0 n=1 wrote=8380

xthread_futex_timed_wake: PASS el=993 n=0 wrote=9380

xthread_pipe_level: PASS el=1001 n=1 wrote=10401

xthread_unix_level: PASS el=994 n=1 wrote=11400

timerfd_deadline: PASS (998ms)

timerfd_periodic: PASS (995ms)

self_eventfd_et_rearm: PASS el=0 n=-1 wrote=0

self_eventfd_level_rearm: PASS el=0 n=-1 wrote=0

accept4_nonblock_eagain: PASS el=0 n=-11 wrote=-11

accept_noflags_blocking: PASS el=990 n=1 wrote=1

SUMMARY pass=40 fail=0

--- wakepolltest done ---

[?2004h[0m[?25l[64;1H[J[39mbrush-0.5# [38;5;14m[38;5;5m[0m[0m78[?25h[0m[?25l[64;1H[J[39mbrush-0.5# [38;5;14m[38;5;5m[0m[0mevtest278[?25h
[?2004lld_so::init tp=0x0000000000000000
PH type=0x0000000000000006
PH type=0x0000000000000001
PH type=0x0000000000000001
PH type=0x0000000000000001
PH type=0x0000000000000007
open_event1: PASS
EVIOCGNAME_tablet: PASS
EVIOCGBIT_has_EV_ABS: PASS
EVIOCGBIT_ABS_has_XY: PASS
EVIOCGABS_max_32767: PASS
no_INPUT_PROP_DIRECT: PASS
EVIOCSCLOCKID_monotonic: PASS
epoll_idle_no_false_wake: PASS
evtest2: waiting up to 6s for injected pointer motion...

motion: none observed (no injection) - capability checks above are the gate

--- evtest2 done ---

[?2004h[0m[?25l[61;1H[J[39mbrush-0.5# [38;5;14m[38;5;5m[0m[0m78[?25h