=== POSITIVE CONTROL (must FAIL) ===
[0m[?25l[48;1H[J[39mbrush-0.5# [38;5;14m[38;5;5m[0m[0mnosuchbinary_xyz4278[?25h
[?2004l[31merror:[39m command not found
>>> CONTROL OK ('command not found')

enotty=0x0 lastnr=0x0 conspop=0x0 rpid=0x0 ipid=0x0
[DRMSTAT] t=0x0000000000003C28 flips_sub=0x0000000000000000 flips_del=0x0000000000000000 dirtyfb=0x0000000000000000 clips=0x0000000000000000 flip_us=0x0000000000000000 dmg_full=0x0000000000000000 dmg_rect=0x0000000000000000 dmg_skip=0x0000000000000000 dmg_px=0x0000000000000000 blobs=0x0000000000000000 curs_up=0x0000000000000000 curs_mv=0x0000000000000000 atomic=0x0000000000000000 atest=0x0000000000000000 cplane=0x0000000000000000 evpush=0x0000000000000066 bo_dumb=0x0000000000000000 bo_dumbret=0x0000000000000000 bo_blob=0x0000000000000000 bo_bhnd=0x0000000000000000
[EVSTAT] t=0x3c28 dev=0x0 push=0x66 drop=0x0 depth=0x0 reads=0x0 eagain=0x0 deliv=0x0 polls=0x0 pollin=0x0 ioctls=0x0 enotty=0x0 lastnr=0x0 conspop=0x66 rpid=0x0 ipid=0x0
[EVSTAT] t=0x3c28 dev=0x1 push=0x0 drop=0x0 depth=0x0 reads=0x0 eagain=0x0 deliv=0x0 polls=0x0 pollin=0x0 ioctls=0x0 enotty=0x0 lastnr=0x0 conspop=0x0 rpid=0x0 ipid=0x0
[DRMSTAT] t=0x0000000000003CF0 flips_sub=0x0000000000000000 flips_del=0x0000000000000000 dirtyfb=0x0000000000000000 clips=0x0000000000000000 flip_us=0x0000000000000000 dmg_full=0x0000000000000000 dmg_rect=0x0000000000000000 dmg_skip=0x0000000000000000 dmg_px=0x0000000000000000 blobs=0x0000000000000000 curs_up=0x0000000000000000 curs_mv=0x0000000000000000 atomic=0x0000000000000000 atest=0x0000000000000000 cplane=0x0000000000000000 evpush=0x0000000000000066 bo_dumb=0x0000000000000000 bo_dumbret=0x0000000000000000 bo_blob=0x0000000000000000 bo_bhnd=0x0000000000000000
[EVSTAT] t=0x3cf0 dev=0x0 push=0x66 drop=0x0 depth=0x0 reads=0x0 eagain=0x0 deliv=0x0 polls=0x0 pollin=0x0 ioctls=0x0 enotty=0x0 lastnr=0x0 conspop=0x66 rpid=0x0 ipid=0x0
[EVSTAT] t=0x3cf0 dev=0x1 push=0x0 drop=0x0 depth=0x0 reads=0x0 eagain=0x0 deliv=0x0 polls=0x0 pollin=0x0 ioctls=0x0 enotty=0x0 lastnr=0x0 conspop=0x0 rpid=0x0 ipid=0x0
[DRMSTAT] t=0x0000000000003DB8 flips_sub=0x0000000000000000 flips_del=0x0000000000000000 dirtyfb=0x0000000000000000 clips=0x0000000000000000 flip_us=0x0000000000000000 dmg_full=0x0000000000000000 dmg_rect=0x0000000000000000 dmg_skip=0x0000000000000000 dmg_px=0x0000000000000000 blobs=0x0000000000000000 curs_up=0x0000000000000000 curs_mv=0x0000000000000000 atomic=0x0000000000000000 atest=0x0000000000000000 cplane=0x0000000000000000 evpush=0x0000000000000066 bo_dumb=0x0000000000000000 bo_dumbret=0x0000000000000000 bo_blob=0x0000000000000000 bo_bhnd=0x0000000000000000
[EVSTAT] t=0x3db8 dev=0x0 push=0x66 drop=0x0 depth=0x0 reads=0x0 eagain=0x0 deliv=0x0 polls=0x0 pollin=0x0 ioctls=0x0 enotty=0x0 lastnr=0x0 conspop=0x66 rpid=0x0 ipid=0x0
[EVSTAT] t=0x3db8 dev=0x1 push=0x0 drop=0x0 depth=0x0 reads=0x0 eagain=0x0 deliv=0x0 polls=0x0 pollin=0x0 ioctls=0x0 enotty=0x0 lastnr=0x0 conspop=0x0 rpid=0x0 ipid=0x0
[DRMSTAT] t=0x0000000000003E80 flips_sub=0x0000000000000000 flips_del=0x0000000000000000 dirtyfb=0x0000000000000000 clips=0x0000000000000000 flip_us=0x0000000000000000 dmg_full=0x0000000000000000 dmg_rect=0x0000000000000000 dmg_skip=0x0000000000000000 dmg_px=0x0000000000000000 blobs=0x0000000000000000 curs_up=0x0000000000000000 curs_mv=0x0000000000000000 atomic=0x0000000000000000 atest=0x0000000000000000 cplane=0x0000000000000000 evpush=0x0000000000000066 bo_dumb=0x0000000000000000 bo_dumbret=0x0000000000000000 bo_blob=0x0000000000000000 bo_bhnd=0x0000000000000000
[EVSTAT] t=0x3e80 dev=0x0 push=0x66 drop=0x0 depth=0x0 reads=0x0 eagain=0x0 deliv=0x0 polls=0x0 pollin=0x0 ioctls=0x0 enotty=0x0 lastnr=0x0 conspop=0x66 rpid=0x0 ipid=0x0
[EVSTAT] t=0x3e80 dev=0x1 push=0x0 drop=0x0 depth=0x0 reads=0x0 eagain=0x0 deliv=0x0 polls=0x0 pollin=0x0 ioctls=0x0 enotty=0x0 lastnr=0x0 conspop=0x0 rpid=0x0 ipid=0x0
[DRMSTAT] t=0x0000000000003F48 flips_sub=0x0000000000000000 flips_del=0x0000000000000000 dirtyfb=0x0000000000000000 clips=0x0000000000000000 flip_us=0x0000000000000000 dmg_full=0x0000000000000000 dmg_rect=0x0000000000000000 dmg_skip=0x0000000000000000 dmg_px=0x0000000000000000 blobs=0x0000000000000000 curs_up=0x0000000000000000 curs_mv=0x0000000000000000 atomic=0x0000000000000000 atest=0x0000000000000000 cplane=0x0000000000000000 evpush=0x0000000000000066 bo_dumb=0x0000000000000000 bo_dumbret=0x0000000000000000 bo_blob=0x0000000000000000 bo_bhnd=0x0000000000000000
[EVSTAT] t=0x3f48 dev=0x0 push=0x66 drop=0x0 depth=0x0 reads=0x0 eagain=0x0 deliv=0x0 polls=0x0 pollin=0x0 ioctls=0x0 enotty=0x0 lastnr=0x0 conspop=0x66 rpid=0x0 ipid=0x0
[EVSTAT] t=0x3f48 dev=0x1 push=0x0 drop=0x0 depth=0x0 reads=0x0 eagain=0x0 deliv=0x0 polls=0x0 pollin=0x0 ioctls=0x0 enotty=0x0 lastnr=0x0 conspop=0x0 rpid=0x0 ipid=0x0
[GPU] SHARED_MEMORY_CFG shmid=0x00000001 phys=0x000038000x00000000 len=0x000000010x00000000
[GPU] device features hi=0x00000101 lo=0x3000001B
[GPU] acked features hi=0x00000001 lo=0x0000001B
[DRMSTAT] t=0x0000000000004010 flips_sub=0x0000000000000000 flips_del=0x0000000000000000 dirtyfb=0x0000000000000000 clips=0x0000000000000000 flip_us=0x0000000000000000 dmg_full=0x0000000000000000 dmg_rect=0x0000000000000000 dmg_skip=0x0000000000000000 dmg_px=0x0000000000000000 blobs=0x0000000000000000 curs_up=0x0000000000000000 curs_mv=0x0000000000000000 atomic=0x0000000000000000 atest=0x0000000000000000 cplane=0x0000000000000000 evpush=0x0000000000000066 bo_dumb=0x0000000000000000 bo_dumbret=0x0000000000000000 bo_blob=0x0000000000000000 bo_bhnd=0x0000000000000000
[EVSTAT] t=0x4010 dev=0x0 push=0x66 drop=0x0 depth=0x0 reads=0x1 eagain=0x1 deliv=0x0 polls=0x0 pollin=0x0 ioctls=0x13 enotty=0x0 lastnr=0x0 conspop=0x66 rpid=0x1a ipid=0x1a
[EVSTAT] t=0x4010 dev=0x1 push=0x0 drop=0x0 depth=0x0 reads=0x1 eagain=0x1 deliv=0x0 polls=0x0 pollin=0x0 ioctls=0x15 enotty=0x0 lastnr=0x0 conspop=0x0 rpid=0x1a ipid=0x1a
[DRM] unimplemented ioctl cmd=0xC00864BF nr=0x000000BF type=0x00000064 size=0x00000008 (reported once per boot)
[DRM-SRV] mmap token=0x000000006B800000 map_info=0x01 -> writeback
[DRM-SRV] mmap token=0x000000006C800000 map_info=0x01 -> writeback
M13: globals captured
M13: MARK IDLE 20

===== PHASE IDLE (20s) =====
  [cap IDLE] 1920x1080 uncovered=0 rects=1 colours=334503 top=0x1b1b1bx60552 (0.7s)
000 bo_blob=0x0000000000000000 bo_bhnd=0x0000000000000000
[EVSTAT] t=0x4330 dev=0x0 push=0x66 drop=0x0 depth=0x0 reads=0x1 eagain=0x1 deliv=0x0 polls=0x1a112 pollin=0x0 ioctls=0x13 enotty=0x0 lastnr=0x0 conspop=0x66 rpid=0x1a ipid=0x1a
[EVSTAT] t=0x4330 dev=0x1 push=0x0 drop=0x0 depth=0x0 reads=0x1 eagain=0x1 deliv=0x0 polls=0x1a13f pollin=0x0 ioctls=0x15 enotty=0x0 lastnr=0x0 conspop=0x0 rpid=0x1a ipid=0x1a
[DRMSTAT] t=0x00000000000043F8 flips_sub=0x0000000000000010 flips_del=0x000000000000000D dirtyfb=0x0000000000000000 clips=0x0000000000000000 flip_us=0x000000000008921E dmg_full=0x0000000000000003 dmg_rect=0x000000000000000D dmg_skip=0x0000000000000000 dmg_px=0x000000000101D000 blobs=0x0000000000000011 curs_up=0x0000000000000001 curs_mv=0x000000000000000C atomic=0x0000000000000010 atest=0x0000000000000006 cplane=0x00000000000000D2 evpush=0x0000000000000066 bo_dumb=0x0000000000000004 bo_dumbret=0x0000000000000000 bo_blob=0x0000000000000000 bo_bhnd=0x0000000000000000
[EVSTAT] t=0x43f8 dev=0x0 push=0x66 drop=0x0 depth=0x0 reads=0x1 eagain=0x1 deliv=0x0 polls=0x233dc pollin=0x0 ioctls=0x13 enotty=0x0 lastnr=0x0 conspop=0x66 rpid=0x1a ipid=0x1a
[EVSTAT] t=0x43f8 dev=0x1 push=0x0 drop=0x0 depth=0x0 reads=0x1 eagain=0x1 deliv=0x0 polls=0x23408 pollin=0x0 ioctls=0x15 enotty=0x0 lastnr=0x0 conspop=0x0 rpid=0x1a ipid=0x1a
[DRMSTAT] t=0x00000000000044C0 flips_sub=0x0000000000000012 flips_del=0x000000000000000F dirtyfb=0x0000000000000000 clips=0x0000000000000000 flip_us=0x00000000000920C6 dmg_full=0x0000000000000003 dmg_rect=0x000000000000000F dmg_skip=0x0000000000000000 dmg_px=0x000000000103B000 blobs=0x0000000000000013 curs_up=0x0000000000000001 curs_mv=0x000000000000000E atomic=0x0000000000000012 atest=0x0000000000000006 cplane=0x00000000000000E6 evpush=0x0000000000000066 bo_dumb=0x0000000000000004 bo_dumbret=0x0000000000000000 bo_blob=0x0000000000000000 bo_bhnd=0x0000000000000000
[EVSTAT] t=0x44c0 dev=0x0 push=0x66 drop=0x0 depth=0x0 reads=0x1 eagain=0x1 deliv=0x0 polls=0x2c6d6 pollin=0x0 ioctls=0x13 enotty=0x0 lastnr=0x0 conspop=0x66 rpid=0x1a ipid=0x1a
[EVSTAT] t=0x44c0 dev=0x1 push=0x0 drop=0x0 depth=0x0 reads=0x1 eagain=0x1 deliv=0x0 polls=0x2c702 pollin=0x0 ioctls=0x15 enotty=0x0 lastnr=0x0 conspop=0x0 rpid=0x1a ipid=0x1a
[DRMSTAT] t=0x0000000000004588 flips_sub=0x0000000000000014 flips_del=0x0000000000000011 dirtyfb=0x0000000000000000 clips=0x0000000000000000 flip_us=0x000000000009AF47 dmg_full=0x0000000000000003 dmg_rect=0x0000000000000011 dmg_skip=0x0000000000000000 dmg_px=0x0000000001059000 blobs=0x0000000000000015 curs_up=0x0000000000000001 curs_mv=0x0000000000000010 atomic=0x0000000000000014 atest=0x0000000000000006 cplane=0x00000000000000FA evpush=0x0000000000000066 bo_dumb=0x0000000000000004 bo_dumbret=0x0000000000000000 bo_blob=0x0000000000000000 bo_bhnd=0x0000000000000000
[EVSTAT] t=0x4588 dev=0x0 push=0x66 drop=0x0 depth=0x0 reads=0x1 eagain=0x1 deliv=0x0 polls=0x3751a pollin=0x0 ioctls=0x13 enotty=0x0 lastnr=0x0 conspop=0x66 rpid=0x1a ipid=0x1a
[EVSTAT] t=0x4588 dev=0x1 push=0x0 drop=0x0 depth=0x0 reads=0x1 eagain=0x1 deliv=0x0 polls=0x37547 pollin=0x0 ioctls=0x15 enotty=0x0 lastnr=0x0 conspop=0x0 rpid=0x1a ipid=0x1a
[DRMSTAT] t=0x0000000000004650 flips_sub=0x0000000000000016 flips_del=0x0000000000000013 dirtyfb=0x0000000000000000 clips=0x0000000000000000 flip_us=0x00000000000A3CE4 dmg_full=0x0000000000000003 dmg_rect=0x0000000000000013 dmg_skip=0x0000000000000000 dmg_px=0x0000000001077000 blobs=0x0000000000000017 curs_up=0x0000000000000001 curs_mv=0x0000000000000012 atomic=0x0000000000000016 atest=0x0000000000000006 cplane=0x000000000000010E evpush=0x0000000000000066 bo_dumb=0x0000000000000004 bo_dumbret=0x0000000000000000 bo_blob=0x0000000000000000 bo_bhnd=0x0000000000000000
[EVSTAT] t=0x4650 dev=0x0 push=0x66 drop=0x0 depth=0x0 reads=0x1 eagain=0x1 deliv=0x0 polls=0x408e2 pollin=0x0 ioctls=0x13 enotty=0x0 lastnr=0x0 conspop=0x66 rpid=0x1a ipid=0x1a
[EVSTAT] t=0x4650 dev=0x1 push=0x0 drop=0x0 depth=0x0 reads=0x1 eagain=0x1 deliv=0x0 polls=0x4090a pollin=0x0 ioctls=0x15 enotty=0x0 lastnr=0x0 conspop=0x0 rpid=0x1a ipid=0x1a
[DRMSTAT] t=0x0000000000004718 flips_sub=0x0000000000000018 flips_del=0x0000000000000015 dirtyfb=0x0000000000000000 clips=0x0000000000000000 flip_us=0x00000000000ACC67 dmg_full=0x0000000000000003 dmg_rect=0x0000000000000015 dmg_skip=0x0000000000000000 dmg_px=0x0000000001095000 blobs=0x0000000000000019 curs_up=0x0000000000000001 curs_mv=0x0000000000000014 atomic=0x0000000000000018 atest=0x0000000000000006 cplane=0x0000000000000122 evpush=0x0000000000000066 bo_dumb=0x0000000000000004 bo_dumbret=0x0000000000000000 bo_blob=0x0000000000000000 bo_bhnd=0x0000000000000000
[EVSTAT] t=0x4718 dev=0x0 push=0x66 drop=0x0 depth=0x0 reads=0x1 eagain=0x1 deliv=0x0 polls=0x49a7c pollin=0x0 ioctls=0x13 enotty=0x0 lastnr=0x0 conspop=0x66 rpid=0x1a ipid=0x1a
[EVSTAT] t=0x4718 dev=0x1 push=0x0 drop=0x0 depth=0x0 reads=0x1 eagain=0x1 deliv=0x0 polls=0x49a9d pollin=0x0 ioctls=0x15 enotty=0x0 lastnr=0x0 conspop=0x0 rpid=0x1a ipid=0x1a
[DRMSTAT] t=0x00000000000047E0 flips_sub=0x000000000000001A flips_del=0x0000000000000017 dirtyfb=0x0000000000000000 clips=0x0000000000000000 flip_us=0x00000000000B52C3 dmg_full=0x0000000000000003 dmg_rect=0x0000000000000017 dmg_skip=0x0000000000000000 dmg_px=0x00000000010B3000 blobs=0x000000000000001B curs_up=0x0000000000000001 curs_mv=0x0000000000000016 atomic=0x000000000000001A atest=0x0000000000000006 cplane=0x0000000000000136 evpush=0x0000000000000066 bo_dumb=0x0000000000000004 bo_dumbret=0x0000000000000000 bo_blob=0x0000000000000000 bo_bhnd=0x0000000000000000
[EVSTAT] t=0x47e0 dev=0x0 push=0x66 drop=0x0 depth=0x0 reads=0x1 eagain=0x1 deliv=0x0 polls=0x52e0e pollin=0x0 ioctls=0x13 enotty=0x0 lastnr=0x0 conspop=0x66 rpid=0x1a ipid=0x1a
[EVSTAT] t=0x47e0 dev=0x1 push=0x0 drop=0x0 depth=0x0 reads=0x1 eagain=0x1 deliv=0x0 polls=0x52e34 pollin=0x0 ioctls=0x15 enotty=0x0 lastnr=0x0 conspop=0x0 rpid=0x1a ipid=0x1a
M13: ENDMARK IDLE
M13: MARK POINTER 45

===== PHASE POINTER (45s) =====
[qmp] REJECTED [{"type": "abs", "data": {"axis": "x", "value": 16383}}] -> {"timestamp": {"seconds": 1786134919, "microseconds": 592768}, "event": "VNC_CONNECTED", "data": {"server": {"auth": "none", "family": "ipv4", "service": "5909", "host": "127.0.0.1", "websocket": fals
[qmp] REJECTED [{"type": "abs", "data": {"axis": "y", "value": 16383}}] -> {"timestamp": {"seconds": 1786134919, "microseconds": 593240}, "event": "VNC_INITIALIZED", "data": {"server": {"auth": "none", "family": "ipv4", "service": "5909", "host": "127.0.0.1", "websocket": fa
[qmp] REJECTED [{"type": "abs", "data": {"axis": "x", "value": 16707}}] -> {"timestamp": {"seconds": 1786134919, "microseconds": 676381}, "event": "VNC_DISCONNECTED", "data": {"server": {"auth": "none", "family": "ipv4", "service": "5909", "host": "127.0.0.1", "websocket": f
  motion: 1787 moves in 30.0s = 59.5/s
  [cap POINTER] 1920x1080 uncovered=0 rects=1 colours=334503 top=0x1b1b1bx60588 (0.6s)
8 dev=0x0 push=0x66 drop=0x0 depth=0x0 reads=0x1 eagain=0x1 deliv=0x0 polls=0x170e5a pollin=0x0 ioctls=0x13 enotty=0x0 lastnr=0x0 conspop=0x66 rpid=0x1a ipid=0x1a
[EVSTAT] t=0x5528 dev=0x1 push=0x1dc drop=0x0 depth=0x0 reads=0xeb eagain=0x76 deliv=0x1dc polls=0x170e87 pollin=0x109 ioctls=0x15 enotty=0x0 lastnr=0x0 conspop=0x0 rpid=0x1a ipid=0x1a
[DRMSTAT] t=0x00000000000055F0 flips_sub=0x0000000000000045 flips_del=0x0000000000000042 dirtyfb=0x0000000000000000 clips=0x0000000000000000 flip_us=0x00000000001B903A dmg_full=0x0000000000000003 dmg_rect=0x0000000000000042 dmg_skip=0x0000000000000000 dmg_px=0x000000000244C080 blobs=0x0000000000000046 curs_up=0x0000000000000001 curs_mv=0x0000000000000041 atomic=0x0000000000000045 atest=0x0000000000000006 cplane=0x00000000000002E4 evpush=0x0000000000000242 bo_dumb=0x0000000000000004 bo_dumbret=0x0000000000000000 bo_blob=0x0000000000000000 bo_bhnd=0x0000000000000000
[EVSTAT] t=0x55f0 dev=0x0 push=0x66 drop=0x0 depth=0x0 reads=0x1 eagain=0x1 deliv=0x0 polls=0x17a2cb pollin=0x0 ioctls=0x13 enotty=0x0 lastnr=0x0 conspop=0x66 rpid=0x1a ipid=0x1a
[EVSTAT] t=0x55f0 dev=0x1 push=0x1dc drop=0x0 depth=0x0 reads=0xeb eagain=0x76 deliv=0x1dc polls=0x17a2f8 pollin=0x109 ioctls=0x15 enotty=0x0 lastnr=0x0 conspop=0x0 rpid=0x1a ipid=0x1a
[DRMSTAT] t=0x00000000000056B8 flips_sub=0x0000000000000047 flips_del=0x0000000000000044 dirtyfb=0x0000000000000000 clips=0x0000000000000000 flip_us=0x00000000001C1CC4 dmg_full=0x0000000000000003 dmg_rect=0x0000000000000044 dmg_skip=0x0000000000000000 dmg_px=0x000000000246A080 blobs=0x0000000000000048 curs_up=0x0000000000000001 curs_mv=0x0000000000000043 atomic=0x0000000000000047 atest=0x0000000000000006 cplane=0x00000000000002F8 evpush=0x0000000000000242 bo_dumb=0x0000000000000004 bo_dumbret=0x0000000000000000 bo_blob=0x0000000000000000 bo_bhnd=0x0000000000000000
[EVSTAT] t=0x56b8 dev=0x0 push=0x66 drop=0x0 depth=0x0 reads=0x1 eagain=0x1 deliv=0x0 polls=0x183618 pollin=0x0 ioctls=0x13 enotty=0x0 lastnr=0x0 conspop=0x66 rpid=0x1a ipid=0x1a
[EVSTAT] t=0x56b8 dev=0x1 push=0x1dc drop=0x0 depth=0x0 reads=0xeb eagain=0x76 deliv=0x1dc polls=0x183643 pollin=0x109 ioctls=0x15 enotty=0x0 lastnr=0x0 conspop=0x0 rpid=0x1a ipid=0x1a
[DRMSTAT] t=0x0000000000005780 flips_sub=0x0000000000000049 flips_del=0x0000000000000046 dirtyfb=0x0000000000000000 clips=0x0000000000000000 flip_us=0x00000000001CA368 dmg_full=0x0000000000000003 dmg_rect=0x0000000000000046 dmg_skip=0x0000000000000000 dmg_px=0x0000000002488080 blobs=0x000000000000004A curs_up=0x0000000000000001 curs_mv=0x0000000000000045 atomic=0x0000000000000049 atest=0x0000000000000006 cplane=0x000000000000030C evpush=0x0000000000000242 bo_dumb=0x0000000000000004 bo_dumbret=0x0000000000000000 bo_blob=0x0000000000000000 bo_bhnd=0x0000000000000000
[EVSTAT] t=0x5780 dev=0x0 push=0x66 drop=0x0 depth=0x0 reads=0x1 eagain=0x1 deliv=0x0 polls=0x18c85d pollin=0x0 ioctls=0x13 enotty=0x0 lastnr=0x0 conspop=0x66 rpid=0x1a ipid=0x1a
[EVSTAT] t=0x5780 dev=0x1 push=0x1dc drop=0x0 depth=0x0 reads=0xeb eagain=0x76 deliv=0x1dc polls=0x18c88e pollin=0x109 ioctls=0x15 enotty=0x0 lastnr=0x0 conspop=0x0 rpid=0x1a ipid=0x1a
[DRMSTAT] t=0x0000000000005848 flips_sub=0x000000000000004B flips_del=0x0000000000000048 dirtyfb=0x0000000000000000 clips=0x0000000000000000 flip_us=0x00000000001D2C12 dmg_full=0x0000000000000003 dmg_rect=0x0000000000000048 dmg_skip=0x0000000000000000 dmg_px=0x00000000024A6080 blobs=0x000000000000004C curs_up=0x0000000000000001 curs_mv=0x0000000000000047 atomic=0x000000000000004B atest=0x0000000000000006 cplane=0x0000000000000320 evpush=0x0000000000000242 bo_dumb=0x0000000000000004 bo_dumbret=0x0000000000000000 bo_blob=0x0000000000000000 bo_bhnd=0x0000000000000000
[EVSTAT] t=0x5848 dev=0x0 push=0x66 drop=0x0 depth=0x0 reads=0x1 eagain=0x1 deliv=0x0 polls=0x195bc7 pollin=0x0 ioctls=0x13 enotty=0x0 lastnr=0x0 conspop=0x66 rpid=0x1a ipid=0x1a
[EVSTAT] t=0x5848 dev=0x1 push=0x1dc drop=0x0 depth=0x0 reads=0xeb eagain=0x76 deliv=0x1dc polls=0x195bf5 pollin=0x109 ioctls=0x15 enotty=0x0 lastnr=0x0 conspop=0x0 rpid=0x1a ipid=0x1a
[DRMSTAT] t=0x0000000000005910 flips_sub=0x000000000000004D flips_del=0x000000000000004A dirtyfb=0x0000000000000000 clips=0x0000000000000000 flip_us=0x00000000001DB666 dmg_full=0x0000000000000003 dmg_rect=0x000000000000004A dmg_skip=0x0000000000000000 dmg_px=0x00000000024C4080 blobs=0x000000000000004E curs_up=0x0000000000000001 curs_mv=0x0000000000000049 atomic=0x000000000000004D atest=0x0000000000000006 cplane=0x0000000000000334 evpush=0x0000000000000242 bo_dumb=0x0000000000000004 bo_dumbret=0x0000000000000000 bo_blob=0x0000000000000000 bo_bhnd=0x0000000000000000
[EVSTAT] t=0x5910 dev=0x0 push=0x66 drop=0x0 depth=0x0 reads=0x1 eagain=0x1 deliv=0x0 polls=0x19efdd pollin=0x0 ioctls=0x13 enotty=0x0 lastnr=0x0 conspop=0x66 rpid=0x1a ipid=0x1a
[EVSTAT] t=0x5910 dev=0x1 push=0x1dc drop=0x0 depth=0x0 reads=0xeb eagain=0x76 deliv=0x1dc polls=0x19f001 pollin=0x109 ioctls=0x15 enotty=0x0 lastnr=0x0 conspop=0x0 rpid=0x1a ipid=0x1a
[DRMSTAT] t=0x00000000000059D8 flips_sub=0x000000000000004F flips_del=0x000000000000004C dirtyfb=0x0000000000000000 clips=0x0000000000000000 flip_us=0x00000000001E411C dmg_full=0x0000000000000003 dmg_rect=0x000000000000004C dmg_skip=0x0000000000000000 dmg_px=0x00000000024E2080 blobs=0x0000000000000050 curs_up=0x0000000000000001 curs_mv=0x000000000000004B atomic=0x000000000000004F atest=0x0000000000000006 cplane=0x0000000000000348 evpush=0x0000000000000242 bo_dumb=0x0000000000000004 bo_dumbret=0x0000000000000000 bo_blob=0x0000000000000000 bo_bhnd=0x0000000000000000
[EVSTAT] t=0x59d8 dev=0x0 push=0x66 drop=0x0 depth=0x0 reads=0x1 eagain=0x1 deliv=0x0 polls=0x1a82e3 pollin=0x0 ioctls=0x13 enotty=0x0 lastnr=0x0 conspop=0x66 rpid=0x1a ipid=0x1a
[EVSTAT] t=0x59d8 dev=0x1 push=0x1dc drop=0x0 depth=0x0 reads=0xeb eagain=0x76 deliv=0x1dc polls=0x1a8310 pollin=0x109 ioctls=0x15 enotty=0x0 lastnr=0x0 conspop=0x0 rpid=0x1a ipid=0x1a
M13: ENDMARK POINTER
M13: MARK CLICKKEY 30

===== PHASE CLICKKEY (30s) =====
  four clicks (centre, upper-left, panel, dock corner)
  six key taps
  [cap CLICKKEY] 1920x1080 uncovered=0 rects=1 colours=334503 top=0x1b1b1bx60507 (0.6s)
=0x0 push=0x86 drop=0x0 depth=0x0 reads=0x3 eagain=0x2 deliv=0x20 polls=0x22a04b pollin=0x2 ioctls=0x13 enotty=0x0 lastnr=0x0 conspop=0x66 rpid=0x1a ipid=0x1a
[EVSTAT] t=0x60e0 dev=0x1 push=0x208 drop=0x0 depth=0x0 reads=0xf5 eagain=0x7b deliv=0x208 polls=0x22a077 pollin=0x113 ioctls=0x15 enotty=0x0 lastnr=0x0 conspop=0x0 rpid=0x1a ipid=0x1a
[DRMSTAT] t=0x00000000000061A8 flips_sub=0x0000000000000068 flips_del=0x0000000000000065 dirtyfb=0x0000000000000000 clips=0x0000000000000000 flip_us=0x0000000000287163 dmg_full=0x0000000000000003 dmg_rect=0x0000000000000065 dmg_skip=0x0000000000000000 dmg_px=0x0000000003397800 blobs=0x0000000000000069 curs_up=0x0000000000000001 curs_mv=0x0000000000000064 atomic=0x0000000000000068 atest=0x0000000000000006 cplane=0x0000000000000442 evpush=0x000000000000028E bo_dumb=0x0000000000000004 bo_dumbret=0x0000000000000000 bo_blob=0x0000000000000000 bo_bhnd=0x0000000000000000
[EVSTAT] t=0x61a8 dev=0x0 push=0x86 drop=0x0 depth=0x0 reads=0x3 eagain=0x2 deliv=0x20 polls=0x233594 pollin=0x2 ioctls=0x13 enotty=0x0 lastnr=0x0 conspop=0x66 rpid=0x1a ipid=0x1a
[EVSTAT] t=0x61a8 dev=0x1 push=0x208 drop=0x0 depth=0x0 reads=0xf5 eagain=0x7b deliv=0x208 polls=0x2335c1 pollin=0x113 ioctls=0x15 enotty=0x0 lastnr=0x0 conspop=0x0 rpid=0x1a ipid=0x1a
[DRMSTAT] t=0x0000000000006270 flips_sub=0x000000000000006A flips_del=0x0000000000000067 dirtyfb=0x0000000000000000 clips=0x0000000000000000 flip_us=0x000000000028FDB4 dmg_full=0x0000000000000003 dmg_rect=0x0000000000000067 dmg_skip=0x0000000000000000 dmg_px=0x00000000033B5800 blobs=0x000000000000006B curs_up=0x0000000000000001 curs_mv=0x0000000000000066 atomic=0x000000000000006A atest=0x0000000000000006 cplane=0x0000000000000456 evpush=0x000000000000028E bo_dumb=0x0000000000000004 bo_dumbret=0x0000000000000000 bo_blob=0x0000000000000000 bo_bhnd=0x0000000000000000
[EVSTAT] t=0x6270 dev=0x0 push=0x86 drop=0x0 depth=0x0 reads=0x3 eagain=0x2 deliv=0x20 polls=0x23cb71 pollin=0x2 ioctls=0x13 enotty=0x0 lastnr=0x0 conspop=0x66 rpid=0x1a ipid=0x1a
[EVSTAT] t=0x6270 dev=0x1 push=0x208 drop=0x0 depth=0x0 reads=0xf5 eagain=0x7b deliv=0x208 polls=0x23cb9d pollin=0x113 ioctls=0x15 enotty=0x0 lastnr=0x0 conspop=0x0 rpid=0x1a ipid=0x1a
[DRMSTAT] t=0x0000000000006338 flips_sub=0x000000000000006D flips_del=0x000000000000006A dirtyfb=0x0000000000000000 clips=0x0000000000000000 flip_us=0x000000000029CC99 dmg_full=0x0000000000000003 dmg_rect=0x000000000000006A dmg_skip=0x0000000000000000 dmg_px=0x00000000033E2800 blobs=0x000000000000006E curs_up=0x0000000000000001 curs_mv=0x0000000000000069 atomic=0x000000000000006D atest=0x0000000000000006 cplane=0x0000000000000474 evpush=0x000000000000028E bo_dumb=0x0000000000000004 bo_dumbret=0x0000000000000000 bo_blob=0x0000000000000000 bo_bhnd=0x0000000000000000
[EVSTAT] t=0x6338 dev=0x0 push=0x86 drop=0x0 depth=0x0 reads=0x3 eagain=0x2 deliv=0x20 polls=0x245f15 pollin=0x2 ioctls=0x13 enotty=0x0 lastnr=0x0 conspop=0x66 rpid=0x1a ipid=0x1a
[EVSTAT] t=0x6338 dev=0x1 push=0x208 drop=0x0 depth=0x0 reads=0xf5 eagain=0x7b deliv=0x208 polls=0x245f42 pollin=0x113 ioctls=0x15 enotty=0x0 lastnr=0x0 conspop=0x0 rpid=0x1a ipid=0x1a
[DRMSTAT] t=0x0000000000006400 flips_sub=0x000000000000006F flips_del=0x000000000000006C dirtyfb=0x0000000000000000 clips=0x0000000000000000 flip_us=0x00000000002A552A dmg_full=0x0000000000000003 dmg_rect=0x000000000000006C dmg_skip=0x0000000000000000 dmg_px=0x0000000003400800 blobs=0x0000000000000070 curs_up=0x0000000000000001 curs_mv=0x000000000000006B atomic=0x000000000000006F atest=0x0000000000000006 cplane=0x0000000000000488 evpush=0x000000000000028E bo_dumb=0x0000000000000004 bo_dumbret=0x0000000000000000 bo_blob=0x0000000000000000 bo_bhnd=0x0000000000000000
[EVSTAT] t=0x6400 dev=0x0 push=0x86 drop=0x0 depth=0x0 reads=0x3 eagain=0x2 deliv=0x20 polls=0x24f1d2 pollin=0x2 ioctls=0x13 enotty=0x0 lastnr=0x0 conspop=0x66 rpid=0x1a ipid=0x1a
[EVSTAT] t=0x6400 dev=0x1 push=0x208 drop=0x0 depth=0x0 reads=0xf5 eagain=0x7b deliv=0x208 polls=0x24f1fb pollin=0x113 ioctls=0x15 enotty=0x0 lastnr=0x0 conspop=0x0 rpid=0x1a ipid=0x1a
[DRMSTAT] t=0x00000000000064C8 flips_sub=0x0000000000000071 flips_del=0x000000000000006E dirtyfb=0x0000000000000000 clips=0x0000000000000000 flip_us=0x00000000002ADF87 dmg_full=0x0000000000000003 dmg_rect=0x000000000000006E dmg_skip=0x0000000000000000 dmg_px=0x000000000341E800 blobs=0x0000000000000072 curs_up=0x0000000000000001 curs_mv=0x000000000000006D atomic=0x0000000000000071 atest=0x0000000000000006 cplane=0x000000000000049C evpush=0x000000000000028E bo_dumb=0x0000000000000004 bo_dumbret=0x0000000000000000 bo_blob=0x0000000000000000 bo_bhnd=0x0000000000000000
[EVSTAT] t=0x64c8 dev=0x0 push=0x86 drop=0x0 depth=0x0 reads=0x3 eagain=0x2 deliv=0x20 polls=0x258423 pollin=0x2 ioctls=0x13 enotty=0x0 lastnr=0x0 conspop=0x66 rpid=0x1a ipid=0x1a
[EVSTAT] t=0x64c8 dev=0x1 push=0x208 drop=0x0 depth=0x0 reads=0xf5 eagain=0x7b deliv=0x208 polls=0x25844e pollin=0x113 ioctls=0x15 enotty=0x0 lastnr=0x0 conspop=0x0 rpid=0x1a ipid=0x1a
[DRMSTAT] t=0x0000000000006590 flips_sub=0x0000000000000073 flips_del=0x0000000000000070 dirtyfb=0x0000000000000000 clips=0x0000000000000000 flip_us=0x00000000002B6FF9 dmg_full=0x0000000000000003 dmg_rect=0x0000000000000070 dmg_skip=0x0000000000000000 dmg_px=0x000000000343C800 blobs=0x0000000000000074 curs_up=0x0000000000000001 curs_mv=0x000000000000006F atomic=0x0000000000000073 atest=0x0000000000000006 cplane=0x00000000000004B0 evpush=0x000000000000028E bo_dumb=0x0000000000000004 bo_dumbret=0x0000000000000000 bo_blob=0x0000000000000000 bo_bhnd=0x0000000000000000
[EVSTAT] t=0x6590 dev=0x0 push=0x86 drop=0x0 depth=0x0 reads=0x3 eagain=0x2 deliv=0x20 polls=0x261713 pollin=0x2 ioctls=0x13 enotty=0x0 lastnr=0x0 conspop=0x66 rpid=0x1a ipid=0x1a
[EVSTAT] t=0x6590 dev=0x1 push=0x208 drop=0x0 depth=0x0 reads=0xf5 eagain=0x7b deliv=0x208 polls=0x26173e pollin=0x113 ioctls=0x15 enotty=0x0 lastnr=0x0 conspop=0x0 rpid=0x1a ipid=0x1a
M13: ENDMARK CLICKKEY
M13: MARK IDLE2 20

===== PHASE IDLE2 (20s) =====
  [cap IDLE2] 1920x1080 uncovered=0 rects=1 colours=334503 top=0x1b1b1bx60552 (0.6s)
dev=0x0 push=0x86 drop=0x0 depth=0x0 reads=0x3 eagain=0x2 deliv=0x20 polls=0x2867c6 pollin=0x2 ioctls=0x13 enotty=0x0 lastnr=0x0 conspop=0x66 rpid=0x1a ipid=0x1a
[EVSTAT] t=0x68b0 dev=0x1 push=0x208 drop=0x0 depth=0x0 reads=0xf5 eagain=0x7b deliv=0x208 polls=0x2867f2 pollin=0x113 ioctls=0x15 enotty=0x0 lastnr=0x0 conspop=0x0 rpid=0x1a ipid=0x1a
[DRMSTAT] t=0x0000000000006978 flips_sub=0x000000000000007D flips_del=0x000000000000007A dirtyfb=0x0000000000000000 clips=0x0000000000000000 flip_us=0x00000000002E1EB6 dmg_full=0x0000000000000003 dmg_rect=0x000000000000007A dmg_skip=0x0000000000000000 dmg_px=0x00000000034D2800 blobs=0x000000000000007E curs_up=0x0000000000000001 curs_mv=0x0000000000000079 atomic=0x000000000000007D atest=0x0000000000000006 cplane=0x0000000000000514 evpush=0x000000000000028E bo_dumb=0x0000000000000004 bo_dumbret=0x0000000000000000 bo_blob=0x0000000000000000 bo_bhnd=0x0000000000000000
[EVSTAT] t=0x6978 dev=0x0 push=0x86 drop=0x0 depth=0x0 reads=0x3 eagain=0x2 deliv=0x20 polls=0x28f8ef pollin=0x2 ioctls=0x13 enotty=0x0 lastnr=0x0 conspop=0x66 rpid=0x1a ipid=0x1a
[EVSTAT] t=0x6978 dev=0x1 push=0x208 drop=0x0 depth=0x0 reads=0xf5 eagain=0x7b deliv=0x208 polls=0x28f91a pollin=0x113 ioctls=0x15 enotty=0x0 lastnr=0x0 conspop=0x0 rpid=0x1a ipid=0x1a
[DRMSTAT] t=0x0000000000006A40 flips_sub=0x000000000000007F flips_del=0x000000000000007C dirtyfb=0x0000000000000000 clips=0x0000000000000000 flip_us=0x00000000002EAFC2 dmg_full=0x0000000000000003 dmg_rect=0x000000000000007C dmg_skip=0x0000000000000000 dmg_px=0x00000000034F0800 blobs=0x0000000000000080 curs_up=0x0000000000000001 curs_mv=0x000000000000007B atomic=0x000000000000007F atest=0x0000000000000006 cplane=0x0000000000000528 evpush=0x000000000000028E bo_dumb=0x0000000000000004 bo_dumbret=0x0000000000000000 bo_blob=0x0000000000000000 bo_bhnd=0x0000000000000000
[EVSTAT] t=0x6a40 dev=0x0 push=0x86 drop=0x0 depth=0x0 reads=0x3 eagain=0x2 deliv=0x20 polls=0x298b5d pollin=0x2 ioctls=0x13 enotty=0x0 lastnr=0x0 conspop=0x66 rpid=0x1a ipid=0x1a
[EVSTAT] t=0x6a40 dev=0x1 push=0x208 drop=0x0 depth=0x0 reads=0xf5 eagain=0x7b deliv=0x208 polls=0x298b7c pollin=0x113 ioctls=0x15 enotty=0x0 lastnr=0x0 conspop=0x0 rpid=0x1a ipid=0x1a
[DRMSTAT] t=0x0000000000006B08 flips_sub=0x0000000000000081 flips_del=0x000000000000007E dirtyfb=0x0000000000000000 clips=0x0000000000000000 flip_us=0x00000000002F3793 dmg_full=0x0000000000000003 dmg_rect=0x000000000000007E dmg_skip=0x0000000000000000 dmg_px=0x000000000350E800 blobs=0x0000000000000082 curs_up=0x0000000000000001 curs_mv=0x000000000000007D atomic=0x0000000000000081 atest=0x0000000000000006 cplane=0x000000000000053C evpush=0x000000000000028E bo_dumb=0x0000000000000004 bo_dumbret=0x0000000000000000 bo_blob=0x0000000000000000 bo_bhnd=0x0000000000000000
[EVSTAT] t=0x6b08 dev=0x0 push=0x86 drop=0x0 depth=0x0 reads=0x3 eagain=0x2 deliv=0x20 polls=0x2a1eec pollin=0x2 ioctls=0x13 enotty=0x0 lastnr=0x0 conspop=0x66 rpid=0x1a ipid=0x1a
[EVSTAT] t=0x6b08 dev=0x1 push=0x208 drop=0x0 depth=0x0 reads=0xf5 eagain=0x7b deliv=0x208 polls=0x2a1f17 pollin=0x113 ioctls=0x15 enotty=0x0 lastnr=0x0 conspop=0x0 rpid=0x1a ipid=0x1a
[DRMSTAT] t=0x0000000000006BD0 flips_sub=0x0000000000000083 flips_del=0x0000000000000080 dirtyfb=0x0000000000000000 clips=0x0000000000000000 flip_us=0x00000000002FC28B dmg_full=0x0000000000000003 dmg_rect=0x0000000000000080 dmg_skip=0x0000000000000000 dmg_px=0x000000000352C800 blobs=0x0000000000000084 curs_up=0x0000000000000001 curs_mv=0x000000000000007F atomic=0x0000000000000083 atest=0x0000000000000006 cplane=0x0000000000000550 evpush=0x000000000000028E bo_dumb=0x0000000000000004 bo_dumbret=0x0000000000000000 bo_blob=0x0000000000000000 bo_bhnd=0x0000000000000000
[EVSTAT] t=0x6bd0 dev=0x0 push=0x86 drop=0x0 depth=0x0 reads=0x3 eagain=0x2 deliv=0x20 polls=0x2ab29e pollin=0x2 ioctls=0x13 enotty=0x0 lastnr=0x0 conspop=0x66 rpid=0x1a ipid=0x1a
[EVSTAT] t=0x6bd0 dev=0x1 push=0x208 drop=0x0 depth=0x0 reads=0xf5 eagain=0x7b deliv=0x208 polls=0x2ab2c9 pollin=0x113 ioctls=0x15 enotty=0x0 lastnr=0x0 conspop=0x0 rpid=0x1a ipid=0x1a
[DRMSTAT] t=0x0000000000006C98 flips_sub=0x0000000000000085 flips_del=0x0000000000000082 dirtyfb=0x0000000000000000 clips=0x0000000000000000 flip_us=0x0000000000305596 dmg_full=0x0000000000000003 dmg_rect=0x0000000000000082 dmg_skip=0x0000000000000000 dmg_px=0x000000000354A800 blobs=0x0000000000000086 curs_up=0x0000000000000001 curs_mv=0x0000000000000081 atomic=0x0000000000000085 atest=0x0000000000000006 cplane=0x0000000000000564 evpush=0x000000000000028E bo_dumb=0x0000000000000004 bo_dumbret=0x0000000000000000 bo_blob=0x0000000000000000 bo_bhnd=0x0000000000000000
[EVSTAT] t=0x6c98 dev=0x0 push=0x86 drop=0x0 depth=0x0 reads=0x3 eagain=0x2 deliv=0x20 polls=0x2b4598 pollin=0x2 ioctls=0x13 enotty=0x0 lastnr=0x0 conspop=0x66 rpid=0x1a ipid=0x1a
[EVSTAT] t=0x6c98 dev=0x1 push=0x208 drop=0x0 depth=0x0 reads=0xf5 eagain=0x7b deliv=0x208 polls=0x2b45c2 pollin=0x113 ioctls=0x15 enotty=0x0 lastnr=0x0 conspop=0x0 rpid=0x1a ipid=0x1a
[DRMSTAT] t=0x0000000000006D60 flips_sub=0x0000000000000087 flips_del=0x0000000000000084 dirtyfb=0x0000000000000000 clips=0x0000000000000000 flip_us=0x000000000030DF38 dmg_full=0x0000000000000003 dmg_rect=0x0000000000000084 dmg_skip=0x0000000000000000 dmg_px=0x0000000003568800 blobs=0x0000000000000088 curs_up=0x0000000000000001 curs_mv=0x0000000000000083 atomic=0x0000000000000087 atest=0x0000000000000006 cplane=0x0000000000000578 evpush=0x000000000000028E bo_dumb=0x0000000000000004 bo_dumbret=0x0000000000000000 bo_blob=0x0000000000000000 bo_bhnd=0x0000000000000000
[EVSTAT] t=0x6d60 dev=0x0 push=0x86 drop=0x0 depth=0x0 reads=0x3 eagain=0x2 deliv=0x20 polls=0x2bd8b1 pollin=0x2 ioctls=0x13 enotty=0x0 lastnr=0x0 conspop=0x66 rpid=0x1a ipid=0x1a
[EVSTAT] t=0x6d60 dev=0x1 push=0x208 drop=0x0 depth=0x0 reads=0xf5 eagain=0x7b deliv=0x208 polls=0x2bd8de pollin=0x113 ioctls=0x15 enotty=0x0 lastnr=0x0 conspop=0x0 rpid=0x1a ipid=0x1a
M13: ENDMARK IDLE2
M13: CAPTURES DONE

>>> guest reports CAPTURES DONE

[qmp] 3618 sent, 6 rejected

================ PER-PHASE CENSUS ================

-- IDLE --
  [DRMSTAT] dt=20.0s  evpush+0  flips_sub+26  curs_mv+22  curs_up+1  atomic+26  dirtyfb+0  dmg_rect+23  dmg_full+3
  [EVSTAT]  dev=0  dt=20.0s  push+0  drop+0  depth 0->0  reads+0  eagain+0  deliv+0  polls+339470  pollin+0  ioctls+0  enotty+0  conspop+0  rpid=26  ipid=26  lastnr=0x0
  [EVSTAT]  dev=1  dt=20.0s  push+0  drop+0  depth 0->0  reads+0  eagain+0  deliv+0  polls+339508  pollin+0  ioctls+0  enotty+0  conspop+0  rpid=26  ipid=26  lastnr=0x0

-- POINTER --
  [DRMSTAT] dt=16.0s  evpush+476  flips_sub+23  curs_mv+23  curs_up+0  atomic+23  dirtyfb+0  dmg_rect+23  dmg_full+0
  [EVSTAT]  dev=0  dt=16.0s  push+0  drop+0  depth 0->0  reads+0  eagain+0  deliv+0  polls+830473  pollin+0  ioctls+0  enotty+0  conspop+0  rpid=26  ipid=26  lastnr=0x0
  [EVSTAT]  dev=1  dt=16.0s  push+476  drop+0  depth 0->0  reads+234  eagain+117  deliv+476  polls+830473  pollin+265  ioctls+0  enotty+0  conspop+0  rpid=26  ipid=26  lastnr=0x0

-- CLICKKEY --
  [DRMSTAT] dt=20.0s  evpush+76  flips_sub+25  curs_mv+25  curs_up+0  atomic+25  dirtyfb+0  dmg_rect+25  dmg_full+0
  [EVSTAT]  dev=0  dt=20.0s  push+32  drop+0  depth 0->0  reads+2  eagain+1  deliv+32  polls+570033  pollin+2  ioctls+0  enotty+0  conspop+0  rpid=26  ipid=26  lastnr=0x0
  [EVSTAT]  dev=1  dt=20.0s  push+44  drop+0  depth 0->0  reads+10  eagain+5  deliv+44  polls+570033  pollin+10  ioctls+0  enotty+0  conspop+0  rpid=26  ipid=26  lastnr=0x0

-- IDLE2 --
  [DRMSTAT] dt=20.0s  evpush+0  flips_sub+20  curs_mv+20  curs_up+0  atomic+20  dirtyfb+0  dmg_rect+20  dmg_full+0
  [EVSTAT]  dev=0  dt=20.0s  push+0  drop+0  depth 0->0  reads+0  eagain+0  deliv+0  polls+377246  pollin+0  ioctls+0  enotty+0  conspop+0  rpid=26  ipid=26  lastnr=0x0
  [EVSTAT]  dev=1  dt=20.0s  push+0  drop+0  depth 0->0  reads+0  eagain+0  deliv+0  polls+377248  pollin+0  ioctls+0  enotty+0  conspop+0  rpid=26  ipid=26  lastnr=0x0

================ PIXEL DIFFS ================
  IDLE -> POINTER: 450 px changed  box=450 px (0.022%) bbox x=961..1029 y=5..25 (69x21)
  POINTER -> CLICKKEY: 513 px changed  box=513 px (0.025%) bbox x=961..1029 y=5..25 (69x21)
  CLICKKEY -> IDLE2: 135 px changed  box=135 px (0.007%) bbox x=997..1011 y=5..19 (15x15)

>>> draining guest dump...
>>> serial log: /tmp/m13/serial.log
>>> pngs: /tmp/m13
RUN_RC=0
