=== POSITIVE CONTROL (must FAIL) ===
STAT] t=0x320 dev=0x1 push=0x0 drop=0x0 depth=0x0 reads=0x0 eagain=0x0 deliv=0x0 polls=0x0 pollin=0x0 ioctls=0x0 enotty=0x0 lastnr=0x0 conspop=0x0 rpid=0x0 ipid=0x0
[0m[?25l[48;1H[J[39mbrush-0.5# [38;5;14m[38;5;5m[0m[0mnosuchbinary_xyz4278[?25h
[?2004l[31merror:[39m command not found
>>> CONTROL OK ('command not found')

[0m[?25l[50;1H[J[39mbrush-0.5# [38;5;14m[38;5;5m[0m[0m/bin/m1278[?25h[0m[?25l[50;1H[J[39mbrush-0.5# [38;5;14m[38;5;5m[0m[0m/bin/m12c-input 8 70 seat078[?25h
[?2004l[LIP] BEGIN pid=5 raw_secs=8 li_secs=70 seat=seat0
[LIP] RAW begin

===== RAW PHASE: injecting =====
  motion: 336 moves in 6.0s = 55.9/s
us=10009999 skew_us=1069990
[DRMSTAT] t=0x0000000000000898 flips_sub=0x0000000000000000 flips_del=0x0000000000000000 dirtyfb=0x0000000000000000 clips=0x0000000000000000 flip_us=0x0000000000000000 dmg_full=0x0000000000000000 dmg_rect=0x0000000000000000 dmg_skip=0x0000000000000000 dmg_px=0x0000000000000000 blobs=0x0000000000000000 curs_up=0x0000000000000000 curs_mv=0x0000000000000000 atomic=0x0000000000000000 atest=0x0000000000000000 cplane=0x0000000000000000 evpush=0x0000000000000190 bo_dumb=0x0000000000000000 bo_dumbret=0x0000000000000000 bo_blob=0x0000000000000000 bo_bhnd=0x0000000000000000
[EVSTAT] t=0x898 dev=0x0 push=0x70 drop=0x0 depth=0x0 reads=0x0 eagain=0x0 deliv=0x0 polls=0x0 pollin=0x0 ioctls=0x0 enotty=0x0 lastnr=0x0 conspop=0x70 rpid=0x0 ipid=0x0
[EVSTAT] t=0x898 dev=0x1 push=0x120 drop=0x0 depth=0xdc reads=0x1b eagain=0x19 deliv=0x44 polls=0x0 pollin=0x0 ioctls=0x0 enotty=0x0 lastnr=0x0 conspop=0x0 rpid=0x5 ipid=0x0
[LIP] RAW rec type=3 code=1 value=18355 stamp_us=8950000 clock_us=10009999 skew_us=1059999
[DRMSTAT] t=0x0000000000000960 flips_sub=0x0000000000000000 flips_del=0x0000000000000000 dirtyfb=0x0000000000000000 clips=0x0000000000000000 flip_us=0x0000000000000000 dmg_full=0x0000000000000000 dmg_rect=0x0000000000000000 dmg_skip=0x0000000000000000 dmg_px=0x0000000000000000 blobs=0x0000000000000000 curs_up=0x0000000000000000 curs_mv=0x0000000000000000 atomic=0x0000000000000000 atest=0x0000000000000000 cplane=0x0000000000000000 evpush=0x0000000000000190 bo_dumb=0x0000000000000000 bo_dumbret=0x0000000000000000 bo_blob=0x0000000000000000 bo_bhnd=0x0000000000000000
[EVSTAT] t=0x960 dev=0x0 push=0x70 drop=0x0 depth=0x0 reads=0x0 eagain=0x0 deliv=0x0 polls=0x0 pollin=0x0 ioctls=0x0 enotty=0x0 lastnr=0x0 conspop=0x70 rpid=0x0 ipid=0x0
[EVSTAT] t=0x960 dev=0x1 push=0x120 drop=0x0 depth=0xdc reads=0x1b eagain=0x19 deliv=0x44 polls=0x0 pollin=0x0 ioctls=0x0 enotty=0x0 lastnr=0x0 conspop=0x0 rpid=0x5 ipid=0x0
[LIP] RAW rec type=0 code=0 value=0 stamp_us=8950007 clock_us=10009999 skew_us=1059992
[DRMSTAT] t=0x0000000000000A28 flips_sub=0x0000000000000000 flips_del=0x0000000000000000 dirtyfb=0x0000000000000000 clips=0x0000000000000000 flip_us=0x0000000000000000 dmg_full=0x0000000000000000 dmg_rect=0x0000000000000000 dmg_skip=0x0000000000000000 dmg_px=0x0000000000000000 blobs=0x0000000000000000 curs_up=0x0000000000000000 curs_mv=0x0000000000000000 atomic=0x0000000000000000 atest=0x0000000000000000 cplane=0x0000000000000000 evpush=0x0000000000000190 bo_dumb=0x0000000000000000 bo_dumbret=0x0000000000000000 bo_blob=0x0000000000000000 bo_bhnd=0x0000000000000000
[EVSTAT] t=0xa28 dev=0x0 push=0x70 drop=0x0 depth=0x0 reads=0x0 eagain=0x0 deliv=0x0 polls=0x0 pollin=0x0 ioctls=0x0 enotty=0x0 lastnr=0x0 conspop=0x70 rpid=0x0 ipid=0x0
[EVSTAT] t=0xa28 dev=0x1 push=0x120 drop=0x0 depth=0xdc reads=0x1b eagain=0x19 deliv=0x44 polls=0x0 pollin=0x0 ioctls=0x0 enotty=0x0 lastnr=0x0 conspop=0x0 rpid=0x5 ipid=0x0
[LIP] RAW end total=68 syn_report=34 non_monotonic=0 skew_us_min=70 skew_us_max=1139999
[DRMSTAT] t=0x0000000000000AF0 flips_sub=0x0000000000000000 flips_del=0x0000000000000000 dirtyfb=0x0000000000000000 clips=0x0000000000000000 flip_us=0x0000000000000000 dmg_full=0x0000000000000000 dmg_rect=0x0000000000000000 dmg_skip=0x0000000000000000 dmg_px=0x0000000000000000 blobs=0x0000000000000000 curs_up=0x0000000000000000 curs_mv=0x0000000000000000 atomic=0x0000000000000000 atest=0x0000000000000000 cplane=0x0000000000000000 evpush=0x0000000000000190 bo_dumb=0x0000000000000000 bo_dumbret=0x0000000000000000 bo_blob=0x0000000000000000 bo_bhnd=0x0000000000000000
[EVSTAT] t=0xaf0 dev=0x0 push=0x70 drop=0x0 depth=0x0 reads=0x0 eagain=0x0 deliv=0x0 polls=0x0 pollin=0x0 ioctls=0x0 enotty=0x0 lastnr=0x0 conspop=0x70 rpid=0x0 ipid=0x0
[EVSTAT] t=0xaf0 dev=0x1 push=0x120 drop=0x0 depth=0xdc reads=0x1b eagain=0x19 deliv=0x44 polls=0x0 pollin=0x0 ioctls=0x0 enotty=0x0 lastnr=0x0 conspop=0x0 rpid=0x5 ipid=0x0
[LIP] RAW verdict frames=34 events_per_frame=2
 path=/dev/input/event0 flags=0x80802 -> fd=4
[DRMSTAT] t=0x0000000000000E10 flips_sub=0x0000000000000000 flips_del=0x0000000000000000 dirtyfb=0x0000000000000000 clips=0x0000000000000000 flip_us=0x0000000000000000 dmg_full=0x0000000000000000 dmg_rect=0x0000000000000000 dmg_skip=0x0000000000000000 dmg_px=0x0000000000000000 blobs=0x0000000000000000 curs_up=0x0000000000000000 curs_mv=0x0000000000000000 atomic=0x0000000000000000 atest=0x0000000000000000 cplane=0x0000000000000000 evpush=0x0000000000000190 bo_dumb=0x0000000000000000 bo_dumbret=0x0000000000000000 bo_blob=0x0000000000000000 bo_bhnd=0x0000000000000000
[EVSTAT] t=0xe10 dev=0x0 push=0x70 drop=0x0 depth=0x0 reads=0x0 eagain=0x0 deliv=0x0 polls=0x0 pollin=0x0 ioctls=0x0 enotty=0x0 lastnr=0x0 conspop=0x70 rpid=0x0 ipid=0x0
[EVSTAT] t=0xe10 dev=0x1 push=0x120 drop=0x0 depth=0xdc reads=0x1b eagain=0x19 deliv=0x44 polls=0x0 pollin=0x0 ioctls=0x0 enotty=0x0 lastnr=0x0 conspop=0x0 rpid=0x5 ipid=0x0
[LIP] libinput info: event0  - QEMU Virtio Keyboard: is tagged by udev as: Keyboard
[DRMSTAT] t=0x0000000000000ED8 flips_sub=0x0000000000000000 flips_del=0x0000000000000000 dirtyfb=0x0000000000000000 clips=0x0000000000000000 flip_us=0x0000000000000000 dmg_full=0x0000000000000000 dmg_rect=0x0000000000000000 dmg_skip=0x0000000000000000 dmg_px=0x0000000000000000 blobs=0x0000000000000000 curs_up=0x0000000000000000 curs_mv=0x0000000000000000 atomic=0x0000000000000000 atest=0x0000000000000000 cplane=0x0000000000000000 evpush=0x0000000000000190 bo_dumb=0x0000000000000000 bo_dumbret=0x0000000000000000 bo_blob=0x0000000000000000 bo_bhnd=0x0000000000000000
[EVSTAT] t=0xed8 dev=0x0 push=0x70 drop=0x0 depth=0x0 reads=0x1 eagain=0x1 deliv=0x0 polls=0x0 pollin=0x0 ioctls=0x13 enotty=0x0 lastnr=0x0 conspop=0x70 rpid=0x5 ipid=0x5
[EVSTAT] t=0xed8 dev=0x1 push=0x120 drop=0x0 depth=0xdc reads=0x1b eagain=0x19 deliv=0x44 polls=0x0 pollin=0x0 ioctls=0x0 enotty=0x0 lastnr=0x0 conspop=0x0 rpid=0x5 ipid=0x0
[LIP] libinput info: event0  - QEMU Virtio Keyboard: device is a keyboard
[DRMSTAT] t=0x0000000000000FA0 flips_sub=0x0000000000000000 flips_del=0x0000000000000000 dirtyfb=0x0000000000000000 clips=0x0000000000000000 flip_us=0x0000000000000000 dmg_full=0x0000000000000000 dmg_rect=0x0000000000000000 dmg_skip=0x0000000000000000 dmg_px=0x0000000000000000 blobs=0x0000000000000000 curs_up=0x0000000000000000 curs_mv=0x0000000000000000 atomic=0x0000000000000000 atest=0x0000000000000000 cplane=0x0000000000000000 evpush=0x0000000000000190 bo_dumb=0x0000000000000000 bo_dumbret=0x0000000000000000 bo_blob=0x0000000000000000 bo_bhnd=0x0000000000000000
[EVSTAT] t=0xfa0 dev=0x0 push=0x70 drop=0x0 depth=0x0 reads=0x1 eagain=0x1 deliv=0x0 polls=0x0 pollin=0x0 ioctls=0x13 enotty=0x0 lastnr=0x0 conspop=0x70 rpid=0x5 ipid=0x5
[EVSTAT] t=0xfa0 dev=0x1 push=0x120 drop=0x0 depth=0xdc reads=0x1b eagain=0x19 deliv=0x44 polls=0x0 pollin=0x0 ioctls=0x0 enotty=0x0 lastnr=0x0 conspop=0x0 rpid=0x5 ipid=0x0
[LIP] open_restricted path=/dev/input/event1 flags=0x80802 -> fd=5
[DRMSTAT] t=0x0000000000001068 flips_sub=0x0000000000000000 flips_del=0x0000000000000000 dirtyfb=0x0000000000000000 clips=0x0000000000000000 flip_us=0x0000000000000000 dmg_full=0x0000000000000000 dmg_rect=0x0000000000000000 dmg_skip=0x0000000000000000 dmg_px=0x0000000000000000 blobs=0x0000000000000000 curs_up=0x0000000000000000 curs_mv=0x0000000000000000 atomic=0x0000000000000000 atest=0x0000000000000000 cplane=0x0000000000000000 evpush=0x0000000000000190 bo_dumb=0x0000000000000000 bo_dumbret=0x0000000000000000 bo_blob=0x0000000000000000 bo_bhnd=0x0000000000000000
[EVSTAT] t=0x1068 dev=0x0 push=0x70 drop=0x0 depth=0x0 reads=0x1 eagain=0x1 deliv=0x0 polls=0x0 pollin=0x0 ioctls=0x13 enotty=0x0 lastnr=0x0 conspop=0x70 rpid=0x5 ipid=0x5
[EVSTAT] t=0x1068 dev=0x1 push=0x120 drop=0x0 depth=0xdc reads=0x1b eagain=0x19 deliv=0x44 polls=0x0 pollin=0x0 ioctls=0x0 enotty=0x0 lastnr=0x0 conspop=0x0 rpid=0x5 ipid=0x0
[LIP] libinput info: event1  - QEMU Virtio Tablet: is tagged by udev as: Mouse
[LIP] libinput info: event1  - QEMU Virtio Tablet: device is a pointer
[DRMSTAT] t=0x0000000000001130 flips_sub=0x0000000000000000 flips_del=0x0000000000000000 dirtyfb=0x0000000000000000 clips=0x0000000000000000 flip_us=0x0000000000000000 dmg_full=0x0000000000000000 dmg_rect=0x0000000000000000 dmg_skip=0x0000000000000000 dmg_px=0x0000000000000000 blobs=0x0000000000000000 curs_up=0x0000000000000000 curs_mv=0x0000000000000000 atomic=0x0000000000000000 atest=0x0000000000000000 cplane=0x0000000000000000 evpush=0x0000000000000190 bo_dumb=0x0000000000000000 bo_dumbret=0x0000000000000000 bo_blob=0x0000000000000000 bo_bhnd=0x0000000000000000
[EVSTAT] t=0x1130 dev=0x0 push=0x70 drop=0x0 depth=0x0 reads=0x1 eagain=0x1 deliv=0x0 polls=0x0 pollin=0x0 ioctls=0x13 enotty=0x0 lastnr=0x0 conspop=0x70 rpid=0x5 ipid=0x5
[EVSTAT] t=0x1130 dev=0x1 push=0x120 drop=0x0 depth=0x0 reads=0x25 eagain=0x19 deliv=0x120 polls=0x0 pollin=0x0 ioctls=0x15 enotty=0x0 lastnr=0x0 conspop=0x0 rpid=0x5 ipid=0x5
[LIP] libinput_udev_assign_seat(seat0) -> rc=0
[DRMSTAT] t=0x00000000000011F8 flips_sub=0x0000000000000000 flips_del=0x0000000000000000 dirtyfb=0x0000000000000000 clips=0x0000000000000000 flip_us=0x0000000000000000 dmg_full=0x0000000000000000 dmg_rect=0x0000000000000000 dmg_skip=0x0000000000000000 dmg_px=0x0000000000000000 blobs=0x0000000000000000 curs_up=0x0000000000000000 curs_mv=0x0000000000000000 atomic=0x0000000000000000 atest=0x0000000000000000 cplane=0x0000000000000000 evpush=0x0000000000000190 bo_dumb=0x0000000000000000 bo_dumbret=0x0000000000000000 bo_blob=0x0000000000000000 bo_bhnd=0x0000000000000000
[EVSTAT] t=0x11f8 dev=0x0 push=0x70 drop=0x0 depth=0x0 reads=0x1 eagain=0x1 deliv=0x0 polls=0x0 pollin=0x0 ioctls=0x13 enotty=0x0 lastnr=0x0 conspop=0x70 rpid=0x5 ipid=0x5
[EVSTAT] t=0x11f8 dev=0x1 push=0x120 drop=0x0 depth=0x0 reads=0x25 eagain=0x19 deliv=0x120 polls=0x0 pollin=0x0 ioctls=0x15 enotty=0x0 lastnr=0x0 conspop=0x0 rpid=0x5 ipid=0x5
[LIP] libinput_get_fd -> 1027

===== LIBINPUT PHASE: injecting (fd=1027) =====
  motion: 1408 moves in 25.0s = 56.3/s
  two clicks
  four key taps
  motion again: 562 moves in 10.0s

[qmp] 4632 sent, 0 rejected
=0x0000000000000000 dmg_px=0x0000000000000000 blobs=0x0000000000000000 curs_up=0x0000000000000000 curs_mv=0x0000000000000000 atomic=0x0000000000000000 atest=0x0000000000000000 cplane=0x0000000000000000 evpush=0x000000000000021C bo_dumb=0x0000000000000000 bo_dumbret=0x0000000000000000 bo_blob=0x0000000000000000 bo_bhnd=0x0000000000000000
[EVSTAT] t=0x2c88 dev=0x0 push=0x80 drop=0x0 depth=0x0 reads=0x3 eagain=0x2 deliv=0x10 polls=0x166570 pollin=0x2 ioctls=0x13 enotty=0x0 lastnr=0x0 conspop=0x70 rpid=0x5 ipid=0x5
[EVSTAT] t=0x2c88 dev=0x1 push=0x19c drop=0x0 depth=0x0 reads=0x29 eagain=0x1b deliv=0x19c polls=0x1665d8 pollin=0x2 ioctls=0x15 enotty=0x0 lastnr=0x0 conspop=0x0 rpid=0x5 ipid=0x5
[DRMSTAT] t=0x0000000000002D50 flips_sub=0x0000000000000000 flips_del=0x0000000000000000 dirtyfb=0x0000000000000000 clips=0x0000000000000000 flip_us=0x0000000000000000 dmg_full=0x0000000000000000 dmg_rect=0x0000000000000000 dmg_skip=0x0000000000000000 dmg_px=0x0000000000000000 blobs=0x0000000000000000 curs_up=0x0000000000000000 curs_mv=0x0000000000000000 atomic=0x0000000000000000 atest=0x0000000000000000 cplane=0x0000000000000000 evpush=0x000000000000021C bo_dumb=0x0000000000000000 bo_dumbret=0x0000000000000000 bo_blob=0x0000000000000000 bo_bhnd=0x0000000000000000
[EVSTAT] t=0x2d50 dev=0x0 push=0x80 drop=0x0 depth=0x0 reads=0x3 eagain=0x2 deliv=0x10 polls=0x17ce95 pollin=0x2 ioctls=0x13 enotty=0x0 lastnr=0x0 conspop=0x70 rpid=0x5 ipid=0x5
[EVSTAT] t=0x2d50 dev=0x1 push=0x19c drop=0x0 depth=0x0 reads=0x29 eagain=0x1b deliv=0x19c polls=0x17cef8 pollin=0x2 ioctls=0x15 enotty=0x0 lastnr=0x0 conspop=0x0 rpid=0x5 ipid=0x5
[DRMSTAT] t=0x0000000000002E18 flips_sub=0x0000000000000000 flips_del=0x0000000000000000 dirtyfb=0x0000000000000000 clips=0x0000000000000000 flip_us=0x0000000000000000 dmg_full=0x0000000000000000 dmg_rect=0x0000000000000000 dmg_skip=0x0000000000000000 dmg_px=0x0000000000000000 blobs=0x0000000000000000 curs_up=0x0000000000000000 curs_mv=0x0000000000000000 atomic=0x0000000000000000 atest=0x0000000000000000 cplane=0x0000000000000000 evpush=0x000000000000021C bo_dumb=0x0000000000000000 bo_dumbret=0x0000000000000000 bo_blob=0x0000000000000000 bo_bhnd=0x0000000000000000
[EVSTAT] t=0x2e18 dev=0x0 push=0x80 drop=0x0 depth=0x0 reads=0x3 eagain=0x2 deliv=0x10 polls=0x193351 pollin=0x2 ioctls=0x13 enotty=0x0 lastnr=0x0 conspop=0x70 rpid=0x5 ipid=0x5
[EVSTAT] t=0x2e18 dev=0x1 push=0x19c drop=0x0 depth=0x0 reads=0x29 eagain=0x1b deliv=0x19c polls=0x1933ae pollin=0x2 ioctls=0x15 enotty=0x0 lastnr=0x0 conspop=0x0 rpid=0x5 ipid=0x5
[DRMSTAT] t=0x0000000000002EE0 flips_sub=0x0000000000000000 flips_del=0x0000000000000000 dirtyfb=0x0000000000000000 clips=0x0000000000000000 flip_us=0x0000000000000000 dmg_full=0x0000000000000000 dmg_rect=0x0000000000000000 dmg_skip=0x0000000000000000 dmg_px=0x0000000000000000 blobs=0x0000000000000000 curs_up=0x0000000000000000 curs_mv=0x0000000000000000 atomic=0x0000000000000000 atest=0x0000000000000000 cplane=0x0000000000000000 evpush=0x000000000000021C bo_dumb=0x0000000000000000 bo_dumbret=0x0000000000000000 bo_blob=0x0000000000000000 bo_bhnd=0x0000000000000000
[EVSTAT] t=0x2ee0 dev=0x0 push=0x80 drop=0x0 depth=0x0 reads=0x3 eagain=0x2 deliv=0x10 polls=0x1a9cd8 pollin=0x2 ioctls=0x13 enotty=0x0 lastnr=0x0 conspop=0x70 rpid=0x5 ipid=0x5
[EVSTAT] t=0x2ee0 dev=0x1 push=0x19c drop=0x0 depth=0x0 reads=0x29 eagain=0x1b deliv=0x19c polls=0x1a9d40 pollin=0x2 ioctls=0x15 enotty=0x0 lastnr=0x0 conspop=0x0 rpid=0x5 ipid=0x5
[DRMSTAT] t=0x0000000000002FA8 flips_sub=0x0000000000000000 flips_del=0x0000000000000000 dirtyfb=0x0000000000000000 clips=0x0000000000000000 flip_us=0x0000000000000000 dmg_full=0x0000000000000000 dmg_rect=0x0000000000000000 dmg_skip=0x0000000000000000 dmg_px=0x0000000000000000 blobs=0x0000000000000000 curs_up=0x0000000000000000 curs_mv=0x0000000000000000 atomic=0x0000000000000000 atest=0x0000000000000000 cplane=0x0000000000000000 evpush=0x000000000000021C bo_dumb=0x0000000000000000 bo_dumbret=0x0000000000000000 bo_blob=0x0000000000000000 bo_bhnd=0x0000000000000000
[EVSTAT] t=0x2fa8 dev=0x0 push=0x80 drop=0x0 depth=0x0 reads=0x3 eagain=0x2 deliv=0x10 polls=0x1c02b2 pollin=0x2 ioctls=0x13 enotty=0x0 lastnr=0x0 conspop=0x70 rpid=0x5 ipid=0x5
[EVSTAT] t=0x2fa8 dev=0x1 push=0x19c drop=0x0 depth=0x0 reads=0x29 eagain=0x1b deliv=0x19c polls=0x1c0304 pollin=0x2 ioctls=0x15 enotty=0x0 lastnr=0x0 conspop=0x0 rpid=0x5 ipid=0x5
[DRMSTAT] t=0x0000000000003070 flips_sub=0x0000000000000000 flips_del=0x0000000000000000 dirtyfb=0x0000000000000000 clips=0x0000000000000000 flip_us=0x0000000000000000 dmg_full=0x0000000000000000 dmg_rect=0x0000000000000000 dmg_skip=0x0000000000000000 dmg_px=0x0000000000000000 blobs=0x0000000000000000 curs_up=0x0000000000000000 curs_mv=0x0000000000000000 atomic=0x0000000000000000 atest=0x0000000000000000 cplane=0x0000000000000000 evpush=0x000000000000021C bo_dumb=0x0000000000000000 bo_dumbret=0x0000000000000000 bo_blob=0x0000000000000000 bo_bhnd=0x0000000000000000
[EVSTAT] t=0x3070 dev=0x0 push=0x80 drop=0x0 depth=0x0 reads=0x3 eagain=0x2 deliv=0x10 polls=0x1d6982 pollin=0x2 ioctls=0x13 enotty=0x0 lastnr=0x0 conspop=0x70 rpid=0x5 ipid=0x5
[EVSTAT] t=0x3070 dev=0x1 push=0x19c drop=0x0 depth=0x0 reads=0x29 eagain=0x1b deliv=0x19c polls=0x1d69e9 pollin=0x2 ioctls=0x15 enotty=0x0 lastnr=0x0 conspop=0x0 rpid=0x5 ipid=0x5
[DRMSTAT] t=0x0000000000003138 flips_sub=0x0000000000000000 flips_del=0x0000000000000000 dirtyfb=0x0000000000000000 clips=0x0000000000000000 flip_us=0x0000000000000000 dmg_full=0x0000000000000000 dmg_rect=0x0000000000000000 dmg_skip=0x0000000000000000 dmg_px=0x0000000000000000 blobs=0x0000000000000000 curs_up=0x0000000000000000 curs_mv=0x0000000000000000 atomic=0x0000000000000000 atest=0x0000000000000000 cplane=0x0000000000000000 evpush=0x000000000000021C bo_dumb=0x0000000000000000 bo_dumbret=0x0000000000000000 bo_blob=0x0000000000000000 bo_bhnd=0x0000000000000000
[EVSTAT] t=0x3138 dev=0x0 push=0x80 drop=0x0 depth=0x0 reads=0x3 eagain=0x2 deliv=0x10 polls=0x1ed1c8 pollin=0x2 ioctls=0x13 enotty=0x0 lastnr=0x0 conspop=0x70 rpid=0x5 ipid=0x5
[EVSTAT] t=0x3138 dev=0x1 push=0x19c drop=0x0 depth=0x0 reads=0x29 eagain=0x1b deliv=0x19c polls=0x1ed228 pollin=0x2 ioctls=0x15 enotty=0x0 lastnr=0x0 conspop=0x0 rpid=0x5 ipid=0x5
[DRMSTAT] t=0x0000000000003200 flips_sub=0x0000000000000000 flips_del=0x0000000000000000 dirtyfb=0x0000000000000000 clips=0x0000000000000000 flip_us=0x0000000000000000 dmg_full=0x0000000000000000 dmg_rect=0x0000000000000000 dmg_skip=0x0000000000000000 dmg_px=0x0000000000000000 blobs=0x0000000000000000 curs_up=0x0000000000000000 curs_mv=0x0000000000000000 atomic=0x0000000000000000 atest=0x0000000000000000 cplane=0x0000000000000000 evpush=0x000000000000021C bo_dumb=0x0000000000000000 bo_dumbret=0x0000000000000000 bo_blob=0x0000000000000000 bo_bhnd=0x0000000000000000
[EVSTAT] t=0x3200 dev=0x0 push=0x80 drop=0x0 depth=0x0 reads=0x3 eagain=0x2 deliv=0x10 polls=0x203857 pollin=0x2 ioctls=0x13 enotty=0x0 lastnr=0x0 conspop=0x70 rpid=0x5 ipid=0x5
[EVSTAT] t=0x3200 dev=0x1 push=0x19c drop=0x0 depth=0x0 reads=0x29 eagain=0x1b deliv=0x19c polls=0x2038be pollin=0x2 ioctls=0x15 enotty=0x0 lastnr=0x0 conspop=0x0 rpid=0x5 ipid=0x5
[DRMSTAT] t=0x00000000000032C8 flips_sub=0x0000000000000000 flips_del=0x0000000000000000 dirtyfb=0x0000000000000000 clips=0x0000000000000000 flip_us=0x0000000000000000 dmg_full=0x0000000000000000 dmg_rect=0x0000000000000000 dmg_skip=0x0000000000000000 dmg_px=0x0000000000000000 blobs=0x0000000000000000 curs_up=0x0000000000000000 curs_mv=0x0000000000000000 atomic=0x0000000000000000 atest=0x0000000000000000 cplane=0x0000000000000000 evpush=0x000000000000021C bo_dumb=0x0000000000000000 bo_dumbret=0x0000000000000000 bo_blob=0x0000000000000000 bo_bhnd=0x0000000000000000
[EVSTAT] t=0x32c8 dev=0x0 push=0x80 drop=0x0 depth=0x0 reads=0x3 eagain=0x2 deliv=0x10 polls=0x21a145 pollin=0x2 ioctls=0x13 enotty=0x0 lastnr=0x0 conspop=0x70 rpid=0x5 ipid=0x5
[EVSTAT] t=0x32c8 dev=0x1 push=0x19c drop=0x0 depth=0x0 reads=0x29 eagain=0x1b deliv=0x19c polls=0x21a1ab pollin=0x2 ioctls=0x15 enotty=0x0 lastnr=0x0 conspop=0x0 rpid=0x5 ipid=0x5
[DRMSTAT] t=0x0000000000003390 flips_sub=0x0000000000000000 flips_del=0x0000000000000000 dirtyfb=0x0000000000000000 clips=0x0000000000000000 flip_us=0x0000000000000000 dmg_full=0x0000000000000000 dmg_rect=0x0000000000000000 dmg_skip=0x0000000000000000 dmg_px=0x0000000000000000 blobs=0x0000000000000000 curs_up=0x0000000000000000 curs_mv=0x0000000000000000 atomic=0x0000000000000000 atest=0x0000000000000000 cplane=0x0000000000000000 evpush=0x000000000000021C bo_dumb=0x0000000000000000 bo_dumbret=0x0000000000000000 bo_blob=0x0000000000000000 bo_bhnd=0x0000000000000000
[EVSTAT] t=0x3390 dev=0x0 push=0x80 drop=0x0 depth=0x0 reads=0x3 eagain=0x2 deliv=0x10 polls=0x230989 pollin=0x2 ioctls=0x13 enotty=0x0 lastnr=0x0 conspop=0x70 rpid=0x5 ipid=0x5
[EVSTAT] t=0x3390 dev=0x1 push=0x19c drop=0x0 depth=0x0 reads=0x29 eagain=0x1b deliv=0x19c polls=0x2309f1 pollin=0x2 ioctls=0x15 enotty=0x0 lastnr=0x0 conspop=0x0 rpid=0x5 ipid=0x5
[DRMSTAT] t=0x0000000000003458 flips_sub=0x0000000000000000 flips_del=0x0000000000000000 dirtyfb=0x0000000000000000 clips=0x0000000000000000 flip_us=0x0000000000000000 dmg_full=0x0000000000000000 dmg_rect=0x0000000000000000 dmg_skip=0x0000000000000000 dmg_px=0x0000000000000000 blobs=0x0000000000000000 curs_up=0x0000000000000000 curs_mv=0x0000000000000000 atomic=0x0000000000000000 atest=0x0000000000000000 cplane=0x0000000000000000 evpush=0x000000000000021C bo_dumb=0x0000000000000000 bo_dumbret=0x0000000000000000 bo_blob=0x0000000000000000 bo_bhnd=0x0000000000000000
[EVSTAT] t=0x3458 dev=0x0 push=0x80 drop=0x0 depth=0x0 reads=0x3 eagain=0x2 deliv=0x10 polls=0x2470fe pollin=0x2 ioctls=0x13 enotty=0x0 lastnr=0x0 conspop=0x70 rpid=0x5 ipid=0x5
[EVSTAT] t=0x3458 dev=0x1 push=0x19c drop=0x0 depth=0x0 reads=0x29 eagain=0x1b deliv=0x19c polls=0x24715e pollin=0x2 ioctls=0x15 enotty=0x0 lastnr=0x0 conspop=0x0 rpid=0x5 ipid=0x5
[DRMSTAT] t=0x0000000000003520 flips_sub=0x0000000000000000 flips_del=0x0000000000000000 dirtyfb=0x0000000000000000 clips=0x0000000000000000 flip_us=0x0000000000000000 dmg_full=0x0000000000000000 dmg_rect=0x0000000000000000 dmg_skip=0x0000000000000000 dmg_px=0x0000000000000000 blobs=0x0000000000000000 curs_up=0x0000000000000000 curs_mv=0x0000000000000000 atomic=0x0000000000000000 atest=0x0000000000000000 cplane=0x0000000000000000 evpush=0x000000000000021C bo_dumb=0x0000000000000000 bo_dumbret=0x0000000000000000 bo_blob=0x0000000000000000 bo_bhnd=0x0000000000000000
[EVSTAT] t=0x3520 dev=0x0 push=0x80 drop=0x0 depth=0x0 reads=0x3 eagain=0x2 deliv=0x10 polls=0x25d7ee pollin=0x2 ioctls=0x13 enotty=0x0 lastnr=0x0 conspop=0x70 rpid=0x5 ipid=0x5
[EVSTAT] t=0x3520 dev=0x1 push=0x19c drop=0x0 depth=0x0 reads=0x29 eagain=0x1b deliv=0x19c polls=0x25d864 pollin=0x2 ioctls=0x15 enotty=0x0 lastnr=0x0 conspop=0x0 rpid=0x5 ipid=0x5
[DRMSTAT] t=0x00000000000035E8 flips_sub=0x0000000000000000 flips_del=0x0000000000000000 dirtyfb=0x0000000000000000 clips=0x0000000000000000 flip_us=0x0000000000000000 dmg_full=0x0000000000000000 dmg_rect=0x0000000000000000 dmg_skip=0x0000000000000000 dmg_px=0x0000000000000000 blobs=0x0000000000000000 curs_up=0x0000000000000000 curs_mv=0x0000000000000000 atomic=0x0000000000000000 atest=0x0000000000000000 cplane=0x0000000000000000 evpush=0x000000000000021C bo_dumb=0x0000000000000000 bo_dumbret=0x0000000000000000 bo_blob=0x0000000000000000 bo_bhnd=0x0000000000000000
[EVSTAT] t=0x35e8 dev=0x0 push=0x80 drop=0x0 depth=0x0 reads=0x3 eagain=0x2 deliv=0x10 polls=0x273dad pollin=0x2 ioctls=0x13 enotty=0x0 lastnr=0x0 conspop=0x70 rpid=0x5 ipid=0x5
[EVSTAT] t=0x35e8 dev=0x1 push=0x19c drop=0x0 depth=0x0 reads=0x29 eagain=0x1b deliv=0x19c polls=0x273e15 pollin=0x2 ioctls=0x15 enotty=0x0 lastnr=0x0 conspop=0x0 rpid=0x5 ipid=0x5
[LIP] CENSUS polls=284 poll_ready=1 dispatch_err=0 device_added=2 device_removed=0 motion_abs=62 motion_rel=0 button=0 key=8 other=0
[LIP] END
>>> serial log: /tmp/m13b/serial.log
RC=0
