[DRMSTAT] t=0x0000000000000320 flips_sub=0x0000000000000000 flips_del=0x0000000000000000 dirtyfb=0x0000000000000000 clips=0x0000000000000000 flip_us=0x0000000000000000 dmg_full=0x0000000000000000 dmg_rect=0x0000000000000000 dmg_skip=0x0000000000000000 dmg_px=0x0000000000000000 blobs=0x0000000000000000 curs_up=0x0000000000000000 curs_mv=0x0000000000000000 atomic=0x0000000000000000 atest=0x0000000000000000 cplane=0x0000000000000000 evpush=0x0000000000000016 bo_dumb=0x0000000000000000 bo_dumbret=0x0000000000000000 bo_blob=0x0000000000000000 bo_bhnd=0x0000000000000000
[EVSTAT] t=0x320 dev=0x0 push=0x16 drop=0x0 depth=0x0 reads=0x0 eagain=0x0 deliv=0x0 polls=0x0 pollin=0x0 ioctls=0x0 enotty=0x0 lastnr=0x0 conspop=0x16 rpid=0x0 ipid=0x0
[EVSTAT] t=0x320 dev=0x1 push=0x0 drop=0x0 depth=0x0 reads=0x0 eagain=0x0 deliv=0x0 polls=0x0 pollin=0x0 ioctls=0x0 enotty=0x0 lastnr=0x0 conspop=0x0 rpid=0x0 ipid=0x0
[0m[?25l[48;1H[J[39mbrush-0.5# [38;5;14m[38;5;5m[0m[0mnosuchbinary_xyz4278[?25h
[?2004l[31merror:[39m command not found: nosuchbinary_xyz42
[?2004h[0m[?25l[50;1H[J[39mbrush-0.5# [38;5;14m[38;5;5m[0m[0m78[?25h[0m[?25l[50;1H[J[39mbrush-0.5# [38;5;14m[38;5;5m[0m[0m/bin/m1278[?25h[0m[?25l[50;1H[J[39mbrush-0.5# [38;5;14m[38;5;5m[0m[0m/bin/m12c-input 8 70 seat078[?25h
[?2004l[LIP] BEGIN pid=5 raw_secs=8 li_secs=70 seat=seat0
[LIP] RAW begin fd=3 secs=8 sizeof_input_event=24
[LIP] RAW rec type=3 code=0 value=16383 stamp_us=8860000 clock_us=8860078 skew_us=78
[LIP] RAW rec type=0 code=0 value=0 stamp_us=8860007 clock_us=8860078 skew_us=71
[LIP] RAW rec type=3 code=1 value=16383 stamp_us=8860007 clock_us=8860078 skew_us=71
[LIP] RAW rec type=0 code=0 va[DRlMSuTATe] =t=00x0 00s00t00a00m00p00_3E8u fsli=ps8_su8b=60x00000000000800 00c00l00o fclikps__duels=0x=00800800600000000700800  dsirktyefbw=0_x0u00s00=007000000
0000 cl[ipsL=0Ix0P000]00 0R00A000W00 00r felicp_ ust=0xy00p00e00=003000 0c00o00 ddmeg_f=ul0l= 0xv00a000l00u00e00=0010060 d7mg2_r4ec t=s0xt00a00m00p00_00u00s00=008 d8mg_7sk0ip0=00x0000 00c00l00o00c00k000_ dumgs_px==01x00000000000900900900090  blsobsk=0ex0w000_00u00s00=001001003 cu9rs9_u9p=90x0
0[0000L00I00P00]00 00R cAurWs_ mvr=0ex0c00 00t00y00p000e00=000 a tocmioc=d0xe00=00000 00v00a000l00u0 eat=es0t= 0xs00t00a00m00p00_00u00s00= c8pl8an7e=00x0000000700 0c00l00o00c00 kev_puushs=0=x01000000000000090091709 b9o_ dusmbk=0ex0w00_00u00s00=0010001003 b9o_d9um9br2et=
0x[000L00I00P00]00 00R00A0 Wbo_ blrobe=0cx00 00t00y00p00e00=00300  bco_obhdnde=0=x0100 00v000a00l0u000e00=
[1EV6ST7AT7] 7t= 0xs3et8 adevm=0px0_ puushs=0=x780 8dr7op0=00x0 0de7pth =0cx0l roeacdsk=0x_0 ueasgai=n=10x00 0de0li9v=90x09 p9ol lss=0kx0e pwoll_inu=0sx0= i1oc1tl3s=09x09 e9not2ty
=[0x0 LlaIstPnr]=0 xR0 AconWsp opr=0ex7c0  rptidy=0xp0 eip=id0=0 x0c
[oEVdSTeAT=] 0t= 0xv3ea8 ldevu=0ex1 =pu0sh =0sx1t00a drmopp=0_x0u despt=h=80x8bc7 r0ea0ds0=0x81b  cealgaoin=c0xk19_ duelsiv==01x404 0po0lls9=09x0 9po9lli n=s0xk0 eiowct_lsu=0xs0 =en1ot1ty=30x90 9la9st1nr
=[0x0L cIonPspo]p= 0Rx0A rWpid =r0xe5 icpi d=t0x0y
pe=3 code=0 value=17066 stamp_us=8890000 clock_us=10009999 skew_us=1119999
[LIP] RAW rec type=0 code=0 value=0 stamp_us=8890007 clock_us=10009999 skew_us=1119992
[LIP] RAW rec type=3 code=1 value=17172 stamp_us=8890007 clock_us=10009999 skew_us=1119992
[LIP] RAW rec type=0 code=0 value=0 stamp_us=8890008 clock_us=10009999 skew_us=1119991
[LIP] RAW rec type=3 code=0 value=17407 stamp_us=8910000 clock_us=10009999 skew_us=1099999
[LIP] RAW rec type=0 code=0 value=0 stamp_us=8910007 clock_us=10009999 skew_us=1099992
[LIP] RAW rec type=3 code=1 value=17566 stamp_us=8910008 clock_us=10009999 skew_us=1099991
[LIP] RAW rec type=0 code=0 value=0 stamp_us=8910008 clock_us=10009999 skew_us=1099991
[DRMSTAT] t=0x00000000000004B0 flips_sub=0x0000000000000000 flips_del=0x0000000000000000 dirtyfb=0x0000000000000000 clips=0x0000000000000000 flip_us=0x0000000000000000 dmg_full=0x0000000000000000 dmg_rect=0x0000000000000000 dmg_skip=0x0000000000000000 dmg_px=0x0000000000000000 blobs=0x0000000000000000 curs_up=0x0000000000000000 curs_mv=0x0000000000000000 atomic=0x0000000000000000 atest=0x0000000000000000 cplane=0x0000000000000000 evpush=0x0000000000000190 bo_dumb=0x0000000000000000 bo_dumbret=0x0000000000000000 bo_blob=0x0000000000000000 bo_bhnd=0x0000000000000000
[EVSTAT] t=0x4b0 dev=0x0 push=0x70 drop=0x0 depth=0x0 reads=0x0 eagain=0x0 deliv=0x0 polls=0x0 pollin=0x0 ioctls=0x0 enotty=0x0 lastnr=0x0 conspop=0x70 rpid=0x0 ipid=0x0
[EVSTAT] t=0x4b0 dev=0x1 push=0x120 drop=0x0 depth=0xdc reads=0x1b eagain=0x19 deliv=0x44 polls=0x0 pollin=0x0 ioctls=0x0 enotty=0x0 lastnr=0x0 conspop=0x0 rpid=0x5 ipid=0x0
[LIP] RAW rec type=3 code=0 value=17748 stamp_us=8930000 clock_us=10009999 skew_us=1079999
[DRMSTAT] t=0x0000000000000578 flips_sub=0x0000000000000000 flips_del=0x0000000000000000 dirtyfb=0x0000000000000000 clips=0x0000000000000000 flip_us=0x0000000000000000 dmg_full=0x0000000000000000 dmg_rect=0x0000000000000000 dmg_skip=0x0000000000000000 dmg_px=0x0000000000000000 blobs=0x0000000000000000 curs_up=0x0000000000000000 curs_mv=0x0000000000000000 atomic=0x0000000000000000 atest=0x0000000000000000 cplane=0x0000000000000000 evpush=0x0000000000000190 bo_dumb=0x0000000000000000 bo_dumbret=0x0000000000000000 bo_blob=0x0000000000000000 bo_bhnd=0x0000000000000000
[EVSTAT] t=0x578 dev=0x0 push=0x70 drop=0x0 depth=0x0 reads=0x0 eagain=0x0 deliv=0x0 polls=0x0 pollin=0x0 ioctls=0x0 enotty=0x0 lastnr=0x0 conspop=0x70 rpid=0x0 ipid=0x0
[EVSTAT] t=0x578 dev=0x1 push=0x120 drop=0x0 depth=0xdc reads=0x1b eagain=0x19 deliv=0x44 polls=0x0 pollin=0x0 ioctls=0x0 enotty=0x0 lastnr=0x0 conspop=0x0 rpid=0x5 ipid=0x0
[LIP] RAW rec type=0 code=0 value=0 stamp_us=8930009 clock_us=10009999 skew_us=1079990
[DRMSTAT] t=0x0000000000000640 flips_sub=0x0000000000000000 flips_del=0x0000000000000000 dirtyfb=0x0000000000000000 clips=0x0000000000000000 flip_us=0x0000000000000000 dmg_full=0x0000000000000000 dmg_rect=0x0000000000000000 dmg_skip=0x0000000000000000 dmg_px=0x0000000000000000 blobs=0x0000000000000000 curs_up=0x0000000000000000 curs_mv=0x0000000000000000 atomic=0x0000000000000000 atest=0x0000000000000000 cplane=0x0000000000000000 evpush=0x0000000000000190 bo_dumb=0x0000000000000000 bo_dumbret=0x0000000000000000 bo_blob=0x0000000000000000 bo_bhnd=0x0000000000000000
[EVSTAT] t=0x640 dev=0x0 push=0x70 drop=0x0 depth=0x0 reads=0x0 eagain=0x0 deliv=0x0 polls=0x0 pollin=0x0 ioctls=0x0 enotty=0x0 lastnr=0x0 conspop=0x70 rpid=0x0 ipid=0x0
[EVSTAT] t=0x640 dev=0x1 push=0x120 drop=0x0 depth=0xdc reads=0x1b eagain=0x19 deliv=0x44 polls=0x0 pollin=0x0 ioctls=0x0 enotty=0x0 lastnr=0x0 conspop=0x0 rpid=0x5 ipid=0x0
[LIP] RAW rec type=3 code=1 value=17961 stamp_us=8930010 clock_us=10009999 skew_us=1079989
[DRMSTAT] t=0x0000000000000708 flips_sub=0x0000000000000000 flips_del=0x0000000000000000 dirtyfb=0x0000000000000000 clips=0x0000000000000000 flip_us=0x0000000000000000 dmg_full=0x0000000000000000 dmg_rect=0x0000000000000000 dmg_skip=0x0000000000000000 dmg_px=0x0000000000000000 blobs=0x0000000000000000 curs_up=0x0000000000000000 curs_mv=0x0000000000000000 atomic=0x0000000000000000 atest=0x0000000000000000 cplane=0x0000000000000000 evpush=0x0000000000000190 bo_dumb=0x0000000000000000 bo_dumbret=0x0000000000000000 bo_blob=0x0000000000000000 bo_bhnd=0x0000000000000000
[EVSTAT] t=0x708 dev=0x0 push=0x70 drop=0x0 depth=0x0 reads=0x0 eagain=0x0 deliv=0x0 polls=0x0 pollin=0x0 ioctls=0x0 enotty=0x0 lastnr=0x0 conspop=0x70 rpid=0x0 ipid=0x0
[EVSTAT] t=0x708 dev=0x1 push=0x120 drop=0x0 depth=0xdc reads=0x1b eagain=0x19 deliv=0x44 polls=0x0 pollin=0x0 ioctls=0x0 enotty=0x0 lastnr=0x0 conspop=0x0 rpid=0x5 ipid=0x0
[LIP] RAW rec type=0 code=0 value=0 stamp_us=8930010 clock_us=10009999 skew_us=1079989
[DRMSTAT] t=0x00000000000007D0 flips_sub=0x0000000000000000 flips_del=0x0000000000000000 dirtyfb=0x0000000000000000 clips=0x0000000000000000 flip_us=0x0000000000000000 dmg_full=0x0000000000000000 dmg_rect=0x0000000000000000 dmg_skip=0x0000000000000000 dmg_px=0x0000000000000000 blobs=0x0000000000000000 curs_up=0x0000000000000000 curs_mv=0x0000000000000000 atomic=0x0000000000000000 atest=0x0000000000000000 cplane=0x0000000000000000 evpush=0x0000000000000190 bo_dumb=0x0000000000000000 bo_dumbret=0x0000000000000000 bo_blob=0x0000000000000000 bo_bhnd=0x0000000000000000
[EVSTAT] t=0x7d0 dev=0x0 push=0x70 drop=0x0 depth=0x0 reads=0x0 eagain=0x0 deliv=0x0 polls=0x0 pollin=0x0 ioctls=0x0 enotty=0x0 lastnr=0x0 conspop=0x70 rpid=0x0 ipid=0x0
[EVSTAT] t=0x7d0 dev=0x1 push=0x120 drop=0x0 depth=0xdc reads=0x1b eagain=0x19 deliv=0x44 polls=0x0 pollin=0x0 ioctls=0x0 enotty=0x0 lastnr=0x0 conspop=0x0 rpid=0x5 ipid=0x0
[LIP] RAW rec type=3 code=0 value=18090 stamp_us=8940000 clock_us=10009999 skew_us=1069999
[LIP] RAW rec type=0 code=0 value=0 stamp_us=8940009 clock_us=10009999 skew_us=1069990
[DRMSTAT] t=0x0000000000000898 flips_sub=0x0000000000000000 flips_del=0x0000000000000000 dirtyfb=0x0000000000000000 clips=0x0000000000000000 flip_us=0x0000000000000000 dmg_full=0x0000000000000000 dmg_rect=0x0000000000000000 dmg_skip=0x0000000000000000 dmg_px=0x0000000000000000 blobs=0x0000000000000000 curs_up=0x0000000000000000 curs_mv=0x0000000000000000 atomic=0x0000000000000000 atest=0x0000000000000000 cplane=0x0000000000000000 evpush=0x0000000000000190 bo_dumb=0x0000000000000000 bo_dumbret=0x0000000000000000 bo_blob=0x0000000000000000 bo_bhnd=0x0000000000000000
[EVSTAT] t=0x898 dev=0x0 push=0x70 drop=0x0 depth=0x0 reads=0x0 eagain=0x0 deliv=0x0 polls=0x0 pollin=0x0 ioctls=0x0 enotty=0x0 lastnr=0x0 conspop=0x70 rpid=0x0 ipid=0x0
[EVSTAT] t=0x898 dev=0x1 push=0x120 drop=0x0 depth=0xdc reads=0x1b eagain=0x19 deliv=0x44 polls=0x0 pollin=0x0 ioctls=0x0 enotty=0x0 lastnr=0x0 conspop=0x0 rpid=0x5 ipid=0x0
[LIP] RAW rec type=3 code=1 value=18355 stamp_us=8950000 clock_us=10009999 skew_us=1059999
[DRMSTAT] t=0x0000000000000960 flips_sub=0x0000000000000000 flips_del=0x0000000000000000 dirtyfb=0x0000000000000000 clips=0x0000000000000000 flip_us=0x0000000000000000 dmg_full=0x0000000000000000 dmg_rect=0x0000000000000000 dmg_skip=0x0000000000000000 dmg_px=0x0000000000000000 blobs=0x0000000000000000 curs_up=0x0000000000000000 curs_mv=0x0000000000000000 atomic=0x0000000000000000 atest=0x0000000000000000 cplane=0x0000000000000000 evpush=0x0000000000000190 bo_dumb=0x0000000000000000 bo_dumbret=0x0000000000000000 bo_blob=0x0000000000000000 bo_bhnd=0x0000000000000000
[EVSTAT] t=0x960 dev=0x0 push=0x70 drop=0x0 depth=0x0 reads=0x0 eagain=0x0 deliv=0x0 polls=0x0 pollin=0x0 ioctls=0x0 enotty=0x0 lastnr=0x0 conspop=0x70 rpid=0x0 ipid=0x0
[EVSTAT] t=0x960 dev=0x1 push=0x120 drop=0x0 depth=0xdc reads=0x1b eagain=0x19 deliv=0x44 polls=0x0 pollin=0x0 ioctls=0x0 enotty=0x0 lastnr=0x0 conspop=0x0 rpid=0x5 ipid=0x0
[LIP] RAW rec type=0 code=0 value=0 stamp_us=8950007 clock_us=10009999 skew_us=1059992
[DRMSTAT] t=0x0000000000000A28 flips_sub=0x0000000000000000 flips_del=0x0000000000000000 dirtyfb=0x0000000000000000 clips=0x0000000000000000 flip_us=0x0000000000000000 dmg_full=0x0000000000000000 dmg_rect=0x0000000000000000 dmg_skip=0x0000000000000000 dmg_px=0x0000000000000000 blobs=0x0000000000000000 curs_up=0x0000000000000000 curs_mv=0x0000000000000000 atomic=0x0000000000000000 atest=0x0000000000000000 cplane=0x0000000000000000 evpush=0x0000000000000190 bo_dumb=0x0000000000000000 bo_dumbret=0x0000000000000000 bo_blob=0x0000000000000000 bo_bhnd=0x0000000000000000
[EVSTAT] t=0xa28 dev=0x0 push=0x70 drop=0x0 depth=0x0 reads=0x0 eagain=0x0 deliv=0x0 polls=0x0 pollin=0x0 ioctls=0x0 enotty=0x0 lastnr=0x0 conspop=0x70 rpid=0x0 ipid=0x0
[EVSTAT] t=0xa28 dev=0x1 push=0x120 drop=0x0 depth=0xdc reads=0x1b eagain=0x19 deliv=0x44 polls=0x0 pollin=0x0 ioctls=0x0 enotty=0x0 lastnr=0x0 conspop=0x0 rpid=0x5 ipid=0x0
[LIP] RAW end total=68 syn_report=34 non_monotonic=0 skew_us_min=70 skew_us_max=1139999
[DRMSTAT] t=0x0000000000000AF0 flips_sub=0x0000000000000000 flips_del=0x0000000000000000 dirtyfb=0x0000000000000000 clips=0x0000000000000000 flip_us=0x0000000000000000 dmg_full=0x0000000000000000 dmg_rect=0x0000000000000000 dmg_skip=0x0000000000000000 dmg_px=0x0000000000000000 blobs=0x0000000000000000 curs_up=0x0000000000000000 curs_mv=0x0000000000000000 atomic=0x0000000000000000 atest=0x0000000000000000 cplane=0x0000000000000000 evpush=0x0000000000000190 bo_dumb=0x0000000000000000 bo_dumbret=0x0000000000000000 bo_blob=0x0000000000000000 bo_bhnd=0x0000000000000000
[EVSTAT] t=0xaf0 dev=0x0 push=0x70 drop=0x0 depth=0x0 reads=0x0 eagain=0x0 deliv=0x0 polls=0x0 pollin=0x0 ioctls=0x0 enotty=0x0 lastnr=0x0 conspop=0x70 rpid=0x0 ipid=0x0
[EVSTAT] t=0xaf0 dev=0x1 push=0x120 drop=0x0 depth=0xdc reads=0x1b eagain=0x19 deliv=0x44 polls=0x0 pollin=0x0 ioctls=0x0 enotty=0x0 lastnr=0x0 conspop=0x0 rpid=0x5 ipid=0x0
[LIP] RAW verdict frames=34 events_per_frame=2
[DRMSTAT] t=0x0000000000000BB8 flips_sub=0x0000000000000000 flips_del=0x0000000000000000 dirtyfb=0x0000000000000000 clips=0x0000000000000000 flip_us=0x0000000000000000 dmg_full=0x0000000000000000 dmg_rect=0x0000000000000000 dmg_skip=0x0000000000000000 dmg_px=0x0000000000000000 blobs=0x0000000000000000 curs_up=0x0000000000000000 curs_mv=0x0000000000000000 atomic=0x0000000000000000 atest=0x0000000000000000 cplane=0x0000000000000000 evpush=0x0000000000000190 bo_dumb=0x0000000000000000 bo_dumbret=0x0000000000000000 bo_blob=0x0000000000000000 bo_bhnd=0x0000000000000000
[EVSTAT] t=0xbb8 dev=0x0 push=0x70 drop=0x0 depth=0x0 reads=0x0 eagain=0x0 deliv=0x0 polls=0x0 pollin=0x0 ioctls=0x0 enotty=0x0 lastnr=0x0 conspop=0x70 rpid=0x0 ipid=0x0
[EVSTAT] t=0xbb8 dev=0x1 push=0x120 drop=0x0 depth=0xdc reads=0x1b eagain=0x19 deliv=0x44 polls=0x0 pollin=0x0 ioctls=0x0 enotty=0x0 lastnr=0x0 conspop=0x0 rpid=0x5 ipid=0x0
[LIP] udev_new -> 0x300bb960
[DRMSTAT] t=0x0000000000000C80 flips_sub=0x0000000000000000 flips_del=0x0000000000000000 dirtyfb=0x0000000000000000 clips=0x0000000000000000 flip_us=0x0000000000000000 dmg_full=0x0000000000000000 dmg_rect=0x0000000000000000 dmg_skip=0x0000000000000000 dmg_px=0x0000000000000000 blobs=0x0000000000000000 curs_up=0x0000000000000000 curs_mv=0x0000000000000000 atomic=0x0000000000000000 atest=0x0000000000000000 cplane=0x0000000000000000 evpush=0x0000000000000190 bo_dumb=0x0000000000000000 bo_dumbret=0x0000000000000000 bo_blob=0x0000000000000000 bo_bhnd=0x0000000000000000
[EVSTAT] t=0xc80 dev=0x0 push=0x70 drop=0x0 depth=0x0 reads=0x0 eagain=0x0 deliv=0x0 polls=0x0 pollin=0x0 ioctls=0x0 enotty=0x0 lastnr=0x0 conspop=0x70 rpid=0x0 ipid=0x0
[EVSTAT] t=0xc80 dev=0x1 push=0x120 drop=0x0 depth=0xdc reads=0x1b eagain=0x19 deliv=0x44 polls=0x0 pollin=0x0 ioctls=0x0 enotty=0x0 lastnr=0x0 conspop=0x0 rpid=0x5 ipid=0x0
[LIP] libinput_udev_create_context -> 0x403c39e0
[LIP] log priority set to DEBUG
[DRMSTAT] t=0x0000000000000D48 flips_sub=0x0000000000000000 flips_del=0x0000000000000000 dirtyfb=0x0000000000000000 clips=0x0000000000000000 flip_us=0x0000000000000000 dmg_full=0x0000000000000000 dmg_rect=0x0000000000000000 dmg_skip=0x0000000000000000 dmg_px=0x0000000000000000 blobs=0x0000000000000000 curs_up=0x0000000000000000 curs_mv=0x0000000000000000 atomic=0x0000000000000000 atest=0x0000000000000000 cplane=0x0000000000000000 evpush=0x0000000000000190 bo_dumb=0x0000000000000000 bo_dumbret=0x0000000000000000 bo_blob=0x0000000000000000 bo_bhnd=0x0000000000000000
[EVSTAT] t=0xd48 dev=0x0 push=0x70 drop=0x0 depth=0x0 reads=0x0 eagain=0x0 deliv=0x0 polls=0x0 pollin=0x0 ioctls=0x0 enotty=0x0 lastnr=0x0 conspop=0x70 rpid=0x0 ipid=0x0
[EVSTAT] t=0xd48 dev=0x1 push=0x120 drop=0x0 depth=0xdc reads=0x1b eagain=0x19 deliv=0x44 polls=0x0 pollin=0x0 ioctls=0x0 enotty=0x0 lastnr=0x0 conspop=0x0 rpid=0x5 ipid=0x0
[LIP] open_restricted path=/dev/input/event0 flags=0x80802 -> fd=4
[DRMSTAT] t=0x0000000000000E10 flips_sub=0x0000000000000000 flips_del=0x0000000000000000 dirtyfb=0x0000000000000000 clips=0x0000000000000000 flip_us=0x0000000000000000 dmg_full=0x0000000000000000 dmg_rect=0x0000000000000000 dmg_skip=0x0000000000000000 dmg_px=0x0000000000000000 blobs=0x0000000000000000 curs_up=0x0000000000000000 curs_mv=0x0000000000000000 atomic=0x0000000000000000 atest=0x0000000000000000 cplane=0x0000000000000000 evpush=0x0000000000000190 bo_dumb=0x0000000000000000 bo_dumbret=0x0000000000000000 bo_blob=0x0000000000000000 bo_bhnd=0x0000000000000000
[EVSTAT] t=0xe10 dev=0x0 push=0x70 drop=0x0 depth=0x0 reads=0x0 eagain=0x0 deliv=0x0 polls=0x0 pollin=0x0 ioctls=0x0 enotty=0x0 lastnr=0x0 conspop=0x70 rpid=0x0 ipid=0x0
[EVSTAT] t=0xe10 dev=0x1 push=0x120 drop=0x0 depth=0xdc reads=0x1b eagain=0x19 deliv=0x44 polls=0x0 pollin=0x0 ioctls=0x0 enotty=0x0 lastnr=0x0 conspop=0x0 rpid=0x5 ipid=0x0
[LIP] libinput info: event0  - QEMU Virtio Keyboard: is tagged by udev as: Keyboard
[DRMSTAT] t=0x0000000000000ED8 flips_sub=0x0000000000000000 flips_del=0x0000000000000000 dirtyfb=0x0000000000000000 clips=0x0000000000000000 flip_us=0x0000000000000000 dmg_full=0x0000000000000000 dmg_rect=0x0000000000000000 dmg_skip=0x0000000000000000 dmg_px=0x0000000000000000 blobs=0x0000000000000000 curs_up=0x0000000000000000 curs_mv=0x0000000000000000 atomic=0x0000000000000000 atest=0x0000000000000000 cplane=0x0000000000000000 evpush=0x0000000000000190 bo_dumb=0x0000000000000000 bo_dumbret=0x0000000000000000 bo_blob=0x0000000000000000 bo_bhnd=0x0000000000000000
[EVSTAT] t=0xed8 dev=0x0 push=0x70 drop=0x0 depth=0x0 reads=0x1 eagain=0x1 deliv=0x0 polls=0x0 pollin=0x0 ioctls=0x13 enotty=0x0 lastnr=0x0 conspop=0x70 rpid=0x5 ipid=0x5
[EVSTAT] t=0xed8 dev=0x1 push=0x120 drop=0x0 depth=0xdc reads=0x1b eagain=0x19 deliv=0x44 polls=0x0 pollin=0x0 ioctls=0x0 enotty=0x0 lastnr=0x0 conspop=0x0 rpid=0x5 ipid=0x0
[LIP] libinput info: event0  - QEMU Virtio Keyboard: device is a keyboard
[DRMSTAT] t=0x0000000000000FA0 flips_sub=0x0000000000000000 flips_del=0x0000000000000000 dirtyfb=0x0000000000000000 clips=0x0000000000000000 flip_us=0x0000000000000000 dmg_full=0x0000000000000000 dmg_rect=0x0000000000000000 dmg_skip=0x0000000000000000 dmg_px=0x0000000000000000 blobs=0x0000000000000000 curs_up=0x0000000000000000 curs_mv=0x0000000000000000 atomic=0x0000000000000000 atest=0x0000000000000000 cplane=0x0000000000000000 evpush=0x0000000000000190 bo_dumb=0x0000000000000000 bo_dumbret=0x0000000000000000 bo_blob=0x0000000000000000 bo_bhnd=0x0000000000000000
[EVSTAT] t=0xfa0 dev=0x0 push=0x70 drop=0x0 depth=0x0 reads=0x1 eagain=0x1 deliv=0x0 polls=0x0 pollin=0x0 ioctls=0x13 enotty=0x0 lastnr=0x0 conspop=0x70 rpid=0x5 ipid=0x5
[EVSTAT] t=0xfa0 dev=0x1 push=0x120 drop=0x0 depth=0xdc reads=0x1b eagain=0x19 deliv=0x44 polls=0x0 pollin=0x0 ioctls=0x0 enotty=0x0 lastnr=0x0 conspop=0x0 rpid=0x5 ipid=0x0
[LIP] open_restricted path=/dev/input/event1 flags=0x80802 -> fd=5
[DRMSTAT] t=0x0000000000001068 flips_sub=0x0000000000000000 flips_del=0x0000000000000000 dirtyfb=0x0000000000000000 clips=0x0000000000000000 flip_us=0x0000000000000000 dmg_full=0x0000000000000000 dmg_rect=0x0000000000000000 dmg_skip=0x0000000000000000 dmg_px=0x0000000000000000 blobs=0x0000000000000000 curs_up=0x0000000000000000 curs_mv=0x0000000000000000 atomic=0x0000000000000000 atest=0x0000000000000000 cplane=0x0000000000000000 evpush=0x0000000000000190 bo_dumb=0x0000000000000000 bo_dumbret=0x0000000000000000 bo_blob=0x0000000000000000 bo_bhnd=0x0000000000000000
[EVSTAT] t=0x1068 dev=0x0 push=0x70 drop=0x0 depth=0x0 reads=0x1 eagain=0x1 deliv=0x0 polls=0x0 pollin=0x0 ioctls=0x13 enotty=0x0 lastnr=0x0 conspop=0x70 rpid=0x5 ipid=0x5
[EVSTAT] t=0x1068 dev=0x1 push=0x120 drop=0x0 depth=0xdc reads=0x1b eagain=0x19 deliv=0x44 polls=0x0 pollin=0x0 ioctls=0x0 enotty=0x0 lastnr=0x0 conspop=0x0 rpid=0x5 ipid=0x0
[LIP] libinput info: event1  - QEMU Virtio Tablet: is tagged by udev as: Mouse
[LIP] libinput info: event1  - QEMU Virtio Tablet: device is a pointer
[DRMSTAT] t=0x0000000000001130 flips_sub=0x0000000000000000 flips_del=0x0000000000000000 dirtyfb=0x0000000000000000 clips=0x0000000000000000 flip_us=0x0000000000000000 dmg_full=0x0000000000000000 dmg_rect=0x0000000000000000 dmg_skip=0x0000000000000000 dmg_px=0x0000000000000000 blobs=0x0000000000000000 curs_up=0x0000000000000000 curs_mv=0x0000000000000000 atomic=0x0000000000000000 atest=0x0000000000000000 cplane=0x0000000000000000 evpush=0x0000000000000190 bo_dumb=0x0000000000000000 bo_dumbret=0x0000000000000000 bo_blob=0x0000000000000000 bo_bhnd=0x0000000000000000
[EVSTAT] t=0x1130 dev=0x0 push=0x70 drop=0x0 depth=0x0 reads=0x1 eagain=0x1 deliv=0x0 polls=0x0 pollin=0x0 ioctls=0x13 enotty=0x0 lastnr=0x0 conspop=0x70 rpid=0x5 ipid=0x5
[EVSTAT] t=0x1130 dev=0x1 push=0x120 drop=0x0 depth=0x0 reads=0x25 eagain=0x19 deliv=0x120 polls=0x0 pollin=0x0 ioctls=0x15 enotty=0x0 lastnr=0x0 conspop=0x0 rpid=0x5 ipid=0x5
[LIP] libinput_udev_assign_seat(seat0) -> rc=0
[DRMSTAT] t=0x00000000000011F8 flips_sub=0x0000000000000000 flips_del=0x0000000000000000 dirtyfb=0x0000000000000000 clips=0x0000000000000000 flip_us=0x0000000000000000 dmg_full=0x0000000000000000 dmg_rect=0x0000000000000000 dmg_skip=0x0000000000000000 dmg_px=0x0000000000000000 blobs=0x0000000000000000 curs_up=0x0000000000000000 curs_mv=0x0000000000000000 atomic=0x0000000000000000 atest=0x0000000000000000 cplane=0x0000000000000000 evpush=0x0000000000000190 bo_dumb=0x0000000000000000 bo_dumbret=0x0000000000000000 bo_blob=0x0000000000000000 bo_bhnd=0x0000000000000000
[EVSTAT] t=0x11f8 dev=0x0 push=0x70 drop=0x0 depth=0x0 reads=0x1 eagain=0x1 deliv=0x0 polls=0x0 pollin=0x0 ioctls=0x13 enotty=0x0 lastnr=0x0 conspop=0x70 rpid=0x5 ipid=0x5
[EVSTAT] t=0x11f8 dev=0x1 push=0x120 drop=0x0 depth=0x0 reads=0x25 eagain=0x19 deliv=0x120 polls=0x0 pollin=0x0 ioctls=0x15 enotty=0x0 lastnr=0x0 conspop=0x0 rpid=0x5 ipid=0x5
[LIP] libinput_get_fd -> 1027
[DRMSTAT] t=0x00000000000012C0 flips_sub=0x0000000000000000 flips_del=0x0000000000000000 dirtyfb=0x0000000000000000 clips=0x0000000000000000 flip_us=0x0000000000000000 dmg_full=0x0000000000000000 dmg_rect=0x0000000000000000 dmg_skip=0x0000000000000000 dmg_px=0x0000000000000000 bl[obsL=0Ix0P00]00 00i00n00i00t00i0 aculrs _udp=i0xs00p00a00t00c00h00 00r00c c=ur0s_
mv=0x0000000000000000 atomic=0x0000000000000000 atest=0x0000000000000000 cplane=0x0000000000000000 evpush=0x00000000000001EC bo_dumb=0x0000000000000000 bo_dumbret=0x0000000000000000 bo_blob=0x0000000000000000 bo_bhnd=0x0000000000000000
[EVSTAT] t=0x12c0 dev=0x0 push=0x70 drop=0x0 depth=0x0 reads=0x1 eagain=0x1 deliv=0x0 polls=0x1 pollin=0x0 ioctls=0x13 enotty=0x0 lastnr=0x0 conspop=0x70 rpid=0x5 ipid=0x5
[EVSTAT] t=0x12c0 dev=0x1 push=0x17c drop=0x0 depth=0x0 reads=0x27 eagain=0x1a deliv=0x17c polls=0x1 pollin=0x1 ioctls=0x15 enotty=0x0 lastnr=0x0 conspop=0x0 rpid=0x5 ipid=0x5
[LIP] EVENT DEVICE_ADDED sysname=event0 name="QEMU Virtio Keyboard" cap_kbd=1 cap_ptr=0 cap_touch=0 cap_tabtool=0
[DRMSTAT] t=0x0000000000001388 flips_sub=0x0000000000000000 flips_del=0x0000000000000000 dirtyfb=0x0000000000000000 clips=0x0000000000000000 flip_us=0x0000000000000000 dmg_full=0x0000000000000000 dmg_rect=0x0000000000000000 dmg_skip=0x0000000000000000 dmg_px=0x0000000000000000 blobs=0x0000000000000000 curs_up=0x0000000000000000 curs_mv=0x0000000000000000 atomic=0x0000000000000000 atest=0x0000000000000000 cplane=0x0000000000000000 evpush=0x000000000000021C bo_dumb=0x0000000000000000 bo_dumbret=0x0000000000000000 bo_blob=0x0000000000000000 bo_bhnd=0x0000000000000000
[EVSTAT] t=0x1388 dev=0x0 push=0x80 drop=0x0 depth=0x10 reads=0x1 eagain=0x1 deliv=0x0 polls=0x1 pollin=0x0 ioctls=0x13 enotty=0x0 lastnr=0x0 conspop=0x70 rpid=0x5 ipid=0x5
[EVSTAT] t=0x1388 dev=0x1 push=0x19c drop=0x0 depth=0x20 reads=0x27 eagain=0x1a deliv=0x17c polls=0x1 pollin=0x1 ioctls=0x15 enotty=0x0 lastnr=0x0 conspop=0x0 rpid=0x5 ipid=0x5
[LIP] EVENT DEVICE_ADDED sysname=event1 name="QEMU Virtio Tablet" cap_kbd=0 cap_ptr=1 cap_touch=0 cap_tabtool=0
[DRMSTAT] t=0x0000000000001450 flips_sub=0x0000000000000000 flips_del=0x0000000000000000 dirtyfb=0x0000000000000000 clips=0x0000000000000000 flip_us=0x0000000000000000 dmg_full=0x0000000000000000 dmg_rect=0x0000000000000000 dmg_skip=0x0000000000000000 dmg_px=0x0000000000000000 blobs=0x0000000000000000 curs_up=0x0000000000000000 curs_mv=0x0000000000000000 atomic=0x0000000000000000 atest=0x0000000000000000 cplane=0x0000000000000000 evpush=0x000000000000021C bo_dumb=0x0000000000000000 bo_dumbret=0x0000000000000000 bo_blob=0x0000000000000000 bo_bhnd=0x0000000000000000
[EVSTAT] t=0x1450 dev=0x0 push=0x80 drop=0x0 depth=0x10 reads=0x1 eagain=0x1 deliv=0x0 polls=0x1 pollin=0x0 ioctls=0x13 enotty=0x0 lastnr=0x0 conspop=0x70 rpid=0x5 ipid=0x5
[EVSTAT] t=0x1450 dev=0x1 push=0x19c drop=0x0 depth=0x20 reads=0x27 eagain=0x1a deliv=0x17c polls=0x1 pollin=0x1 ioctls=0x15 enotty=0x0 lastnr=0x0 conspop=0x0 rpid=0x5 ipid=0x5
[LIP] EVENT POINTER_MOTION_ABSOLUTE abs_x=16383.0 abs_y=0.0 t_us=47620007 clock_us=53220100
[DRMSTAT] t=0x0000000000001518 flips_sub=0x0000000000000000 flips_del=0x0000000000000000 dirtyfb=0x0000000000000000 clips=0x0000000000000000 flip_us=0x0000000000000000 dmg_full=0x0000000000000000 dmg_rect=0x0000000000000000 dmg_skip=0x0000000000000000 dmg_px=0x0000000000000000 blobs=0x0000000000000000 curs_up=0x0000000000000000 curs_mv=0x0000000000000000 atomic=0x0000000000000000 atest=0x0000000000000000 cplane=0x0000000000000000 evpush=0x000000000000021C bo_dumb=0x0000000000000000 bo_dumbret=0x0000000000000000 bo_blob=0x0000000000000000 bo_bhnd=0x0000000000000000
[EVSTAT] t=0x1518 dev=0x0 push=0x80 drop=0x0 depth=0x10 reads=0x1 eagain=0x1 deliv=0x0 polls=0x1 pollin=0x0 ioctls=0x13 enotty=0x0 lastnr=0x0 conspop=0x70 rpid=0x5 ipid=0x5
[EVSTAT] t=0x1518 dev=0x1 push=0x19c drop=0x0 depth=0x20 reads=0x27 eagain=0x1a deliv=0x17c polls=0x1 pollin=0x1 ioctls=0x15 enotty=0x0 lastnr=0x0 conspop=0x0 rpid=0x5 ipid=0x5
[LIP] EVENT POINTER_MOTION_ABSOLUTE abs_x=16383.0 abs_y=16383.0 t_us=47620008 clock_us=54915576
[DRMSTAT] t=0x00000000000015E0 flips_sub=0x0000000000000000 flips_del=0x0000000000000000 dirtyfb=0x0000000000000000 clips=0x0000000000000000 flip_us=0x0000000000000000 dmg_full=0x0000000000000000 dmg_rect=0x0000000000000000 dmg_skip=0x0000000000000000 dmg_px=0x0000000000000000 blobs=0x0000000000000000 curs_up=0x0000000000000000 curs_mv=0x0000000000000000 atomic=0x0000000000000000 atest=0x0000000000000000 cplane=0x0000000000000000 evpush=0x000000000000021C bo_dumb=0x0000000000000000 bo_dumbret=0x0000000000000000 bo_blob=0x0000000000000000 bo_bhnd=0x0000000000000000
[EVSTAT] t=0x15e0 dev=0x0 push=0x80 drop=0x0 depth=0x10 reads=0x1 eagain=0x1 deliv=0x0 polls=0x1 pollin=0x0 ioctls=0x13 enotty=0x0 lastnr=0x0 conspop=0x70 rpid=0x5 ipid=0x5
[EVSTAT] t=0x15e0 dev=0x1 push=0x19c drop=0x0 depth=0x20 reads=0x27 eagain=0x1a deliv=0x17c polls=0x1 pollin=0x1 ioctls=0x15 enotty=0x0 lastnr=0x0 conspop=0x0 rpid=0x5 ipid=0x5
[LIP] EVENT POINTER_MOTION_ABSOLUTE abs_x=16724.0 abs_y=16383.0 t_us=47630007 clock_us=56613834
[DRMSTAT] t=0x00000000000016A8 flips_sub=0x0000000000000000 flips_del=0x0000000000000000 dirtyfb=0x0000000000000000 clips=0x0000000000000000 flip_us=0x0000000000000000 dmg_full=0x0000000000000000 dmg_rect=0x0000000000000000 dmg_skip=0x0000000000000000 dmg_px=0x0000000000000000 blobs=0x0000000000000000 curs_up=0x0000000000000000 curs_mv=0x0000000000000000 atomic=0x0000000000000000 atest=0x0000000000000000 cplane=0x0000000000000000 evpush=0x000000000000021C bo_dumb=0x0000000000000000 bo_dumbret=0x0000000000000000 bo_blob=0x0000000000000000 bo_bhnd=0x0000000000000000
[EVSTAT] t=0x16a8 dev=0x0 push=0x80 drop=0x0 depth=0x10 reads=0x1 eagain=0x1 deliv=0x0 polls=0x1 pollin=0x0 ioctls=0x13 enotty=0x0 lastnr=0x0 conspop=0x70 rpid=0x5 ipid=0x5
[EVSTAT] t=0x16a8 dev=0x1 push=0x19c drop=0x0 depth=0x20 reads=0x27 eagain=0x1a deliv=0x17c polls=0x1 pollin=0x1 ioctls=0x15 enotty=0x0 lastnr=0x0 conspop=0x0 rpid=0x5 ipid=0x5
[LIP] EVENT POINTER_MOTION_ABSOLUTE abs_x=16724.0 abs_y=16777.0 t_us=47630008 clock_us=58318004
[DRMSTAT] t=0x0000000000001770 flips_sub=0x0000000000000000 flips_del=0x0000000000000000 dirtyfb=0x0000000000000000 clips=0x0000000000000000 flip_us=0x0000000000000000 dmg_full=0x0000000000000000 dmg_rect=0x0000000000000000 dmg_skip=0x0000000000000000 dmg_px=0x0000000000000000 blobs=0x0000000000000000 curs_up=0x0000000000000000 curs_mv=0x0000000000000000 atomic=0x0000000000000000 atest=0x0000000000000000 cplane=0x0000000000000000 evpush=0x000000000000021C bo_dumb=0x0000000000000000 bo_dumbret=0x0000000000000000 bo_blob=0x0000000000000000 bo_bhnd=0x0000000000000000
[EVSTAT] t=0x1770 dev=0x0 push=0x80 drop=0x0 depth=0x10 reads=0x1 eagain=0x1 deliv=0x0 polls=0x1 pollin=0x0 ioctls=0x13 enotty=0x0 lastnr=0x0 conspop=0x70 rpid=0x5 ipid=0x5
[EVSTAT] t=0x1770 dev=0x1 push=0x19c drop=0x0 depth=0x20 reads=0x27 eagain=0x1a deliv=0x17c polls=0x1 pollin=0x1 ioctls=0x15 enotty=0x0 lastnr=0x0 conspop=0x0 rpid=0x5 ipid=0x5
[LIP] EVENT POINTER_MOTION_ABSOLUTE abs_x=17066.0 abs_y=16777.0 t_us=47650007 clock_us=60016220
[LIP] EVENT POINTER_MOTION_ABSOLUTE abs_x=17066.0 abs_y=17172.0 t_us=47650008 clock_us=61718631
[DRMSTAT] t=0x0000000000001838 flips_sub=0x0000000000000000 flips_del=0x0000000000000000 dirtyfb=0x0000000000000000 clips=0x0000000000000000 flip_us=0x0000000000000000 dmg_full=0x0000000000000000 dmg_rect=0x0000000000000000 dmg_skip=0x0000000000000000 dmg_px=0x0000000000000000 blobs=0x0000000000000000 curs_up=0x0000000000000000 curs_mv=0x0000000000000000 atomic=0x0000000000000000 atest=0x0000000000000000 cplane=0x0000000000000000 evpush=0x000000000000021C bo_dumb=0x0000000000000000 bo_dumbret=0x0000000000000000 bo_blob=0x0000000000000000 bo_bhnd=0x0000000000000000
[EVSTAT] t=0x1838 dev=0x0 push=0x80 drop=0x0 depth=0x10 reads=0x1 eagain=0x1 deliv=0x0 polls=0x1 pollin=0x0 ioctls=0x13 enotty=0x0 lastnr=0x0 conspop=0x70 rpid=0x5 ipid=0x5
[EVSTAT] t=0x1838 dev=0x1 push=0x19c drop=0x0 depth=0x20 reads=0x27 eagain=0x1a deliv=0x17c polls=0x1 pollin=0x1 ioctls=0x15 enotty=0x0 lastnr=0x0 conspop=0x0 rpid=0x5 ipid=0x5
[LIP] EVENT POINTER_MOTION_ABSOLUTE abs_x=17407.0 abs_y=17172.0 t_us=47670013 clock_us=63418539
[DRMSTAT] t=0x0000000000001900 flips_sub=0x0000000000000000 flips_del=0x0000000000000000 dirtyfb=0x0000000000000000 clips=0x0000000000000000 flip_us=0x0000000000000000 dmg_full=0x0000000000000000 dmg_rect=0x0000000000000000 dmg_skip=0x0000000000000000 dmg_px=0x0000000000000000 blobs=0x0000000000000000 curs_up=0x0000000000000000 curs_mv=0x0000000000000000 atomic=0x0000000000000000 atest=0x0000000000000000 cplane=0x0000000000000000 evpush=0x000000000000021C bo_dumb=0x0000000000000000 bo_dumbret=0x0000000000000000 bo_blob=0x0000000000000000 bo_bhnd=0x0000000000000000
[EVSTAT] t=0x1900 dev=0x0 push=0x80 drop=0x0 depth=0x10 reads=0x1 eagain=0x1 deliv=0x0 polls=0x1 pollin=0x0 ioctls=0x13 enotty=0x0 lastnr=0x0 conspop=0x70 rpid=0x5 ipid=0x5
[EVSTAT] t=0x1900 dev=0x1 push=0x19c drop=0x0 depth=0x20 reads=0x27 eagain=0x1a deliv=0x17c polls=0x1 pollin=0x1 ioctls=0x15 enotty=0x0 lastnr=0x0 conspop=0x0 rpid=0x5 ipid=0x5
[LIP] EVENT POINTER_MOTION_ABSOLUTE abs_x=17407.0 abs_y=17566.0 t_us=47670014 clock_us=65105421
[DRMSTAT] t=0x00000000000019C8 flips_sub=0x0000000000000000 flips_del=0x0000000000000000 dirtyfb=0x0000000000000000 clips=0x0000000000000000 flip_us=0x0000000000000000 dmg_full=0x0000000000000000 dmg_rect=0x0000000000000000 dmg_skip=0x0000000000000000 dmg_px=0x0000000000000000 blobs=0x0000000000000000 curs_up=0x0000000000000000 curs_mv=0x0000000000000000 atomic=0x0000000000000000 atest=0x0000000000000000 cplane=0x0000000000000000 evpush=0x000000000000021C bo_dumb=0x0000000000000000 bo_dumbret=0x0000000000000000 bo_blob=0x0000000000000000 bo_bhnd=0x0000000000000000
[EVSTAT] t=0x19c8 dev=0x0 push=0x80 drop=0x0 depth=0x10 reads=0x1 eagain=0x1 deliv=0x0 polls=0x1 pollin=0x0 ioctls=0x13 enotty=0x0 lastnr=0x0 conspop=0x70 rpid=0x5 ipid=0x5
[EVSTAT] t=0x19c8 dev=0x1 push=0x19c drop=0x0 depth=0x20 reads=0x27 eagain=0x1a deliv=0x17c polls=0x1 pollin=0x1 ioctls=0x15 enotty=0x0 lastnr=0x0 conspop=0x0 rpid=0x5 ipid=0x5
[LIP] after assign_seat: device_added=2 device_removed=0
[DRMSTAT] t=0x0000000000001A90 flips_sub=0x0000000000000000 flips_del=0x0000000000000000 dirtyfb=0x0000000000000000 clips=0x0000000000000000 flip_us=0x0000000000000000 dmg_full=0x0000000000000000 dmg_rect=0x0000000000000000 dmg_skip=0x0000000000000000 dmg_px=0x0000000000000000 blobs=0x0000000000000000 curs_up=0x0000000000000000 curs_mv=0x0000000000000000 atomic=0x0000000000000000 atest=0x0000000000000000 cplane=0x0000000000000000 evpush=0x000000000000021C bo_dumb=0x0000000000000000 bo_dumbret=0x0000000000000000 bo_blob=0x0000000000000000 bo_bhnd=0x0000000000000000
[EVSTAT] t=0x1a90 dev=0x0 push=0x80 drop=0x0 depth=0x10 reads=0x1 eagain=0x1 deliv=0x0 polls=0x1 pollin=0x0 ioctls=0x13 enotty=0x0 lastnr=0x0 conspop=0x70 rpid=0x5 ipid=0x5
[EVSTAT] t=0x1a90 dev=0x1 push=0x19c drop=0x0 depth=0x20 reads=0x27 eagain=0x1a deliv=0x17c polls=0x1 pollin=0x1 ioctls=0x15 enotty=0x0 lastnr=0x0 conspop=0x0 rpid=0x5 ipid=0x5
[LIP] EVENT KEYBOARD_KEY key=125 state=1
[DRMSTAT] t=0x0000000000001B58 flips_sub=0x0000000000000000 flips_del=0x0000000000000000 dirtyfb=0x0000000000000000 clips=0x0000000000000000 flip_us=0x0000000000000000 dmg_full=0x0000000000000000 dmg_rect=0x0000000000000000 dmg_skip=0x0000000000000000 dmg_px=0x0000000000000000 blobs=0x0000000000000000 curs_up=0x0000000000000000 curs_mv=0x0000000000000000 atomic=0x0000000000000000 atest=0x0000000000000000 cplane=0x0000000000000000 evpush=0x000000000000021C bo_dumb=0x0000000000000000 bo_dumbret=0x0000000000000000 bo_blob=0x0000000000000000 bo_bhnd=0x0000000000000000
[EVSTAT] t=0x1b58 dev=0x0 push=0x80 drop=0x0 depth=0x0 reads=0x3 eagain=0x2 deliv=0x10 polls=0x3 pollin=0x2 ioctls=0x13 enotty=0x0 lastnr=0x0 conspop=0x70 rpid=0x5 ipid=0x5
[EVSTAT] t=0x1b58 dev=0x1 push=0x19c drop=0x0 depth=0x0 reads=0x29 eagain=0x1b deliv=0x19c polls=0x2 pollin=0x2 ioctls=0x15 enotty=0x0 lastnr=0x0 conspop=0x0 rpid=0x5 ipid=0x5
[LIP] EVENT KEYBOARD_KEY key=125 state=0
[LIP] EVENT KEYBOARD_KEY key=30 state=1
[DRMSTAT] t=0x0000000000001C20 flips_sub=0x0000000000000000 flips_del=0x0000000000000000 dirtyfb=0x0000000000000000 clips=0x0000000000000000 flip_us=0x0000000000000000 dmg_full=0x0000000000000000 dmg_rect=0x0000000000000000 dmg_skip=0x0000000000000000 dmg_px=0x0000000000000000 blobs=0x0000000000000000 curs_up=0x0000000000000000 curs_mv=0x0000000000000000 atomic=0x0000000000000000 atest=0x0000000000000000 cplane=0x0000000000000000 evpush=0x000000000000021C bo_dumb=0x0000000000000000 bo_dumbret=0x0000000000000000 bo_blob=0x0000000000000000 bo_bhnd=0x0000000000000000
[EVSTAT] t=0x1c20 dev=0x0 push=0x80 drop=0x0 depth=0x0 reads=0x3 eagain=0x2 deliv=0x10 polls=0x3 pollin=0x2 ioctls=0x13 enotty=0x0 lastnr=0x0 conspop=0x70 rpid=0x5 ipid=0x5
[EVSTAT] t=0x1c20 dev=0x1 push=0x19c drop=0x0 depth=0x0 reads=0x29 eagain=0x1b deliv=0x19c polls=0x2 pollin=0x2 ioctls=0x15 enotty=0x0 lastnr=0x0 conspop=0x0 rpid=0x5 ipid=0x5
[LIP] EVENT KEYBOARD_KEY key=30 state=0
[DRMSTAT] t=0x0000000000001CE8 flips_sub=0x0000000000000000 flips_del=0x0000000000000000 dirtyfb=0x0000000000000000 clips=0x0000000000000000 flip_us=0x0000000000000000 dmg_full=0x0000000000000000 dmg_rect=0x0000000000000000 dmg_skip=0x0000000000000000 dmg_px=0x0000000000000000 blobs=0x0000000000000000 curs_up=0x0000000000000000 curs_mv=0x0000000000000000 atomic=0x0000000000000000 atest=0x0000000000000000 cplane=0x0000000000000000 evpush=0x000000000000021C bo_dumb=0x0000000000000000 bo_dumbret=0x0000000000000000 bo_blob=0x0000000000000000 bo_bhnd=0x0000000000000000
[EVSTAT] t=0x1ce8 dev=0x0 push=0x80 drop=0x0 depth=0x0 reads=0x3 eagain=0x2 deliv=0x10 polls=0x3 pollin=0x2 ioctls=0x13 enotty=0x0 lastnr=0x0 conspop=0x70 rpid=0x5 ipid=0x5
[EVSTAT] t=0x1ce8 dev=0x1 push=0x19c drop=0x0 depth=0x0 reads=0x29 eagain=0x1b deliv=0x19c polls=0x2 pollin=0x2 ioctls=0x15 enotty=0x0 lastnr=0x0 conspop=0x0 rpid=0x5 ipid=0x5
[LIP] EVENT KEYBOARD_KEY key=48 state=1
[DRMSTAT] t=0x0000000000001DB0 flips_sub=0x0000000000000000 flips_del=0x0000000000000000 dirtyfb=0x0000000000000000 clips=0x0000000000000000 flip_us=0x0000000000000000 dmg_full=0x0000000000000000 dmg_rect=0x0000000000000000 dmg_skip=0x0000000000000000 dmg_px=0x0000000000000000 blobs=0x0000000000000000 curs_up=0x0000000000000000 curs_mv=0x0000000000000000 atomic=0x0000000000000000 atest=0x0000000000000000 cplane=0x0000000000000000 evpush=0x000000000000021C bo_dumb=0x0000000000000000 bo_dumbret=0x0000000000000000 bo_blob=0x0000000000000000 bo_bhnd=0x0000000000000000
[EVSTAT] t=0x1db0 dev=0x0 push=0x80 drop=0x0 depth=0x0 reads=0x3 eagain=0x2 deliv=0x10 polls=0x3 pollin=0x2 ioctls=0x13 enotty=0x0 lastnr=0x0 conspop=0x70 rpid=0x5 ipid=0x5
[EVSTAT] t=0x1db0 dev=0x1 push=0x19c drop=0x0 depth=0x0 reads=0x29 eagain=0x1b deliv=0x19c polls=0x2 pollin=0x2 ioctls=0x15 enotty=0x0 lastnr=0x0 conspop=0x0 rpid=0x5 ipid=0x5
[LIP] EVENT KEYBOARD_KEY key=48 state=0
[DRMSTAT] t=0x0000000000001E78 flips_sub=0x0000000000000000 flips_del=0x0000000000000000 dirtyfb=0x0000000000000000 clips=0x0000000000000000 flip_us=0x0000000000000000 dmg_full=0x0000000000000000 dmg_rect=0x0000000000000000 dmg_skip=0x0000000000000000 dmg_px=0x0000000000000000 blobs=0x0000000000000000 curs_up=0x0000000000000000 curs_mv=0x0000000000000000 atomic=0x0000000000000000 atest=0x0000000000000000 cplane=0x0000000000000000 evpush=0x000000000000021C bo_dumb=0x0000000000000000 bo_dumbret=0x0000000000000000 bo_blob=0x0000000000000000 bo_bhnd=0x0000000000000000
[EVSTAT] t=0x1e78 dev=0x0 push=0x80 drop=0x0 depth=0x0 reads=0x3 eagain=0x2 deliv=0x10 polls=0x3 pollin=0x2 ioctls=0x13 enotty=0x0 lastnr=0x0 conspop=0x70 rpid=0x5 ipid=0x5
[EVSTAT] t=0x1e78 dev=0x1 push=0x19c drop=0x0 depth=0x0 reads=0x29 eagain=0x1b deliv=0x19c polls=0x2 pollin=0x2 ioctls=0x15 enotty=0x0 lastnr=0x0 conspop=0x0 rpid=0x5 ipid=0x5
[LIP] EVENT KEYBOARD_KEY key=1 state=1
[DRMSTAT] t=0x0000000000001F40 flips_sub=0x0000000000000000 flips_del=0x0000000000000000 dirtyfb=0x0000000000000000 clips=0x0000000000000000 flip_us=0x0000000000000000 dmg_full=0x0000000000000000 dmg_rect=0x0000000000000000 dmg_skip=0x0000000000000000 dmg_px=0x0000000000000000 blobs=0x0000000000000000 curs_up=0x0000000000000000 curs_mv=0x0000000000000000 atomic=0x0000000000000000 atest=0x0000000000000000 cplane=0x0000000000000000 evpush=0x000000000000021C bo_dumb=0x0000000000000000 bo_dumbret=0x0000000000000000 bo_blob=0x0000000000000000 bo_bhnd=0x0000000000000000
[EVSTAT] t=0x1f40 dev=0x0 push=0x80 drop=0x0 depth=0x0 reads=0x3 eagain=0x2 deliv=0x10 polls=0x3 pollin=0x2 ioctls=0x13 enotty=0x0 lastnr=0x0 conspop=0x70 rpid=0x5 ipid=0x5
[EVSTAT] t=0x1f40 dev=0x1 push=0x19c drop=0x0 depth=0x0 reads=0x29 eagain=0x1b deliv=0x19c polls=0x2 pollin=0x2 ioctls=0x15 enotty=0x0 lastnr=0x0 conspop=0x0 rpid=0x5 ipid=0x5
[LIP] EVENT KEYBOARD_KEY key=1 state=0
[DRMSTAT] t=0x0000000000002008 flips_sub=0x0000000000000000 flips_del=0x0000000000000000 dirtyfb=0x0000000000000000 clips=0x0000000000000000 flip_us=0x0000000000000000 dmg_full=0x0000000000000000 dmg_rect=0x0000000000000000 dmg_skip=0x0000000000000000 dmg_px=0x0000000000000000 blobs=0x0000000000000000 curs_up=0x0000000000000000 curs_mv=0x0000000000000000 atomic=0x0000000000000000 atest=0x0000000000000000 cplane=0x0000000000000000 evpush=0x000000000000021C bo_dumb=0x0000000000000000 bo_dumbret=0x0000000000000000 bo_blob=0x0000000000000000 bo_bhnd=0x0000000000000000
[EVSTAT] t=0x2008 dev=0x0 push=0x80 drop=0x0 depth=0x0 reads=0x3 eagain=0x2 deliv=0x10 polls=0x3 pollin=0x2 ioctls=0x13 enotty=0x0 lastnr=0x0 conspop=0x70 rpid=0x5 ipid=0x5
[EVSTAT] t=0x2008 dev=0x1 push=0x19c drop=0x0 depth=0x0 reads=0x29 eagain=0x1b deliv=0x19c polls=0x2 pollin=0x2 ioctls=0x15 enotty=0x0 lastnr=0x0 conspop=0x0 rpid=0x5 ipid=0x5
[DRMSTAT] t=0x00000000000020D0 flips_sub=0x0000000000000000 flips_del=0x0000000000000000 dirtyfb=0x0000000000000000 clips=0x0000000000000000 flip_us=0x0000000000000000 dmg_full=0x0000000000000000 dmg_rect=0x0000000000000000 dmg_skip=0x0000000000000000 dmg_px=0x0000000000000000 blobs=0x0000000000000000 curs_up=0x0000000000000000 curs_mv=0x0000000000000000 atomic=0x0000000000000000 atest=0x0000000000000000 cplane=0x0000000000000000 evpush=0x000000000000021C bo_dumb=0x0000000000000000 bo_dumbret=0x0000000000000000 bo_blob=0x0000000000000000 bo_bhnd=0x0000000000000000
[EVSTAT] t=0x20d0 dev=0x0 push=0x80 drop=0x0 depth=0x0 reads=0x3 eagain=0x2 deliv=0x10 polls=0x16355 pollin=0x2 ioctls=0x13 enotty=0x0 lastnr=0x0 conspop=0x70 rpid=0x5 ipid=0x5
[EVSTAT] t=0x20d0 dev=0x1 push=0x19c drop=0x0 depth=0x0 reads=0x29 eagain=0x1b deliv=0x19c polls=0x163b1 pollin=0x2 ioctls=0x15 enotty=0x0 lastnr=0x0 conspop=0x0 rpid=0x5 ipid=0x5
[DRMSTAT] t=0x0000000000002198 flips_sub=0x0000000000000000 flips_del=0x0000000000000000 dirtyfb=0x0000000000000000 clips=0x0000000000000000 flip_us=0x0000000000000000 dmg_full=0x0000000000000000 dmg_rect=0x0000000000000000 dmg_skip=0x0000000000000000 dmg_px=0x0000000000000000 blobs=0x0000000000000000 curs_up=0x0000000000000000 curs_mv=0x0000000000000000 atomic=0x0000000000000000 atest=0x0000000000000000 cplane=0x0000000000000000 evpush=0x000000000000021C bo_dumb=0x0000000000000000 bo_dumbret=0x0000000000000000 bo_blob=0x0000000000000000 bo_bhnd=0x0000000000000000
[EVSTAT] t=0x2198 dev=0x0 push=0x80 drop=0x0 depth=0x0 reads=0x3 eagain=0x2 deliv=0x10 polls=0x2c948 pollin=0x2 ioctls=0x13 enotty=0x0 lastnr=0x0 conspop=0x70 rpid=0x5 ipid=0x5
[EVSTAT] t=0x2198 dev=0x1 push=0x19c drop=0x0 depth=0x0 reads=0x29 eagain=0x1b deliv=0x19c polls=0x2c9ab pollin=0x2 ioctls=0x15 enotty=0x0 lastnr=0x0 conspop=0x0 rpid=0x5 ipid=0x5
[DRMSTAT] t=0x0000000000002260 flips_sub=0x0000000000000000 flips_del=0x0000000000000000 dirtyfb=0x0000000000000000 clips=0x0000000000000000 flip_us=0x0000000000000000 dmg_full=0x0000000000000000 dmg_rect=0x0000000000000000 dmg_skip=0x0000000000000000 dmg_px=0x0000000000000000 blobs=0x0000000000000000 curs_up=0x0000000000000000 curs_mv=0x0000000000000000 atomic=0x0000000000000000 atest=0x0000000000000000 cplane=0x0000000000000000 evpush=0x000000000000021C bo_dumb=0x0000000000000000 bo_dumbret=0x0000000000000000 bo_blob=0x0000000000000000 bo_bhnd=0x0000000000000000
[EVSTAT] t=0x2260 dev=0x0 push=0x80 drop=0x0 depth=0x0 reads=0x3 eagain=0x2 deliv=0x10 polls=0x42f5c pollin=0x2 ioctls=0x13 enotty=0x0 lastnr=0x0 conspop=0x70 rpid=0x5 ipid=0x5
[EVSTAT] t=0x2260 dev=0x1 push=0x19c drop=0x0 depth=0x0 reads=0x29 eagain=0x1b deliv=0x19c polls=0x42fc3 pollin=0x2 ioctls=0x15 enotty=0x0 lastnr=0x0 conspop=0x0 rpid=0x5 ipid=0x5
[DRMSTAT] t=0x0000000000002328 flips_sub=0x0000000000000000 flips_del=0x0000000000000000 dirtyfb=0x0000000000000000 clips=0x0000000000000000 flip_us=0x0000000000000000 dmg_full=0x0000000000000000 dmg_rect=0x0000000000000000 dmg_skip=0x0000000000000000 dmg_px=0x0000000000000000 blobs=0x0000000000000000 curs_up=0x0000000000000000 curs_mv=0x0000000000000000 atomic=0x0000000000000000 atest=0x0000000000000000 cplane=0x0000000000000000 evpush=0x000000000000021C bo_dumb=0x0000000000000000 bo_dumbret=0x0000000000000000 bo_blob=0x0000000000000000 bo_bhnd=0x0000000000000000
[EVSTAT] t=0x2328 dev=0x0 push=0x80 drop=0x0 depth=0x0 reads=0x3 eagain=0x2 deliv=0x10 polls=0x59304 pollin=0x2 ioctls=0x13 enotty=0x0 lastnr=0x0 conspop=0x70 rpid=0x5 ipid=0x5
[EVSTAT] t=0x2328 dev=0x1 push=0x19c drop=0x0 depth=0xffffffffffffffff reads=0x29 eagain=0x1b deliv=0x19c polls=0x5936a pollin=0x2 ioctls=0x15 enotty=0x0 lastnr=0x0 conspop=0x0 rpid=0x5 ipid=0x5
[DRMSTAT] t=0x00000000000023F0 flips_sub=0x0000000000000000 flips_del=0x0000000000000000 dirtyfb=0x0000000000000000 clips=0x0000000000000000 flip_us=0x0000000000000000 dmg_full=0x0000000000000000 dmg_rect=0x0000000000000000 dmg_skip=0x0000000000000000 dmg_px=0x0000000000000000 blobs=0x0000000000000000 curs_up=0x0000000000000000 curs_mv=0x0000000000000000 atomic=0x0000000000000000 atest=0x0000000000000000 cplane=0x0000000000000000 evpush=0x000000000000021C bo_dumb=0x0000000000000000 bo_dumbret=0x0000000000000000 bo_blob=0x0000000000000000 bo_bhnd=0x0000000000000000
[EVSTAT] t=0x23f0 dev=0x0 push=0x80 drop=0x0 depth=0x0 reads=0x3 eagain=0x2 deliv=0x10 polls=0x6f8cb pollin=0x2 ioctls=0x13 enotty=0x0 lastnr=0x0 conspop=0x70 rpid=0x5 ipid=0x5
[EVSTAT] t=0x23f0 dev=0x1 push=0x19c drop=0x0 depth=0x0 reads=0x29 eagain=0x1b deliv=0x19c polls=0x6f91c pollin=0x2 ioctls=0x15 enotty=0x0 lastnr=0x0 conspop=0x0 rpid=0x5 ipid=0x5
[DRMSTAT] t=0x00000000000024B8 flips_sub=0x0000000000000000 flips_del=0x0000000000000000 dirtyfb=0x0000000000000000 clips=0x0000000000000000 flip_us=0x0000000000000000 dmg_full=0x0000000000000000 dmg_rect=0x0000000000000000 dmg_skip=0x0000000000000000 dmg_px=0x0000000000000000 blobs=0x0000000000000000 curs_up=0x0000000000000000 curs_mv=0x0000000000000000 atomic=0x0000000000000000 atest=0x0000000000000000 cplane=0x0000000000000000 evpush=0x000000000000021C bo_dumb=0x0000000000000000 bo_dumbret=0x0000000000000000 bo_blob=0x0000000000000000 bo_bhnd=0x0000000000000000
[EVSTAT] t=0x24b8 dev=0x0 push=0x80 drop=0x0 depth=0x0 reads=0x3 eagain=0x2 deliv=0x10 polls=0x85f08 pollin=0x2 ioctls=0x13 enotty=0x0 lastnr=0x0 conspop=0x70 rpid=0x5 ipid=0x5
[EVSTAT] t=0x24b8 dev=0x1 push=0x19c drop=0x0 depth=0x0 reads=0x29 eagain=0x1b deliv=0x19c polls=0x85f6f pollin=0x2 ioctls=0x15 enotty=0x0 lastnr=0x0 conspop=0x0 rpid=0x5 ipid=0x5
[DRMSTAT] t=0x0000000000002580 flips_sub=0x0000000000000000 flips_del=0x0000000000000000 dirtyfb=0x0000000000000000 clips=0x0000000000000000 flip_us=0x0000000000000000 dmg_full=0x0000000000000000 dmg_rect=0x0000000000000000 dmg_skip=0x0000000000000000 dmg_px=0x0000000000000000 blobs=0x0000000000000000 curs_up=0x0000000000000000 curs_mv=0x0000000000000000 atomic=0x0000000000000000 atest=0x0000000000000000 cplane=0x0000000000000000 evpush=0x000000000000021C bo_dumb=0x0000000000000000 bo_dumbret=0x0000000000000000 bo_blob=0x0000000000000000 bo_bhnd=0x0000000000000000
[EVSTAT] t=0x2580 dev=0x0 push=0x80 drop=0x0 depth=0x0 reads=0x3 eagain=0x2 deliv=0x10 polls=0x9c81f pollin=0x2 ioctls=0x13 enotty=0x0 lastnr=0x0 conspop=0x70 rpid=0x5 ipid=0x5
[EVSTAT] t=0x2580 dev=0x1 push=0x19c drop=0x0 depth=0x0 reads=0x29 eagain=0x1b deliv=0x19c polls=0x9c886 pollin=0x2 ioctls=0x15 enotty=0x0 lastnr=0x0 conspop=0x0 rpid=0x5 ipid=0x5
[DRMSTAT] t=0x0000000000002648 flips_sub=0x0000000000000000 flips_del=0x0000000000000000 dirtyfb=0x0000000000000000 clips=0x0000000000000000 flip_us=0x0000000000000000 dmg_full=0x0000000000000000 dmg_rect=0x0000000000000000 dmg_skip=0x0000000000000000 dmg_px=0x0000000000000000 blobs=0x0000000000000000 curs_up=0x0000000000000000 curs_mv=0x0000000000000000 atomic=0x0000000000000000 atest=0x0000000000000000 cplane=0x0000000000000000 evpush=0x000000000000021C bo_dumb=0x0000000000000000 bo_dumbret=0x0000000000000000 bo_blob=0x0000000000000000 bo_bhnd=0x0000000000000000
[EVSTAT] t=0x2648 dev=0x0 push=0x80 drop=0x0 depth=0x0 reads=0x3 eagain=0x2 deliv=0x10 polls=0xb2bb5 pollin=0x2 ioctls=0x13 enotty=0x0 lastnr=0x0 conspop=0x70 rpid=0x5 ipid=0x5
[EVSTAT] t=0x2648 dev=0x1 push=0x19c drop=0x0 depth=0x0 reads=0x29 eagain=0x1b deliv=0x19c polls=0xb2c1c pollin=0x2 ioctls=0x15 enotty=0x0 lastnr=0x0 conspop=0x0 rpid=0x5 ipid=0x5
[DRMSTAT] t=0x0000000000002710 flips_sub=0x0000000000000000 flips_del=0x0000000000000000 dirtyfb=0x0000000000000000 clips=0x0000000000000000 flip_us=0x0000000000000000 dmg_full=0x0000000000000000 dmg_rect=0x0000000000000000 dmg_skip=0x0000000000000000 dmg_px=0x0000000000000000 blobs=0x0000000000000000 curs_up=0x0000000000000000 curs_mv=0x0000000000000000 atomic=0x0000000000000000 atest=0x0000000000000000 cplane=0x0000000000000000 evpush=0x000000000000021C bo_dumb=0x0000000000000000 bo_dumbret=0x0000000000000000 bo_blob=0x0000000000000000 bo_bhnd=0x0000000000000000
[EVSTAT] t=0x2710 dev=0x0 push=0x80 drop=0x0 depth=0x0 reads=0x3 eagain=0x2 deliv=0x10 polls=0xc9519 pollin=0x2 ioctls=0x13 enotty=0x0 lastnr=0x0 conspop=0x70 rpid=0x5 ipid=0x5
[EVSTAT] t=0x2710 dev=0x1 push=0x19c drop=0x0 depth=0x0 reads=0x29 eagain=0x1b deliv=0x19c polls=0xc959d pollin=0x2 ioctls=0x15 enotty=0x0 lastnr=0x0 conspop=0x0 rpid=0x5 ipid=0x5
[DRMSTAT] t=0x00000000000027D8 flips_sub=0x0000000000000000 flips_del=0x0000000000000000 dirtyfb=0x0000000000000000 clips=0x0000000000000000 flip_us=0x0000000000000000 dmg_full=0x0000000000000000 dmg_rect=0x0000000000000000 dmg_skip=0x0000000000000000 dmg_px=0x0000000000000000 blobs=0x0000000000000000 curs_up=0x0000000000000000 curs_mv=0x0000000000000000 atomic=0x0000000000000000 atest=0x0000000000000000 cplane=0x0000000000000000 evpush=0x000000000000021C bo_dumb=0x0000000000000000 bo_dumbret=0x0000000000000000 bo_blob=0x0000000000000000 bo_bhnd=0x0000000000000000
[EVSTAT] t=0x27d8 dev=0x0 push=0x80 drop=0x0 depth=0x0 reads=0x3 eagain=0x2 deliv=0x10 polls=0xdfe4c pollin=0x2 ioctls=0x13 enotty=0x0 lastnr=0x0 conspop=0x70 rpid=0x5 ipid=0x5
[EVSTAT] t=0x27d8 dev=0x1 push=0x19c drop=0x0 depth=0x0 reads=0x29 eagain=0x1b deliv=0x19c polls=0xdfe9f pollin=0x2 ioctls=0x15 enotty=0x0 lastnr=0x0 conspop=0x0 rpid=0x5 ipid=0x5
[DRMSTAT] t=0x00000000000028A0 flips_sub=0x0000000000000000 flips_del=0x0000000000000000 dirtyfb=0x0000000000000000 clips=0x0000000000000000 flip_us=0x0000000000000000 dmg_full=0x0000000000000000 dmg_rect=0x0000000000000000 dmg_skip=0x0000000000000000 dmg_px=0x0000000000000000 blobs=0x0000000000000000 curs_up=0x0000000000000000 curs_mv=0x0000000000000000 atomic=0x0000000000000000 atest=0x0000000000000000 cplane=0x0000000000000000 evpush=0x000000000000021C bo_dumb=0x0000000000000000 bo_dumbret=0x0000000000000000 bo_blob=0x0000000000000000 bo_bhnd=0x0000000000000000
[EVSTAT] t=0x28a0 dev=0x0 push=0x80 drop=0x0 depth=0x0 reads=0x3 eagain=0x2 deliv=0x10 polls=0xf5f9c pollin=0x2 ioctls=0x13 enotty=0x0 lastnr=0x0 conspop=0x70 rpid=0x5 ipid=0x5
[EVSTAT] t=0x28a0 dev=0x1 push=0x19c drop=0x0 depth=0x0 reads=0x29 eagain=0x1b deliv=0x19c polls=0xf5fea pollin=0x2 ioctls=0x15 enotty=0x0 lastnr=0x0 conspop=0x0 rpid=0x5 ipid=0x5
[DRMSTAT] t=0x0000000000002968 flips_sub=0x0000000000000000 flips_del=0x0000000000000000 dirtyfb=0x0000000000000000 clips=0x0000000000000000 flip_us=0x0000000000000000 dmg_full=0x0000000000000000 dmg_rect=0x0000000000000000 dmg_skip=0x0000000000000000 dmg_px=0x0000000000000000 blobs=0x0000000000000000 curs_up=0x0000000000000000 curs_mv=0x0000000000000000 atomic=0x0000000000000000 atest=0x0000000000000000 cplane=0x0000000000000000 evpush=0x000000000000021C bo_dumb=0x0000000000000000 bo_dumbret=0x0000000000000000 bo_blob=0x0000000000000000 bo_bhnd=0x0000000000000000
[EVSTAT] t=0x2968 dev=0x0 push=0x80 drop=0x0 depth=0x0 reads=0x3 eagain=0x2 deliv=0x10 polls=0x10c4bc pollin=0x2 ioctls=0x13 enotty=0x0 lastnr=0x0 conspop=0x70 rpid=0x5 ipid=0x5
[EVSTAT] t=0x2968 dev=0x1 push=0x19c drop=0x0 depth=0x0 reads=0x29 eagain=0x1b deliv=0x19c polls=0x10c523 pollin=0x2 ioctls=0x15 enotty=0x0 lastnr=0x0 conspop=0x0 rpid=0x5 ipid=0x5
[DRMSTAT] t=0x0000000000002A30 flips_sub=0x0000000000000000 flips_del=0x0000000000000000 dirtyfb=0x0000000000000000 clips=0x0000000000000000 flip_us=0x0000000000000000 dmg_full=0x0000000000000000 dmg_rect=0x0000000000000000 dmg_skip=0x0000000000000000 dmg_px=0x0000000000000000 blobs=0x0000000000000000 curs_up=0x0000000000000000 curs_mv=0x0000000000000000 atomic=0x0000000000000000 atest=0x0000000000000000 cplane=0x0000000000000000 evpush=0x000000000000021C bo_dumb=0x0000000000000000 bo_dumbret=0x0000000000000000 bo_blob=0x0000000000000000 bo_bhnd=0x0000000000000000
[EVSTAT] t=0x2a30 dev=0x0 push=0x80 drop=0x0 depth=0x0 reads=0x3 eagain=0x2 deliv=0x10 polls=0x122e37 pollin=0x2 ioctls=0x13 enotty=0x0 lastnr=0x0 conspop=0x70 rpid=0x5 ipid=0x5
[EVSTAT] t=0x2a30 dev=0x1 push=0x19c drop=0x0 depth=0x0 reads=0x29 eagain=0x1b deliv=0x19c polls=0x122e9a pollin=0x2 ioctls=0x15 enotty=0x0 lastnr=0x0 conspop=0x0 rpid=0x5 ipid=0x5
[DRMSTAT] t=0x0000000000002AF8 flips_sub=0x0000000000000000 flips_del=0x0000000000000000 dirtyfb=0x0000000000000000 clips=0x0000000000000000 flip_us=0x0000000000000000 dmg_full=0x0000000000000000 dmg_rect=0x0000000000000000 dmg_skip=0x0000000000000000 dmg_px=0x0000000000000000 blobs=0x0000000000000000 curs_up=0x0000000000000000 curs_mv=0x0000000000000000 atomic=0x0000000000000000 atest=0x0000000000000000 cplane=0x0000000000000000 evpush=0x000000000000021C bo_dumb=0x0000000000000000 bo_dumbret=0x0000000000000000 bo_blob=0x0000000000000000 bo_bhnd=0x0000000000000000
[EVSTAT] t=0x2af8 dev=0x0 push=0x80 drop=0x0 depth=0x0 reads=0x3 eagain=0x2 deliv=0x10 polls=0x139534 pollin=0x2 ioctls=0x13 enotty=0x0 lastnr=0x0 conspop=0x70 rpid=0x5 ipid=0x5
[EVSTAT] t=0x2af8 dev=0x1 push=0x19c drop=0x0 depth=0x0 reads=0x29 eagain=0x1b deliv=0x19c polls=0x13959c pollin=0x2 ioctls=0x15 enotty=0x0 lastnr=0x0 conspop=0x0 rpid=0x5 ipid=0x5
[DRMSTAT] t=0x0000000000002BC0 flips_sub=0x0000000000000000 flips_del=0x0000000000000000 dirtyfb=0x0000000000000000 clips=0x0000000000000000 flip_us=0x0000000000000000 dmg_full=0x0000000000000000 dmg_rect=0x0000000000000000 dmg_skip=0x0000000000000000 dmg_px=0x0000000000000000 blobs=0x0000000000000000 curs_up=0x0000000000000000 curs_mv=0x0000000000000000 atomic=0x0000000000000000 atest=0x0000000000000000 cplane=0x0000000000000000 evpush=0x000000000000021C bo_dumb=0x0000000000000000 bo_dumbret=0x0000000000000000 bo_blob=0x0000000000000000 bo_bhnd=0x0000000000000000
[EVSTAT] t=0x2bc0 dev=0x0 push=0x80 drop=0x0 depth=0x0 reads=0x3 eagain=0x2 deliv=0x10 polls=0x14fccd pollin=0x2 ioctls=0x13 enotty=0x0 lastnr=0x0 conspop=0x70 rpid=0x5 ipid=0x5
[EVSTAT] t=0x2bc0 dev=0x1 push=0x19c drop=0x0 depth=0x0 reads=0x29 eagain=0x1b deliv=0x19c polls=0x14fd2a pollin=0x2 ioctls=0x15 enotty=0x0 lastnr=0x0 conspop=0x0 rpid=0x5 ipid=0x5
[DRMSTAT] t=0x0000000000002C88 flips_sub=0x0000000000000000 flips_del=0x0000000000000000 dirtyfb=0x0000000000000000 clips=0x0000000000000000 flip_us=0x0000000000000000 dmg_full=0x0000000000000000 dmg_rect=0x0000000000000000 dmg_skip=0x0000000000000000 dmg_px=0x0000000000000000 blobs=0x0000000000000000 curs_up=0x0000000000000000 curs_mv=0x0000000000000000 atomic=0x0000000000000000 atest=0x0000000000000000 cplane=0x0000000000000000 evpush=0x000000000000021C bo_dumb=0x0000000000000000 bo_dumbret=0x0000000000000000 bo_blob=0x0000000000000000 bo_bhnd=0x0000000000000000
[EVSTAT] t=0x2c88 dev=0x0 push=0x80 drop=0x0 depth=0x0 reads=0x3 eagain=0x2 deliv=0x10 polls=0x166570 pollin=0x2 ioctls=0x13 enotty=0x0 lastnr=0x0 conspop=0x70 rpid=0x5 ipid=0x5
[EVSTAT] t=0x2c88 dev=0x1 push=0x19c drop=0x0 depth=0x0 reads=0x29 eagain=0x1b deliv=0x19c polls=0x1665d8 pollin=0x2 ioctls=0x15 enotty=0x0 lastnr=0x0 conspop=0x0 rpid=0x5 ipid=0x5
[DRMSTAT] t=0x0000000000002D50 flips_sub=0x0000000000000000 flips_del=0x0000000000000000 dirtyfb=0x0000000000000000 clips=0x0000000000000000 flip_us=0x0000000000000000 dmg_full=0x0000000000000000 dmg_rect=0x0000000000000000 dmg_skip=0x0000000000000000 dmg_px=0x0000000000000000 blobs=0x0000000000000000 curs_up=0x0000000000000000 curs_mv=0x0000000000000000 atomic=0x0000000000000000 atest=0x0000000000000000 cplane=0x0000000000000000 evpush=0x000000000000021C bo_dumb=0x0000000000000000 bo_dumbret=0x0000000000000000 bo_blob=0x0000000000000000 bo_bhnd=0x0000000000000000
[EVSTAT] t=0x2d50 dev=0x0 push=0x80 drop=0x0 depth=0x0 reads=0x3 eagain=0x2 deliv=0x10 polls=0x17ce95 pollin=0x2 ioctls=0x13 enotty=0x0 lastnr=0x0 conspop=0x70 rpid=0x5 ipid=0x5
[EVSTAT] t=0x2d50 dev=0x1 push=0x19c drop=0x0 depth=0x0 reads=0x29 eagain=0x1b deliv=0x19c polls=0x17cef8 pollin=0x2 ioctls=0x15 enotty=0x0 lastnr=0x0 conspop=0x0 rpid=0x5 ipid=0x5
[DRMSTAT] t=0x0000000000002E18 flips_sub=0x0000000000000000 flips_del=0x0000000000000000 dirtyfb=0x0000000000000000 clips=0x0000000000000000 flip_us=0x0000000000000000 dmg_full=0x0000000000000000 dmg_rect=0x0000000000000000 dmg_skip=0x0000000000000000 dmg_px=0x0000000000000000 blobs=0x0000000000000000 curs_up=0x0000000000000000 curs_mv=0x0000000000000000 atomic=0x0000000000000000 atest=0x0000000000000000 cplane=0x0000000000000000 evpush=0x000000000000021C bo_dumb=0x0000000000000000 bo_dumbret=0x0000000000000000 bo_blob=0x0000000000000000 bo_bhnd=0x0000000000000000
[EVSTAT] t=0x2e18 dev=0x0 push=0x80 drop=0x0 depth=0x0 reads=0x3 eagain=0x2 deliv=0x10 polls=0x193351 pollin=0x2 ioctls=0x13 enotty=0x0 lastnr=0x0 conspop=0x70 rpid=0x5 ipid=0x5
[EVSTAT] t=0x2e18 dev=0x1 push=0x19c drop=0x0 depth=0x0 reads=0x29 eagain=0x1b deliv=0x19c polls=0x1933ae pollin=0x2 ioctls=0x15 enotty=0x0 lastnr=0x0 conspop=0x0 rpid=0x5 ipid=0x5
[DRMSTAT] t=0x0000000000002EE0 flips_sub=0x0000000000000000 flips_del=0x0000000000000000 dirtyfb=0x0000000000000000 clips=0x0000000000000000 flip_us=0x0000000000000000 dmg_full=0x0000000000000000 dmg_rect=0x0000000000000000 dmg_skip=0x0000000000000000 dmg_px=0x0000000000000000 blobs=0x0000000000000000 curs_up=0x0000000000000000 curs_mv=0x0000000000000000 atomic=0x0000000000000000 atest=0x0000000000000000 cplane=0x0000000000000000 evpush=0x000000000000021C bo_dumb=0x0000000000000000 bo_dumbret=0x0000000000000000 bo_blob=0x0000000000000000 bo_bhnd=0x0000000000000000
[EVSTAT] t=0x2ee0 dev=0x0 push=0x80 drop=0x0 depth=0x0 reads=0x3 eagain=0x2 deliv=0x10 polls=0x1a9cd8 pollin=0x2 ioctls=0x13 enotty=0x0 lastnr=0x0 conspop=0x70 rpid=0x5 ipid=0x5
[EVSTAT] t=0x2ee0 dev=0x1 push=0x19c drop=0x0 depth=0x0 reads=0x29 eagain=0x1b deliv=0x19c polls=0x1a9d40 pollin=0x2 ioctls=0x15 enotty=0x0 lastnr=0x0 conspop=0x0 rpid=0x5 ipid=0x5
[DRMSTAT] t=0x0000000000002FA8 flips_sub=0x0000000000000000 flips_del=0x0000000000000000 dirtyfb=0x0000000000000000 clips=0x0000000000000000 flip_us=0x0000000000000000 dmg_full=0x0000000000000000 dmg_rect=0x0000000000000000 dmg_skip=0x0000000000000000 dmg_px=0x0000000000000000 blobs=0x0000000000000000 curs_up=0x0000000000000000 curs_mv=0x0000000000000000 atomic=0x0000000000000000 atest=0x0000000000000000 cplane=0x0000000000000000 evpush=0x000000000000021C bo_dumb=0x0000000000000000 bo_dumbret=0x0000000000000000 bo_blob=0x0000000000000000 bo_bhnd=0x0000000000000000
[EVSTAT] t=0x2fa8 dev=0x0 push=0x80 drop=0x0 depth=0x0 reads=0x3 eagain=0x2 deliv=0x10 polls=0x1c02b2 pollin=0x2 ioctls=0x13 enotty=0x0 lastnr=0x0 conspop=0x70 rpid=0x5 ipid=0x5
[EVSTAT] t=0x2fa8 dev=0x1 push=0x19c drop=0x0 depth=0x0 reads=0x29 eagain=0x1b deliv=0x19c polls=0x1c0304 pollin=0x2 ioctls=0x15 enotty=0x0 lastnr=0x0 conspop=0x0 rpid=0x5 ipid=0x5
[DRMSTAT] t=0x0000000000003070 flips_sub=0x0000000000000000 flips_del=0x0000000000000000 dirtyfb=0x0000000000000000 clips=0x0000000000000000 flip_us=0x0000000000000000 dmg_full=0x0000000000000000 dmg_rect=0x0000000000000000 dmg_skip=0x0000000000000000 dmg_px=0x0000000000000000 blobs=0x0000000000000000 curs_up=0x0000000000000000 curs_mv=0x0000000000000000 atomic=0x0000000000000000 atest=0x0000000000000000 cplane=0x0000000000000000 evpush=0x000000000000021C bo_dumb=0x0000000000000000 bo_dumbret=0x0000000000000000 bo_blob=0x0000000000000000 bo_bhnd=0x0000000000000000
[EVSTAT] t=0x3070 dev=0x0 push=0x80 drop=0x0 depth=0x0 reads=0x3 eagain=0x2 deliv=0x10 polls=0x1d6982 pollin=0x2 ioctls=0x13 enotty=0x0 lastnr=0x0 conspop=0x70 rpid=0x5 ipid=0x5
[EVSTAT] t=0x3070 dev=0x1 push=0x19c drop=0x0 depth=0x0 reads=0x29 eagain=0x1b deliv=0x19c polls=0x1d69e9 pollin=0x2 ioctls=0x15 enotty=0x0 lastnr=0x0 conspop=0x0 rpid=0x5 ipid=0x5
[DRMSTAT] t=0x0000000000003138 flips_sub=0x0000000000000000 flips_del=0x0000000000000000 dirtyfb=0x0000000000000000 clips=0x0000000000000000 flip_us=0x0000000000000000 dmg_full=0x0000000000000000 dmg_rect=0x0000000000000000 dmg_skip=0x0000000000000000 dmg_px=0x0000000000000000 blobs=0x0000000000000000 curs_up=0x0000000000000000 curs_mv=0x0000000000000000 atomic=0x0000000000000000 atest=0x0000000000000000 cplane=0x0000000000000000 evpush=0x000000000000021C bo_dumb=0x0000000000000000 bo_dumbret=0x0000000000000000 bo_blob=0x0000000000000000 bo_bhnd=0x0000000000000000
[EVSTAT] t=0x3138 dev=0x0 push=0x80 drop=0x0 depth=0x0 reads=0x3 eagain=0x2 deliv=0x10 polls=0x1ed1c8 pollin=0x2 ioctls=0x13 enotty=0x0 lastnr=0x0 conspop=0x70 rpid=0x5 ipid=0x5
[EVSTAT] t=0x3138 dev=0x1 push=0x19c drop=0x0 depth=0x0 reads=0x29 eagain=0x1b deliv=0x19c polls=0x1ed228 pollin=0x2 ioctls=0x15 enotty=0x0 lastnr=0x0 conspop=0x0 rpid=0x5 ipid=0x5
[DRMSTAT] t=0x0000000000003200 flips_sub=0x0000000000000000 flips_del=0x0000000000000000 dirtyfb=0x0000000000000000 clips=0x0000000000000000 flip_us=0x0000000000000000 dmg_full=0x0000000000000000 dmg_rect=0x0000000000000000 dmg_skip=0x0000000000000000 dmg_px=0x0000000000000000 blobs=0x0000000000000000 curs_up=0x0000000000000000 curs_mv=0x0000000000000000 atomic=0x0000000000000000 atest=0x0000000000000000 cplane=0x0000000000000000 evpush=0x000000000000021C bo_dumb=0x0000000000000000 bo_dumbret=0x0000000000000000 bo_blob=0x0000000000000000 bo_bhnd=0x0000000000000000
[EVSTAT] t=0x3200 dev=0x0 push=0x80 drop=0x0 depth=0x0 reads=0x3 eagain=0x2 deliv=0x10 polls=0x203857 pollin=0x2 ioctls=0x13 enotty=0x0 lastnr=0x0 conspop=0x70 rpid=0x5 ipid=0x5
[EVSTAT] t=0x3200 dev=0x1 push=0x19c drop=0x0 depth=0x0 reads=0x29 eagain=0x1b deliv=0x19c polls=0x2038be pollin=0x2 ioctls=0x15 enotty=0x0 lastnr=0x0 conspop=0x0 rpid=0x5 ipid=0x5
[DRMSTAT] t=0x00000000000032C8 flips_sub=0x0000000000000000 flips_del=0x0000000000000000 dirtyfb=0x0000000000000000 clips=0x0000000000000000 flip_us=0x0000000000000000 dmg_full=0x0000000000000000 dmg_rect=0x0000000000000000 dmg_skip=0x0000000000000000 dmg_px=0x0000000000000000 blobs=0x0000000000000000 curs_up=0x0000000000000000 curs_mv=0x0000000000000000 atomic=0x0000000000000000 atest=0x0000000000000000 cplane=0x0000000000000000 evpush=0x000000000000021C bo_dumb=0x0000000000000000 bo_dumbret=0x0000000000000000 bo_blob=0x0000000000000000 bo_bhnd=0x0000000000000000
[EVSTAT] t=0x32c8 dev=0x0 push=0x80 drop=0x0 depth=0x0 reads=0x3 eagain=0x2 deliv=0x10 polls=0x21a145 pollin=0x2 ioctls=0x13 enotty=0x0 lastnr=0x0 conspop=0x70 rpid=0x5 ipid=0x5
[EVSTAT] t=0x32c8 dev=0x1 push=0x19c drop=0x0 depth=0x0 reads=0x29 eagain=0x1b deliv=0x19c polls=0x21a1ab pollin=0x2 ioctls=0x15 enotty=0x0 lastnr=0x0 conspop=0x0 rpid=0x5 ipid=0x5
[DRMSTAT] t=0x0000000000003390 flips_sub=0x0000000000000000 flips_del=0x0000000000000000 dirtyfb=0x0000000000000000 clips=0x0000000000000000 flip_us=0x0000000000000000 dmg_full=0x0000000000000000 dmg_rect=0x0000000000000000 dmg_skip=0x0000000000000000 dmg_px=0x0000000000000000 blobs=0x0000000000000000 curs_up=0x0000000000000000 curs_mv=0x0000000000000000 atomic=0x0000000000000000 atest=0x0000000000000000 cplane=0x0000000000000000 evpush=0x000000000000021C bo_dumb=0x0000000000000000 bo_dumbret=0x0000000000000000 bo_blob=0x0000000000000000 bo_bhnd=0x0000000000000000
[EVSTAT] t=0x3390 dev=0x0 push=0x80 drop=0x0 depth=0x0 reads=0x3 eagain=0x2 deliv=0x10 polls=0x230989 pollin=0x2 ioctls=0x13 enotty=0x0 lastnr=0x0 conspop=0x70 rpid=0x5 ipid=0x5
[EVSTAT] t=0x3390 dev=0x1 push=0x19c drop=0x0 depth=0x0 reads=0x29 eagain=0x1b deliv=0x19c polls=0x2309f1 pollin=0x2 ioctls=0x15 enotty=0x0 lastnr=0x0 conspop=0x0 rpid=0x5 ipid=0x5
[DRMSTAT] t=0x0000000000003458 flips_sub=0x0000000000000000 flips_del=0x0000000000000000 dirtyfb=0x0000000000000000 clips=0x0000000000000000 flip_us=0x0000000000000000 dmg_full=0x0000000000000000 dmg_rect=0x0000000000000000 dmg_skip=0x0000000000000000 dmg_px=0x0000000000000000 blobs=0x0000000000000000 curs_up=0x0000000000000000 curs_mv=0x0000000000000000 atomic=0x0000000000000000 atest=0x0000000000000000 cplane=0x0000000000000000 evpush=0x000000000000021C bo_dumb=0x0000000000000000 bo_dumbret=0x0000000000000000 bo_blob=0x0000000000000000 bo_bhnd=0x0000000000000000
[EVSTAT] t=0x3458 dev=0x0 push=0x80 drop=0x0 depth=0x0 reads=0x3 eagain=0x2 deliv=0x10 polls=0x2470fe pollin=0x2 ioctls=0x13 enotty=0x0 lastnr=0x0 conspop=0x70 rpid=0x5 ipid=0x5
[EVSTAT] t=0x3458 dev=0x1 push=0x19c drop=0x0 depth=0x0 reads=0x29 eagain=0x1b deliv=0x19c polls=0x24715e pollin=0x2 ioctls=0x15 enotty=0x0 lastnr=0x0 conspop=0x0 rpid=0x5 ipid=0x5
[DRMSTAT] t=0x0000000000003520 flips_sub=0x0000000000000000 flips_del=0x0000000000000000 dirtyfb=0x0000000000000000 clips=0x0000000000000000 flip_us=0x0000000000000000 dmg_full=0x0000000000000000 dmg_rect=0x0000000000000000 dmg_skip=0x0000000000000000 dmg_px=0x0000000000000000 blobs=0x0000000000000000 curs_up=0x0000000000000000 curs_mv=0x0000000000000000 atomic=0x0000000000000000 atest=0x0000000000000000 cplane=0x0000000000000000 evpush=0x000000000000021C bo_dumb=0x0000000000000000 bo_dumbret=0x0000000000000000 bo_blob=0x0000000000000000 bo_bhnd=0x0000000000000000
[EVSTAT] t=0x3520 dev=0x0 push=0x80 drop=0x0 depth=0x0 reads=0x3 eagain=0x2 deliv=0x10 polls=0x25d7ee pollin=0x2 ioctls=0x13 enotty=0x0 lastnr=0x0 conspop=0x70 rpid=0x5 ipid=0x5
[EVSTAT] t=0x3520 dev=0x1 push=0x19c drop=0x0 depth=0x0 reads=0x29 eagain=0x1b deliv=0x19c polls=0x25d864 pollin=0x2 ioctls=0x15 enotty=0x0 lastnr=0x0 conspop=0x0 rpid=0x5 ipid=0x5
[DRMSTAT] t=0x00000000000035E8 flips_sub=0x0000000000000000 flips_del=0x0000000000000000 dirtyfb=0x0000000000000000 clips=0x0000000000000000 flip_us=0x0000000000000000 dmg_full=0x0000000000000000 dmg_rect=0x0000000000000000 dmg_skip=0x0000000000000000 dmg_px=0x0000000000000000 blobs=0x0000000000000000 curs_up=0x0000000000000000 curs_mv=0x0000000000000000 atomic=0x0000000000000000 atest=0x0000000000000000 cplane=0x0000000000000000 evpush=0x000000000000021C bo_dumb=0x0000000000000000 bo_dumbret=0x0000000000000000 bo_blob=0x0000000000000000 bo_bhnd=0x0000000000000000
[EVSTAT] t=0x35e8 dev=0x0 push=0x80 drop=0x0 depth=0x0 reads=0x3 eagain=0x2 deliv=0x10 polls=0x273dad pollin=0x2 ioctls=0x13 enotty=0x0 lastnr=0x0 conspop=0x70 rpid=0x5 ipid=0x5
[EVSTAT] t=0x35e8 dev=0x1 push=0x19c drop=0x0 depth=0x0 reads=0x29 eagain=0x1b deliv=0x19c polls=0x273e15 pollin=0x2 ioctls=0x15 enotty=0x0 lastnr=0x0 conspop=0x0 rpid=0x5 ipid=0x5
[LIP] CENSUS polls=284 poll_ready=1 dispatch_err=0 device_added=2 device_removed=0 motion_abs=62 motion_rel=0 button=0 key=8 other=0
[LIP] END
