[0m[?25l[41;1H[J[39mbrush-0.5# [38;5;14m[38;5;5m[0m[0mnosuchbi78[?25h[0m[?25l[41;1H[J[39mbrush-0.5# [38;5;14m[38;5;5m[0m[0mnosuchbinary_xyz78[?25h[0m[?25l[41;1H[J[39mbrush-0.5# [38;5;14m[38;5;5m[0m[0mnosuchbinary_xyz4278[?25h
[?2004l[31merror:[39m command not found: nosuchbinary_xyz42
[?2004h[0m[?25l[43;1H[J[39mbrush-0.5# [38;5;14m[38;5;5m[0m[0m78[?25h[0m[?25l[43;1H[J[39mbrush-0.5# [38;5;14m[38;5;5m[0m[0mbrush /bin/m4-vkwl-a64 comp sw 28 180 60 30 180078[?25h
[?2004lM4A: mode=comp route=sw frames=28 hold=180 presleep=60 settle=30 maxwait=1800
M4A: COMP LAUNCH (comp)
M4A: WAYLAND-1 PRESENT after 1s
M4A: SETTLE 30s
[DRM] unimplemented ioctl cmd=0xC00864BF nr=0x000000BF type=0x00000064 size=0x00000008 (reported once per boot)
[DRM-SRV] mmap token=0x000000004DC00000 map_info=0x01 -> writeback
[DRM-SRV] mmap token=0x000000004E400000 map_info=0x01 -> writeback
M4A: SESSION READY — compositor is up and vkwl has NOT started
M4A: control window opens now for 60s
M4A: === vkwl sw frames=28 hold=180 BEGIN ===
=== vkwl: Vulkan swapchain on a Wayland surface (LeandrOS M4) ===
MESA_VK_WSI_DEBUG=sw  frames=28

wl_display_connect: PASS
[INFO] wl global: wl_compositor                      v5
[INFO] wl global: wl_subcompositor                   v1
[INFO] wl global: cosmic_corner_radius_manager_v1    v2
[INFO] wl global: wl_data_device_manager             v3
[INFO] wl global: wp_fractional_scale_manager_v1     v1
[INFO] wl global: zwp_keyboard_shortcuts_inhibit_manager_v1 v1
[INFO] wl global: zxdg_output_manager_v1             v3
[INFO] wl global: zwlr_output_manager_v1             v4
[INFO] wl global: zcosmic_output_manager_v1          v3
[INFO] wl global: zwlr_output_power_manager_v1       v1
[INFO] wl global: zcosmic_overlap_notify_v1          v1
[INFO] wl global: wp_presentation                    v2
[INFO] wl global: zwp_primary_selection_device_manager_v1 v1
[INFO] wl global: zcosmic_workspace_image_capture_source_manager_v1 v1
[INFO] wl global: ext_output_image_capture_source_manager_v1 v1
[INFO] wl global: ext_foreign_toplevel_image_capture_source_manager_v1 v1
[INFO] wl global: ext_image_copy_capture_manager_v1  v1
[INFO] wl global: wl_shm                             v2
[INFO] wl global: wp_cursor_shape_manager_v1         v2
[INFO] wl global: wp_viewporter                      v1
[INFO] wl global: org_kde_kwin_server_decoration_manager v1
[INFO] wl global: zxdg_decoration_manager_v1         v1
[INFO] wl global: ext_session_lock_manager_v1        v1
[INFO] wl global: zwp_pointer_constraints_v1         v1
[INFO] wl global: wp_pointer_warp_v1                 v1
[INFO] wl global: zwp_pointer_gestures_v1            v3
[INFO] wl global: zwp_tablet_manager_v2              v1
[INFO] wl global: wp_security_context_manager_v1     v1
[INFO] wl global: zwp_input_method_manager_v2        v1
[INFO] wl global: zwp_text_input_manager_v3          v1
[INFO] wl global: zwp_virtual_keyboard_manager_v1    v1
[INFO] wl global: wp_alpha_modifier_v1               v1
[INFO] wl global: wp_single_pixel_buffer_manager_v1  v1
[INFO] wl global: wl_fixes                           v1
[INFO] wl global: zcosmic_keyboard_layout_manager_v1 v1
[INFO] wl global: ext_background_effect_manager_v1   v1
[INFO] wl global: ext_idle_notifier_v1               v2
[INFO] wl global: zwp_idle_inhibit_manager_v1        v1
[INFO] wl global: ext_data_control_manager_v1        v1
[INFO] wl global: zwlr_data_control_manager_v1       v2
[INFO] wl global: zwlr_layer_shell_v1                v5
[INFO] wl global: xdg_wm_base                        v7
[INFO] wl global: xdg_activation_v1                  v1
[INFO] wl global: zxdg_exporter_v2                   v1
[INFO] wl global: zxdg_importer_v2                   v1
[INFO] wl global: zcosmic_toplevel_info_v1           v3
[INFO] wl global: ext_foreign_toplevel_list_v1       v1
[INFO] wl global: zcosmic_toplevel_manager_v1        v4
[INFO] wl global: ext_workspace_manager_v1           v1
[INFO] wl global: zcosmic_workspace_manager_v2       v2
[INFO] wl global: cosmic_a11y_manager_v1             v2
[INFO] wl global: zwp_relative_pointer_manager_v1    v1
[INFO] wl global: wl_output                          v4
[INFO] wl global: wl_seat                            v9
[INFO] registry: 54 globals, wl_shm=YES zwp_linux_dmabuf_v1=no
wl_registry_has_compositor_and_xdg_shell: PASS
[INFO] xdg_surface configure received=1, toplevel size=0x0
xdg_surface_configured: PASS
[INFO] ICD: /usr/lib/libvulkan_virtio.so
icd_dlopen: PASS
icd_gipa: PASS
[INFO] instanceExtensionCount=19  VK_KHR_surface=yes  VK_KHR_wayland_surface=yes
instance_advertises_wayland_surface: PASS
[DRM] GET_CAPS capset=0x00000004 host max_ver=0x00000000 max_size=0x000000A0
[DRM] virtgpu context created, capset=0x00000004 ctx_id=0x00000001
[DRM] host-visible blob mapped: res=0x00000010 win_off=0x00000000 phys_hi=0x00000080 phys_lo=0x00000000 map_info=0x00000001
[DRM] host-visible blob mapped: res=0x00000011 win_off=0x00030000 phys_hi=0x00000080 phys_lo=0x00030000 map_info=0x00000001
create_instance_with_wayland_wsi: PASS
resolve_instance_wsi_funcs: PASS
[INFO] device: "Virtio-GPU Venus (AMD Ryzen 9 7950X 16-Core Processor (RADV RAPHAEL_MENDOCINO))" api=1.4.307
enumerate_physical_devices: PASS
wsi_route_shm_available: PASS
create_wayland_surface: PASS
[INFO] queueFamily[0] flags=0xf count=1 surfaceSupport=yes wlPresentSupport=yes
[INFO] queueFamily[1] flags=0xe count=4 surfaceSupport=yes wlPresentSupport=yes
[INFO] queueFamily[2] flags=0x20 count=1 surfaceSupport=no wlPresentSupport=no
[INFO] queueFamily[3] flags=0x40 count=1 surfaceSupport=no wlPresentSupport=no
queue_family_supports_wayland_present: PASS
[INFO] surface caps: minImageCount=4 maxImageCount=0 currentExtent=4294967295x4294967295 supportedUsage=0x8009f
surface_capabilities: PASS
[INFO] surface format[0] format=43 colorSpace=0
[INFO] surface format[1] format=37 colorSpace=0
[INFO] surface format[2] format=50 colorSpace=0
[INFO] surface format[3] format=44 colorSpace=0
[INFO] surface format[4] format=43 colorSpace=1000104013
[INFO] surface format[5] format=37 colorSpace=1000104013
[INFO] surface format[6] format=50 colorSpace=1000104013
[INFO] surface format[7] format=44 colorSpace=1000104013
[INFO] vkGetPhysicalDeviceSurfaceFormatsKHR -> VK_SUCCESS, count=8
surface_formats_nonempty: PASS
[INFO] chosen surface format=37 colorSpace=0
[INFO] present mode[0] = 1
[INFO] present mode[1] = 2
surface_present_modes_include_fifo: PASS
[INFO] deviceExtensionCount=170 VK_KHR_swapchain=yes VK_EXT_external_memory_host=no
device_advertises_swapchain: PASS
create_device_with_swapchain: PASS
resolve_device_wsi_funcs: PASS
[INFO] vkCreateSwapchainKHR: 480x320 minImageCount=5 format=37 usage=0x12 mode=1
[DRM] host-visible blob mapped: res=0x00000012 win_off=0x00130000 phys_hi=0x00000080 phys_lo=0x00130000 map_info=0x00000001
[DRM] host-visible blob mapped: res=0x00000013 win_off=0x001D0000 phys_hi=0x00000080 phys_lo=0x001D0000 map_info=0x00000001
[DRM] host-visible blob mapped: res=0x00000014 win_off=0x009D0000 phys_hi=0x00000080 phys_lo=0x009D0000 map_info=0x00000001
[DRM] host-visible blob mapped: res=0x00000015 win_off=0x00A70000 phys_hi=0x00000080 phys_lo=0x00A70000 map_info=0x00000001
[DRM] host-visible blob mapped: res=0x00000016 win_off=0x00B10000 phys_hi=0x00000080 phys_lo=0x00B10000 map_info=0x00000001
[DRM] host-visible blob mapped: res=0x00000017 win_off=0x00BB0000 phys_hi=0x00000080 phys_lo=0x00BB0000 map_info=0x00000001
create_swapchain: PASS
[INFO] swapchain image count = 5
swapchain_images_nonzero: PASS
create_command_pool: PASS
[DRM] host-visible blob mapped: res=0x00000018 win_off=0x00C50000 phys_hi=0x00000080 phys_lo=0x00C50000 map_info=0x00000003
[DRM] non-cached blob mapping honoured (uncached)
[DRM-SRV] mmap token=0x0000008000C50000 map_info=0x03 -> uncached
VKWL: HOLD READY seq=26 extent=480x320 rgb=2666f2 secs=180
VKWL: HOLD END seq=26
VKWL: HOLD READY seq=27 extent=480x320 rgb=f2cc1a secs=180
