[0m[?25l[42;1H[J[39mbrush-0.5# [38;5;14m[38;5;5m[0m[0mnosuchbi78[?25h[0m[?25l[42;1H[J[39mbrush-0.5# [38;5;14m[38;5;5m[0m[0mnosuchbinary_xy78[?25h[0m[?25l[42;1H[J[39mbrush-0.5# [38;5;14m[38;5;5m[0m[0mnosuchbinary_xyz78[?25h[0m[?25l[42;1H[J[39mbrush-0.5# [38;5;14m[38;5;5m[0m[0mnosuchbinary_xyz4278[?25h
[?2004l[31merror:[39m command not found: nosuchbinary_xyz42
[?2004h[0m[?25l[44;1H[J[39mbrush-0.5# [38;5;14m[38;5;5m[0m[0m78[?25h[0m[?25l[44;1H[J[39mbrush-0.5# [38;5;14m[38;5;5m[0m[0mbrush /b78[?25h[0m[?25l[44;1H[J[39mbrush-0.5# [38;5;14m[38;5;5m[0m[0mbrush /bin/m15b-78[?25h[0m[?25l[44;1H[J[39mbrush-0.5# [38;5;14m[38;5;5m[0m[0mbrush /bin/m15b-iced78[?25h
[?2004lM15B: BEGIN
M15B: wayland-1 after 1s
[EVSTAT] t=0xc8 dev=0x0 push=0x64 drop=0x0 depth=0x0 reads=0x0 eagain=0x0 deliv=0x0 polls=0x0 pollin=0x0 ioctls=0x0 enotty=0x0 lastnr=0x0 conspop=0x64 rpid=0x0 ipid=0x0
[EVSTAT] t=0xc8 dev=0x1 push=0x0 drop=0x0 depth=0x0 reads=0x0 eagain=0x0 deliv=0x0 polls=0x0 pollin=0x0 ioctls=0x0 enotty=0x0 lastnr=0x0 conspop=0x0 rpid=0x0 ipid=0x0
[DRM] unimplemented ioctl cmd=0xC00864BF nr=0x000000BF type=0x00000064 size=0x00000008 (reported once per boot)
[DRM-SRV] mmap token=0x000000004E400000 map_info=0x01 -> writeback
[DRM-SRV] mmap token=0x000000004EC00000 map_info=0x01 -> writeback
[EVSTAT] t=0x190 dev=0x0 push=0x64 drop=0x0 depth=0x0 reads=0x1 eagain=0x1 deliv=0x0 polls=0x488f pollin=0x0 ioctls=0x13 enotty=0x0 lastnr=0x0 conspop=0x64 rpid=0x18 ipid=0x18
[EVSTAT] t=0x190 dev=0x1 push=0x0 drop=0x0 depth=0x0 reads=0x1 eagain=0x1 deliv=0x0 polls=0x4898 pollin=0x0 ioctls=0x15 enotty=0x0 lastnr=0x0 conspop=0x0 rpid=0x18 ipid=0x18
[EVSTAT] t=0x258 dev=0x0 push=0x64 drop=0x0 depth=0x0 reads=0x1 eagain=0x1 deliv=0x0 polls=0x12a18 pollin=0x0 ioctls=0x13 enotty=0x0 lastnr=0x0 conspop=0x64 rpid=0x18 ipid=0x18
[EVSTAT] t=0x258 dev=0x1 push=0x0 drop=0x0 depth=0x0 reads=0x1 eagain=0x1 deliv=0x0 polls=0x12a18 pollin=0x0 ioctls=0x15 enotty=0x0 lastnr=0x0 conspop=0x0 rpid=0x18 ipid=0x18
[EVSTAT] t=0x320 dev=0x0 push=0x64 drop=0x0 depth=0x0 reads=0x1 eagain=0x1 deliv=0x0 polls=0x19ace pollin=0x0 ioctls=0x13 enotty=0x0 lastnr=0x0 conspop=0x64 rpid=0x18 ipid=0x18
[EVSTAT] t=0x320 dev=0x1 push=0x0 drop=0x0 depth=0x0 reads=0x1 eagain=0x1 deliv=0x0 polls=0x19af8 pollin=0x0 ioctls=0x15 enotty=0x0 lastnr=0x0 conspop=0x0 rpid=0x18 ipid=0x18
[PF] handle_user_page_fault returned false
[FAULT] far=0000000000000880 dfsc=0000000000000006 elr=000000008D1E6548

[EXC] EL0 Fault! PID=125 ESR=0000000092000006 FAR=0000000000000880 EC=0000000000000024 DFSC=0000000000000006 ELR=000000008D1E6548
[EXC] x0=0000000000000000 x1=000000008D19E529 sp=000000009C2CEF30
[PF] no address space for faulting task
[FAULT] far=000000009C37A8B0 dfsc=0000000000000007 elr=000000003006EE9C

[EXC] EL0 Fault! PID=121 ESR=0000000092000047 FAR=000000009C37A8B0 EC=0000000000000024 DFSC=0000000000000007 ELR=000000003006EE9C
[EXC] x0=000000009C379740 x1=0000000000001170 sp=0000000099CDC380
[EVSTAT] t=0x3e8 dev=0x0 push=0x64 drop=0x0 depth=0x0 reads=0x1 eagain=0x1 deliv=0x0 polls=0x20048 pollin=0x0 ioctls=0x13 enotty=0x0 lastnr=0x0 conspop=0x64 rpid=0x18 ipid=0x18
[EVSTAT] t=0x3e8 dev=0x1 push=0x0 drop=0x0 depth=0x0 reads=0x1 eagain=0x1 deliv=0x0 polls=0x20062 pollin=0x0 ioctls=0x15 enotty=0x0 lastnr=0x0 conspop=0x0 rpid=0x18 ipid=0x18
[PF] handle_user_page_fault returned false
[FAULT] far=0000000000000880 dfsc=0000000000000006 elr=00000000A4EEE548

[EXC] EL0 Fault! PID=136 ESR=0000000092000006 FAR=0000000000000880 EC=0000000000000024 DFSC=0000000000000006 ELR=00000000A4EEE548
[EXC] x0=0000000000000000 x1=00000000A4EA6529 sp=00000000BB9C3F30
[EVSTAT] t=0x4b0 dev=0x0 push=0x64 drop=0x0 depth=0x0 reads=0x1 eagain=0x1 deliv=0x0 polls=0x286dc pollin=0x0 ioctls=0x13 enotty=0x0 lastnr=0x0 conspop=0x64 rpid=0x18 ipid=0x18
[EVSTAT] t=0x4b0 dev=0x1 push=0x0 drop=0x0 depth=0x0 reads=0x1 eagain=0x1 deliv=0x0 polls=0x28728 pollin=0x0 ioctls=0x15 enotty=0x0 lastnr=0x0 conspop=0x0 rpid=0x18 ipid=0x18
[PF] handle_user_page_fault returned false
[FAULT] far=0000000000000880 dfsc=0000000000000006 elr=00000000BBB31548

[EXC] EL0 Fault! PID=140 ESR=0000000092000006 FAR=0000000000000880 EC=0000000000000024 DFSC=0000000000000006 ELR=00000000BBB31548
[EXC] x0=0000000000000000 x1=00000000BBAE9529 sp=00000000BCD8AF30
[EVSTAT] t=0x578 dev=0x0 push=0x64 drop=0x0 depth=0x0 reads=0x1 eagain=0x1 deliv=0x0 polls=0x2faa9 pollin=0x0 ioctls=0x13 enotty=0x0 lastnr=0x0 conspop=0x64 rpid=0x18 ipid=0x18
[EVSTAT] t=0x578 dev=0x1 push=0x0 drop=0x0 depth=0x0 reads=0x1 eagain=0x1 deliv=0x0 polls=0x2faa9 pollin=0x0 ioctls=0x15 enotty=0x0 lastnr=0x0 conspop=0x0 rpid=0x18 ipid=0x18
[PF] handle_user_page_fault returned false
[FAULT] far=0000000000000880 dfsc=0000000000000006 elr=00000000BCF03548

[EXC] EL0 Fault! PID=144 ESR=0000000092000006 FAR=0000000000000880 EC=0000000000000024 DFSC=0000000000000006 ELR=00000000BCF03548
[EXC] x0=0000000000000000 x1=00000000BCEBB529 sp=00000000BE10FF30
[EVSTAT] t=0x640 dev=0x0 push=0x64 drop=0x0 depth=0x0 reads=0x1 eagain=0x1 deliv=0x0 polls=0x37f4d pollin=0x0 ioctls=0x13 enotty=0x0 lastnr=0x0 conspop=0x64 rpid=0x18 ipid=0x18
[EVSTAT] t=0x640 dev=0x1 push=0x0 drop=0x0 depth=0x0 reads=0x1 eagain=0x1 deliv=0x0 polls=0x37f4d pollin=0x0 ioctls=0x15 enotty=0x0 lastnr=0x0 conspop=0x0 rpid=0x18 ipid=0x18
[PF] handle_user_page_fault returned false
[FAULT] far=0000000000000880 dfsc=0000000000000006 elr=00000000BE26C548

[EXC] EL0 Fault! PID=148 ESR=0000000092000006 FAR=0000000000000880 EC=0000000000000024 DFSC=0000000000000006 ELR=00000000BE26C548
[EXC] x0=0000000000000000 x1=00000000BE224529 sp=00000000BF473F30
[PF] handle_user_page_fault returned false
[FAULT] far=0000000000000880 dfsc=0000000000000006 elr=000000008D9A2548

[EXC] EL0 Fault! PID=150 ESR=0000000092000006 FAR=0000000000000880 EC=0000000000000024 DFSC=0000000000000006 ELR=000000008D9A2548
[EXC] x0=0000000000000000 x1=000000008D95A529 sp=00000000BF978DF0
[EVSTAT] t=0x708 dev=0x0 push=0x64 drop=0x0 depth=0x0 reads=0x1 eagain=0x1 deliv=0x0 polls=0x3ffae pollin=0x0 ioctls=0x13 enotty=0x0 lastnr=0x0 conspop=0x64 rpid=0x18 ipid=0x18
[EVSTAT] t=0x708 dev=0x1 push=0x0 drop=0x0 depth=0x0 reads=0x1 eagain=0x1 deliv=0x0 polls=0x3ffe2 pollin=0x0 ioctls=0x15 enotty=0x0 lastnr=0x0 conspop=0x0 rpid=0x18 ipid=0x18
[PF] handle_user_page_fault returned false
[FAULT] far=0000000000000880 dfsc=0000000000000006 elr=00000000C0441548

[EXC] EL0 Fault! PID=160 ESR=0000000092000006 FAR=0000000000000880 EC=0000000000000024 DFSC=0000000000000006 ELR=00000000C0441548
[EXC] x0=0000000000000000 x1=00000000C03F9529 sp=00000000C1EE0F30

[EXC] EL0 Fault! PID=158 ESR=0000000002000000 FAR=00000000C1FC0000 EC=0000000000000000 DFSC=0000000000000000 ELR=0000000000F4C000
[EXC] x0=0018000000000000 x1=0018000000000004 sp=00000000C180EFF0
