[0m[?25l[48;1H[J[39mbrush-0.5# [38;5;14m[38;5;5m[0m[0mnosuchbi78[?25h[0m[?25l[48;1H[J[39mbrush-0.5# [38;5;14m[38;5;5m[0m[0mnosuchbinary_xyz4278[?25h
[?2004l[31merror:[39m command not found: nosuchbinary_xyz42
[?2004h[0m[?25l[50;1H[J[39mbrush-0.5# [38;5;14m[38;5;5m[0m[0m78[?25h[0m[?25l[50;1H[J[39mbrush-0.5# [38;5;14m[38;5;5m[0m[0mbrush /b78[?25h[0m[?25l[50;1H[J[39mbrush-0.5# [38;5;14m[38;5;5m[0m[0mbrush /bin/m17-census78[?25h
[?2004lM17: BEGIN
MEMINFO boot total=2064769024 free=2026008576 used=38760448 usedpct=1 procs=5 uptime=1
M17: busd ready after 1s
M17: wayland-1 after 1s
MEMINFO wayland1 total=2064769024 free=1975599104 used=89169920 usedpct=4 procs=8 uptime=3
M17: MARK SETTLE1 45
[GPU] device features hi=0x00000101 lo=0x30000002
[GPU] *** host does NOT offer VIRTIO_GPU_F_VIRGL -- 3D/Venus unavailable ***
[GPU] *** host does NOT offer VIRTIO_GPU_F_RESOURCE_BLOB -- 3D/Venus unavailable ***
[GPU] *** host does NOT offer VIRTIO_GPU_F_CONTEXT_INIT -- 3D/Venus unavailable ***
[GPU] acked features hi=0x00000001 lo=0x00000002
[DRM] unimplemented ioctl cmd=0xC00864BF nr=0x000000BF type=0x00000064 size=0x00000008 (reported once per boot)
[DRM-SRV] mmap token=0x000000000E800000 map_info=0x01 -> writeback
[DRM-SRV] mmap token=0x000000000F000000 map_info=0x01 -> writeback
[PF] handle_user_page_fault returned false
user page fault RIP=0x000000008A926174 CR2=0x0000000000000880 CR3=0x000000006C1B6000 err=0x0000000000000004: task killed
  PML4[0000000000000000]=0x000000006625c027
  PDPT[0000000000000000]=0x000000006625d027
  PD[0000000000000000]=0x0000000000000000
[PF] handle_user_page_fault returned false
user page fault RIP=0x000000009B526174 CR2=0x0000000000000880 CR3=0x0000000065969000 err=0x0000000000000004: task killed
  PML4[0000000000000000]=0x000000006596b027
  PDPT[0000000000000000]=0x000000006596c027
  PD[0000000000000000]=0x0000000000000000
[PF] handle_user_page_fault returned false
user page fault RIP=0x000000008AD9D174 CR2=0x0000000000000880 CR3=0x000000000EC4D000 err=0x0000000000000004: task killed
  PML4[0000000000000000]=0x0000000064a22027
  PDPT[0000000000000000]=0x0000000064a23027
  PD[0000000000000000]=0x0000000000000000
[PF] handle_user_page_fault returned false
user page fault RIP=0x00000000BB2F0174 CR2=0x0000000000000880 CR3=0x000000001C396000 err=0x0000000000000004: task killed
  PML4[0000000000000000]=0x000000001c334027
  PDPT[0000000000000000]=0x000000001c335027
  PD[0000000000000000]=0x0000000000000000
MEMINFO settle1 total=2064769024 free=1243795456 used=820973568 usedpct=39 procs=17 uptime=48
M17: ENDMARK SETTLE1
M17: MARK SETTLE2 45
MEMINFO settle2 total=2064769024 free=1243525120 used=821243904 usedpct=39 procs=17 uptime=93
M17: ENDMARK SETTLE2
M17: MARK SETTLE3 45
MEMINFO settle3 total=2064769024 free=1243258880 used=821510144 usedpct=39 procs=17 uptime=138
M17: ENDMARK SETTLE3
M17: ==== BEGIN busd.log ====
[2m1970-01-01T00:00:01.409723Z[0m [32m INFO[0m [2mbusd[0m[2m:[0m reading configuration file /usr/share/dbus-1/session.conf ...
[2m1970-01-01T00:00:01.410484Z[0m [32m INFO[0m [2mbusd::bus[0m[2m:[0m Listening on UNIX socket file `/run/user/0/bus`.
[2m1970-01-01T00:00:07.716867Z[0m [33m WARN[0m [2mbusd::peers[0m[2m:[0m unknown destination: org.a11y.Bus
[2m1970-01-01T00:00:07.734969Z[0m [33m WARN[0m [2mbusd::peers[0m[2m:[0m unknown destination: com.system76.PowerDaemon
[2m1970-01-01T00:00:08.133622Z[0m [33m WARN[0m [2mbusd::peers[0m[2m:[0m unknown destination: com.system76.CosmicLauncher
[2m1970-01-01T00:00:08.135339Z[0m [33m WARN[0m [2mbusd::peers[0m[2m:[0m unknown destination: com.system76.CosmicWorkspaces
[2m1970-01-01T00:00:08.136964Z[0m [33m WARN[0m [2mbusd::peers[0m[2m:[0m unknown destination: com.system76.CosmicOnScreenDisplay
[2m1970-01-01T00:00:08.259999Z[0m [33m WARN[0m [2mbusd::peers[0m[2m:[0m unknown destination: com.system76.CosmicAppLibrary
[2m1970-01-01T00:00:08.454537Z[0m [33m WARN[0m [2mbusd::peers[0m[2m:[0m unknown destination: org.freedesktop.UPower
[2m1970-01-01T00:00:08.745008Z[0m [33m WARN[0m [2mbusd::peers[0m[2m:[0m unknown destination: org.freedesktop.locale1
[2m1970-01-01T00:00:09.221005Z[0m [33m WARN[0m [2mbusd::peers[0m[2m:[0m unknown destination: org.freedesktop.UPower
[2m1970-01-01T00:00:09.350083Z[0m [33m WARN[0m [2mbusd::peers[0m[2m:[0m unknown destination: org.a11y.Bus
[2m1970-01-01T00:00:09.374303Z[0m [33m WARN[0m [2mbusd::peers[0m[2m:[0m unknown destination: org.freedesktop.portal.Desktop
[2m1970-01-01T00:00:09.374486Z[0m [33m WARN[0m [2mbusd::peers[0m[2m:[0m unknown destination: org.freedesktop.portal.Desktop
[2m1970-01-01T00:00:09.374586Z[0m [33m WARN[0m [2mbusd::peers[0m[2m:[0m unknown destination: org.a11y.Bus
[2m1970-01-01T00:00:09.376683Z[0m [33m WARN[0m [2mbusd::peers[0m[2m:[0m unknown destination: org.freedesktop.portal.Desktop
[2m1970-01-01T00:00:09.376791Z[0m [33m WARN[0m [2mbusd::peers[0m[2m:[0m unknown destination: org.freedesktop.portal.Desktop
[2m1970-01-01T00:00:09.414203Z[0m [33m WARN[0m [2mbusd::peers[0m[2m:[0m unknown destination: org.freedesktop.portal.Desktop
[2m1970-01-01T00:00:09.416156Z[0m [33m WARN[0m [2mbusd::peers[0m[2m:[0m unknown destination: org.freedesktop.portal.Desktop
[2m1970-01-01T00:00:09.492898Z[0m [33m WARN[0m [2mbusd::peers[0m[2m:[0m unknown destination: org.freedesktop.login1
[2m1970-01-01T00:00:10.160333Z[0m [33m WARN[0m [2mbusd::peers[0m[2m:[0m unknown destination: org.freedesktop.timedate1
M17: ==== END busd.log ====
MEMINFO precensus total=2064769024 free=1242996736 used=821772288 usedpct=39 procs=17 uptime=138
M17: CENSUS DONE
M17: MARK PROBE 90
MEMINFO probe total=2064769024 free=1122557952 used=942211072 usedpct=45 procs=17 uptime=228
M17: ENDMARK PROBE
M17: CAPTURES DONE
M17: ---- probe launcher
276 /data/m17/p-launcher.log
1970-01-01T00:02:18.734910Z  INFO cosmic-launcher (com.system76.CosmicLauncher)
1970-01-01T00:02:18.735810Z  INFO Version: 1.0.12 (release)
1970-01-01T00:02:18.863857Z  INFO Successfully activated another instance
1970-01-01T00:02:18.866150Z  INFO Another instance is running

M17: ---- end probe launcher
M17: ---- probe applibrary
1475 /data/m17/p-applibrary.log
 INFO  cosmic_app_library > Cosmic App Library (com.system76.CosmicAppLibrary)
 INFO  cosmic_app_library > Version: 0.1.0
 INFO  i18n_embed::requester > Current Locale: []
 INFO  i18n_embed            > Selecting translations for domain "cosmic_app_library"
 INFO  zbus::connection::handshake::common > write_command; command=Auth(Some(External), Some([48]))
 INFO  zbus::connection::handshake::common > write_commands; commands=[Auth(Some(External), Some([48]))] extra_bytes=None
 INFO  tracing::span                       > read_command;
 INFO  zbus::connection::handshake::common > read_commands; n_commands=1
 INFO  zbus::connection::handshake::common > write_commands; commands=[NegotiateUnixFD, Begin] extra_bytes=Some([108, 1, 0, 1, 0, 0, 0, 0, 1, 0, 0, 0, 109, 0, 0, 0, 1, 1, 111, 0, 21, 0, 0, 0, 47, 111, 114, 103, 47, 102, 114, 101, 101, 100, 101, 115, 107, 116, 111, 112, 47, 68, 66, 117, 
M17: ---- end probe applibrary
M17: ---- probe workspaces
1471 /data/m17/p-workspaces.log
[1970-01-01T00:02:18Z INFO  i18n_embed::requester] Current Locale: []
[1970-01-01T00:02:18Z INFO  i18n_embed] Selecting translations for domain "cosmic_workspaces"
[1970-01-01T00:02:18Z INFO  zbus::connection::handshake::common] write_command; command=Auth(Some(External), Some([48]))
[1970-01-01T00:02:18Z INFO  zbus::connection::handshake::common] write_commands; commands=[Auth(Some(External), Some([48]))] extra_bytes=None
[1970-01-01T00:02:19Z INFO  tracing::span] read_command;
[1970-01-01T00:02:19Z INFO  zbus::connection::handshake::common] read_commands; n_commands=1
[1970-01-01T00:02:19Z INFO  zbus::connection::handshake::common] write_commands; commands=[NegotiateUnixFD, Begin] extra_bytes=Some([108, 1, 0, 1, 0, 0, 0, 0, 1, 0, 0, 0, 109, 0, 0, 0, 1, 1, 111, 0, 21, 0, 0, 0, 47, 111, 114, 103, 47, 102, 114, 101, 101, 100, 101, 115, 107, 116, 111, 112, 47, 68, 66, 117, 115, 0, 0, 0, 2,
M17: ---- end probe workspaces
M17: ---- probe osd
1307 /data/m17/p-osd.log
[1970-01-01T00:02:18Z INFO  zbus::connection::handshake::common] write_command; command=Auth(Some(External), Some([48]))
[1970-01-01T00:02:18Z INFO  zbus::connection::handshake::common] write_commands; commands=[Auth(Some(External), Some([48]))] extra_bytes=None
[1970-01-01T00:02:18Z INFO  tracing::span] read_command;
[1970-01-01T00:02:18Z INFO  zbus::connection::handshake::common] read_commands; n_commands=1
[1970-01-01T00:02:18Z INFO  zbus::connection::handshake::common] write_commands; commands=[NegotiateUnixFD, Begin] extra_bytes=Some([108, 1, 0, 1, 0, 0, 0, 0, 1, 0, 0, 0, 109, 0, 0, 0, 1, 1, 111, 0, 21, 0, 0, 0, 47, 111, 114, 103, 47, 102, 114, 101, 101, 100, 101, 115, 107, 116, 111, 112, 47, 68, 66, 117, 115, 0, 0, 0, 2, 1, 115, 0, 20, 0, 0, 0, 111, 114, 103, 46, 102, 114, 101, 101, 100, 101, 115, 107, 116, 111, 112, 46, 68, 66, 117, 115, 0, 0, 0, 0, 3, 1, 115, 0, 5, 0, 0, 0, 72, 1
M17: ---- end probe osd
MEMINFO final total=2064769024 free=1121239040 used=943529984 usedpct=45 procs=17 uptime=228
M17: ==== BEGIN cosmic.log (tail) ====
0m[2m:[0m [1970-01-01T00:00:10Z INFO  tracing::span] read_socket;
[2m1970-01-01T00:00:10.791862Z[0m [32m INFO[0m [1mcosmic-panel[0m[2m:[0m [2mcosmic_session::notifications[0m[2m:[0m \x1b[2m1970-01-01T00:00:10.784415Z\x1b[0m \x1b[32m INFO\x1b[0m Scale factor changed 1 for as surface in space "Dock" on HDMI-A-1
[2m1970-01-01T00:00:10.794337Z[0m [32m INFO[0m [1mcosmic-panel[0m[2m:[0m [2mcosmic_session::notifications[0m[2m:[0m \x1b[2m1970-01-01T00:00:10.784489Z\x1b[0m \x1b[32m INFO\x1b[0m \x1b[1megl\x1b[0m\x1b[1m{\x1b[0m\x1b[3mplatform\x1b[0m\x1b[2m=\x1b[0m"PLATFORM_WAYLAND_KHR" \x1b[3mversion\x1b[0m\x1b[2m=\x1b[0m(1, 5)\x1b[1m}\x1b[0m\x1b[2m:\x1b[0m\x1b[1megl_context\x1b[0m\x1b[2m:\x1b[0m Selected color format: PixelFormat { hardware_accelerated: true, color_bits: 24, alpha_bits: 8, depth_bits: 24, stencil_bits: 8, stereoscopy: false, multisampling: None, srgb: false }
[2m1970-01-01T00:00:10.832977Z[0m [32m INFO[0m [1mcosmic-greeter[0m[2m:[0m [2mcosmic_session[0m[2m:[0m \x1b[2m1970-01-01T00:00:10.832692Z\x1b[0m \x1b[33m WARN\x1b[0m \x1b[2mcosmic_greeter::time\x1b[0m\x1b[2m:\x1b[0m No valid locale found in environment, using fallback
[2m1970-01-01T00:00:10.841490Z[0m [32m INFO[0m [1mcosmic-greeter[0m[2m:[0m [2mcosmic_session[0m[2m:[0m \x1b[2m1970-01-01T00:00:10.841233Z\x1b[0m \x1b[32m INFO\x1b[0m \x1b[2mcosmic_greeter::common\x1b[0m\x1b[2m:\x1b[0m []
[2m1970-01-01T00:00:10.859999Z[0m [32m INFO[0m [1mcosmic-greeter[0m[2m:[0m [2mcosmic_session[0m[2m:[0m \x1b[2m1970-01-01T00:00:10.858031Z\x1b[0m \x1b[32m INFO\x1b[0m \x1b[2miced_winit\x1b[0m\x1b[2m:\x1b[0m System theme: None
[2m1970-01-01T00:00:10.862432Z[0m [33m WARN[0m [1mcosmic-idle[0m[2m:[0m [2mcosmic_session[0m[2m:[0m [1970-01-01T00:00:10Z INFO  tracing::span] read_socket;
[2m1970-01-01T00:00:10.870163Z[0m [32m INFO[0m [1mcosmic-greeter[0m[2m:[0m [2mcosmic_session[0m[2m:[0m \x1b[2m1970-01-01T00:00:10.869867Z\x1b[0m \x1b[32m INFO\x1b[0m \x1b[2miced_winit::platform_specific::wayland::event_loop\x1b[0m\x1b[2m:\x1b[0m SCTK setup complete.
[2m1970-01-01T00:00:10.888927Z[0m [33m WARN[0m [1mcosmic-greeter[0m[2m:[0m [2mcosmic_session[0m[2m:[0m xkbcommon: ERROR: failed to add default include path /usr/share/X11/xkb
[2m1970-01-01T00:00:10.971735Z[0m [32m INFO[0m [1mcosmic-panel[0m[2m:[0m [2mcosmic_session::notifications[0m[2m:[0m \x1b[2m1970-01-01T00:00:10.971413Z\x1b[0m \x1b[32m INFO\x1b[0m \x1b[1megl\x1b[0m\x1b[1m{\x1b[0m\x1b[3mplatform\x1b[0m\x1b[2m=\x1b[0m"PLATFORM_WAYLAND_KHR" \x1b[3mversion\x1b[0m\x1b[2m=\x1b[0m(1, 5)\x1b[1m}\x1b[0m\x1b[2m:\x1b[0m\x1b[1megl_context\x1b[0m\x1b[1m{\x1b[0m\x1b[3mptr\x1b[0m\x1b[2m=\x1b[0m2602125696\x1b[1m}\x1b[0m\x1b[2m:\x1b[0m EGL context created \x1b[3mpriority\x1b[0m\x1b[2m=\x1b[0mNone
[2m1970-01-01T00:00:11.335958Z[0m [32m INFO[0m [1mcosmic-panel[0m[2m:[0m [2mcosmic_session::notifications[0m[2m:[0m \x1b[2m1970-01-01T00:00:11.335686Z\x1b[0m \x1b[32m INFO\x1b[0m Cell { value: None }
[2m1970-01-01T00:00:11.346752Z[0m [32m INFO[0m [1mcosmic-panel[0m[2m:[0m [2mcosmic_session::notifications[0m[2m:[0m \x1b[2m1970-01-01T00:00:11.335716Z\x1b[0m \x1b[32m INFO\x1b[0m Cell { value: None }
[2m1970-01-01T00:00:11.559323Z[0m [33m WARN[0m [1mcosmic-files-applet[0m[2m:[0m [2mcosmic_session[0m[2m:[0m   \x1b[33m WARN\x1b[0m  \x1b[33mNo valid locale found in environment, using fallback\x1b[0m
[2m1970-01-01T00:00:11.562532Z[0m [33m WARN[0m [1mcosmic-files-applet[0m[2m:[0m [2mcosmic_session[0m[2m:[0m     \x1b[2;3mat\x1b[0m src/localize.rs:69 \x1b[2;3mon\x1b[0m main
[2m1970-01-01T00:00:11.568080Z[0m [33m WARN[0m [1mcosmic-files-applet[0m[2m:[0m [2mcosmic_session[0m[2m:[0m 
[2m1970-01-01T00:00:11.571147Z[0m [33m WARN[0m [1mcosmic-files-applet[0m[2m:[0m [2mcosmic_session[0m[2m:[0m   \x1b[32m INFO\x1b[0m  \x1b[32mrescan_tab Entity(1v1) Desktop("/root/Desktop", "", DesktopConfig { grid_spacing: 100, icon_size: 100, show_content: true, show_mounted_drives: false, show_trash: false }) None\x1b[0m
[2m1970-01-01T00:00:11.572204Z[0m [33m WARN[0m [1mcosmic-files-applet[0m[2m:[0m [2mcosmic_session[0m[2m:[0m     \x1b[2;3mat\x1b[0m src/app.rs:1512 \x1b[2;3mon\x1b[0m main
[2m1970-01-01T00:00:11.573944Z[0m [33m WARN[0m [1mcosmic-files-applet[0m[2m:[0m [2mcosmic_session[0m[2m:[0m 
[2m1970-01-01T00:00:11.579812Z[0m [33m WARN[0m [1mcosmic-files-applet[0m[2m:[0m [2mcosmic_session[0m[2m:[0m   \x1b[33m WARN\x1b[0m  \x1b[33mfailed to read directory /root/Desktop: No such file or directory (os error 2)\x1b[0m
[2m1970-01-01T00:00:11.584396Z[0m [33m WARN[0m [1mcosmic-files-applet[0m[2m:[0m [2mcosmic_session[0m[2m:[0m     \x1b[2;3mat\x1b[0m src/tab.rs:1086 \x1b[2;3mon\x1b[0m tokio-rt-worker
[2m1970-01-01T00:00:11.586853Z[0m [33m WARN[0m [1mcosmic-files-applet[0m[2m:[0m [2mcosmic_session[0m[2m:[0m 
[2m1970-01-01T00:00:11.591389Z[0m [33m WARN[0m [1mcosmic-files-applet[0m[2m:[0m [2mcosmic_session[0m[2m:[0m   \x1b[33m WARN\x1b[0m  \x1b[33mfailed to get item for /root/Desktop: failed to read metadata for /root/Desktop: No such file or directory (os error 2)\x1b[0m
[2m1970-01-01T00:00:11.594653Z[0m [33m WARN[0m [1mcosmic-files-applet[0m[2m:[0m [2mcosmic_session[0m[2m:[0m     \x1b[2;3mat\x1b[0m src/tab.rs:1611 \x1b[2;3mon\x1b[0m tokio-rt-worker
[2m1970-01-01T00:00:11.596600Z[0m [33m WARN[0m [1mcosmic-files-applet[0m[2m:[0m [2mcosmic_session[0m[2m:[0m 
[2m1970-01-01T00:00:11.598981Z[0m [33m WARN[0m [1mcosmic-files-applet[0m[2m:[0m [2mcosmic_session[0m[2m:[0m   \x1b[32m INFO\x1b[0m  \x1b[32mSystem theme: None\x1b[0m
[2m1970-01-01T00:00:11.600005Z[0m [33m WARN[0m [1mcosmic-files-applet[0m[2m:[0m [2mcosmic_session[0m[2m:[0m     \x1b[2;3mat\x1b[0m /Users/forain/.cargo/git/checkouts/libcosmic-41009aea1d72760b/96a8204/iced/winit/src/lib.rs:843 \x1b[2;3mon\x1b[0m main
[2m1970-01-01T00:00:11.608332Z[0m [33m WARN[0m [1mcosmic-files-applet[0m[2m:[0m [2mcosmic_session[0m[2m:[0m 
[2m1970-01-01T00:00:11.621864Z[0m [33m WARN[0m [1mcosmic-files-applet[0m[2m:[0m [2mcosmic_session[0m[2m:[0m   \x1b[32m INFO\x1b[0m  \x1b[32mSCTK setup complete.\x1b[0m
[2m1970-01-01T00:00:11.624664Z[0m [33m WARN[0m [1mcosmic-files-applet[0m[2m:[0m [2mcosmic_session[0m[2m:[0m     \x1b[2;3mat\x1b[0m /Users/forain/.cargo/git/checkouts/libcosmic-41009aea1d72760b/96a8204/iced/winit/src/platform_specific/wayland/event_loop/mod.rs:465 \x1b[2;3mon\x1b[0m 
[2m1970-01-01T00:00:11.626291Z[0m [33m WARN[0m [1mcosmic-files-applet[0m[2m:[0m [2mcosmic_session[0m[2m:[0m 
[2m1970-01-01T00:00:11.631963Z[0m [31mERROR[0m [2mlaunch_pad[0m[2m:[0m process ' WAYLAND_DISPLAY=wayland-1 XDG_SESSION_TYPE=wayland cosmic-files-applet ' failed with code 1
[2m1970-01-01T00:00:11.632014Z[0m [31mERROR[0m [2mcosmic_session[0m[2m:[0m cosmic-files-applet exited with error 1
[2m1970-01-01T00:00:11.632038Z[0m [32m INFO[0m [2mlaunch_pad[0m[2m:[0m draining stdin receiver before restarting process
[2m1970-01-01T00:00:11.632062Z[0m [32m INFO[0m [2mlaunch_pad[0m[2m:[0m sleeping for 0ms before restarting process cosmic-files-applet (restart 0)
[2m1970-01-01T00:00:11.632106Z[0m [33m WARN[0m [1mcosmic-files-applet[0m[2m:[0m [2mcosmic_session[0m[2m:[0m xkbcommon: ERROR: failed to add default include path /usr/share/X11/xkb
[2m1970-01-01T00:00:11.662273Z[0m [32m INFO[0m [2mlaunch_pad[0m[2m:[0m restarted process ' WAYLAND_DISPLAY=wayland-1 XDG_SESSION_TYPE=wayland cosmic-files-applet ', now at 1 restarts
[2m1970-01-01T00:00:11.701922Z[0m [33m WARN[0m [1mcosmic-idle[0m[2m:[0m [2mcosmic_session[0m[2m:[0m [1970-01-01T00:00:11Z INFO  tracing::span] read_socket;
[2m1970-01-01T00:00:11.718964Z[0m [33m WARN[0m [1mcosmic-files-applet[0m[2m:[0m [2mcosmic_session[0m[2m:[0m   \x1b[32m INFO\x1b[0m  \x1b[32mCurrent Locale: []\x1b[0m
[2m1970-01-01T00:00:11.719027Z[0m [33m WARN[0m [1mcosmic-files-applet[0m[2m:[0m [2mcosmic_session[0m[2m:[0m     \x1b[2;3mat\x1b[0m /Users/forain/.cargo/registry/src/index.crates.io-1949cf8c6b5b557f/i18n-embed-0.16.0/src/requester.rs:299 \x1b[2;3mon\x1b[0m main
[2m1970-01-01T00:00:11.720047Z[0m [33m WARN[0m [1mcosmic-files-applet[0m[2m:[0m [2mcosmic_session[0m[2m:[0m 
[2m1970-01-01T00:00:11.721686Z[0m [33m WARN[0m [1mcosmic-files-applet[0m[2m:[0m [2mcosmic_session[0m[2m:[0m   \x1b[32m INFO\x1b[0m  \x1b[32mSelecting translations for domain "cosmic_files"\x1b[0m
[2m1970-01-01T00:00:11.723327Z[0m [33m WARN[0m [1mcosmic-files-applet[0m[2m:[0m [2mcosmic_session[0m[2m:[0m     \x1b[2;3mat\x1b[0m /Users/forain/.cargo/registry/src/index.crates.io-1949cf8c6b5b557f/i18n-embed-0.16.0/src/lib.rs:602 \x1b[2;3mon\x1b[0m main
[2m1970-01-01T00:00:11.724940Z[0m [33m WARN[0m [1mcosmic-files-applet[0m[2m:[0m [2mcosmic_session[0m[2m:[0m 
[2m1970-01-01T00:00:11.753218Z[0m [33m WARN[0m [1mcosmic-files-applet[0m[2m:[0m [2mcosmic_session[0m[2m:[0m   \x1b[33m WARN\x1b[0m  \x1b[33mfailed to locate desktop directory, falling back to /root/Desktop\x1b[0m
[2m1970-01-01T00:00:11.755650Z[0m [33m WARN[0m [1mcosmic-files-applet[0m[2m:[0m [2mcosmic_session[0m[2m:[0m     \x1b[2;3mat\x1b[0m src/lib.rs:50 \x1b[2;3mon\x1b[0m main
[2m1970-01-01T00:00:11.757316Z[0m [33m WARN[0m [1mcosmic-files-applet[0m[2m:[0m [2mcosmic_session[0m[2m:[0m 
[2m1970-01-01T00:00:11.762465Z[0m [33m WARN[0m [1mcosmic-files-applet[0m[2m:[0m [2mcosmic_session[0m[2m:[0m   \x1b[33m WARN\x1b[0m  \x1b[33mfailed to get system locale, falling back to en-US\x1b[0m
[2m1970-01-01T00:00:11.762577Z[0m [33m WARN[0m [1mcosmic-files-applet[0m[2m:[0m [2mcosmic_session[0m[2m:[0m     \x1b[2;3mat\x1b[0m /Users/forain/.cargo/registry/src/index.crates.io-1949cf8c6b5b557f/cosmic-text-0.19.0/src/font/system.rs:423 \x1b[2;3mon\x1b[0m main
[2m1970-01-01T00:00:11.762606Z[0m [33m WARN[0m [1mcosmic-files-applet[0m[2m:[0m [2mcosmic_session[0m[2m:[0m 
[2m1970-01-01T00:00:11.762873Z[0m [33m WARN[0m [1mcosmic-files-applet[0m[2m:[0m [2mcosmic_session[0m[2m:[0m   \x1b[33m WARN\x1b[0m  \x1b[33mFallback to loading from known font dir paths.\x1b[0m
[2m1970-01-01T00:00:11.762937Z[0m [33m WARN[0m [1mcosmic-files-applet[0m[2m:[0m [2mcosmic_session[0m[2m:[0m     \x1b[2;3mat\x1b[0m /Users/forain/.cargo/registry/src/index.crates.io-1949cf8c6b5b557f/fontdb-0.23.0/src/lib.rs:466 \x1b[2;3mon\x1b[0m main
[2m1970-01-01T00:00:11.763040Z[0m [33m WARN[0m [1mcosmic-files-applet[0m[2m:[0m [2mcosmic_session[0m[2m:[0m 
[2m1970-01-01T00:00:11.794465Z[0m [33m WARN[0m [1mcosmic-files-applet[0m[2m:[0m [2mcosmic_session[0m[2m:[0m xkbcommon: ERROR: couldn't find a Compose file for locale "C" (mapped to "C")
[2m1970-01-01T00:00:11.967823Z[0m [33m WARN[0m [1mcosmic-files-applet[0m[2m:[0m [2mcosmic_session[0m[2m:[0m   \x1b[32m INFO\x1b[0m  \x1b[32mdetected desktop entry, \x1b[1;32mid\x1b[0m\x1b[32m: "com.system76.CosmicAppletTime"\x1b[0m
[2m1970-01-01T00:00:11.967861Z[0m [33m WARN[0m [1mcosmic-files-applet[0m[2m:[0m [2mcosmic_session[0m[2m:[0m     \x1b[2;3mat\x1b[0m src/mime_app.rs:359 \x1b[2;3mon\x1b[0m main
[2m1970-01-01T00:00:11.967886Z[0m [33m WARN[0m [1mcosmic-files-applet[0m[2m:[0m [2mcosmic_session[0m[2m:[0m 
[2m1970-01-01T00:00:11.969039Z[0m [33m WARN[0m [1mcosmic-files-applet[0m[2m:[0m [2mcosmic_session[0m[2m:[0m   \x1b[32m INFO\x1b[0m  \x1b[32mloaded mime app cache in 11.048634ms\x1b[0m
[2m1970-01-01T00:00:11.969075Z[0m [33m WARN[0m [1mcosmic-files-applet[0m[2m:[0m [2mcosmic_session[0m[2m:[0m     \x1b[2;3mat\x1b[0m src/mime_app.rs:501 \x1b[2;3mon\x1b[0m main
[2m1970-01-01T00:00:11.969099Z[0m [33m WARN[0m [1mcosmic-files-applet[0m[2m:[0m [2mcosmic_session[0m[2m:[0m 
[2m1970-01-01T00:00:12.928530Z[0m [33m WARN[0m [1mcosmic-files-applet[0m[2m:[0m [2mcosmic_session[0m[2m:[0m   \x1b[33m WARN\x1b[0m  \x1b[33mNo valid locale found in environment, using fallback\x1b[0m
[2m1970-01-01T00:00:12.928578Z[0m [33m WARN[0m [1mcosmic-files-applet[0m[2m:[0m [2mcosmic_session[0m[2m:[0m     \x1b[2;3mat\x1b[0m src/localize.rs:69 \x1b[2;3mon\x1b[0m main
[2m1970-01-01T00:00:12.930027Z[0m [33m WARN[0m [1mcosmic-files-applet[0m[2m:[0m [2mcosmic_session[0m[2m:[0m 
[2m1970-01-01T00:00:12.941236Z[0m [33m WARN[0m [1mcosmic-files-applet[0m[2m:[0m [2mcosmic_session[0m[2m:[0m   \x1b[32m INFO\x1b[0m  \x1b[32mrescan_tab Entity(1v1) Desktop("/root/Desktop", "", DesktopConfig { grid_spacing: 100, icon_size: 100, show_content: true, show_mounted_drives: false, show_trash: false }) None\x1b[0m
[2m1970-01-01T00:00:12.941331Z[0m [33m WARN[0m [1mcosmic-files-applet[0m[2m:[0m [2mcosmic_session[0m[2m:[0m     \x1b[2;3mat\x1b[0m src/app.rs:1512 \x1b[2;3mon\x1b[0m main
[2m1970-01-01T00:00:12.941354Z[0m [33m WARN[0m [1mcosmic-files-applet[0m[2m:[0m [2mcosmic_session[0m[2m:[0m 
[2m1970-01-01T00:00:12.955786Z[0m [33m WARN[0m [1mcosmic-files-applet[0m[2m:[0m [2mcosmic_session[0m[2m:[0m   \x1b[32m INFO\x1b[0m  \x1b[32mSystem theme: None\x1b[0m
[2m1970-01-01T00:00:12.956601Z[0m [33m WARN[0m [1mcosmic-files-applet[0m[2m:[0m [2mcosmic_session[0m[2m:[0m     \x1b[2;3mat\x1b[0m /Users/forain/.cargo/git/checkouts/libcosmic-41009aea1d72760b/96a8204/iced/winit/src/lib.rs:843 \x1b[2;3mon\x1b[0m main
[2m1970-01-01T00:00:12.956648Z[0m [33m WARN[0m [1mcosmic-files-applet[0m[2m:[0m [2mcosmic_session[0m[2m:[0m 
[2m1970-01-01T00:00:12.956692Z[0m [33m WARN[0m [1mcosmic-files-applet[0m[2m:[0m [2mcosmic_session[0m[2m:[0m   \x1b[33m WARN\x1b[0m  \x1b[33mfailed to read directory /root/Desktop: Out of memory (os error 12)\x1b[0m
[2m1970-01-01T00:00:12.956752Z[0m [33m WARN[0m [1mcosmic-files-applet[0m[2m:[0m [2mcosmic_session[0m[2m:[0m     \x1b[2;3mat\x1b[0m src/tab.rs:1086 \x1b[2;3mon\x1b[0m tokio-rt-worker
[2m1970-01-01T00:00:12.956795Z[0m [33m WARN[0m [1mcosmic-files-applet[0m[2m:[0m [2mcosmic_session[0m[2m:[0m 
[2m1970-01-01T00:00:12.957018Z[0m [33m WARN[0m [1mcosmic-files-applet[0m[2m:[0m [2mcosmic_session[0m[2m:[0m   \x1b[33m WARN\x1b[0m  \x1b[33mfailed to get item for /root/Desktop: failed to read metadata for /root/Desktop: Out of memory (os error 12)\x1b[0m
[2m1970-01-01T00:00:12.957068Z[0m [33m WARN[0m [1mcosmic-files-applet[0m[2m:[0m [2mcosmic_session[0m[2m:[0m     \x1b[2;3mat\x1b[0m src/tab.rs:1611 \x1b[2;3mon\x1b[0m tokio-rt-worker
[2m1970-01-01T00:00:12.957093Z[0m [33m WARN[0m [1mcosmic-files-applet[0m[2m:[0m [2mcosmic_session[0m[2m:[0m 
[2m1970-01-01T00:00:12.968840Z[0m [33m WARN[0m [1mcosmic-files-applet[0m[2m:[0m [2mcosmic_session[0m[2m:[0m   \x1b[32m INFO\x1b[0m  \x1b[32mSCTK setup complete.\x1b[0m
[2m1970-01-01T00:00:12.968885Z[0m [33m WARN[0m [1mcosmic-files-applet[0m[2m:[0m [2mcosmic_session[0m[2m:[0m     \x1b[2;3mat\x1b[0m /Users/forain/.cargo/git/checkouts/libcosmic-41009aea1d72760b/96a8204/iced/winit/src/platform_specific/wayland/event_loop/mod.rs:465 \x1b[2;3mon\x1b[0m 
[2m1970-01-01T00:00:12.968919Z[0m [33m WARN[0m [1mcosmic-files-applet[0m[2m:[0m [2mcosmic_session[0m[2m:[0m 
[2m1970-01-01T00:00:12.987032Z[0m [33m WARN[0m [1mcosmic-files-applet[0m[2m:[0m [2mcosmic_session[0m[2m:[0m xkbcommon: ERROR: failed to add default include path /usr/share/X11/xkb
[2m1970-01-01T00:02:18.844925Z[0m [33m WARN[0m [1mcosmic-idle[0m[2m:[0m [2mcosmic_session[0m[2m:[0m [1970-01-01T00:02:18Z INFO  tracing::span] read_socket;
[2m1970-01-01T00:02:18.861734Z[0m [33m WARN[0m [1mcosmic-idle[0m[2m:[0m [2mcosmic_session[0m[2m:[0m [1970-01-01T00:02:18Z INFO  tracing::span] read_socket;
[2m1970-01-01T00:02:18.869901Z[0m [32m INFO[0m [1mcosmic-launcher[0m[2m:[0m [2mcosmic_session[0m[2m:[0m 1970-01-01T00:02:18.869139Z ERROR pop-launcher failed to start: No such file or directory (os error 2)
[2m1970-01-01T00:02:18.876377Z[0m [33m WARN[0m [1mcosmic-idle[0m[2m:[0m [2mcosmic_session[0m[2m:[0m [1970-01-01T00:02:18Z INFO  tracing::span] read_socket;
[2m1970-01-01T00:02:18.884184Z[0m [33m WARN[0m [1mcosmic-app-library[0m[2m:[0m [2mcosmic_session[0m[2m:[0m  INFO  zbus::object_server                                       > dispatch_call; msg=Msg { type: MethodCall, serial: 2, sender: UniqueName(":busd.47"), path: ObjectPath("/com/system76/CosmicAppLibrary"), iface: InterfaceName("org.freedesktop.DbusActivation"), member: MemberName("Activate"), body: Dict { key: Dynamic { child: Str }, value: Dynamic { child: Variant } }, fds: [] } hdr=Header { primary: PrimaryHeader { endian_sig: Little, msg_type: MethodCall, flags: BitFlags<Flags>(0b0), protocol_version: 1, body_len: 8, serial_num: 2 }, fields: Fields { path: Some(ObjectPath("/com/system76/CosmicAppLibrary")), interface: Some(InterfaceName("org.freedesktop.DbusActivation")), member: Some(MemberName("Activate")), error_name: None, reply_serial: None, destination: Some(BusName::WellKnown("com.system76.CosmicAppLibrary")), sender: Some(UniqueName(":busd.47")), signature: Dict { key: Dynamic { child: Str }, value: Dynamic { child: Variant } }, unix_fds: None } }
[2m1970-01-01T00:02:18.890710Z[0m [33m WARN[0m [1mcosmic-app-library[0m[2m:[0m [2mcosmic_session[0m[2m:[0m  INFO  zbus::connection::handshake::common                       > write_command; command=Auth(Some(External), Some([48]))
[2m1970-01-01T00:02:18.892368Z[0m [33m WARN[0m [1mcosmic-app-library[0m[2m:[0m [2mcosmic_session[0m[2m:[0m  INFO  zbus::connection::handshake::common                       > write_commands; commands=[Auth(Some(External), Some([48]))] extra_bytes=None
[2m1970-01-01T00:02:18.894952Z[0m [33m WARN[0m [1mcosmic-app-library[0m[2m:[0m [2mcosmic_session[0m[2m:[0m  INFO  tracing::span                                             > read_command;
[2m1970-01-01T00:02:18.897133Z[0m [33m WARN[0m [1mcosmic-app-library[0m[2m:[0m [2mcosmic_session[0m[2m:[0m  INFO  zbus::connection::handshake::common                       > read_commands; n_commands=1
[2m1970-01-01T00:02:18.914318Z[0m [33m WARN[0m [1mcosmic-app-library[0m[2m:[0m [2mcosmic_session[0m[2m:[0m  INFO  zbus::connection::handshake::common                       > write_commands; commands=[NegotiateUnixFD, Begin] extra_bytes=Some([108, 1, 0, 1, 0, 0, 0, 0, 46, 0, 0, 0, 109, 0, 0, 0, 1, 1, 111, 0, 21, 0, 0, 0, 47, 111, 114, 103, 47, 102, 114, 101, 101, 100, 101, 115, 107, 116, 111, 112, 47, 68, 66, 117, 115, 0, 0, 0, 2, 1, 115, 0, 20, 0, 0, 0, 111, 114, 103, 46, 102, 114, 101, 101, 100, 101, 115, 107, 116, 111, 112, 46, 68, 66, 117, 115, 0, 0, 0, 0, 3, 1, 115, 0, 5, 0, 0, 0, 72, 101, 108, 108, 111, 0, 0, 0, 6, 1, 115, 0, 20, 0, 0, 0, 111, 114, 103, 46, 102, 114, 101, 101, 100, 101, 115, 107, 116, 111, 112, 46, 68, 66, 117, 115, 0, 0, 0, 0])
[2m1970-01-01T00:02:18.919176Z[0m [33m WARN[0m [1mcosmic-app-library[0m[2m:[0m [2mcosmic_session[0m[2m:[0m  INFO  zbus::connection::handshake::common                       > read_commands; n_commands=1
[2m1970-01-01T00:02:18.919360Z[0m [33m WARN[0m [1mcosmic-app-library[0m[2m:[0m [2mcosmic_session[0m[2m:[0m  INFO  zbus::proxy                                               > {}; task_name="net.hadess.SwitcherooControl proxy caching"
[2m1970-01-01T00:02:18.919384Z[0m [33m WARN[0m [1mcosmic-idle[0m[2m:[0m [2mcosmic_session[0m[2m:[0m [1970-01-01T00:02:18Z INFO  tracing::span] read_socket;
[2m1970-01-01T00:02:18.919407Z[0m [33m WARN[0m [1mcosmic-idle[0m[2m:[0m [2mcosmic_session[0m[2m:[0m [1970-01-01T00:02:18Z INFO  tracing::span] read_socket;
[2m1970-01-01T00:02:18.919430Z[0m [33m WARN[0m [1mcosmic-idle[0m[2m:[0m [2mcosmic_session[0m[2m:[0m [1970-01-01T00:02:18Z INFO  tracing::span] read_socket;
[2m1970-01-01T00:02:18.925390Z[0m [33m WARN[0m [1mcosmic-app-library[0m[2m:[0m [2mcosmic_session[0m[2m:[0m  WARN  zbus::proxy                                               > Failed to populate properties cache via GetAll: org.freedesktop.DBus.Error.ServiceUnknown: The name net.hadess.SwitcherooControl was not provided by any .service files. Property change streams will not produce values.
[2m1970-01-01T00:02:18.928003Z[0m [33m WARN[0m [1mcosmic-idle[0m[2m:[0m [2mcosmic_session[0m[2m:[0m [1970-01-01T00:02:18Z INFO  tracing::span] read_socket;
[2m1970-01-01T00:02:18.934386Z[0m [33m WARN[0m [1mcosmic-osd[0m[2m:[0m [2mcosmic_session[0m[2m:[0m [1970-01-01T00:02:18Z INFO  zbus::object_server] dispatch_call; msg=Msg { type: MethodCall, serial: 2, sender: UniqueName(":busd.48"), path: ObjectPath("/com/system76/CosmicOnScreenDisplay"), iface: InterfaceName("org.freedesktop.DbusActivation"), member: MemberName("Activate"), body: Dict { key: Dynamic { child: Str }, value: Dynamic { child: Variant } }, fds: [] } hdr=Header { primary: PrimaryHeader { endian_sig: Little, msg_type: MethodCall, flags: BitFlags<Flags>(0b0), protocol_version: 1, body_len: 8, serial_num: 2 }, fields: Fields { path: Some(ObjectPath("/com/system76/CosmicOnScreenDisplay")), interface: Some(InterfaceName("org.freedesktop.DbusActivation")), member: Some(MemberName("Activate")), error_name: None, reply_serial: None, destination: Some(BusName::WellKnown("com.system76.CosmicOnScreenDisplay")), sender: Some(UniqueName(":busd.48")), signature: Dict { key: Dynamic { child: Str }, value: Dynamic { child: Variant } }, unix_fds: None } }
[2m1970-01-01T00:02:19.021323Z[0m [33m WARN[0m [1mcosmic-idle[0m[2m:[0m [2mcosmic_session[0m[2m:[0m [1970-01-01T00:02:19Z INFO  tracing::span] read_socket;
[2m1970-01-01T00:02:19.021407Z[0m [33m WARN[0m [1mcosmic-idle[0m[2m:[0m [2mcosmic_session[0m[2m:[0m [1970-01-01T00:02:19Z INFO  tracing::span] read_socket;
[2m1970-01-01T00:02:19.023864Z[0m [33m WARN[0m [1mcosmic-workspaces[0m[2m:[0m [2mcosmic_session[0m[2m:[0m [1970-01-01T00:02:19Z INFO  zbus::object_server] dispatch_call; msg=Msg { type: MethodCall, serial: 2, sender: UniqueName(":busd.50"), path: ObjectPath("/com/system76/CosmicWorkspaces"), iface: InterfaceName("org.freedesktop.DbusActivation"), member: MemberName("Activate"), body: Dict { key: Dynamic { child: Str }, value: Dynamic { child: Variant } }, fds: [] } hdr=Header { primary: PrimaryHeader { endian_sig: Little, msg_type: MethodCall, flags: BitFlags<Flags>(0b0), protocol_version: 1, body_len: 8, serial_num: 2 }, fields: Fields { path: Some(ObjectPath("/com/system76/CosmicWorkspaces")), interface: Some(InterfaceName("org.freedesktop.DbusActivation")), member: Some(MemberName("Activate")), error_name: None, reply_serial: None, destination: Some(BusName::WellKnown("com.system76.CosmicWorkspaces")), sender: Some(UniqueName(":busd.50")), signature: Dict { key: Dynamic { child: Str }, value: Dynamic { child: Variant } }, unix_fds: None } }
[2m1970-01-01T00:02:19.030168Z[0m [33m WARN[0m [1mcosmic-workspaces[0m[2m:[0m [2mcosmic_session[0m[2m:[0m [1970-01-01T00:02:19Z INFO  iced_winit::platform_specific::wayland::event_loop::state] Failed to find surface for blur action
[2m1970-01-01T00:02:19.030829Z[0m [33m WARN[0m [1mcosmic-idle[0m[2m:[0m [2mcosmic_session[0m[2m:[0m [1970-01-01T00:02:19Z INFO  tracing::span] read_socket;
[2m1970-01-01T00:02:19.556601Z[0m [33m WARN[0m [1mcosmic-app-library[0m[2m:[0m [2mcosmic_session[0m[2m:[0m  INFO  iced_winit::platform_specific::wayland::event_loop::state > No popup to destroy
[2m1970-01-01T00:02:19.743820Z[0m [33m WARN[0m [1mcosmic-app-library[0m[2m:[0m [2mcosmic_session[0m[2m:[0m  INFO  iced_winit::platform_specific::wayland::event_loop::state > Failed to find surface for blur action

M17: ==== END cosmic.log ====
M17: DONE
[?2004h[0m[?25l[1;1H[J[39mbrush-0.5# [38;5;14m[38;5;5m[0m[0m78[?25h